[2021-10-16T00:42:23.791+0400][gc] Min heap equals to max heap, disabling ShenandoahUncommit
[2021-10-16T00:42:23.800+0400][gc,init] Regions: 2560 x 4096K
[2021-10-16T00:42:23.800+0400][gc,init] Humongous object threshold: 4096K
[2021-10-16T00:42:23.800+0400][gc,init] Max TLAB size: 4096K
[2021-10-16T00:42:23.801+0400][gc,init] GC threads: 56 parallel, 28 concurrent
[2021-10-16T00:42:23.801+0400][gc     ] Heuristics ergonomically sets -XX:+ExplicitGCInvokesConcurrent
[2021-10-16T00:42:23.801+0400][gc     ] Heuristics ergonomically sets -XX:+ShenandoahImplicitGCInvokesConcurrent
[2021-10-16T00:42:23.801+0400][gc,init] Shenandoah GC mode: Snapshot-At-The-Beginning (SATB)
[2021-10-16T00:42:23.801+0400][gc,init] Shenandoah heuristics: Adaptive
[2021-10-16T00:42:23.802+0400][gc,ergo] Pacer for Idle. Initial: 204M, Alloc Tax Rate: 1.0x
[2021-10-16T00:42:23.802+0400][gc,init] Initialize Shenandoah heap: 10240M initial, 10240M min, 10240M max
[2021-10-16T00:42:23.802+0400][gc,init] Safepointing mechanism: global-page poll
[2021-10-16T00:42:23.802+0400][gc     ] Using Shenandoah
[2021-10-16T00:42:23.802+0400][gc,heap,coops] Heap address: 0x0000000580000000, size: 10240 MB, Compressed Oops mode: Zero based, Oop shift amount: 3
[2021-10-16T00:42:23.813+0400][gc,init      ] Reference processing: parallel discovery, parallel processing
[2021-10-16T00:42:25.509+0400][gc           ] Trigger: Metadata GC Threshold
[2021-10-16T00:42:25.510+0400][gc,ergo      ] Free: 9084M, Max: 4096K regular, 9084M humongous, Frag: 0% external, 0% internal; Reserve: 512M, Max: 4096K
[2021-10-16T00:42:25.510+0400][gc,start     ] GC(0) Concurrent reset
[2021-10-16T00:42:25.515+0400][gc,task      ] GC(0) Using 28 of 56 workers for concurrent reset
[2021-10-16T00:42:25.515+0400][gc,ergo      ] GC(0) Pacer for Reset. Non-Taxable: 10240M
[2021-10-16T00:42:25.515+0400][gc           ] GC(0) Concurrent reset 5.527ms
[2021-10-16T00:42:25.515+0400][gc,start     ] GC(0) Pause Init Mark (process weakrefs) (unload classes)
[2021-10-16T00:42:25.520+0400][gc,task      ] GC(0) Using 56 of 56 workers for init marking
[2021-10-16T00:42:25.524+0400][gc,ergo      ] GC(0) Pacer for Mark. Expected Live: 1024M, Free: 9084M, Non-Taxable: 908M, Alloc Tax Rate: 0.1x
[2021-10-16T00:42:25.524+0400][gc           ] GC(0) Pause Init Mark (process weakrefs) (unload classes) 8.521ms
[2021-10-16T00:42:25.524+0400][gc,start     ] GC(0) Concurrent marking (process weakrefs) (unload classes)
[2021-10-16T00:42:25.524+0400][gc,task      ] GC(0) Using 28 of 56 workers for concurrent marking
[2021-10-16T00:42:25.533+0400][gc           ] GC(0) Concurrent marking (process weakrefs) (unload classes) 8.676ms
[2021-10-16T00:42:25.533+0400][gc,start     ] GC(0) Concurrent precleaning
[2021-10-16T00:42:25.533+0400][gc,task      ] GC(0) Using 1 of 56 workers for concurrent preclean
[2021-10-16T00:42:25.533+0400][gc,ergo      ] GC(0) Pacer for Precleaning. Non-Taxable: 10240M
[2021-10-16T00:42:25.534+0400][gc           ] GC(0) Concurrent precleaning 1.393ms
[2021-10-16T00:42:25.534+0400][gc,start     ] GC(0) Pause Final Mark (process weakrefs) (unload classes)
[2021-10-16T00:42:25.534+0400][gc,task      ] GC(0) Using 56 of 56 workers for final marking
[2021-10-16T00:42:25.539+0400][gc,stringtable] GC(0) Cleaned string and symbol table, strings: 8246 processed, 0 removed, symbols: 67378 processed, 18 removed
[2021-10-16T00:42:25.539+0400][gc,ergo       ] GC(0) Adaptive CSet Selection. Target Free: 1450M, Actual Free: 9732M, Max CSet: 426M, Min Garbage: 0B
[2021-10-16T00:42:25.539+0400][gc,ergo       ] GC(0) Collectable Garbage: 590M (99%), Immediate: 140M (23%), CSet: 450M (76%)
[2021-10-16T00:42:25.542+0400][gc,ergo       ] GC(0) Pacer for Evacuation. Used CSet: 500M, Free: 9220M, Non-Taxable: 922M, Alloc Tax Rate: 1.1x
[2021-10-16T00:42:25.542+0400][gc            ] GC(0) Pause Final Mark (process weakrefs) (unload classes) 7.188ms
[2021-10-16T00:42:25.542+0400][gc,start      ] GC(0) Concurrent cleanup
[2021-10-16T00:42:25.542+0400][gc            ] GC(0) Concurrent cleanup 649M->509M(10240M) 0.171ms
[2021-10-16T00:42:25.542+0400][gc,ergo       ] GC(0) Free: 9220M, Max: 4096K regular, 9080M humongous, Frag: 2% external, 0% internal; Reserve: 510M, Max: 4096K
[2021-10-16T00:42:25.542+0400][gc,start      ] GC(0) Concurrent evacuation
[2021-10-16T00:42:25.542+0400][gc,task       ] GC(0) Using 28 of 56 workers for concurrent evacuation
[2021-10-16T00:42:25.555+0400][gc            ] GC(0) Concurrent evacuation 13.137ms
[2021-10-16T00:42:25.555+0400][gc,start      ] GC(0) Pause Init Update Refs
[2021-10-16T00:42:25.555+0400][gc,ergo       ] GC(0) Pacer for Update Refs. Used: 585M, Free: 9216M, Non-Taxable: 921M, Alloc Tax Rate: 1.1x
[2021-10-16T00:42:25.555+0400][gc            ] GC(0) Pause Init Update Refs 0.047ms
[2021-10-16T00:42:25.555+0400][gc,start      ] GC(0) Concurrent update references
[2021-10-16T00:42:25.555+0400][gc,task       ] GC(0) Using 28 of 56 workers for concurrent reference update
[2021-10-16T00:42:25.567+0400][gc            ] GC(0) Concurrent update references 11.253ms
[2021-10-16T00:42:25.567+0400][gc,start      ] GC(0) Pause Final Update Refs
[2021-10-16T00:42:25.567+0400][gc,task       ] GC(0) Using 56 of 56 workers for final reference update
[2021-10-16T00:42:25.567+0400][gc            ] GC(0) Pause Final Update Refs 0.411ms
[2021-10-16T00:42:25.567+0400][gc,start      ] GC(0) Concurrent cleanup
[2021-10-16T00:42:25.568+0400][gc            ] GC(0) Concurrent cleanup 589M->89M(10240M) 0.093ms
[2021-10-16T00:42:25.568+0400][gc,ergo       ] Free: 9638M, Max: 4096K regular, 9004M humongous, Frag: 7% external, 0% internal; Reserve: 512M, Max: 4096K
[2021-10-16T00:42:25.568+0400][gc,stats      ] 
[2021-10-16T00:42:25.568+0400][gc,stats      ] All times are wall-clock times, except per-root-class counters, that are sum over
[2021-10-16T00:42:25.568+0400][gc,stats      ] all workers. Dividing the <total> over the root stage time estimates parallelism.
[2021-10-16T00:42:25.568+0400][gc,stats      ] 
[2021-10-16T00:42:25.568+0400][gc,stats      ] Concurrent Reset                   5504 us
[2021-10-16T00:42:25.568+0400][gc,stats      ] Pause Init Mark (G)                8832 us
[2021-10-16T00:42:25.568+0400][gc,stats      ] Pause Init Mark (N)                8476 us
[2021-10-16T00:42:25.568+0400][gc,stats      ]   Accumulate Stats                    8 us
[2021-10-16T00:42:25.568+0400][gc,stats      ]   Make Parsable                      24 us
[2021-10-16T00:42:25.568+0400][gc,stats      ]   Update Region States              152 us
[2021-10-16T00:42:25.568+0400][gc,stats      ]   Scan Roots                       3461 us, parallelism: 16.96x
[2021-10-16T00:42:25.568+0400][gc,stats      ]     S: <total>                    58703 us
[2021-10-16T00:42:25.568+0400][gc,stats      ]     S: Thread Roots               51177 us, workers (us):   2, 1418, 1734,   1, 1389,   1, 1504,   2, 1312, 1707, 1382, 1483, 1390, 1297, 907, 1675, 1464, 910, 1712, 3311, 1823, 1650, 1643, 1636, 1703, 1691, 1635, 1647, 1143, 1610, 1484, 1256, 1632, 1566, 1173, 1617, 1643,   4,   3,   1,   1,   2,   0,   0,   0,   0,   2,   1,   2,   0,   0,   0,   1,   0,   2,   3, 
[2021-10-16T00:42:25.568+0400][gc,stats      ]     S: Universe Roots              1471 us, workers (us): 1471, ---, ---, ---, ---, ---, ---, ---, ---, ---, ---, ---, ---, ---, ---, ---, ---, ---, ---, ---, ---, ---, ---, ---, ---, ---, ---, ---, ---, ---, ---, ---, ---, ---, ---, ---, ---, ---, ---, ---, ---, ---, ---, ---, ---, ---, ---, ---, ---, ---, ---, ---, ---, ---, ---, ---, 
[2021-10-16T00:42:25.568+0400][gc,stats      ]     S: JNI Handles Roots           2158 us, workers (us): ---, ---, ---, ---, ---, 2158, ---, ---, ---, ---, ---, ---, ---, ---, ---, ---, ---, ---, ---, ---, ---, ---, ---, ---, ---, ---, ---, ---, ---, ---, ---, ---, ---, ---, ---, ---, ---, ---, ---, ---, ---, ---, ---, ---, ---, ---, ---, ---, ---, ---, ---, ---, ---, ---, ---, ---, 
[2021-10-16T00:42:25.568+0400][gc,stats      ]     S: Synchronizer Roots             1 us, workers (us): ---,   1, ---, ---, ---, ---, ---, ---, ---, ---, ---, ---, ---, ---, ---, ---, ---, ---, ---, ---, ---, ---, ---, ---, ---, ---, ---, ---, ---, ---, ---, ---, ---, ---, ---, ---, ---, ---, ---, ---, ---, ---, ---, ---, ---, ---, ---, ---, ---, ---, ---, ---, ---, ---, ---, ---, 
[2021-10-16T00:42:25.568+0400][gc,stats      ]     S: Management Roots               2 us, workers (us): ---, ---,   2, ---, ---, ---, ---, ---, ---, ---, ---, ---, ---, ---, ---, ---, ---, ---, ---, ---, ---, ---, ---, ---, ---, ---, ---, ---, ---, ---, ---, ---, ---, ---, ---, ---, ---, ---, ---, ---, ---, ---, ---, ---, ---, ---, ---, ---, ---, ---, ---, ---, ---, ---, ---, ---, 
[2021-10-16T00:42:25.568+0400][gc,stats      ]     S: System Dict Roots           1515 us, workers (us): ---, ---, ---, 1515, ---, ---, ---, ---, ---, ---, ---, ---, ---, ---, ---, ---, ---, ---, ---, ---, ---, ---, ---, ---, ---, ---, ---, ---, ---, ---, ---, ---, ---, ---, ---, ---, ---, ---, ---, ---, ---, ---, ---, ---, ---, ---, ---, ---, ---, ---, ---, ---, ---, ---, ---, ---, 
[2021-10-16T00:42:25.568+0400][gc,stats      ]     S: CLDG Roots                  2378 us, workers (us): ---,  19,  19, ---,  18, ---,  19, 2243,  17,  13,  11,   9,  10, ---, ---, ---, ---, ---, ---, ---, ---, ---, ---, ---, ---, ---, ---, ---, ---, ---, ---, ---, ---, ---, ---, ---, ---, ---, ---, ---, ---, ---, ---, ---, ---, ---, ---, ---, ---, ---, ---, ---, ---, ---, ---, ---, 
[2021-10-16T00:42:25.568+0400][gc,stats      ]     S: JVMTI Roots                    1 us, workers (us): ---, ---, ---, ---,   1, ---, ---, ---, ---, ---, ---, ---, ---, ---, ---, ---, ---, ---, ---, ---, ---, ---, ---, ---, ---, ---, ---, ---, ---, ---, ---, ---, ---, ---, ---, ---, ---, ---, ---, ---, ---, ---, ---, ---, ---, ---, ---, ---, ---, ---, ---, ---, ---, ---, ---, ---, 
[2021-10-16T00:42:25.568+0400][gc,stats      ]   Resize TLABs                        6 us
[2021-10-16T00:42:25.568+0400][gc,stats      ] Concurrent Marking                 8620 us
[2021-10-16T00:42:25.568+0400][gc,stats      ] Concurrent Precleaning             1375 us
[2021-10-16T00:42:25.568+0400][gc,stats      ] Pause Final Mark (G)               7464 us
[2021-10-16T00:42:25.568+0400][gc,stats      ] Pause Final Mark (N)               7163 us
[2021-10-16T00:42:25.568+0400][gc,stats      ]   Finish Queues                     786 us
[2021-10-16T00:42:25.568+0400][gc,stats      ]   Weak References                   590 us
[2021-10-16T00:42:25.568+0400][gc,stats      ]     Process                         578 us
[2021-10-16T00:42:25.568+0400][gc,stats      ]   System Purge                      114 us
[2021-10-16T00:42:25.568+0400][gc,stats      ]     Unload Classes                  171 us
[2021-10-16T00:42:25.568+0400][gc,stats      ]     Cleanup                        2619 us, parallelism: 52.79x
[2021-10-16T00:42:25.568+0400][gc,stats      ]       CU: <total>                138275 us
[2021-10-16T00:42:25.568+0400][gc,stats      ]       CU: Code Cache Roots        26951 us, workers (us): 504, 492, 486, 481, 738, 446, 504, 495, 655, 666, 403, 517, 690, 504, 538, 396, 510, 661, 567, 718, 417, 441, 435, 385, 403, 515, 471, 491, 687, 386, 646, 635, 370, 510, 378, 364, 375, 367, 362, 504, 366, 370, 559, 408, 388, 354, 377, 498, 336, 442, 621, 646, 370, 603, 322, 179, 
[2021-10-16T00:42:25.568+0400][gc,stats      ]       CU: Code Cache Cleaning     32585 us, workers (us): 567, 226, 1933, 1924, 187, 487, 222, 364, 200, 187, 632, 224, 187, 704, 747, 800, 226, 191, 219, 203, 1930, 1152, 226, 222, 856, 1325, 1056, 977, 188, 941, 189, 184, 226, 499, 221, 560, 543, 371, 454, 412, 340, 600, 322, 1222, 324, 976, 422, 1914, 206, 480, 182, 105, 219, 184, 226, 1905, 
[2021-10-16T00:42:25.568+0400][gc,stats      ]       CU: String Table Roots       6708 us, workers (us): 144, 144, 150, 155,   0, 190, 130, 142,   0,   0, 223, 105,   1, 114,  85, 221,  99,   1,  48,   0, 191, 170, 167, 218, 207,  84, 126, 107,   0, 205,   1,   1, 213,  78, 205, 213, 196, 216, 210,  66, 205, 201,   3, 149, 178, 211, 184,  54, 214,  90,   0,   0, 162,   1, 198,  32, 
[2021-10-16T00:42:25.568+0400][gc,stats      ]       CU: Resolved Table Roots       26 us, workers (us):   0,   0,   0,   0,   0,   0,   0,   0,   0,   0,   0,   0,   0,   0,   0,   0,   0,   0,   0,   0,   0,   0,   0,   0,   0,   0,   0,   0,   0,   0,   0,   0,   0,   0,   0,   0,   0,   0,   0,   0,   0,   0,   0,   0,   0,   0,   0,   0,  21,   0,   0,   0,   0,   0,   0,   0, 
[2021-10-16T00:42:25.568+0400][gc,stats      ]       CU: CLDG Roots              72004 us, workers (us): 1306, 1658,   0,   0, 1592, 1395, 1658, 1509, 1657, 1655, 1240, 1656, 1624, 1177, 1127, 1077, 1656, 1640, 1658, 1577,   1, 728, 1658, 1658, 1013, 553, 825, 902, 1597, 935, 1632, 1649, 1657, 1376, 1657, 1318, 1336, 1497, 1450, 1466, 1534, 1311, 1559, 656, 1548, 893, 1453,   0, 1657, 1401, 1611, 1682, 1657, 1616, 1657,   0, 
[2021-10-16T00:42:25.568+0400][gc,stats      ]     Weak Roots                      113 us
[2021-10-16T00:42:25.568+0400][gc,stats      ]     CLDG                              1 us
[2021-10-16T00:42:25.568+0400][gc,stats      ]   Update Region States              110 us
[2021-10-16T00:42:25.568+0400][gc,stats      ]   Retire TLABs                       11 us
[2021-10-16T00:42:25.568+0400][gc,stats      ]   Choose Collection Set              65 us
[2021-10-16T00:42:25.568+0400][gc,stats      ]   Rebuild Free Set                   19 us
[2021-10-16T00:42:25.568+0400][gc,stats      ]   Initial Evacuation               2666 us, parallelism: 3.93x
[2021-10-16T00:42:25.568+0400][gc,stats      ]     E: <total>                    10484 us
[2021-10-16T00:42:25.568+0400][gc,stats      ]     E: Thread Roots                 568 us, workers (us): 128,  48,   1,   0,  72, 123,  70,   1,   5,   1,   1,   0,  27,   3,   1,   0,   1,   2,   8,   2,   1,   6,   9,   5,   2,   2,   7,   1,   2,   2,   2,   4,   1,   1,   2,   1,   1,   1,   1,   2,   1,   2,   3,   3,   1,   1,   1,   2,   1,   1,   1,   2,   2,   2,   3,   1, 
[2021-10-16T00:42:25.568+0400][gc,stats      ]     E: Code Cache Roots            4455 us, workers (us):   0,   0,   0,   0,   0,   0,   0, 847,   1,   0, 1113, 702,   0,   1, 909, 862,   0,   0,   2,   0,   0,   2,   1,   1,   0,   0,   0,   0,   0,   0,   0,   0,   0,   0,   1,   0,   0,   0,   0,   1,   0,   0,   0,   0,   0,   0,   0,   1,   0,   0,   0,   1,   1,   0,   0,   0, 
[2021-10-16T00:42:25.568+0400][gc,stats      ]     E: Universe Roots              1547 us, workers (us): 1547, ---, ---, ---, ---, ---, ---, ---, ---, ---, ---, ---, ---, ---, ---, ---, ---, ---, ---, ---, ---, ---, ---, ---, ---, ---, ---, ---, ---, ---, ---, ---, ---, ---, ---, ---, ---, ---, ---, ---, ---, ---, ---, ---, ---, ---, ---, ---, ---, ---, ---, ---, ---, ---, ---, ---, 
[2021-10-16T00:42:25.568+0400][gc,stats      ]     E: JNI Handles Roots           1099 us, workers (us): ---, ---, 1099, ---, ---, ---, ---, ---, ---, ---, ---, ---, ---, ---, ---, ---, ---, ---, ---, ---, ---, ---, ---, ---, ---, ---, ---, ---, ---, ---, ---, ---, ---, ---, ---, ---, ---, ---, ---, ---, ---, ---, ---, ---, ---, ---, ---, ---, ---, ---, ---, ---, ---, ---, ---, ---, 
[2021-10-16T00:42:25.568+0400][gc,stats      ]     E: Synchronizer Roots             0 us, workers (us): ---,   0, ---, ---, ---, ---, ---, ---, ---, ---, ---, ---, ---, ---, ---, ---, ---, ---, ---, ---, ---, ---, ---, ---, ---, ---, ---, ---, ---, ---, ---, ---, ---, ---, ---, ---, ---, ---, ---, ---, ---, ---, ---, ---, ---, ---, ---, ---, ---, ---, ---, ---, ---, ---, ---, ---, 
[2021-10-16T00:42:25.568+0400][gc,stats      ]     E: Management Roots               1 us, workers (us): ---, ---,   1, ---, ---, ---, ---, ---, ---, ---, ---, ---, ---, ---, ---, ---, ---, ---, ---, ---, ---, ---, ---, ---, ---, ---, ---, ---, ---, ---, ---, ---, ---, ---, ---, ---, ---, ---, ---, ---, ---, ---, ---, ---, ---, ---, ---, ---, ---, ---, ---, ---, ---, ---, ---, ---, 
[2021-10-16T00:42:25.568+0400][gc,stats      ]     E: System Dict Roots            938 us, workers (us): ---, ---, ---, 938, ---, ---, ---, ---, ---, ---, ---, ---, ---, ---, ---, ---, ---, ---, ---, ---, ---, ---, ---, ---, ---, ---, ---, ---, ---, ---, ---, ---, ---, ---, ---, ---, ---, ---, ---, ---, ---, ---, ---, ---, ---, ---, ---, ---, ---, ---, ---, ---, ---, ---, ---, ---, 
[2021-10-16T00:42:25.568+0400][gc,stats      ]     E: CLDG Roots                  1876 us, workers (us): ---, ---, 833, 773, ---, ---, ---, ---, ---, ---, 100, 100, ---, ---,  69, ---, ---, ---, ---, ---, ---, ---, ---, ---, ---, ---, ---, ---, ---, ---, ---, ---, ---, ---, ---, ---, ---, ---, ---, ---, ---, ---, ---, ---, ---, ---, ---, ---, ---, ---, ---, ---, ---, ---, ---, ---, 
[2021-10-16T00:42:25.568+0400][gc,stats      ]     E: JVMTI Roots                    1 us, workers (us): ---,   1, ---, ---, ---, ---, ---, ---, ---, ---, ---, ---, ---, ---, ---, ---, ---, ---, ---, ---, ---, ---, ---, ---, ---, ---, ---, ---, ---, ---, ---, ---, ---, ---, ---, ---, ---, ---, ---, ---, ---, ---, ---, ---, ---, ---, ---, ---, ---, ---, ---, ---, ---, ---, ---, ---, 
[2021-10-16T00:42:25.568+0400][gc,stats      ] Concurrent Cleanup                  135 us
[2021-10-16T00:42:25.568+0400][gc,stats      ] Concurrent Evacuation             13125 us
[2021-10-16T00:42:25.568+0400][gc,stats      ] Pause Init  Update Refs (G)         294 us
[2021-10-16T00:42:25.568+0400][gc,stats      ] Pause Init  Update Refs (N)          23 us
[2021-10-16T00:42:25.568+0400][gc,stats      ]   Retire GCLABs                      15 us
[2021-10-16T00:42:25.568+0400][gc,stats      ] Concurrent Update Refs            11237 us
[2021-10-16T00:42:25.568+0400][gc,stats      ] Pause Final Update Refs (G)         814 us
[2021-10-16T00:42:25.568+0400][gc,stats      ] Pause Final Update Refs (N)         381 us
[2021-10-16T00:42:25.568+0400][gc,stats      ]   Update Roots                      257 us, parallelism: 1.79x
[2021-10-16T00:42:25.568+0400][gc,stats      ]     UR: <total>                     459 us
[2021-10-16T00:42:25.568+0400][gc,stats      ]     UR: Thread Roots                459 us, workers (us):  27,  27,  26,  24,  22,  22, 228,  18,  18,  13,  14,   3,   2,   2,   1,   1,   0,   0,   0,   0,   0,   0,   0,   0,   0,   0,   0,   0,   0,   0,   0,   0,   0,   0,   0,   0,   0,   2,   1,   0,   1,   1,   0,   0,   0,   0,   0,   0,   0,   0,   0,   0,   0,   1,   0,   1, 
[2021-10-16T00:42:25.568+0400][gc,stats      ]   Update Region States               83 us
[2021-10-16T00:42:25.568+0400][gc,stats      ]   Trash Collection Set                5 us
[2021-10-16T00:42:25.568+0400][gc,stats      ]   Rebuild Free Set                   27 us
[2021-10-16T00:42:25.568+0400][gc,stats      ] Concurrent Cleanup                   83 us
[2021-10-16T00:42:25.568+0400][gc,stats      ] 
[2021-10-16T00:42:25.568+0400][gc,stats      ] Allocation pacing accrued:
[2021-10-16T00:42:25.568+0400][gc,stats      ]       0 of  1766 ms (  0.0%): <total>
[2021-10-16T00:42:25.568+0400][gc,stats      ]       0 of  1766 ms (  0.0%): <average total>
[2021-10-16T00:42:25.568+0400][gc,stats      ] 
[2021-10-16T00:42:25.568+0400][gc,metaspace  ] Metaspace: 20591K->21069K(1069056K)
[2021-10-16T00:42:25.568+0400][gc,ergo       ] Pacer for Idle. Initial: 204M, Alloc Tax Rate: 1.0x
[2021-10-16T00:42:27.877+0400][gc            ] Trigger: Metadata GC Threshold
[2021-10-16T00:42:27.877+0400][gc,ergo       ] Free: 9078M, Max: 4096K regular, 9004M humongous, Frag: 1% external, 0% internal; Reserve: 512M, Max: 4096K
[2021-10-16T00:42:27.877+0400][gc,start      ] GC(1) Concurrent reset
[2021-10-16T00:42:27.877+0400][gc,task       ] GC(1) Using 28 of 56 workers for concurrent reset
[2021-10-16T00:42:27.877+0400][gc,ergo       ] GC(1) Pacer for Reset. Non-Taxable: 10240M
[2021-10-16T00:42:27.878+0400][gc            ] GC(1) Concurrent reset 0.674ms
[2021-10-16T00:42:27.878+0400][gc,start      ] GC(1) Pause Init Mark (unload classes)
[2021-10-16T00:42:27.878+0400][gc,task       ] GC(1) Using 56 of 56 workers for init marking
[2021-10-16T00:42:27.881+0400][gc,ergo       ] GC(1) Pacer for Mark. Expected Live: 54447K, Free: 9074M, Non-Taxable: 907M, Alloc Tax Rate: 0.0x
[2021-10-16T00:42:27.882+0400][gc            ] GC(1) Pause Init Mark (unload classes) 3.356ms
[2021-10-16T00:42:27.882+0400][gc,start      ] GC(1) Concurrent marking (unload classes)
[2021-10-16T00:42:27.882+0400][gc,task       ] GC(1) Using 28 of 56 workers for concurrent marking
[2021-10-16T00:42:27.892+0400][gc            ] GC(1) Concurrent marking (unload classes) 10.527ms
[2021-10-16T00:42:27.892+0400][gc,start      ] GC(1) Pause Final Mark (unload classes)
[2021-10-16T00:42:27.892+0400][gc,task       ] GC(1) Using 56 of 56 workers for final marking
[2021-10-16T00:42:27.899+0400][gc,stringtable] GC(1) Cleaned string and symbol table, strings: 14909 processed, 0 removed, symbols: 86916 processed, 2 removed
[2021-10-16T00:42:27.900+0400][gc,ergo       ] GC(1) Adaptive CSet Selection. Target Free: 1450M, Actual Free: 9580M, Max CSet: 426M, Min Garbage: 0B
[2021-10-16T00:42:27.900+0400][gc,ergo       ] GC(1) Collectable Garbage: 571M (99%), Immediate: 0B (0%), CSet: 571M (99%)
[2021-10-16T00:42:27.902+0400][gc,ergo       ] GC(1) Pacer for Evacuation. Used CSet: 624M, Free: 9071M, Non-Taxable: 907M, Alloc Tax Rate: 1.1x
[2021-10-16T00:42:27.902+0400][gc            ] GC(1) Pause Final Mark (unload classes) 9.864ms
[2021-10-16T00:42:27.902+0400][gc,start      ] GC(1) Concurrent cleanup
[2021-10-16T00:42:27.902+0400][gc            ] GC(1) Concurrent cleanup 658M->658M(10240M) 0.119ms
[2021-10-16T00:42:27.902+0400][gc,ergo       ] GC(1) Free: 9071M, Max: 4096K regular, 9004M humongous, Frag: 1% external, 0% internal; Reserve: 510M, Max: 4096K
[2021-10-16T00:42:27.902+0400][gc,start      ] GC(1) Concurrent evacuation
[2021-10-16T00:42:27.902+0400][gc,task       ] GC(1) Using 28 of 56 workers for concurrent evacuation
[2021-10-16T00:42:27.915+0400][gc            ] GC(1) Concurrent evacuation 13.014ms
[2021-10-16T00:42:27.916+0400][gc,start      ] GC(1) Pause Init Update Refs
[2021-10-16T00:42:27.916+0400][gc,ergo       ] GC(1) Pacer for Update Refs. Used: 744M, Free: 9067M, Non-Taxable: 906M, Alloc Tax Rate: 1.1x
[2021-10-16T00:42:27.916+0400][gc            ] GC(1) Pause Init Update Refs 0.040ms
[2021-10-16T00:42:27.916+0400][gc,start      ] GC(1) Concurrent update references
[2021-10-16T00:42:27.916+0400][gc,task       ] GC(1) Using 28 of 56 workers for concurrent reference update
[2021-10-16T00:42:27.925+0400][gc            ] GC(1) Concurrent update references 9.089ms
[2021-10-16T00:42:27.925+0400][gc,start      ] GC(1) Pause Final Update Refs
[2021-10-16T00:42:27.925+0400][gc,task       ] GC(1) Using 56 of 56 workers for final reference update
[2021-10-16T00:42:27.925+0400][gc            ] GC(1) Pause Final Update Refs 0.358ms
[2021-10-16T00:42:27.925+0400][gc,start      ] GC(1) Concurrent cleanup
[2021-10-16T00:42:27.925+0400][gc            ] GC(1) Concurrent cleanup 744M->120M(10240M) 0.074ms
[2021-10-16T00:42:27.926+0400][gc,ergo       ] Free: 9607M, Max: 4096K regular, 9032M humongous, Frag: 6% external, 0% internal; Reserve: 512M, Max: 4096K
[2021-10-16T00:42:27.926+0400][gc,stats      ] 
[2021-10-16T00:42:27.926+0400][gc,stats      ] All times are wall-clock times, except per-root-class counters, that are sum over
[2021-10-16T00:42:27.926+0400][gc,stats      ] all workers. Dividing the <total> over the root stage time estimates parallelism.
[2021-10-16T00:42:27.926+0400][gc,stats      ] 
[2021-10-16T00:42:27.926+0400][gc,stats      ] Concurrent Reset                    644 us
[2021-10-16T00:42:27.926+0400][gc,stats      ] Pause Init Mark (G)                3818 us
[2021-10-16T00:42:27.926+0400][gc,stats      ] Pause Init Mark (N)                3310 us
[2021-10-16T00:42:27.926+0400][gc,stats      ]   Accumulate Stats                    6 us
[2021-10-16T00:42:27.926+0400][gc,stats      ]   Make Parsable                      20 us
[2021-10-16T00:42:27.926+0400][gc,stats      ]   Update Region States              166 us
[2021-10-16T00:42:27.926+0400][gc,stats      ]   Scan Roots                       3044 us, parallelism: 23.55x
[2021-10-16T00:42:27.926+0400][gc,stats      ]     S: <total>                    71700 us
[2021-10-16T00:42:27.926+0400][gc,stats      ]     S: Thread Roots               64005 us, workers (us):   1,   1, 2415,   4, 2418, 1763, 2486, 2515, 1629,   2, 2535, 2457, 1772, 1871, 2951, 2571, 2553, 2629, 1958, 2592, 2609, 2601, 1886, 2563, 2577, 2619, 2628, 2652, 2076, 2571, 2075,   2,   3,   0,   0,   2,   0,   0,   2,   0,   0,   0,   0,   0,   2,   0,   0,   2,   1,   0,   0,   2,   0,   1,   2,   1, 
[2021-10-16T00:42:27.926+0400][gc,stats      ]     S: Universe Roots              1632 us, workers (us): 1632, ---, ---, ---, ---, ---, ---, ---, ---, ---, ---, ---, ---, ---, ---, ---, ---, ---, ---, ---, ---, ---, ---, ---, ---, ---, ---, ---, ---, ---, ---, ---, ---, ---, ---, ---, ---, ---, ---, ---, ---, ---, ---, ---, ---, ---, ---, ---, ---, ---, ---, ---, ---, ---, ---, ---, 
[2021-10-16T00:42:27.926+0400][gc,stats      ]     S: JNI Handles Roots           2394 us, workers (us): ---, ---, ---, 2394, ---, ---, ---, ---, ---, ---, ---, ---, ---, ---, ---, ---, ---, ---, ---, ---, ---, ---, ---, ---, ---, ---, ---, ---, ---, ---, ---, ---, ---, ---, ---, ---, ---, ---, ---, ---, ---, ---, ---, ---, ---, ---, ---, ---, ---, ---, ---, ---, ---, ---, ---, ---, 
[2021-10-16T00:42:27.926+0400][gc,stats      ]     S: Synchronizer Roots             0 us, workers (us): ---,   0, ---, ---, ---, ---, ---, ---, ---, ---, ---, ---, ---, ---, ---, ---, ---, ---, ---, ---, ---, ---, ---, ---, ---, ---, ---, ---, ---, ---, ---, ---, ---, ---, ---, ---, ---, ---, ---, ---, ---, ---, ---, ---, ---, ---, ---, ---, ---, ---, ---, ---, ---, ---, ---, ---, 
[2021-10-16T00:42:27.926+0400][gc,stats      ]     S: Management Roots               1 us, workers (us): ---,   1, ---, ---, ---, ---, ---, ---, ---, ---, ---, ---, ---, ---, ---, ---, ---, ---, ---, ---, ---, ---, ---, ---, ---, ---, ---, ---, ---, ---, ---, ---, ---, ---, ---, ---, ---, ---, ---, ---, ---, ---, ---, ---, ---, ---, ---, ---, ---, ---, ---, ---, ---, ---, ---, ---, 
[2021-10-16T00:42:27.926+0400][gc,stats      ]     S: System Dict Roots           1692 us, workers (us): ---, 1692, ---, ---, ---, ---, ---, ---, ---, ---, ---, ---, ---, ---, ---, ---, ---, ---, ---, ---, ---, ---, ---, ---, ---, ---, ---, ---, ---, ---, ---, ---, ---, ---, ---, ---, ---, ---, ---, ---, ---, ---, ---, ---, ---, ---, ---, ---, ---, ---, ---, ---, ---, ---, ---, ---, 
[2021-10-16T00:42:27.926+0400][gc,stats      ]     S: CLDG Roots                  1975 us, workers (us): ---, ---,  18, ---,  17,  14,  11,  10,   9, 1885,  11, ---, ---, ---, ---, ---, ---, ---, ---, ---, ---, ---, ---, ---, ---, ---, ---, ---, ---, ---, ---, ---, ---, ---, ---, ---, ---, ---, ---, ---, ---, ---, ---, ---, ---, ---, ---, ---, ---, ---, ---, ---, ---, ---, ---, ---, 
[2021-10-16T00:42:27.926+0400][gc,stats      ]     S: JVMTI Roots                    1 us, workers (us): ---, ---,   1, ---, ---, ---, ---, ---, ---, ---, ---, ---, ---, ---, ---, ---, ---, ---, ---, ---, ---, ---, ---, ---, ---, ---, ---, ---, ---, ---, ---, ---, ---, ---, ---, ---, ---, ---, ---, ---, ---, ---, ---, ---, ---, ---, ---, ---, ---, ---, ---, ---, ---, ---, ---, ---, 
[2021-10-16T00:42:27.926+0400][gc,stats      ]   Resize TLABs                        5 us
[2021-10-16T00:42:27.926+0400][gc,stats      ] Concurrent Marking                10479 us
[2021-10-16T00:42:27.926+0400][gc,stats      ] Pause Final Mark (G)               9981 us
[2021-10-16T00:42:27.926+0400][gc,stats      ] Pause Final Mark (N)               9843 us
[2021-10-16T00:42:27.926+0400][gc,stats      ]   Finish Queues                     483 us
[2021-10-16T00:42:27.926+0400][gc,stats      ]   System Purge                      110 us
[2021-10-16T00:42:27.926+0400][gc,stats      ]     Unload Classes                   46 us
[2021-10-16T00:42:27.926+0400][gc,stats      ]     Cleanup                        6472 us, parallelism: 53.26x
[2021-10-16T00:42:27.926+0400][gc,stats      ]       CU: <total>                344690 us
[2021-10-16T00:42:27.926+0400][gc,stats      ]       CU: Code Cache Roots        36049 us, workers (us): 723, 729, 743, 720, 694, 758, 682, 672, 702, 666, 705, 906, 668, 693, 653, 657, 655, 658, 677, 660, 656, 653, 688, 970, 705, 908, 658, 649, 703, 669, 754, 706, 654, 707, 696, 656, 869, 856, 662, 631, 676, 652, 641, 599, 637, 847, 909, 594, 598, 866, 122, 308, 126,   0,   0,   0, 
[2021-10-16T00:42:27.926+0400][gc,stats      ]       CU: Code Cache Cleaning     79914 us, workers (us): 313, 319, 320, 322, 335, 314, 683, 369, 340, 964, 763, 3961, 5329, 316, 460, 901, 317, 317, 816, 316, 402, 314, 315, 199, 5193, 4016, 5239, 516, 319, 316, 329, 315, 864, 377, 313, 356, 3939, 1033, 316, 319, 314, 362, 318, 4204, 316, 4005, 5191, 4385, 316, 4222, 309, 3924, 564, 422, 4317, 3979, 
[2021-10-16T00:42:27.926+0400][gc,stats      ]       CU: String Table Roots       8116 us, workers (us): 161, 146, 130, 157, 179, 120, 191, 199, 169, 207, 163,   0, 199, 175, 207, 211, 209, 205, 188, 202, 199, 207, 171,   1, 150,   0, 197, 197, 146, 183,  91, 144, 192, 134, 152, 181,   0,   0, 167, 186, 145, 162, 170, 216, 176,   0,   1, 213, 208,   1, 191,   0, 110, 199, 205,   0, 
[2021-10-16T00:42:27.926+0400][gc,stats      ]       CU: Resolved Table Roots       19 us, workers (us):   0,   0,   0,   0,   0,   0,   0,   0,   0,   0,   0,   0,   0,   0,   0,   0,   0,   0,   0,   0,   0,   0,   0,   0,   0,   0,   0,   0,   0,   0,   0,   0,   0,   0,   0,   0,   0,   0,   0,   0,   0,   0,   0,   0,   0,   0,   0,   0,   0,   0,  13,   0,   0,   0,   0,   0, 
[2021-10-16T00:42:27.926+0400][gc,stats      ]       CU: CLDG Roots             220592 us, workers (us): 5051, 5049, 5052, 5042, 5036, 5051, 4681, 5045, 5025, 4554, 4601, 1370,  36, 5049, 4911, 4463, 5050, 5048, 4548, 5051, 4969, 5051, 5051, 5052, 173, 1298, 121, 4855, 5057, 5076, 5043, 5051, 4504, 4993, 5050, 5016, 1393, 4336, 5049, 5050, 5092, 5007, 5050, 1158, 5235, 1323,  73, 975, 5047, 1078, 5073, 1411, 4806, 4948, 1067, 1349, 
[2021-10-16T00:42:27.926+0400][gc,stats      ]     Weak Roots                      110 us
[2021-10-16T00:42:27.926+0400][gc,stats      ]     CLDG                              0 us
[2021-10-16T00:42:27.926+0400][gc,stats      ]   Update Region States               91 us
[2021-10-16T00:42:27.926+0400][gc,stats      ]   Retire TLABs                       13 us
[2021-10-16T00:42:27.926+0400][gc,stats      ]   Choose Collection Set              50 us
[2021-10-16T00:42:27.926+0400][gc,stats      ]   Rebuild Free Set                   11 us
[2021-10-16T00:42:27.926+0400][gc,stats      ]   Initial Evacuation               2558 us, parallelism: 2.55x
[2021-10-16T00:42:27.926+0400][gc,stats      ]     E: <total>                     6529 us
[2021-10-16T00:42:27.926+0400][gc,stats      ]     E: Thread Roots                 525 us, workers (us):   1,  98,   1,   1,   0,  84,   1,   5,  93, 102,   0,   2,   5,   4,   3,   5,   1,   0,  77,   7,   4,   0,   0,   2,   2,   1,   2,   3,   1,   0,   1,   3,   0,   2,   1,   0,   1,   0,   0,   2,   1,   0,   1,   0,   2,   0,   0,   1,   1,   0,   1,   0,   0,   1,   1,   0, 
[2021-10-16T00:42:27.926+0400][gc,stats      ]     E: Code Cache Roots            2642 us, workers (us):   0,   1, 254,   0,   0,   1, 628,   1, 197,   1,   0,   0,   1,   0, 436,   1,   0,   0,   0, 500,   0,   0,   0,   0,   0,   0,   0,   0, 612,   0,   0,   0,   0,   0,   0,   0,   0,   0,   0,   0,   0,   0,   0,   0,   0,   0,   0,   0,   0,   0,   0,   0,   0,   0,   0,   0, 
[2021-10-16T00:42:27.926+0400][gc,stats      ]     E: Universe Roots                 1 us, workers (us):   1, ---, ---, ---, ---, ---, ---, ---, ---, ---, ---, ---, ---, ---, ---, ---, ---, ---, ---, ---, ---, ---, ---, ---, ---, ---, ---, ---, ---, ---, ---, ---, ---, ---, ---, ---, ---, ---, ---, ---, ---, ---, ---, ---, ---, ---, ---, ---, ---, ---, ---, ---, ---, ---, ---, ---, 
[2021-10-16T00:42:27.926+0400][gc,stats      ]     E: JNI Handles Roots           1415 us, workers (us): ---, 1415, ---, ---, ---, ---, ---, ---, ---, ---, ---, ---, ---, ---, ---, ---, ---, ---, ---, ---, ---, ---, ---, ---, ---, ---, ---, ---, ---, ---, ---, ---, ---, ---, ---, ---, ---, ---, ---, ---, ---, ---, ---, ---, ---, ---, ---, ---, ---, ---, ---, ---, ---, ---, ---, ---, 
[2021-10-16T00:42:27.926+0400][gc,stats      ]     E: Synchronizer Roots             0 us, workers (us): ---,   0, ---, ---, ---, ---, ---, ---, ---, ---, ---, ---, ---, ---, ---, ---, ---, ---, ---, ---, ---, ---, ---, ---, ---, ---, ---, ---, ---, ---, ---, ---, ---, ---, ---, ---, ---, ---, ---, ---, ---, ---, ---, ---, ---, ---, ---, ---, ---, ---, ---, ---, ---, ---, ---, ---, 
[2021-10-16T00:42:27.926+0400][gc,stats      ]     E: Management Roots               1 us, workers (us): ---, ---,   1, ---, ---, ---, ---, ---, ---, ---, ---, ---, ---, ---, ---, ---, ---, ---, ---, ---, ---, ---, ---, ---, ---, ---, ---, ---, ---, ---, ---, ---, ---, ---, ---, ---, ---, ---, ---, ---, ---, ---, ---, ---, ---, ---, ---, ---, ---, ---, ---, ---, ---, ---, ---, ---, 
[2021-10-16T00:42:27.926+0400][gc,stats      ]     E: System Dict Roots              6 us, workers (us): ---, ---, ---,   6, ---, ---, ---, ---, ---, ---, ---, ---, ---, ---, ---, ---, ---, ---, ---, ---, ---, ---, ---, ---, ---, ---, ---, ---, ---, ---, ---, ---, ---, ---, ---, ---, ---, ---, ---, ---, ---, ---, ---, ---, ---, ---, ---, ---, ---, ---, ---, ---, ---, ---, ---, ---, 
[2021-10-16T00:42:27.926+0400][gc,stats      ]     E: CLDG Roots                  1937 us, workers (us): ---, ---, ---, ---, ---, ---, 167, ---, 247, ---, ---, ---, ---, ---, ---, ---, 1485, ---, ---,  38, ---, ---, ---, ---, ---, ---, ---, ---, ---, ---, ---, ---, ---, ---, ---, ---, ---, ---, ---, ---, ---, ---, ---, ---, ---, ---, ---, ---, ---, ---, ---, ---, ---, ---, ---, ---, 
[2021-10-16T00:42:27.926+0400][gc,stats      ]     E: JVMTI Roots                    1 us, workers (us):   1, ---, ---, ---, ---, ---, ---, ---, ---, ---, ---, ---, ---, ---, ---, ---, ---, ---, ---, ---, ---, ---, ---, ---, ---, ---, ---, ---, ---, ---, ---, ---, ---, ---, ---, ---, ---, ---, ---, ---, ---, ---, ---, ---, ---, ---, ---, ---, ---, ---, ---, ---, ---, ---, ---, ---, 
[2021-10-16T00:42:27.926+0400][gc,stats      ] Concurrent Cleanup                   95 us
[2021-10-16T00:42:27.926+0400][gc,stats      ] Concurrent Evacuation             12991 us
[2021-10-16T00:42:27.926+0400][gc,stats      ] Pause Init  Update Refs (G)         312 us
[2021-10-16T00:42:27.926+0400][gc,stats      ] Pause Init  Update Refs (N)          22 us
[2021-10-16T00:42:27.926+0400][gc,stats      ]   Retire GCLABs                      15 us
[2021-10-16T00:42:27.926+0400][gc,stats      ] Concurrent Update Refs             9076 us
[2021-10-16T00:42:27.926+0400][gc,stats      ] Pause Final Update Refs (G)         597 us
[2021-10-16T00:42:27.926+0400][gc,stats      ] Pause Final Update Refs (N)         337 us
[2021-10-16T00:42:27.926+0400][gc,stats      ]   Update Roots                      209 us, parallelism: 1.59x
[2021-10-16T00:42:27.926+0400][gc,stats      ]     UR: <total>                     332 us
[2021-10-16T00:42:27.926+0400][gc,stats      ]     UR: Thread Roots                332 us, workers (us):  48, 180,  28,  15,  17,   9,  11,   8,   1,   0,   0,   0,   0,   0,   0,   0,   0,   0,   0,   0,   0,   0,   0,   0,   0,   0,   0,   0,   0,   0,   0,   0,   0,   1,   1,   0,   0,   0,   1,   0,   0,   1,   0,   0,   0,   1,   0,   2,   0,   0,   1,   1,   0,   1,   1,   0, 
[2021-10-16T00:42:27.926+0400][gc,stats      ]   Update Region States               91 us
[2021-10-16T00:42:27.926+0400][gc,stats      ]   Trash Collection Set                6 us
[2021-10-16T00:42:27.926+0400][gc,stats      ]   Rebuild Free Set                   23 us
[2021-10-16T00:42:27.926+0400][gc,stats      ] Concurrent Cleanup                   63 us
[2021-10-16T00:42:27.926+0400][gc,stats      ] 
[2021-10-16T00:42:27.926+0400][gc,stats      ] Allocation pacing accrued:
[2021-10-16T00:42:27.926+0400][gc,stats      ]       0 of  2358 ms (  0.0%): <total>
[2021-10-16T00:42:27.926+0400][gc,stats      ]       0 of  2358 ms (  0.0%): <average total>
[2021-10-16T00:42:27.926+0400][gc,stats      ] 
[2021-10-16T00:42:27.926+0400][gc,metaspace  ] Metaspace: 34986K->35237K(1079296K)
[2021-10-16T00:42:27.926+0400][gc,ergo       ] Pacer for Idle. Initial: 204M, Alloc Tax Rate: 1.0x
[2021-10-16T00:42:28.690+0400][gc            ] Trigger: Metadata GC Threshold
[2021-10-16T00:42:28.691+0400][gc,ergo       ] Free: 9423M, Max: 4096K regular, 9032M humongous, Frag: 5% external, 0% internal; Reserve: 512M, Max: 4096K
[2021-10-16T00:42:28.691+0400][gc,start      ] GC(2) Concurrent reset
[2021-10-16T00:42:28.691+0400][gc,task       ] GC(2) Using 28 of 56 workers for concurrent reset
[2021-10-16T00:42:28.691+0400][gc,ergo       ] GC(2) Pacer for Reset. Non-Taxable: 10240M
[2021-10-16T00:42:28.691+0400][gc            ] GC(2) Concurrent reset 0.753ms
[2021-10-16T00:42:28.692+0400][gc,start      ] GC(2) Pause Init Mark (unload classes)
[2021-10-16T00:42:28.692+0400][gc,task       ] GC(2) Using 56 of 56 workers for init marking
[2021-10-16T00:42:28.694+0400][gc,ergo       ] GC(2) Pacer for Mark. Expected Live: 68536K, Free: 9423M, Non-Taxable: 942M, Alloc Tax Rate: 0.0x
[2021-10-16T00:42:28.694+0400][gc            ] GC(2) Pause Init Mark (unload classes) 2.309ms
[2021-10-16T00:42:28.694+0400][gc,start      ] GC(2) Concurrent marking (unload classes)
[2021-10-16T00:42:28.694+0400][gc,task       ] GC(2) Using 28 of 56 workers for concurrent marking
[2021-10-16T00:42:28.707+0400][gc            ] GC(2) Concurrent marking (unload classes) 13.366ms
[2021-10-16T00:42:28.707+0400][gc,start      ] GC(2) Pause Final Mark (unload classes)
[2021-10-16T00:42:28.707+0400][gc,task       ] GC(2) Using 56 of 56 workers for final marking
[2021-10-16T00:42:28.719+0400][gc,stringtable] GC(2) Cleaned string and symbol table, strings: 20648 processed, 0 removed, symbols: 99540 processed, 2 removed
[2021-10-16T00:42:28.719+0400][gc,ergo       ] GC(2) Adaptive CSet Selection. Target Free: 1450M, Actual Free: 9928M, Max CSet: 426M, Min Garbage: 0B
[2021-10-16T00:42:28.719+0400][gc,ergo       ] GC(2) Collectable Garbage: 221M (98%), Immediate: 0B (0%), CSet: 221M (98%)
[2021-10-16T00:42:28.721+0400][gc,ergo       ] GC(2) Pacer for Evacuation. Used CSet: 259M, Free: 9419M, Non-Taxable: 941M, Alloc Tax Rate: 1.1x
[2021-10-16T00:42:28.721+0400][gc            ] GC(2) Pause Final Mark (unload classes) 13.950ms
[2021-10-16T00:42:28.722+0400][gc,start      ] GC(2) Concurrent cleanup
[2021-10-16T00:42:28.722+0400][gc            ] GC(2) Concurrent cleanup 311M->311M(10240M) 0.155ms
[2021-10-16T00:42:28.722+0400][gc,ergo       ] GC(2) Free: 9418M, Max: 4096K regular, 9032M humongous, Frag: 5% external, 0% internal; Reserve: 509M, Max: 4096K
[2021-10-16T00:42:28.722+0400][gc,start      ] GC(2) Concurrent evacuation
[2021-10-16T00:42:28.722+0400][gc,task       ] GC(2) Using 28 of 56 workers for concurrent evacuation
[2021-10-16T00:42:28.727+0400][gc            ] GC(2) Concurrent evacuation 4.993ms
[2021-10-16T00:42:28.727+0400][gc,start      ] GC(2) Pause Init Update Refs
[2021-10-16T00:42:28.727+0400][gc,ergo       ] GC(2) Pacer for Update Refs. Used: 369M, Free: 9415M, Non-Taxable: 941M, Alloc Tax Rate: 1.1x
[2021-10-16T00:42:28.727+0400][gc            ] GC(2) Pause Init Update Refs 0.036ms
[2021-10-16T00:42:28.727+0400][gc,start      ] GC(2) Concurrent update references
[2021-10-16T00:42:28.727+0400][gc,task       ] GC(2) Using 28 of 56 workers for concurrent reference update
[2021-10-16T00:42:28.733+0400][gc            ] GC(2) Concurrent update references 5.807ms
[2021-10-16T00:42:28.733+0400][gc,start      ] GC(2) Pause Final Update Refs
[2021-10-16T00:42:28.733+0400][gc,task       ] GC(2) Using 56 of 56 workers for final reference update
[2021-10-16T00:42:28.733+0400][gc            ] GC(2) Pause Final Update Refs 0.258ms
[2021-10-16T00:42:28.733+0400][gc,start      ] GC(2) Concurrent cleanup
[2021-10-16T00:42:28.734+0400][gc            ] GC(2) Concurrent cleanup 369M->109M(10240M) 0.131ms
[2021-10-16T00:42:28.734+0400][gc,ergo       ] Free: 9618M, Max: 4096K regular, 9260M humongous, Frag: 4% external, 0% internal; Reserve: 512M, Max: 4096K
[2021-10-16T00:42:28.734+0400][gc,stats      ] 
[2021-10-16T00:42:28.734+0400][gc,stats      ] All times are wall-clock times, except per-root-class counters, that are sum over
[2021-10-16T00:42:28.734+0400][gc,stats      ] all workers. Dividing the <total> over the root stage time estimates parallelism.
[2021-10-16T00:42:28.734+0400][gc,stats      ] 
[2021-10-16T00:42:28.734+0400][gc,stats      ] Concurrent Reset                    735 us
[2021-10-16T00:42:28.734+0400][gc,stats      ] Pause Init Mark (G)                2599 us
[2021-10-16T00:42:28.734+0400][gc,stats      ] Pause Init Mark (N)                2262 us
[2021-10-16T00:42:28.734+0400][gc,stats      ]   Accumulate Stats                    6 us
[2021-10-16T00:42:28.734+0400][gc,stats      ]   Make Parsable                      21 us
[2021-10-16T00:42:28.734+0400][gc,stats      ]   Update Region States              185 us
[2021-10-16T00:42:28.734+0400][gc,stats      ]   Scan Roots                       1980 us, parallelism: 5.69x
[2021-10-16T00:42:28.734+0400][gc,stats      ]     S: <total>                    11255 us
[2021-10-16T00:42:28.734+0400][gc,stats      ]     S: Thread Roots                1980 us, workers (us):   7,   3,   2,   1,   8,   2,   3,   3,   3,   2,   1,   1,   2,   3,   1,   2,   2,   3,   2,   3,   3,   3,   3,   3,   3,   3,   3,   8,  68,  64,  67,  65,  58,  39, 1286,  49,  52,  37,  28,  50,   9,  10,   8,   0,   1,   0,   1,   1,   0,   1,   2,   1,   1,   0,   0,   2, 
[2021-10-16T00:42:28.734+0400][gc,stats      ]     S: Universe Roots                 4 us, workers (us):   4, ---, ---, ---, ---, ---, ---, ---, ---, ---, ---, ---, ---, ---, ---, ---, ---, ---, ---, ---, ---, ---, ---, ---, ---, ---, ---, ---, ---, ---, ---, ---, ---, ---, ---, ---, ---, ---, ---, ---, ---, ---, ---, ---, ---, ---, ---, ---, ---, ---, ---, ---, ---, ---, ---, ---, 
[2021-10-16T00:42:28.734+0400][gc,stats      ]     S: JNI Handles Roots              4 us, workers (us):   4, ---, ---, ---, ---, ---, ---, ---, ---, ---, ---, ---, ---, ---, ---, ---, ---, ---, ---, ---, ---, ---, ---, ---, ---, ---, ---, ---, ---, ---, ---, ---, ---, ---, ---, ---, ---, ---, ---, ---, ---, ---, ---, ---, ---, ---, ---, ---, ---, ---, ---, ---, ---, ---, ---, ---, 
[2021-10-16T00:42:28.734+0400][gc,stats      ]     S: Synchronizer Roots             1 us, workers (us): ---,   1, ---, ---, ---, ---, ---, ---, ---, ---, ---, ---, ---, ---, ---, ---, ---, ---, ---, ---, ---, ---, ---, ---, ---, ---, ---, ---, ---, ---, ---, ---, ---, ---, ---, ---, ---, ---, ---, ---, ---, ---, ---, ---, ---, ---, ---, ---, ---, ---, ---, ---, ---, ---, ---, ---, 
[2021-10-16T00:42:28.734+0400][gc,stats      ]     S: Management Roots               1 us, workers (us): ---, ---, ---,   1, ---, ---, ---, ---, ---, ---, ---, ---, ---, ---, ---, ---, ---, ---, ---, ---, ---, ---, ---, ---, ---, ---, ---, ---, ---, ---, ---, ---, ---, ---, ---, ---, ---, ---, ---, ---, ---, ---, ---, ---, ---, ---, ---, ---, ---, ---, ---, ---, ---, ---, ---, ---, 
[2021-10-16T00:42:28.734+0400][gc,stats      ]     S: System Dict Roots             11 us, workers (us): ---,  11, ---, ---, ---, ---, ---, ---, ---, ---, ---, ---, ---, ---, ---, ---, ---, ---, ---, ---, ---, ---, ---, ---, ---, ---, ---, ---, ---, ---, ---, ---, ---, ---, ---, ---, ---, ---, ---, ---, ---, ---, ---, ---, ---, ---, ---, ---, ---, ---, ---, ---, ---, ---, ---, ---, 
[2021-10-16T00:42:28.734+0400][gc,stats      ]     S: CLDG Roots                  9255 us, workers (us): 356, 350, 359, 358, 354, 355, 350, 349, 344, 423, 338, 339, 336, 351, 330, 325, 323, 320, 316, 312, 308, 307, 297, 297, 294, 289, 289, 284, ---, ---, ---, ---, ---, ---, ---, ---, ---, ---, ---, ---, ---, ---, ---, ---, ---, ---, ---, ---, ---, ---, ---, ---, ---, ---, ---, ---, 
[2021-10-16T00:42:28.734+0400][gc,stats      ]     S: JVMTI Roots                    1 us, workers (us): ---, ---,   1, ---, ---, ---, ---, ---, ---, ---, ---, ---, ---, ---, ---, ---, ---, ---, ---, ---, ---, ---, ---, ---, ---, ---, ---, ---, ---, ---, ---, ---, ---, ---, ---, ---, ---, ---, ---, ---, ---, ---, ---, ---, ---, ---, ---, ---, ---, ---, ---, ---, ---, ---, ---, ---, 
[2021-10-16T00:42:28.734+0400][gc,stats      ]   Resize TLABs                        5 us
[2021-10-16T00:42:28.734+0400][gc,stats      ] Concurrent Marking                13335 us
[2021-10-16T00:42:28.734+0400][gc,stats      ] Pause Final Mark (G)              14150 us
[2021-10-16T00:42:28.734+0400][gc,stats      ] Pause Final Mark (N)              13935 us
[2021-10-16T00:42:28.734+0400][gc,stats      ]   Finish Queues                     536 us
[2021-10-16T00:42:28.734+0400][gc,stats      ]   System Purge                      122 us
[2021-10-16T00:42:28.734+0400][gc,stats      ]     Unload Classes                  242 us
[2021-10-16T00:42:28.734+0400][gc,stats      ]     Cleanup                       10403 us, parallelism: 54.90x
[2021-10-16T00:42:28.734+0400][gc,stats      ]       CU: <total>                571099 us
[2021-10-16T00:42:28.734+0400][gc,stats      ]       CU: Code Cache Roots        39506 us, workers (us): 715, 833, 851, 739, 717, 695, 684, 701, 1013, 690, 788, 688, 706, 694, 773, 692, 670, 676, 665, 732, 690, 820, 654, 707, 1305, 656, 652, 653, 703, 947, 646, 774, 660, 752, 631, 782, 641, 638, 708, 932, 643, 654, 716, 691, 1230, 611, 601, 588, 639, 932, 707, 905, 612, 171, 131,   5, 
[2021-10-16T00:42:28.734+0400][gc,stats      ]       CU: Code Cache Cleaning     74487 us, workers (us): 964, 1269, 561, 599, 580, 1105, 9333, 9324, 527, 609, 1028, 720, 580, 9338, 779, 678, 730, 573, 1348, 574, 573, 622, 712, 1180, 203, 576, 574, 574, 669, 554, 576, 1234, 648, 573, 572, 1132, 1205, 937, 659, 547, 572, 1085, 572, 624, 8990, 581, 909, 582, 573, 511, 847, 527, 586, 573, 606, 809, 
[2021-10-16T00:42:28.734+0400][gc,stats      ]       CU: String Table Roots      11532 us, workers (us): 257, 136, 114, 232, 249, 271, 278, 261,   0, 273, 170, 270, 248, 256, 180, 260, 282, 274, 276, 214, 257, 121, 286, 221,   1, 276, 280, 276, 223,   0, 274, 142, 260, 169, 283, 129, 264, 271, 194,   0, 260, 240, 182, 194,   1, 263, 272, 274, 231,   0, 147,   0, 244, 254, 266, 277, 
[2021-10-16T00:42:28.734+0400][gc,stats      ]       CU: Resolved Table Roots       27 us, workers (us):   0,   0,  22,   0,   0,   0,   0,   0,   0,   0,   0,   0,   0,   0,   0,   0,   0,   0,   0,   0,   0,   0,   0,   0,   0,   0,   0,   0,   0,   0,   0,   0,   0,   0,   0,   0,   0,   0,   0,   0,   0,   0,   1,   0,   0,   0,   0,   0,   0,   0,   0,   0,   0,   0,   0,   0, 
[2021-10-16T00:42:28.734+0400][gc,stats      ]       CU: CLDG Roots             445547 us, workers (us): 8335, 8032, 8723, 8699, 8740, 8195,   0,   0, 8722, 8688, 8271, 8575, 8721,   0, 8518, 8621, 8565, 8722, 7954, 8720, 8721, 8707, 8584, 8123, 8722, 8721, 8721, 8722, 8628, 8722, 8721, 8067, 8649, 8722, 8725, 8163, 8093, 8359, 8639, 8721, 8818, 8210, 8722, 8670,   1, 8721, 8389, 8719, 8721, 8721, 8452, 8722, 8711, 8731, 8694, 8509, 
[2021-10-16T00:42:28.734+0400][gc,stats      ]     Weak Roots                      122 us
[2021-10-16T00:42:28.734+0400][gc,stats      ]     CLDG                              0 us
[2021-10-16T00:42:28.734+0400][gc,stats      ]   Update Region States               73 us
[2021-10-16T00:42:28.734+0400][gc,stats      ]   Retire TLABs                       13 us
[2021-10-16T00:42:28.734+0400][gc,stats      ]   Choose Collection Set              40 us
[2021-10-16T00:42:28.734+0400][gc,stats      ]   Rebuild Free Set                   11 us
[2021-10-16T00:42:28.734+0400][gc,stats      ]   Initial Evacuation               2486 us, parallelism: 20.72x
[2021-10-16T00:42:28.734+0400][gc,stats      ]     E: <total>                    51499 us
[2021-10-16T00:42:28.734+0400][gc,stats      ]     E: Thread Roots                 383 us, workers (us):  11,  13,   0,   1,   1,   0,   1,   1,   1,   1,   1,   1,   1,   1,   1,   1,   1,   1,   1,   0,  19,   0,   1,   1,   0,   1,   1,   1,   1,   1,   1,   2,  27,  17,   1,  16,  30,  14,  31,   1,   1,  83,  25,   1,  19,   1,  17,   1,  26,   0,   1,   0,   1,   1,   0,   0, 
[2021-10-16T00:42:28.734+0400][gc,stats      ]     E: Code Cache Roots            1856 us, workers (us):   0,   0,   0,   0,   0,   0,  33,   0,   0,   0,   0,   0,   0,  51,   0,   0,   0,   0,   0,   0,   0,  71,   0,   0,   0, 243,   0,   0, 194,   0,   0, 350,   0,   0, 248,   0,   0,   0,   0,  53,   0,   0,   0,   0,   0,   0,   0, 118,   0,   0,   0,   0,  33, 456,   0,   0, 
[2021-10-16T00:42:28.734+0400][gc,stats      ]     E: Universe Roots                 1 us, workers (us):   1, ---, ---, ---, ---, ---, ---, ---, ---, ---, ---, ---, ---, ---, ---, ---, ---, ---, ---, ---, ---, ---, ---, ---, ---, ---, ---, ---, ---, ---, ---, ---, ---, ---, ---, ---, ---, ---, ---, ---, ---, ---, ---, ---, ---, ---, ---, ---, ---, ---, ---, ---, ---, ---, ---, ---, 
[2021-10-16T00:42:28.734+0400][gc,stats      ]     E: JNI Handles Roots              3 us, workers (us): ---, ---,   3, ---, ---, ---, ---, ---, ---, ---, ---, ---, ---, ---, ---, ---, ---, ---, ---, ---, ---, ---, ---, ---, ---, ---, ---, ---, ---, ---, ---, ---, ---, ---, ---, ---, ---, ---, ---, ---, ---, ---, ---, ---, ---, ---, ---, ---, ---, ---, ---, ---, ---, ---, ---, ---, 
[2021-10-16T00:42:28.734+0400][gc,stats      ]     E: Synchronizer Roots             0 us, workers (us): ---,   0, ---, ---, ---, ---, ---, ---, ---, ---, ---, ---, ---, ---, ---, ---, ---, ---, ---, ---, ---, ---, ---, ---, ---, ---, ---, ---, ---, ---, ---, ---, ---, ---, ---, ---, ---, ---, ---, ---, ---, ---, ---, ---, ---, ---, ---, ---, ---, ---, ---, ---, ---, ---, ---, ---, 
[2021-10-16T00:42:28.734+0400][gc,stats      ]     E: Management Roots               1 us, workers (us): ---,   1, ---, ---, ---, ---, ---, ---, ---, ---, ---, ---, ---, ---, ---, ---, ---, ---, ---, ---, ---, ---, ---, ---, ---, ---, ---, ---, ---, ---, ---, ---, ---, ---, ---, ---, ---, ---, ---, ---, ---, ---, ---, ---, ---, ---, ---, ---, ---, ---, ---, ---, ---, ---, ---, ---, 
[2021-10-16T00:42:28.734+0400][gc,stats      ]     E: System Dict Roots              4 us, workers (us):   4, ---, ---, ---, ---, ---, ---, ---, ---, ---, ---, ---, ---, ---, ---, ---, ---, ---, ---, ---, ---, ---, ---, ---, ---, ---, ---, ---, ---, ---, ---, ---, ---, ---, ---, ---, ---, ---, ---, ---, ---, ---, ---, ---, ---, ---, ---, ---, ---, ---, ---, ---, ---, ---, ---, ---, 
[2021-10-16T00:42:28.734+0400][gc,stats      ]     E: CLDG Roots                 49250 us, workers (us): ---, ---, 1741, ---, 2261, 1756, ---, 1736, 1740, 1739, 1735, 1740, 1740, ---, 1736, 1739, 1732, 1734, 1741, 1736, ---, ---, 1740, 1739, 1735, ---, 1741, 1741, ---, 1741, 1741, ---, ---, ---, ---, ---, ---, ---, ---, ---, 1782, ---, ---, 1738, ---, 1737, ---, ---, ---, 1738, 1738, 1732, ---, ---, ---, ---, 
[2021-10-16T00:42:28.734+0400][gc,stats      ]     E: JVMTI Roots                    1 us, workers (us): ---, ---,   1, ---, ---, ---, ---, ---, ---, ---, ---, ---, ---, ---, ---, ---, ---, ---, ---, ---, ---, ---, ---, ---, ---, ---, ---, ---, ---, ---, ---, ---, ---, ---, ---, ---, ---, ---, ---, ---, ---, ---, ---, ---, ---, ---, ---, ---, ---, ---, ---, ---, ---, ---, ---, ---, 
[2021-10-16T00:42:28.734+0400][gc,stats      ] Concurrent Cleanup                  122 us
[2021-10-16T00:42:28.734+0400][gc,stats      ] Concurrent Evacuation              4978 us
[2021-10-16T00:42:28.734+0400][gc,stats      ] Pause Init  Update Refs (G)         348 us
[2021-10-16T00:42:28.734+0400][gc,stats      ] Pause Init  Update Refs (N)          19 us
[2021-10-16T00:42:28.734+0400][gc,stats      ]   Retire GCLABs                      13 us
[2021-10-16T00:42:28.734+0400][gc,stats      ] Concurrent Update Refs             5789 us
[2021-10-16T00:42:28.734+0400][gc,stats      ] Pause Final Update Refs (G)         502 us
[2021-10-16T00:42:28.734+0400][gc,stats      ] Pause Final Update Refs (N)         240 us
[2021-10-16T00:42:28.734+0400][gc,stats      ]   Update Roots                       95 us, parallelism: 2.63x
[2021-10-16T00:42:28.734+0400][gc,stats      ]     UR: <total>                     250 us
[2021-10-16T00:42:28.735+0400][gc,stats      ]     UR: Thread Roots                250 us, workers (us):  59,  38,  36,  21,  17,  17,  15,  14,  14,   6,   1,   1,   0,   0,   0,   0,   0,   0,   0,   1,   0,   0,   0,   0,   0,   0,   0,   1,   0,   0,   0,   0,   0,   0,   0,   0,   0,   0,   0,   0,   0,   0,   1,   0,   0,   1,   0,   0,   0,   0,   0,   0,   0,   0,   0,   1, 
[2021-10-16T00:42:28.735+0400][gc,stats      ]   Update Region States              114 us
[2021-10-16T00:42:28.735+0400][gc,stats      ]   Trash Collection Set                4 us
[2021-10-16T00:42:28.735+0400][gc,stats      ]   Rebuild Free Set                   21 us
[2021-10-16T00:42:28.735+0400][gc,stats      ] Concurrent Cleanup                  104 us
[2021-10-16T00:42:28.735+0400][gc,stats      ] 
[2021-10-16T00:42:28.735+0400][gc,stats      ] Allocation pacing accrued:
[2021-10-16T00:42:28.735+0400][gc,stats      ]       0 of   809 ms (  0.0%): <total>
[2021-10-16T00:42:28.735+0400][gc,stats      ]       0 of   809 ms (  0.0%): <average total>
[2021-10-16T00:42:28.735+0400][gc,stats      ] 
[2021-10-16T00:42:28.735+0400][gc,metaspace  ] Metaspace: 51940K->52413K(1099776K)
[2021-10-16T00:42:28.735+0400][gc,ergo       ] Pacer for Idle. Initial: 204M, Alloc Tax Rate: 1.0x
[2021-10-16T00:42:30.352+0400][gc            ] Trigger: Metadata GC Threshold
[2021-10-16T00:42:30.352+0400][gc,ergo       ] Free: 9018M, Max: 4096K regular, 9008M humongous, Frag: 0% external, 0% internal; Reserve: 512M, Max: 4096K
[2021-10-16T00:42:30.352+0400][gc,start      ] GC(3) Concurrent reset
[2021-10-16T00:42:30.352+0400][gc,task       ] GC(3) Using 28 of 56 workers for concurrent reset
[2021-10-16T00:42:30.352+0400][gc,ergo       ] GC(3) Pacer for Reset. Non-Taxable: 10240M
[2021-10-16T00:42:30.352+0400][gc            ] GC(3) Concurrent reset 0.506ms
[2021-10-16T00:42:30.353+0400][gc,start      ] GC(3) Pause Init Mark (unload classes)
[2021-10-16T00:42:30.353+0400][gc,task       ] GC(3) Using 56 of 56 workers for init marking
[2021-10-16T00:42:30.356+0400][gc,ergo       ] GC(3) Pacer for Mark. Expected Live: 72585K, Free: 9014M, Non-Taxable: 901M, Alloc Tax Rate: 0.0x
[2021-10-16T00:42:30.356+0400][gc            ] GC(3) Pause Init Mark (unload classes) 2.902ms
[2021-10-16T00:42:30.356+0400][gc,start      ] GC(3) Concurrent marking (unload classes)
[2021-10-16T00:42:30.356+0400][gc,task       ] GC(3) Using 28 of 56 workers for concurrent marking
[2021-10-16T00:42:30.368+0400][gc            ] GC(3) Concurrent marking (unload classes) 12.202ms
[2021-10-16T00:42:30.368+0400][gc,start      ] GC(3) Pause Final Mark (unload classes)
[2021-10-16T00:42:30.368+0400][gc,task       ] GC(3) Using 56 of 56 workers for final marking
[2021-10-16T00:42:30.392+0400][gc,stringtable] GC(3) Cleaned string and symbol table, strings: 25535 processed, 0 removed, symbols: 110646 processed, 1 removed
[2021-10-16T00:42:30.392+0400][gc,ergo       ] GC(3) Adaptive CSet Selection. Target Free: 1450M, Actual Free: 9491M, Max CSet: 426M, Min Garbage: 0B
[2021-10-16T00:42:30.392+0400][gc,ergo       ] GC(3) Collectable Garbage: 604M (98%), Immediate: 16333K (2%), CSet: 588M (96%)
[2021-10-16T00:42:30.396+0400][gc,ergo       ] GC(3) Pacer for Evacuation. Used CSet: 658M, Free: 8988M, Non-Taxable: 898M, Alloc Tax Rate: 1.1x
[2021-10-16T00:42:30.396+0400][gc            ] GC(3) Pause Final Mark (unload classes) 28.185ms
[2021-10-16T00:42:30.396+0400][gc,start      ] GC(3) Concurrent cleanup
[2021-10-16T00:42:30.397+0400][gc            ] GC(3) Concurrent cleanup 757M->745M(10240M) 0.129ms
[2021-10-16T00:42:30.397+0400][gc,ergo       ] GC(3) Free: 8984M, Max: 4096K regular, 8964M humongous, Frag: 1% external, 0% internal; Reserve: 507M, Max: 4096K
[2021-10-16T00:42:30.397+0400][gc,start      ] GC(3) Concurrent evacuation
[2021-10-16T00:42:30.397+0400][gc,task       ] GC(3) Using 28 of 56 workers for concurrent evacuation
[2021-10-16T00:42:30.405+0400][gc            ] GC(3) Concurrent evacuation 8.460ms
[2021-10-16T00:42:30.406+0400][gc,start      ] GC(3) Pause Init Update Refs
[2021-10-16T00:42:30.406+0400][gc,ergo       ] GC(3) Pacer for Update Refs. Used: 877M, Free: 8948M, Non-Taxable: 894M, Alloc Tax Rate: 1.1x
[2021-10-16T00:42:30.406+0400][gc            ] GC(3) Pause Init Update Refs 0.045ms
[2021-10-16T00:42:30.406+0400][gc,start      ] GC(3) Concurrent update references
[2021-10-16T00:42:30.406+0400][gc,task       ] GC(3) Using 28 of 56 workers for concurrent reference update
[2021-10-16T00:42:30.420+0400][gc            ] GC(3) Concurrent update references 14.798ms
[2021-10-16T00:42:30.421+0400][gc,start      ] GC(3) Pause Final Update Refs
[2021-10-16T00:42:30.421+0400][gc,task       ] GC(3) Using 56 of 56 workers for final reference update
[2021-10-16T00:42:30.421+0400][gc            ] GC(3) Pause Final Update Refs 0.337ms
[2021-10-16T00:42:30.421+0400][gc,start      ] GC(3) Concurrent cleanup
[2021-10-16T00:42:30.421+0400][gc            ] GC(3) Concurrent cleanup 909M->250M(10240M) 0.074ms
[2021-10-16T00:42:30.421+0400][gc,ergo       ] Free: 9477M, Max: 4096K regular, 8884M humongous, Frag: 7% external, 0% internal; Reserve: 512M, Max: 4096K
[2021-10-16T00:42:30.421+0400][gc,stats      ] 
[2021-10-16T00:42:30.421+0400][gc,stats      ] All times are wall-clock times, except per-root-class counters, that are sum over
[2021-10-16T00:42:30.421+0400][gc,stats      ] all workers. Dividing the <total> over the root stage time estimates parallelism.
[2021-10-16T00:42:30.421+0400][gc,stats      ] 
[2021-10-16T00:42:30.421+0400][gc,stats      ] Concurrent Reset                    488 us
[2021-10-16T00:42:30.421+0400][gc,stats      ] Pause Init Mark (G)                3387 us
[2021-10-16T00:42:30.421+0400][gc,stats      ] Pause Init Mark (N)                2852 us
[2021-10-16T00:42:30.421+0400][gc,stats      ]   Accumulate Stats                    7 us
[2021-10-16T00:42:30.421+0400][gc,stats      ]   Make Parsable                      23 us
[2021-10-16T00:42:30.421+0400][gc,stats      ]   Update Region States              140 us
[2021-10-16T00:42:30.421+0400][gc,stats      ]   Scan Roots                       2605 us, parallelism: 9.70x
[2021-10-16T00:42:30.421+0400][gc,stats      ]     S: <total>                    25256 us
[2021-10-16T00:42:30.421+0400][gc,stats      ]     S: Thread Roots                 841 us, workers (us):   1,   1,   2,   1,   1,   1,   1,   2,   2,   2,   1,   3,   3,   1,   1,   1,   1,   1,   1,   1,   1,   1,   3,   3,   3,   1,   3,  84,   2,  59,  53,  52,  49, 157,  43,  76,  55,  98,  30,  21,  13,   1,   0,   0,   0,   0,   0,   0,   0,   0,   0,   0,   0,   1,   1,   0, 
[2021-10-16T00:42:30.421+0400][gc,stats      ]     S: Universe Roots                 2 us, workers (us):   2, ---, ---, ---, ---, ---, ---, ---, ---, ---, ---, ---, ---, ---, ---, ---, ---, ---, ---, ---, ---, ---, ---, ---, ---, ---, ---, ---, ---, ---, ---, ---, ---, ---, ---, ---, ---, ---, ---, ---, ---, ---, ---, ---, ---, ---, ---, ---, ---, ---, ---, ---, ---, ---, ---, ---, 
[2021-10-16T00:42:30.421+0400][gc,stats      ]     S: JNI Handles Roots              2 us, workers (us): ---,   2, ---, ---, ---, ---, ---, ---, ---, ---, ---, ---, ---, ---, ---, ---, ---, ---, ---, ---, ---, ---, ---, ---, ---, ---, ---, ---, ---, ---, ---, ---, ---, ---, ---, ---, ---, ---, ---, ---, ---, ---, ---, ---, ---, ---, ---, ---, ---, ---, ---, ---, ---, ---, ---, ---, 
[2021-10-16T00:42:30.421+0400][gc,stats      ]     S: Synchronizer Roots             0 us, workers (us):   0, ---, ---, ---, ---, ---, ---, ---, ---, ---, ---, ---, ---, ---, ---, ---, ---, ---, ---, ---, ---, ---, ---, ---, ---, ---, ---, ---, ---, ---, ---, ---, ---, ---, ---, ---, ---, ---, ---, ---, ---, ---, ---, ---, ---, ---, ---, ---, ---, ---, ---, ---, ---, ---, ---, ---, 
[2021-10-16T00:42:30.421+0400][gc,stats      ]     S: Management Roots               1 us, workers (us): ---,   1, ---, ---, ---, ---, ---, ---, ---, ---, ---, ---, ---, ---, ---, ---, ---, ---, ---, ---, ---, ---, ---, ---, ---, ---, ---, ---, ---, ---, ---, ---, ---, ---, ---, ---, ---, ---, ---, ---, ---, ---, ---, ---, ---, ---, ---, ---, ---, ---, ---, ---, ---, ---, ---, ---, 
[2021-10-16T00:42:30.421+0400][gc,stats      ]     S: System Dict Roots              3 us, workers (us):   3, ---, ---, ---, ---, ---, ---, ---, ---, ---, ---, ---, ---, ---, ---, ---, ---, ---, ---, ---, ---, ---, ---, ---, ---, ---, ---, ---, ---, ---, ---, ---, ---, ---, ---, ---, ---, ---, ---, ---, ---, ---, ---, ---, ---, ---, ---, ---, ---, ---, ---, ---, ---, ---, ---, ---, 
[2021-10-16T00:42:30.421+0400][gc,stats      ]     S: CLDG Roots                 24406 us, workers (us): 935, 934, 933, 930, 927, 925, 922, 921, 914, 1017, 900, 898, 896, 884, 831, 827, 826, 826, 825, 826, 826, 826, 810, 810, 809, 811, 809, ---, 809, ---, ---, ---, ---, ---, ---, ---, ---, ---, ---, ---, ---, ---, ---, ---, ---, ---, ---, ---, ---, ---, ---, ---, ---, ---, ---, ---, 
[2021-10-16T00:42:30.421+0400][gc,stats      ]     S: JVMTI Roots                    1 us, workers (us): ---,   1, ---, ---, ---, ---, ---, ---, ---, ---, ---, ---, ---, ---, ---, ---, ---, ---, ---, ---, ---, ---, ---, ---, ---, ---, ---, ---, ---, ---, ---, ---, ---, ---, ---, ---, ---, ---, ---, ---, ---, ---, ---, ---, ---, ---, ---, ---, ---, ---, ---, ---, ---, ---, ---, ---, 
[2021-10-16T00:42:30.421+0400][gc,stats      ]   Resize TLABs                        7 us
[2021-10-16T00:42:30.421+0400][gc,stats      ] Concurrent Marking                12181 us
[2021-10-16T00:42:30.421+0400][gc,stats      ] Pause Final Mark (G)              28419 us
[2021-10-16T00:42:30.421+0400][gc,stats      ] Pause Final Mark (N)              28143 us
[2021-10-16T00:42:30.421+0400][gc,stats      ]   Finish Queues                     522 us
[2021-10-16T00:42:30.421+0400][gc,stats      ]   System Purge                      219 us
[2021-10-16T00:42:30.421+0400][gc,stats      ]     Unload Classes                 8432 us
[2021-10-16T00:42:30.421+0400][gc,stats      ]     Cleanup                       14402 us, parallelism: 54.44x
[2021-10-16T00:42:30.421+0400][gc,stats      ]       CU: <total>                784107 us
[2021-10-16T00:42:30.421+0400][gc,stats      ]       CU: Code Cache Roots        38845 us, workers (us): 813, 801, 808, 854, 1287, 810, 776, 772, 784, 798, 1265, 1037, 751, 792, 1265, 761, 773, 744, 1223, 694, 690, 701, 718, 705, 736, 749, 968, 1233, 687, 946, 740, 709, 694, 703, 718, 727, 690, 1154, 693, 1223, 686, 736, 704, 681, 540, 1018, 375, 106,   0,   0,   1,   1,   1,   1,   1,   1, 
[2021-10-16T00:42:30.421+0400][gc,stats      ]       CU: Code Cache Cleaning    239648 us, workers (us): 1334, 12175, 477, 475, 12978, 475, 13231, 481, 475, 476, 12977, 438, 1282, 13208, 12980, 553, 481, 12239, 12987, 460, 473, 13225, 476, 478, 480, 1319, 446, 181, 13216, 468, 12165, 567, 13194, 12219, 475, 1264, 478, 12062, 544, 12985, 477, 510, 481, 474, 1294, 12979, 455, 549, 12194, 533, 504, 466, 461, 459, 459, 458, 
[2021-10-16T00:42:30.421+0400][gc,stats      ]       CU: String Table Roots       8874 us, workers (us): 239, 246, 238, 187,   0, 224, 242, 237, 223, 208,   0,   0, 242, 199,   0, 224, 205, 230,   0, 239, 253, 233, 221, 231, 199, 186,   0,   0, 246,   0, 196, 226, 240, 231, 219, 208, 245,   0, 238,   0, 247, 197, 228, 248, 242,   0,   0, 245, 238, 237, 231,   0,   0,   1,   1,   0, 
[2021-10-16T00:42:30.421+0400][gc,stats      ]       CU: Resolved Table Roots       26 us, workers (us):   0,   0,   0,   0,   0,   0,   0,   0,   0,   0,   0,   0,   0,   0,   0,   0,   0,   0,   0,  22,   0,   0,   0,   0,   0,   0,   0,   0,   0,   0,   0,   0,   0,   0,   0,   0,   0,   0,   0,   0,   0,   0,   0,   0,   0,   0,   0,   0,   0,   0,   0,   0,   0,   0,   0,   0, 
[2021-10-16T00:42:30.422+0400][gc,stats      ]       CU: CLDG Roots             496714 us, workers (us): 11841, 1000, 12700, 12699,   1, 12699,   0, 12699, 12699, 12699,   1, 12700, 11896,   1,   0, 12620, 12701, 937,   1, 12699, 12699,   1, 12699, 12699, 12700, 11891, 12764, 12727,   1, 12700, 1028, 12610,   0, 958, 12700, 11911, 12697, 895, 12636,   0, 12700, 12667, 12699, 12699, 11883,   1, 12706, 12626, 984, 12646, 12674, 12699, 12700, 12699, 12724, 12699, 
[2021-10-16T00:42:30.422+0400][gc,stats      ]     Weak Roots                      218 us
[2021-10-16T00:42:30.422+0400][gc,stats      ]     CLDG                             25 us
[2021-10-16T00:42:30.422+0400][gc,stats      ]   Update Region States               98 us
[2021-10-16T00:42:30.422+0400][gc,stats      ]   Retire TLABs                       20 us
[2021-10-16T00:42:30.422+0400][gc,stats      ]   Choose Collection Set              52 us
[2021-10-16T00:42:30.422+0400][gc,stats      ]   Rebuild Free Set                   11 us
[2021-10-16T00:42:30.422+0400][gc,stats      ]   Initial Evacuation               4343 us, parallelism: 24.35x
[2021-10-16T00:42:30.422+0400][gc,stats      ]     E: <total>                   105741 us
[2021-10-16T00:42:30.422+0400][gc,stats      ]     E: Thread Roots                 483 us, workers (us):   1,   1,   1,   0,   1,   1,   1,   1,   1,   1,   1,   1,   1,   1,   0,   1,   1,   1,   1,   1,   1,   1,   1,  67,   1,   1,   1,   1,  68,  63,   1,  65,   1,   1,   1,   1,   1,   1,   1,   1,  73,   1,   1,   1,   1,   1,  56,  53,   0,   0,   0,   0,   0,   0,   0,   0, 
[2021-10-16T00:42:30.422+0400][gc,stats      ]     E: Code Cache Roots            6577 us, workers (us): 560,   0,   0,   0,   0, 492,   0,   0,   0, 516,   0,   0,   0, 417,   0, 556,   0,   0,   0,   0, 687,   0,   0,   0,   0,   0,   0, 761,   0,   0,   0,   0,   0,   0, 703, 503,   0,   0,   0,   0,   0, 474,   0,   0, 489, 411,   0,   1,   0,   0,   0,   0,   0,   0,   0,   0, 
[2021-10-16T00:42:30.422+0400][gc,stats      ]     E: Universe Roots                10 us, workers (us):  10, ---, ---, ---, ---, ---, ---, ---, ---, ---, ---, ---, ---, ---, ---, ---, ---, ---, ---, ---, ---, ---, ---, ---, ---, ---, ---, ---, ---, ---, ---, ---, ---, ---, ---, ---, ---, ---, ---, ---, ---, ---, ---, ---, ---, ---, ---, ---, ---, ---, ---, ---, ---, ---, ---, ---, 
[2021-10-16T00:42:30.422+0400][gc,stats      ]     E: JNI Handles Roots              9 us, workers (us): ---,   9, ---, ---, ---, ---, ---, ---, ---, ---, ---, ---, ---, ---, ---, ---, ---, ---, ---, ---, ---, ---, ---, ---, ---, ---, ---, ---, ---, ---, ---, ---, ---, ---, ---, ---, ---, ---, ---, ---, ---, ---, ---, ---, ---, ---, ---, ---, ---, ---, ---, ---, ---, ---, ---, ---, 
[2021-10-16T00:42:30.422+0400][gc,stats      ]     E: Synchronizer Roots             0 us, workers (us): ---,   0, ---, ---, ---, ---, ---, ---, ---, ---, ---, ---, ---, ---, ---, ---, ---, ---, ---, ---, ---, ---, ---, ---, ---, ---, ---, ---, ---, ---, ---, ---, ---, ---, ---, ---, ---, ---, ---, ---, ---, ---, ---, ---, ---, ---, ---, ---, ---, ---, ---, ---, ---, ---, ---, ---, 
[2021-10-16T00:42:30.422+0400][gc,stats      ]     E: Management Roots               2 us, workers (us): ---,   2, ---, ---, ---, ---, ---, ---, ---, ---, ---, ---, ---, ---, ---, ---, ---, ---, ---, ---, ---, ---, ---, ---, ---, ---, ---, ---, ---, ---, ---, ---, ---, ---, ---, ---, ---, ---, ---, ---, ---, ---, ---, ---, ---, ---, ---, ---, ---, ---, ---, ---, ---, ---, ---, ---, 
[2021-10-16T00:42:30.422+0400][gc,stats      ]     E: System Dict Roots             10 us, workers (us): ---, ---,  10, ---, ---, ---, ---, ---, ---, ---, ---, ---, ---, ---, ---, ---, ---, ---, ---, ---, ---, ---, ---, ---, ---, ---, ---, ---, ---, ---, ---, ---, ---, ---, ---, ---, ---, ---, ---, ---, ---, ---, ---, ---, ---, ---, ---, ---, ---, ---, ---, ---, ---, ---, ---, ---, 
[2021-10-16T00:42:30.422+0400][gc,stats      ]     E: CLDG Roots                 98648 us, workers (us): ---, 3511, 3510, ---, 3641, ---, 3509, 3511, 3510, ---, 3513, 3510, 3510, ---, 3646, ---, 3511, 3514, 3510, 3511, ---, 3512, 3570, ---, 3513, 3514, 3510, ---, ---, ---, 3511, ---, 3510, 3513, ---, ---, 3510, 3513, 3513, 3513, ---, ---, 3513, 3514, ---, ---, ---, ---, ---, ---, ---, ---, ---, ---, ---, ---, 
[2021-10-16T00:42:30.422+0400][gc,stats      ]     E: JVMTI Roots                    1 us, workers (us): ---, ---, ---,   1, ---, ---, ---, ---, ---, ---, ---, ---, ---, ---, ---, ---, ---, ---, ---, ---, ---, ---, ---, ---, ---, ---, ---, ---, ---, ---, ---, ---, ---, ---, ---, ---, ---, ---, ---, ---, ---, ---, ---, ---, ---, ---, ---, ---, ---, ---, ---, ---, ---, ---, ---, ---, 
[2021-10-16T00:42:30.422+0400][gc,stats      ] Concurrent Cleanup                  104 us
[2021-10-16T00:42:30.422+0400][gc,stats      ] Concurrent Evacuation              8452 us
[2021-10-16T00:42:30.422+0400][gc,stats      ] Pause Init  Update Refs (G)         490 us
[2021-10-16T00:42:30.422+0400][gc,stats      ] Pause Init  Update Refs (N)          24 us
[2021-10-16T00:42:30.422+0400][gc,stats      ]   Retire GCLABs                      17 us
[2021-10-16T00:42:30.422+0400][gc,stats      ] Concurrent Update Refs            14787 us
[2021-10-16T00:42:30.422+0400][gc,stats      ] Pause Final Update Refs (G)         551 us
[2021-10-16T00:42:30.422+0400][gc,stats      ] Pause Final Update Refs (N)         318 us
[2021-10-16T00:42:30.422+0400][gc,stats      ]   Update Roots                      144 us, parallelism: 2.49x
[2021-10-16T00:42:30.422+0400][gc,stats      ]     UR: <total>                     359 us
[2021-10-16T00:42:30.422+0400][gc,stats      ]     UR: Thread Roots                359 us, workers (us):  38,  38,  38,  33,  31,  27,  24,  72,  19,   8,  15,   3,   0,   0,   0,   0,   0,   0,   0,   0,   0,   1,   1,   0,   0,   0,   0,   1,   1,   0,   0,   0,   0,   0,   0,   0,   1,   0,   0,   0,   0,   0,   0,   0,   0,   0,   1,   0,   0,   0,   0,   0,   1,   0,   1,   0, 
[2021-10-16T00:42:30.422+0400][gc,stats      ]   Update Region States              136 us
[2021-10-16T00:42:30.422+0400][gc,stats      ]   Trash Collection Set                6 us
[2021-10-16T00:42:30.422+0400][gc,stats      ]   Rebuild Free Set                   25 us
[2021-10-16T00:42:30.422+0400][gc,stats      ] Concurrent Cleanup                   63 us
[2021-10-16T00:42:30.422+0400][gc,stats      ] 
[2021-10-16T00:42:30.422+0400][gc,stats      ] Allocation pacing accrued:
[2021-10-16T00:42:30.422+0400][gc,stats      ]       0 of  1687 ms (  0.0%): <total>
[2021-10-16T00:42:30.422+0400][gc,stats      ]       0 of  1687 ms (  0.0%): <average total>
[2021-10-16T00:42:30.422+0400][gc,stats      ] 
[2021-10-16T00:42:30.422+0400][gc,metaspace  ] Metaspace: 83348K->83948K(1134592K)
[2021-10-16T00:42:30.422+0400][gc,ergo       ] Pacer for Idle. Initial: 204M, Alloc Tax Rate: 1.0x
[2021-10-16T00:42:30.878+0400][gc            ] Trigger: Learning 5 of 5. Free (7165M) is below initial threshold (7167M)
[2021-10-16T00:42:30.878+0400][gc,ergo       ] Free: 7165M, Max: 4096K regular, 7156M humongous, Frag: 0% external, 0% internal; Reserve: 512M, Max: 4096K
[2021-10-16T00:42:30.878+0400][gc,start      ] GC(4) Concurrent reset
[2021-10-16T00:42:30.878+0400][gc,task       ] GC(4) Using 28 of 56 workers for concurrent reset
[2021-10-16T00:42:30.878+0400][gc,ergo       ] GC(4) Pacer for Reset. Non-Taxable: 10240M
[2021-10-16T00:42:30.879+0400][gc            ] GC(4) Concurrent reset 0.610ms
[2021-10-16T00:42:30.880+0400][gc,start      ] GC(4) Pause Init Mark
[2021-10-16T00:42:30.880+0400][gc,task       ] GC(4) Using 56 of 56 workers for init marking
[2021-10-16T00:42:30.890+0400][gc,ergo       ] GC(4) Pacer for Mark. Expected Live: 80567K, Free: 7165M, Non-Taxable: 716M, Alloc Tax Rate: 0.0x
[2021-10-16T00:42:30.890+0400][gc            ] GC(4) Pause Init Mark 10.088ms
[2021-10-16T00:42:30.890+0400][gc,start      ] GC(4) Concurrent marking
[2021-10-16T00:42:30.890+0400][gc,task       ] GC(4) Using 28 of 56 workers for concurrent marking
[2021-10-16T00:42:30.904+0400][gc            ] GC(4) Concurrent marking 13.907ms
[2021-10-16T00:42:30.904+0400][gc,start      ] GC(4) Pause Final Mark
[2021-10-16T00:42:30.904+0400][gc,task       ] GC(4) Using 56 of 56 workers for final marking
[2021-10-16T00:42:30.905+0400][gc,ergo       ] GC(4) Adaptive CSet Selection. Target Free: 1450M, Actual Free: 8116M, Max CSet: 426M, Min Garbage: 0B
[2021-10-16T00:42:30.905+0400][gc,ergo       ] GC(4) Collectable Garbage: 2448M (99%), Immediate: 524M (21%), CSet: 1924M (78%)
[2021-10-16T00:42:30.910+0400][gc,ergo       ] GC(4) Pacer for Evacuation. Used CSet: 1948M, Free: 7613M, Non-Taxable: 761M, Alloc Tax Rate: 1.1x
[2021-10-16T00:42:30.910+0400][gc            ] GC(4) Pause Final Mark 5.649ms
[2021-10-16T00:42:30.910+0400][gc,start      ] GC(4) Concurrent cleanup
[2021-10-16T00:42:30.910+0400][gc            ] GC(4) Concurrent cleanup 2642M->2122M(10240M) 0.128ms
[2021-10-16T00:42:30.910+0400][gc,ergo       ] GC(4) Free: 7605M, Max: 4096K regular, 7080M humongous, Frag: 7% external, 0% internal; Reserve: 508M, Max: 4096K
[2021-10-16T00:42:30.910+0400][gc,start      ] GC(4) Concurrent evacuation
[2021-10-16T00:42:30.910+0400][gc,task       ] GC(4) Using 28 of 56 workers for concurrent evacuation
[2021-10-16T00:42:30.913+0400][gc            ] GC(4) Concurrent evacuation 3.239ms
[2021-10-16T00:42:30.913+0400][gc,start      ] GC(4) Pause Init Update Refs
[2021-10-16T00:42:30.913+0400][gc,ergo       ] GC(4) Pacer for Update Refs. Used: 2190M, Free: 7573M, Non-Taxable: 757M, Alloc Tax Rate: 1.1x
[2021-10-16T00:42:30.913+0400][gc            ] GC(4) Pause Init Update Refs 0.038ms
[2021-10-16T00:42:30.913+0400][gc,start      ] GC(4) Concurrent update references
[2021-10-16T00:42:30.913+0400][gc,task       ] GC(4) Using 28 of 56 workers for concurrent reference update
[2021-10-16T00:42:30.920+0400][gc            ] GC(4) Concurrent update references 6.828ms
[2021-10-16T00:42:30.921+0400][gc,start      ] GC(4) Pause Final Update Refs
[2021-10-16T00:42:30.921+0400][gc,task       ] GC(4) Using 56 of 56 workers for final reference update
[2021-10-16T00:42:30.921+0400][gc            ] GC(4) Pause Final Update Refs 0.268ms
[2021-10-16T00:42:30.921+0400][gc,start      ] GC(4) Concurrent cleanup
[2021-10-16T00:42:30.921+0400][gc            ] GC(4) Concurrent cleanup 2226M->278M(10240M) 0.098ms
[2021-10-16T00:42:30.921+0400][gc,ergo       ] Free: 9449M, Max: 4096K regular, 7092M humongous, Frag: 25% external, 0% internal; Reserve: 512M, Max: 4096K
[2021-10-16T00:42:30.921+0400][gc,stats      ] 
[2021-10-16T00:42:30.921+0400][gc,stats      ] All times are wall-clock times, except per-root-class counters, that are sum over
[2021-10-16T00:42:30.921+0400][gc,stats      ] all workers. Dividing the <total> over the root stage time estimates parallelism.
[2021-10-16T00:42:30.921+0400][gc,stats      ] 
[2021-10-16T00:42:30.921+0400][gc,stats      ] Concurrent Reset                    591 us
[2021-10-16T00:42:30.921+0400][gc,stats      ] Pause Init Mark (G)               11093 us
[2021-10-16T00:42:30.921+0400][gc,stats      ] Pause Init Mark (N)               10059 us
[2021-10-16T00:42:30.921+0400][gc,stats      ]   Accumulate Stats                    4 us
[2021-10-16T00:42:30.921+0400][gc,stats      ]   Make Parsable                      15 us
[2021-10-16T00:42:30.921+0400][gc,stats      ]   Update Region States               93 us
[2021-10-16T00:42:30.921+0400][gc,stats      ]   Scan Roots                       9882 us, parallelism: 12.46x
[2021-10-16T00:42:30.921+0400][gc,stats      ]     S: <total>                   123142 us
[2021-10-16T00:42:30.921+0400][gc,stats      ]     S: Thread Roots                9157 us, workers (us):   1,   1,   1,   1,   3,   1,   3,   1,   3,   3,   1,   1,   1,   1,   1,   1,   1,   1,   2,   1,   2,   1,   1,   2,   1,   1,   1,   1, 902,  29,  26, 581,  39, 581, 1098, 936, 1020, 1159, 1002, 1002, 678,  26,  14,  18,   0,   0,   0,   0,   0,   0,   0,   0,   0,   0,   0,   0, 
[2021-10-16T00:42:30.921+0400][gc,stats      ]     S: Universe Roots                 3 us, workers (us):   3, ---, ---, ---, ---, ---, ---, ---, ---, ---, ---, ---, ---, ---, ---, ---, ---, ---, ---, ---, ---, ---, ---, ---, ---, ---, ---, ---, ---, ---, ---, ---, ---, ---, ---, ---, ---, ---, ---, ---, ---, ---, ---, ---, ---, ---, ---, ---, ---, ---, ---, ---, ---, ---, ---, ---, 
[2021-10-16T00:42:30.921+0400][gc,stats      ]     S: JNI Handles Roots              3 us, workers (us):   3, ---, ---, ---, ---, ---, ---, ---, ---, ---, ---, ---, ---, ---, ---, ---, ---, ---, ---, ---, ---, ---, ---, ---, ---, ---, ---, ---, ---, ---, ---, ---, ---, ---, ---, ---, ---, ---, ---, ---, ---, ---, ---, ---, ---, ---, ---, ---, ---, ---, ---, ---, ---, ---, ---, ---, 
[2021-10-16T00:42:30.921+0400][gc,stats      ]     S: Synchronizer Roots             0 us, workers (us): ---,   0, ---, ---, ---, ---, ---, ---, ---, ---, ---, ---, ---, ---, ---, ---, ---, ---, ---, ---, ---, ---, ---, ---, ---, ---, ---, ---, ---, ---, ---, ---, ---, ---, ---, ---, ---, ---, ---, ---, ---, ---, ---, ---, ---, ---, ---, ---, ---, ---, ---, ---, ---, ---, ---, ---, 
[2021-10-16T00:42:30.921+0400][gc,stats      ]     S: Management Roots               1 us, workers (us): ---,   1, ---, ---, ---, ---, ---, ---, ---, ---, ---, ---, ---, ---, ---, ---, ---, ---, ---, ---, ---, ---, ---, ---, ---, ---, ---, ---, ---, ---, ---, ---, ---, ---, ---, ---, ---, ---, ---, ---, ---, ---, ---, ---, ---, ---, ---, ---, ---, ---, ---, ---, ---, ---, ---, ---, 
[2021-10-16T00:42:30.921+0400][gc,stats      ]     S: System Dict Roots              6 us, workers (us): ---,   6, ---, ---, ---, ---, ---, ---, ---, ---, ---, ---, ---, ---, ---, ---, ---, ---, ---, ---, ---, ---, ---, ---, ---, ---, ---, ---, ---, ---, ---, ---, ---, ---, ---, ---, ---, ---, ---, ---, ---, ---, ---, ---, ---, ---, ---, ---, ---, ---, ---, ---, ---, ---, ---, ---, 
[2021-10-16T00:42:30.921+0400][gc,stats      ]     S: CLDG Roots                113970 us, workers (us): 3971, 3968, 3973, 3966, 3965, 3958, 3956, 4036, 3919, 3919, 3964, 3905, 3903, 3873, 3869, 3865, 3865, 3865, 3864, 8318, 3864, 3864, 3865, 3864, 3864, 4005, 3864, 3862, ---, ---, ---, ---, ---, ---, ---, ---, ---, ---, ---, ---, ---, ---, ---, ---, ---, ---, ---, ---, ---, ---, ---, ---, ---, ---, ---, ---, 
[2021-10-16T00:42:30.921+0400][gc,stats      ]     S: JVMTI Roots                    1 us, workers (us):   1, ---, ---, ---, ---, ---, ---, ---, ---, ---, ---, ---, ---, ---, ---, ---, ---, ---, ---, ---, ---, ---, ---, ---, ---, ---, ---, ---, ---, ---, ---, ---, ---, ---, ---, ---, ---, ---, ---, ---, ---, ---, ---, ---, ---, ---, ---, ---, ---, ---, ---, ---, ---, ---, ---, ---, 
[2021-10-16T00:42:30.921+0400][gc,stats      ]   Resize TLABs                        5 us
[2021-10-16T00:42:30.921+0400][gc,stats      ] Concurrent Marking                13876 us
[2021-10-16T00:42:30.921+0400][gc,stats      ] Pause Final Mark (G)               5814 us
[2021-10-16T00:42:30.921+0400][gc,stats      ] Pause Final Mark (N)               5628 us
[2021-10-16T00:42:30.921+0400][gc,stats      ]   Finish Queues                     445 us
[2021-10-16T00:42:30.921+0400][gc,stats      ]   System Purge                      153 us
[2021-10-16T00:42:30.921+0400][gc,stats      ]     Weak Roots                      152 us
[2021-10-16T00:42:30.921+0400][gc,stats      ]   Update Region States               63 us
[2021-10-16T00:42:30.921+0400][gc,stats      ]   Retire TLABs                       16 us
[2021-10-16T00:42:30.921+0400][gc,stats      ]   Choose Collection Set              92 us
[2021-10-16T00:42:30.921+0400][gc,stats      ]   Rebuild Free Set                   12 us
[2021-10-16T00:42:30.921+0400][gc,stats      ]   Initial Evacuation               4840 us, parallelism: 18.93x
[2021-10-16T00:42:30.921+0400][gc,stats      ]     E: <total>                    91620 us
[2021-10-16T00:42:30.921+0400][gc,stats      ]     E: Thread Roots                 409 us, workers (us):   1,   1,   1,   1,   1,   1,   1,   1,   1,   1,   1,   1,   1,   1,   1,   1,   1,   1,   1,   1,   1,   1,   1,   0,   1,   1,   1,   1,   1,   1,   1,   1,   1,   0,   1,   1,   0,   1,   1,   1,   1,  76,   1,  71,  75,  72,  71,   0,   0,   0,   0,   0,   0,   0,   0,   0, 
[2021-10-16T00:42:30.921+0400][gc,stats      ]     E: Code Cache Roots            8402 us, workers (us):   0,   0,   0,   0,   0,   0,   0,   0,   0,   0,   0,   0,   0,   0,   0,   0,   0,   0,   0,   0,   0,   0,   0,   0, 865, 923,   0,   0, 647, 707, 553, 621,   0,   0, 509, 740, 731, 785, 538,   0, 606,   0, 173,   0,   0,   0,   0,   0,   0,   0,   0,   0,   0,   0,   0,   0, 
[2021-10-16T00:42:30.921+0400][gc,stats      ]     E: Universe Roots                 8 us, workers (us):   8, ---, ---, ---, ---, ---, ---, ---, ---, ---, ---, ---, ---, ---, ---, ---, ---, ---, ---, ---, ---, ---, ---, ---, ---, ---, ---, ---, ---, ---, ---, ---, ---, ---, ---, ---, ---, ---, ---, ---, ---, ---, ---, ---, ---, ---, ---, ---, ---, ---, ---, ---, ---, ---, ---, ---, 
[2021-10-16T00:42:30.921+0400][gc,stats      ]     E: JNI Handles Roots              8 us, workers (us): ---,   8, ---, ---, ---, ---, ---, ---, ---, ---, ---, ---, ---, ---, ---, ---, ---, ---, ---, ---, ---, ---, ---, ---, ---, ---, ---, ---, ---, ---, ---, ---, ---, ---, ---, ---, ---, ---, ---, ---, ---, ---, ---, ---, ---, ---, ---, ---, ---, ---, ---, ---, ---, ---, ---, ---, 
[2021-10-16T00:42:30.921+0400][gc,stats      ]     E: Synchronizer Roots             0 us, workers (us): ---,   0, ---, ---, ---, ---, ---, ---, ---, ---, ---, ---, ---, ---, ---, ---, ---, ---, ---, ---, ---, ---, ---, ---, ---, ---, ---, ---, ---, ---, ---, ---, ---, ---, ---, ---, ---, ---, ---, ---, ---, ---, ---, ---, ---, ---, ---, ---, ---, ---, ---, ---, ---, ---, ---, ---, 
[2021-10-16T00:42:30.921+0400][gc,stats      ]     E: Management Roots               1 us, workers (us): ---,   1, ---, ---, ---, ---, ---, ---, ---, ---, ---, ---, ---, ---, ---, ---, ---, ---, ---, ---, ---, ---, ---, ---, ---, ---, ---, ---, ---, ---, ---, ---, ---, ---, ---, ---, ---, ---, ---, ---, ---, ---, ---, ---, ---, ---, ---, ---, ---, ---, ---, ---, ---, ---, ---, ---, 
[2021-10-16T00:42:30.921+0400][gc,stats      ]     E: System Dict Roots              8 us, workers (us): ---, ---,   8, ---, ---, ---, ---, ---, ---, ---, ---, ---, ---, ---, ---, ---, ---, ---, ---, ---, ---, ---, ---, ---, ---, ---, ---, ---, ---, ---, ---, ---, ---, ---, ---, ---, ---, ---, ---, ---, ---, ---, ---, ---, ---, ---, ---, ---, ---, ---, ---, ---, ---, ---, ---, ---, 
[2021-10-16T00:42:30.921+0400][gc,stats      ]     E: CLDG Roots                 82782 us, workers (us): 3080, 2967, 2964, ---, 2966, 2965, 2966, 3081, 2966, 2966, 2966, 2965, 2965, 2968, 2930, 2928, 2929, 2929, 2929, 2928, 2928, 2927, 2927, 3005, ---, ---, 2927, 2928, ---, ---, ---, ---, 2927, 2931, ---, ---, ---, ---, ---, 2927, ---, ---, ---, ---, ---, ---, ---, ---, ---, ---, ---, ---, ---, ---, ---, ---, 
[2021-10-16T00:42:30.921+0400][gc,stats      ]     E: JVMTI Roots                    1 us, workers (us): ---, ---, ---,   1, ---, ---, ---, ---, ---, ---, ---, ---, ---, ---, ---, ---, ---, ---, ---, ---, ---, ---, ---, ---, ---, ---, ---, ---, ---, ---, ---, ---, ---, ---, ---, ---, ---, ---, ---, ---, ---, ---, ---, ---, ---, ---, ---, ---, ---, ---, ---, ---, ---, ---, ---, ---, 
[2021-10-16T00:42:30.921+0400][gc,stats      ] Concurrent Cleanup                  100 us
[2021-10-16T00:42:30.921+0400][gc,stats      ] Concurrent Evacuation              3233 us
[2021-10-16T00:42:30.921+0400][gc,stats      ] Pause Init  Update Refs (G)         333 us
[2021-10-16T00:42:30.921+0400][gc,stats      ] Pause Init  Update Refs (N)          20 us
[2021-10-16T00:42:30.921+0400][gc,stats      ]   Retire GCLABs                      14 us
[2021-10-16T00:42:30.921+0400][gc,stats      ] Concurrent Update Refs             6816 us
[2021-10-16T00:42:30.921+0400][gc,stats      ] Pause Final Update Refs (G)         559 us
[2021-10-16T00:42:30.921+0400][gc,stats      ] Pause Final Update Refs (N)         251 us
[2021-10-16T00:42:30.921+0400][gc,stats      ]   Update Roots                      103 us, parallelism: 2.78x
[2021-10-16T00:42:30.921+0400][gc,stats      ]     UR: <total>                     287 us
[2021-10-16T00:42:30.921+0400][gc,stats      ]     UR: Thread Roots                287 us, workers (us):  40,  37,  30,  29,  28,  25,  21,  16,  16,  12,   8,   5,   4,   3,   1,   0,   0,   1,   0,   0,   0,   0,   0,   0,   0,   0,   0,   0,   0,   0,   0,   0,   0,   0,   0,   0,   0,   0,   1,   0,   0,   1,   1,   0,   0,   1,   0,   0,   1,   0,   0,   0,   1,   0,   0,   0, 
[2021-10-16T00:42:30.921+0400][gc,stats      ]   Update Region States              107 us
[2021-10-16T00:42:30.921+0400][gc,stats      ]   Trash Collection Set               13 us
[2021-10-16T00:42:30.921+0400][gc,stats      ]   Rebuild Free Set                   21 us
[2021-10-16T00:42:30.921+0400][gc,stats      ] Concurrent Cleanup                   87 us
[2021-10-16T00:42:30.921+0400][gc,stats      ] 
[2021-10-16T00:42:30.921+0400][gc,stats      ] Allocation pacing accrued:
[2021-10-16T00:42:30.921+0400][gc,stats      ]       0 of   500 ms (  0.0%): <total>
[2021-10-16T00:42:30.921+0400][gc,stats      ]       0 of   500 ms (  0.0%): <average total>
[2021-10-16T00:42:30.921+0400][gc,stats      ] 
[2021-10-16T00:42:30.921+0400][gc,metaspace  ] Metaspace: 87581K->87591K(1136640K)
[2021-10-16T00:42:30.921+0400][gc,ergo       ] Pacer for Idle. Initial: 204M, Alloc Tax Rate: 1.0x
[2021-10-16T00:42:32.244+0400][gc            ] Trigger: Free (1017M) is below minimum threshold (1023M)
[2021-10-16T00:42:32.244+0400][gc,ergo       ] Free: 1017M, Max: 4096K regular, 1008M humongous, Frag: 0% external, 1% internal; Reserve: 512M, Max: 4096K
[2021-10-16T00:42:32.244+0400][gc,start      ] GC(5) Concurrent reset
[2021-10-16T00:42:32.244+0400][gc,task       ] GC(5) Using 28 of 56 workers for concurrent reset
[2021-10-16T00:42:32.244+0400][gc,ergo       ] GC(5) Pacer for Reset. Non-Taxable: 10240M
[2021-10-16T00:42:32.245+0400][gc            ] GC(5) Concurrent reset 1.148ms
[2021-10-16T00:42:32.246+0400][gc,start      ] GC(5) Pause Init Mark (process weakrefs)
[2021-10-16T00:42:32.246+0400][gc,task       ] GC(5) Using 56 of 56 workers for init marking
[2021-10-16T00:42:32.253+0400][gc,ergo       ] GC(5) Pacer for Mark. Expected Live: 85348K, Free: 1013M, Non-Taxable: 101M, Alloc Tax Rate: 0.1x
[2021-10-16T00:42:32.253+0400][gc            ] GC(5) Pause Init Mark (process weakrefs) 7.421ms
[2021-10-16T00:42:32.253+0400][gc,start      ] GC(5) Concurrent marking (process weakrefs)
[2021-10-16T00:42:32.254+0400][gc,task       ] GC(5) Using 28 of 56 workers for concurrent marking
[2021-10-16T00:42:32.268+0400][gc            ] GC(5) Concurrent marking (process weakrefs) 14.813ms
[2021-10-16T00:42:32.268+0400][gc,start      ] GC(5) Concurrent precleaning
[2021-10-16T00:42:32.268+0400][gc,task       ] GC(5) Using 1 of 56 workers for concurrent preclean
[2021-10-16T00:42:32.268+0400][gc,ergo       ] GC(5) Pacer for Precleaning. Non-Taxable: 10240M
[2021-10-16T00:42:32.269+0400][gc            ] GC(5) Concurrent precleaning 1.018ms
[2021-10-16T00:42:32.270+0400][gc,start      ] GC(5) Pause Final Mark (process weakrefs)
[2021-10-16T00:42:32.270+0400][gc,task       ] GC(5) Using 56 of 56 workers for final marking
[2021-10-16T00:42:32.271+0400][gc,ergo       ] GC(5) Collectable Garbage: 8328M (96%), Immediate: 8328M (96%), CSet: 0B (0%)
[2021-10-16T00:42:32.271+0400][gc            ] GC(5) Pause Final Mark (process weakrefs) 1.542ms
[2021-10-16T00:42:32.271+0400][gc,start      ] GC(5) Concurrent cleanup
[2021-10-16T00:42:32.272+0400][gc            ] GC(5) Concurrent cleanup 8802M->518M(10240M) 0.669ms
[2021-10-16T00:42:32.272+0400][gc,ergo       ] GC(5) Free: 9209M, Max: 4096K regular, 1232M humongous, Frag: 87% external, 0% internal; Reserve: 512M, Max: 4096K
[2021-10-16T00:42:32.272+0400][gc,ergo       ] Free: 9209M, Max: 4096K regular, 1232M humongous, Frag: 87% external, 0% internal; Reserve: 512M, Max: 4096K
[2021-10-16T00:42:32.272+0400][gc,stats      ] 
[2021-10-16T00:42:32.272+0400][gc,stats      ] All times are wall-clock times, except per-root-class counters, that are sum over
[2021-10-16T00:42:32.272+0400][gc,stats      ] all workers. Dividing the <total> over the root stage time estimates parallelism.
[2021-10-16T00:42:32.272+0400][gc,stats      ] 
[2021-10-16T00:42:32.272+0400][gc,stats      ] Concurrent Reset                   1112 us
[2021-10-16T00:42:32.272+0400][gc,stats      ] Pause Init Mark (G)                8190 us
[2021-10-16T00:42:32.272+0400][gc,stats      ] Pause Init Mark (N)                7360 us
[2021-10-16T00:42:32.272+0400][gc,stats      ]   Accumulate Stats                    7 us
[2021-10-16T00:42:32.272+0400][gc,stats      ]   Make Parsable                      48 us
[2021-10-16T00:42:32.272+0400][gc,stats      ]   Update Region States              159 us
[2021-10-16T00:42:32.272+0400][gc,stats      ]   Scan Roots                       7055 us, parallelism: 20.63x
[2021-10-16T00:42:32.272+0400][gc,stats      ]     S: <total>                   145579 us
[2021-10-16T00:42:32.272+0400][gc,stats      ]     S: Thread Roots               10761 us, workers (us):   3,   4,   1,   0,   3,   3,   3,   2,   2,   3,   1,   1,   3,   6,   2,   2,   6,   2,   2,   1,   3,   3,   3,   3,   1,   2,   2, 629,   3,  66,  93,  80, 1523, 1065, 1523, 1055, 1160, 939, 723, 645, 943,  19,   9,  19, 107,   1,   0,   0,   0,  82,   0,   0,   3,   0,   7,   0, 
[2021-10-16T00:42:32.272+0400][gc,stats      ]     S: Universe Roots                 9 us, workers (us):   9, ---, ---, ---, ---, ---, ---, ---, ---, ---, ---, ---, ---, ---, ---, ---, ---, ---, ---, ---, ---, ---, ---, ---, ---, ---, ---, ---, ---, ---, ---, ---, ---, ---, ---, ---, ---, ---, ---, ---, ---, ---, ---, ---, ---, ---, ---, ---, ---, ---, ---, ---, ---, ---, ---, ---, 
[2021-10-16T00:42:32.272+0400][gc,stats      ]     S: JNI Handles Roots              8 us, workers (us):   8, ---, ---, ---, ---, ---, ---, ---, ---, ---, ---, ---, ---, ---, ---, ---, ---, ---, ---, ---, ---, ---, ---, ---, ---, ---, ---, ---, ---, ---, ---, ---, ---, ---, ---, ---, ---, ---, ---, ---, ---, ---, ---, ---, ---, ---, ---, ---, ---, ---, ---, ---, ---, ---, ---, ---, 
[2021-10-16T00:42:32.272+0400][gc,stats      ]     S: Synchronizer Roots             0 us, workers (us): ---,   0, ---, ---, ---, ---, ---, ---, ---, ---, ---, ---, ---, ---, ---, ---, ---, ---, ---, ---, ---, ---, ---, ---, ---, ---, ---, ---, ---, ---, ---, ---, ---, ---, ---, ---, ---, ---, ---, ---, ---, ---, ---, ---, ---, ---, ---, ---, ---, ---, ---, ---, ---, ---, ---, ---, 
[2021-10-16T00:42:32.272+0400][gc,stats      ]     S: Management Roots               2 us, workers (us): ---,   2, ---, ---, ---, ---, ---, ---, ---, ---, ---, ---, ---, ---, ---, ---, ---, ---, ---, ---, ---, ---, ---, ---, ---, ---, ---, ---, ---, ---, ---, ---, ---, ---, ---, ---, ---, ---, ---, ---, ---, ---, ---, ---, ---, ---, ---, ---, ---, ---, ---, ---, ---, ---, ---, ---, 
[2021-10-16T00:42:32.272+0400][gc,stats      ]     S: System Dict Roots             10 us, workers (us): ---,  10, ---, ---, ---, ---, ---, ---, ---, ---, ---, ---, ---, ---, ---, ---, ---, ---, ---, ---, ---, ---, ---, ---, ---, ---, ---, ---, ---, ---, ---, ---, ---, ---, ---, ---, ---, ---, ---, ---, ---, ---, ---, ---, ---, ---, ---, ---, ---, ---, ---, ---, ---, ---, ---, ---, 
[2021-10-16T00:42:32.273+0400][gc,stats      ]     S: CLDG Roots                134787 us, workers (us): 4862, 4872, 4844, 4905, 4830, 4824, 4817, 4815, 4815, 4782, 4782, 4781, 4781, 4774, 4772, 4772, 4767, 4765, 4766, 5156, 4765, 4763, 4763, 4763, 4966, 4763, 4761, ---, 4760, ---, ---, ---, ---, ---, ---, ---, ---, ---, ---, ---, ---, ---, ---, ---, ---, ---, ---, ---, ---, ---, ---, ---, ---, ---, ---, ---, 
[2021-10-16T00:42:32.273+0400][gc,stats      ]     S: JVMTI Roots                    1 us, workers (us):   1, ---, ---, ---, ---, ---, ---, ---, ---, ---, ---, ---, ---, ---, ---, ---, ---, ---, ---, ---, ---, ---, ---, ---, ---, ---, ---, ---, ---, ---, ---, ---, ---, ---, ---, ---, ---, ---, ---, ---, ---, ---, ---, ---, ---, ---, ---, ---, ---, ---, ---, ---, ---, ---, ---, ---, 
[2021-10-16T00:42:32.273+0400][gc,stats      ]   Resize TLABs                        7 us
[2021-10-16T00:42:32.273+0400][gc,stats      ] Concurrent Marking                14762 us
[2021-10-16T00:42:32.273+0400][gc,stats      ] Concurrent Precleaning              998 us
[2021-10-16T00:42:32.273+0400][gc,stats      ] Pause Final Mark (G)               1796 us
[2021-10-16T00:42:32.273+0400][gc,stats      ] Pause Final Mark (N)               1505 us
[2021-10-16T00:42:32.273+0400][gc,stats      ]   Finish Queues                     607 us
[2021-10-16T00:42:32.273+0400][gc,stats      ]   Weak References                   541 us
[2021-10-16T00:42:32.273+0400][gc,stats      ]     Process                         532 us
[2021-10-16T00:42:32.273+0400][gc,stats      ]   System Purge                      147 us
[2021-10-16T00:42:32.273+0400][gc,stats      ]     Weak Roots                      146 us
[2021-10-16T00:42:32.273+0400][gc,stats      ]   Update Region States               88 us
[2021-10-16T00:42:32.273+0400][gc,stats      ]   Retire TLABs                       15 us
[2021-10-16T00:42:32.273+0400][gc,stats      ]   Choose Collection Set              76 us
[2021-10-16T00:42:32.273+0400][gc,stats      ]   Rebuild Free Set                   21 us
[2021-10-16T00:42:32.273+0400][gc,stats      ] Concurrent Cleanup                  643 us
[2021-10-16T00:42:32.273+0400][gc,stats      ] 
[2021-10-16T00:42:32.273+0400][gc,stats      ] Allocation pacing accrued:
[2021-10-16T00:42:32.273+0400][gc,stats      ]       0 of  1351 ms (  0.0%): <total>
[2021-10-16T00:42:32.273+0400][gc,stats      ]       0 of  1351 ms (  0.0%): <average total>
[2021-10-16T00:42:32.273+0400][gc,stats      ] 
[2021-10-16T00:42:32.273+0400][gc,metaspace  ] Metaspace: 87656K->87656K(1136640K)
[2021-10-16T00:42:32.273+0400][gc,ergo       ] Pacer for Idle. Initial: 204M, Alloc Tax Rate: 1.0x
[2021-10-16T00:42:33.754+0400][gc            ] Trigger: Free (1017M) is below minimum threshold (1023M)
[2021-10-16T00:42:33.754+0400][gc,ergo       ] Free: 1017M, Max: 4096K regular, 916M humongous, Frag: 10% external, 1% internal; Reserve: 512M, Max: 4096K
[2021-10-16T00:42:33.754+0400][gc,start      ] GC(6) Concurrent reset
[2021-10-16T00:42:33.754+0400][gc,task       ] GC(6) Using 28 of 56 workers for concurrent reset
[2021-10-16T00:42:33.754+0400][gc,ergo       ] GC(6) Pacer for Reset. Non-Taxable: 10240M
[2021-10-16T00:42:33.755+0400][gc            ] GC(6) Concurrent reset 0.641ms
[2021-10-16T00:42:33.755+0400][gc,start      ] GC(6) Pause Init Mark
[2021-10-16T00:42:33.755+0400][gc,task       ] GC(6) Using 56 of 56 workers for init marking
[2021-10-16T00:42:33.778+0400][gc,ergo       ] GC(6) Pacer for Mark. Expected Live: 95351K, Free: 1017M, Non-Taxable: 101M, Alloc Tax Rate: 0.1x
[2021-10-16T00:42:33.779+0400][gc            ] GC(6) Pause Init Mark 23.200ms
[2021-10-16T00:42:33.779+0400][gc,start      ] GC(6) Concurrent marking
[2021-10-16T00:42:33.779+0400][gc,task       ] GC(6) Using 28 of 56 workers for concurrent marking
[2021-10-16T00:42:33.794+0400][gc            ] GC(6) Concurrent marking 15.010ms
[2021-10-16T00:42:33.794+0400][gc,start      ] GC(6) Pause Final Mark
[2021-10-16T00:42:33.794+0400][gc,task       ] GC(6) Using 56 of 56 workers for final marking
[2021-10-16T00:42:33.795+0400][gc,ergo       ] GC(6) Collectable Garbage: 8316M (96%), Immediate: 8316M (96%), CSet: 0B (0%)
[2021-10-16T00:42:33.795+0400][gc            ] GC(6) Pause Final Mark 1.045ms
[2021-10-16T00:42:33.795+0400][gc,start      ] GC(6) Concurrent cleanup
[2021-10-16T00:42:33.795+0400][gc            ] GC(6) Concurrent cleanup 8782M->506M(10240M) 0.356ms
[2021-10-16T00:42:33.795+0400][gc,ergo       ] GC(6) Free: 9221M, Max: 4096K regular, 1292M humongous, Frag: 86% external, 0% internal; Reserve: 512M, Max: 4096K
[2021-10-16T00:42:33.795+0400][gc,ergo       ] Free: 9221M, Max: 4096K regular, 1292M humongous, Frag: 86% external, 0% internal; Reserve: 512M, Max: 4096K
[2021-10-16T00:42:33.795+0400][gc,stats      ] 
[2021-10-16T00:42:33.795+0400][gc,stats      ] All times are wall-clock times, except per-root-class counters, that are sum over
[2021-10-16T00:42:33.795+0400][gc,stats      ] all workers. Dividing the <total> over the root stage time estimates parallelism.
[2021-10-16T00:42:33.795+0400][gc,stats      ] 
[2021-10-16T00:42:33.795+0400][gc,stats      ] Concurrent Reset                    613 us
[2021-10-16T00:42:33.795+0400][gc,stats      ] Pause Init Mark (G)               23519 us
[2021-10-16T00:42:33.795+0400][gc,stats      ] Pause Init Mark (N)               23165 us
[2021-10-16T00:42:33.795+0400][gc,stats      ]   Accumulate Stats                    6 us
[2021-10-16T00:42:33.795+0400][gc,stats      ]   Make Parsable                      56 us
[2021-10-16T00:42:33.795+0400][gc,stats      ]   Update Region States              122 us
[2021-10-16T00:42:33.795+0400][gc,stats      ]   Scan Roots                      22928 us, parallelism: 5.47x
[2021-10-16T00:42:33.795+0400][gc,stats      ]     S: <total>                   125385 us
[2021-10-16T00:42:33.795+0400][gc,stats      ]     S: Thread Roots                7276 us, workers (us):  84,   3,  14,   1,   2,   6,   9,   6,   4,  85,   1,   6,   1,   4,   1,   1,   4,   1,   1,   1,   1,   9,  13,  87, 130,   8,  70,  11,   6,  85, 218, 149, 284,  57, 285,  50, 283,  48, 1177, 1136,  44, 1137, 178,  40, 175,  34, 127, 128, 127, 943,   1,   0,   1,   0,   0,   0, 
[2021-10-16T00:42:33.796+0400][gc,stats      ]     S: Universe Roots                14 us, workers (us):  14, ---, ---, ---, ---, ---, ---, ---, ---, ---, ---, ---, ---, ---, ---, ---, ---, ---, ---, ---, ---, ---, ---, ---, ---, ---, ---, ---, ---, ---, ---, ---, ---, ---, ---, ---, ---, ---, ---, ---, ---, ---, ---, ---, ---, ---, ---, ---, ---, ---, ---, ---, ---, ---, ---, ---, 
[2021-10-16T00:42:33.796+0400][gc,stats      ]     S: JNI Handles Roots             96 us, workers (us): ---, ---, ---, ---,  96, ---, ---, ---, ---, ---, ---, ---, ---, ---, ---, ---, ---, ---, ---, ---, ---, ---, ---, ---, ---, ---, ---, ---, ---, ---, ---, ---, ---, ---, ---, ---, ---, ---, ---, ---, ---, ---, ---, ---, ---, ---, ---, ---, ---, ---, ---, ---, ---, ---, ---, ---, 
[2021-10-16T00:42:33.796+0400][gc,stats      ]     S: Synchronizer Roots             0 us, workers (us): ---,   0, ---, ---, ---, ---, ---, ---, ---, ---, ---, ---, ---, ---, ---, ---, ---, ---, ---, ---, ---, ---, ---, ---, ---, ---, ---, ---, ---, ---, ---, ---, ---, ---, ---, ---, ---, ---, ---, ---, ---, ---, ---, ---, ---, ---, ---, ---, ---, ---, ---, ---, ---, ---, ---, ---, 
[2021-10-16T00:42:33.796+0400][gc,stats      ]     S: Management Roots               3 us, workers (us): ---, ---,   3, ---, ---, ---, ---, ---, ---, ---, ---, ---, ---, ---, ---, ---, ---, ---, ---, ---, ---, ---, ---, ---, ---, ---, ---, ---, ---, ---, ---, ---, ---, ---, ---, ---, ---, ---, ---, ---, ---, ---, ---, ---, ---, ---, ---, ---, ---, ---, ---, ---, ---, ---, ---, ---, 
[2021-10-16T00:42:33.796+0400][gc,stats      ]     S: System Dict Roots             36 us, workers (us): ---, ---, ---,  36, ---, ---, ---, ---, ---, ---, ---, ---, ---, ---, ---, ---, ---, ---, ---, ---, ---, ---, ---, ---, ---, ---, ---, ---, ---, ---, ---, ---, ---, ---, ---, ---, ---, ---, ---, ---, ---, ---, ---, ---, ---, ---, ---, ---, ---, ---, ---, ---, ---, ---, ---, ---, 
[2021-10-16T00:42:33.796+0400][gc,stats      ]     S: CLDG Roots                117959 us, workers (us): 4213, 4214, 4211, 4262, 4575, 4213, 4216, 4203, 4200, 4174, 4133, 4133, 4133, 4132, 4948, 4209, 4130, 4130, 4405, 4130, 4211, 4114, 4114, 4114, ---, 4113, ---, 4109, 4110, 4110, ---, ---, ---, ---, ---, ---, ---, ---, ---, ---, ---, ---, ---, ---, ---, ---, ---, ---, ---, ---, ---, ---, ---, ---, ---, ---, 
[2021-10-16T00:42:33.796+0400][gc,stats      ]     S: JVMTI Roots                    1 us, workers (us): ---, ---, ---, ---, ---,   1, ---, ---, ---, ---, ---, ---, ---, ---, ---, ---, ---, ---, ---, ---, ---, ---, ---, ---, ---, ---, ---, ---, ---, ---, ---, ---, ---, ---, ---, ---, ---, ---, ---, ---, ---, ---, ---, ---, ---, ---, ---, ---, ---, ---, ---, ---, ---, ---, ---, ---, 
[2021-10-16T00:42:33.796+0400][gc,stats      ]   Resize TLABs                        3 us
[2021-10-16T00:42:33.796+0400][gc,stats      ] Concurrent Marking                14961 us
[2021-10-16T00:42:33.796+0400][gc,stats      ] Pause Final Mark (G)               1231 us
[2021-10-16T00:42:33.796+0400][gc,stats      ] Pause Final Mark (N)               1016 us
[2021-10-16T00:42:33.796+0400][gc,stats      ]   Finish Queues                     512 us
[2021-10-16T00:42:33.796+0400][gc,stats      ]   System Purge                      324 us
[2021-10-16T00:42:33.796+0400][gc,stats      ]     Weak Roots                      324 us
[2021-10-16T00:42:33.796+0400][gc,stats      ]   Update Region States               90 us
[2021-10-16T00:42:33.796+0400][gc,stats      ]   Retire TLABs                       13 us
[2021-10-16T00:42:33.796+0400][gc,stats      ]   Choose Collection Set              58 us
[2021-10-16T00:42:33.796+0400][gc,stats      ]   Rebuild Free Set                   12 us
[2021-10-16T00:42:33.796+0400][gc,stats      ] Concurrent Cleanup                  341 us
[2021-10-16T00:42:33.796+0400][gc,stats      ] 
[2021-10-16T00:42:33.796+0400][gc,stats      ] Allocation pacing accrued:
[2021-10-16T00:42:33.796+0400][gc,stats      ]       0 of  1523 ms (  0.0%): <total>
[2021-10-16T00:42:33.796+0400][gc,stats      ]       0 of  1523 ms (  0.0%): <average total>
[2021-10-16T00:42:33.796+0400][gc,stats      ] 
[2021-10-16T00:42:33.796+0400][gc,metaspace  ] Metaspace: 87656K->87656K(1136640K)
[2021-10-16T00:42:33.796+0400][gc,ergo       ] Pacer for Idle. Initial: 204M, Alloc Tax Rate: 1.0x
[2021-10-16T00:42:35.425+0400][gc            ] Trigger: Free (1021M) is below minimum threshold (1023M)
[2021-10-16T00:42:35.425+0400][gc,ergo       ] Free: 1021M, Max: 4096K regular, 1012M humongous, Frag: 0% external, 1% internal; Reserve: 512M, Max: 4096K
[2021-10-16T00:42:35.425+0400][gc,start      ] GC(7) Concurrent reset
[2021-10-16T00:42:35.425+0400][gc,task       ] GC(7) Using 28 of 56 workers for concurrent reset
[2021-10-16T00:42:35.425+0400][gc,ergo       ] GC(7) Pacer for Reset. Non-Taxable: 10240M
[2021-10-16T00:42:35.426+0400][gc            ] GC(7) Concurrent reset 0.647ms
[2021-10-16T00:42:35.426+0400][gc,start      ] GC(7) Pause Init Mark
[2021-10-16T00:42:35.426+0400][gc,task       ] GC(7) Using 56 of 56 workers for init marking
[2021-10-16T00:42:35.433+0400][gc,ergo       ] GC(7) Pacer for Mark. Expected Live: 99765K, Free: 1021M, Non-Taxable: 102M, Alloc Tax Rate: 0.1x
[2021-10-16T00:42:35.433+0400][gc            ] GC(7) Pause Init Mark 7.242ms
[2021-10-16T00:42:35.433+0400][gc,start      ] GC(7) Concurrent marking
[2021-10-16T00:42:35.433+0400][gc,task       ] GC(7) Using 28 of 56 workers for concurrent marking
[2021-10-16T00:42:35.447+0400][gc            ] GC(7) Concurrent marking 13.429ms
[2021-10-16T00:42:35.447+0400][gc,start      ] GC(7) Pause Final Mark
[2021-10-16T00:42:35.447+0400][gc,task       ] GC(7) Using 56 of 56 workers for final marking
[2021-10-16T00:42:35.447+0400][gc,ergo       ] GC(7) Collectable Garbage: 8292M (96%), Immediate: 8292M (96%), CSet: 0B (0%)
[2021-10-16T00:42:35.447+0400][gc            ] GC(7) Pause Final Mark 0.626ms
[2021-10-16T00:42:35.448+0400][gc,start      ] GC(7) Concurrent cleanup
[2021-10-16T00:42:35.448+0400][gc            ] GC(7) Concurrent cleanup 8774M->522M(10240M) 0.333ms
[2021-10-16T00:42:35.448+0400][gc,ergo       ] GC(7) Free: 9205M, Max: 4096K regular, 1520M humongous, Frag: 84% external, 0% internal; Reserve: 512M, Max: 4096K
[2021-10-16T00:42:35.448+0400][gc,ergo       ] Free: 9205M, Max: 4096K regular, 1520M humongous, Frag: 84% external, 0% internal; Reserve: 512M, Max: 4096K
[2021-10-16T00:42:35.448+0400][gc,stats      ] 
[2021-10-16T00:42:35.448+0400][gc,stats      ] All times are wall-clock times, except per-root-class counters, that are sum over
[2021-10-16T00:42:35.448+0400][gc,stats      ] all workers. Dividing the <total> over the root stage time estimates parallelism.
[2021-10-16T00:42:35.448+0400][gc,stats      ] 
[2021-10-16T00:42:35.448+0400][gc,stats      ] Concurrent Reset                    619 us
[2021-10-16T00:42:35.448+0400][gc,stats      ] Pause Init Mark (G)                7510 us
[2021-10-16T00:42:35.448+0400][gc,stats      ] Pause Init Mark (N)                7213 us
[2021-10-16T00:42:35.448+0400][gc,stats      ]   Accumulate Stats                    4 us
[2021-10-16T00:42:35.448+0400][gc,stats      ]   Make Parsable                      14 us
[2021-10-16T00:42:35.448+0400][gc,stats      ]   Update Region States              107 us
[2021-10-16T00:42:35.448+0400][gc,stats      ]   Scan Roots                       7048 us, parallelism: 24.36x
[2021-10-16T00:42:35.448+0400][gc,stats      ]     S: <total>                   171703 us
[2021-10-16T00:42:35.448+0400][gc,stats      ]     S: Thread Roots                8360 us, workers (us):   2,   2,   2,   1,   1,   3,   3,   2,   2,   3,   2,   3,   2,   1,   1,   2,   1,   2,   3,   2,   3,   2,   3,   3,   2,   2,   2,   1, 701, 847, 853, 712, 730, 729,  23, 630, 624, 744, 835, 862,   3,   2,   0,   1,   0,   0,   0,   0,   0,   0,   0,   0,   2,   1,   0,   0, 
[2021-10-16T00:42:35.448+0400][gc,stats      ]     S: Universe Roots                 5 us, workers (us):   5, ---, ---, ---, ---, ---, ---, ---, ---, ---, ---, ---, ---, ---, ---, ---, ---, ---, ---, ---, ---, ---, ---, ---, ---, ---, ---, ---, ---, ---, ---, ---, ---, ---, ---, ---, ---, ---, ---, ---, ---, ---, ---, ---, ---, ---, ---, ---, ---, ---, ---, ---, ---, ---, ---, ---, 
[2021-10-16T00:42:35.448+0400][gc,stats      ]     S: JNI Handles Roots              4 us, workers (us): ---, ---, ---, ---,   4, ---, ---, ---, ---, ---, ---, ---, ---, ---, ---, ---, ---, ---, ---, ---, ---, ---, ---, ---, ---, ---, ---, ---, ---, ---, ---, ---, ---, ---, ---, ---, ---, ---, ---, ---, ---, ---, ---, ---, ---, ---, ---, ---, ---, ---, ---, ---, ---, ---, ---, ---, 
[2021-10-16T00:42:35.448+0400][gc,stats      ]     S: Synchronizer Roots             0 us, workers (us): ---,   0, ---, ---, ---, ---, ---, ---, ---, ---, ---, ---, ---, ---, ---, ---, ---, ---, ---, ---, ---, ---, ---, ---, ---, ---, ---, ---, ---, ---, ---, ---, ---, ---, ---, ---, ---, ---, ---, ---, ---, ---, ---, ---, ---, ---, ---, ---, ---, ---, ---, ---, ---, ---, ---, ---, 
[2021-10-16T00:42:35.448+0400][gc,stats      ]     S: Management Roots               1 us, workers (us): ---, ---, ---,   1, ---, ---, ---, ---, ---, ---, ---, ---, ---, ---, ---, ---, ---, ---, ---, ---, ---, ---, ---, ---, ---, ---, ---, ---, ---, ---, ---, ---, ---, ---, ---, ---, ---, ---, ---, ---, ---, ---, ---, ---, ---, ---, ---, ---, ---, ---, ---, ---, ---, ---, ---, ---, 
[2021-10-16T00:42:35.448+0400][gc,stats      ]     S: System Dict Roots              9 us, workers (us): ---, ---,   9, ---, ---, ---, ---, ---, ---, ---, ---, ---, ---, ---, ---, ---, ---, ---, ---, ---, ---, ---, ---, ---, ---, ---, ---, ---, ---, ---, ---, ---, ---, ---, ---, ---, ---, ---, ---, ---, ---, ---, ---, ---, ---, ---, ---, ---, ---, ---, ---, ---, ---, ---, ---, ---, 
[2021-10-16T00:42:35.448+0400][gc,stats      ]     S: CLDG Roots                163322 us, workers (us): 5819, 5821, 6177, 5822, 5963, 5822, 5819, 5817, 5816, 5814, 5814, 5814, 5813, 5948, 5813, 5811, 5811, 5810, 5807, 5805, 5800, 5800, 5800, 5799, 5798, 5799, 5797, 5794, ---, ---, ---, ---, ---, ---, ---, ---, ---, ---, ---, ---, ---, ---, ---, ---, ---, ---, ---, ---, ---, ---, ---, ---, ---, ---, ---, ---, 
[2021-10-16T00:42:35.448+0400][gc,stats      ]     S: JVMTI Roots                    1 us, workers (us): ---,   1, ---, ---, ---, ---, ---, ---, ---, ---, ---, ---, ---, ---, ---, ---, ---, ---, ---, ---, ---, ---, ---, ---, ---, ---, ---, ---, ---, ---, ---, ---, ---, ---, ---, ---, ---, ---, ---, ---, ---, ---, ---, ---, ---, ---, ---, ---, ---, ---, ---, ---, ---, ---, ---, ---, 
[2021-10-16T00:42:35.448+0400][gc,stats      ]   Resize TLABs                        2 us
[2021-10-16T00:42:35.448+0400][gc,stats      ] Concurrent Marking                13379 us
[2021-10-16T00:42:35.448+0400][gc,stats      ] Pause Final Mark (G)                760 us
[2021-10-16T00:42:35.448+0400][gc,stats      ] Pause Final Mark (N)                608 us
[2021-10-16T00:42:35.448+0400][gc,stats      ]   Finish Queues                     350 us
[2021-10-16T00:42:35.448+0400][gc,stats      ]   System Purge                      108 us
[2021-10-16T00:42:35.448+0400][gc,stats      ]     Weak Roots                      107 us
[2021-10-16T00:42:35.448+0400][gc,stats      ]   Update Region States               70 us
[2021-10-16T00:42:35.448+0400][gc,stats      ]   Retire TLABs                       12 us
[2021-10-16T00:42:35.448+0400][gc,stats      ]   Choose Collection Set              49 us
[2021-10-16T00:42:35.448+0400][gc,stats      ]   Rebuild Free Set                   11 us
[2021-10-16T00:42:35.448+0400][gc,stats      ] Concurrent Cleanup                  317 us
[2021-10-16T00:42:35.448+0400][gc,stats      ] 
[2021-10-16T00:42:35.448+0400][gc,stats      ] Allocation pacing accrued:
[2021-10-16T00:42:35.448+0400][gc,stats      ]       0 of  1653 ms (  0.0%): <total>
[2021-10-16T00:42:35.448+0400][gc,stats      ]       0 of  1653 ms (  0.0%): <average total>
[2021-10-16T00:42:35.448+0400][gc,stats      ] 
[2021-10-16T00:42:35.448+0400][gc,metaspace  ] Metaspace: 87730K->87730K(1136640K)
[2021-10-16T00:42:35.448+0400][gc,ergo       ] Pacer for Idle. Initial: 204M, Alloc Tax Rate: 1.0x
[2021-10-16T00:42:37.081+0400][gc            ] Trigger: Free (1021M) is below minimum threshold (1023M)
[2021-10-16T00:42:37.081+0400][gc,ergo       ] Free: 1021M, Max: 4096K regular, 944M humongous, Frag: 7% external, 1% internal; Reserve: 512M, Max: 4096K
[2021-10-16T00:42:37.081+0400][gc,start      ] GC(8) Concurrent reset
[2021-10-16T00:42:37.081+0400][gc,task       ] GC(8) Using 28 of 56 workers for concurrent reset
[2021-10-16T00:42:37.081+0400][gc,ergo       ] GC(8) Pacer for Reset. Non-Taxable: 10240M
[2021-10-16T00:42:37.082+0400][gc            ] GC(8) Concurrent reset 0.705ms
[2021-10-16T00:42:37.082+0400][gc,start      ] GC(8) Pause Init Mark
[2021-10-16T00:42:37.082+0400][gc,task       ] GC(8) Using 56 of 56 workers for init marking
[2021-10-16T00:42:37.101+0400][gc,ergo       ] GC(8) Pacer for Mark. Expected Live: 102M, Free: 1021M, Non-Taxable: 102M, Alloc Tax Rate: 0.1x
[2021-10-16T00:42:37.101+0400][gc            ] GC(8) Pause Init Mark 19.136ms
[2021-10-16T00:42:37.101+0400][gc,start      ] GC(8) Concurrent marking
[2021-10-16T00:42:37.101+0400][gc,task       ] GC(8) Using 28 of 56 workers for concurrent marking
[2021-10-16T00:42:37.117+0400][gc            ] GC(8) Concurrent marking 16.090ms
[2021-10-16T00:42:37.118+0400][gc,start      ] GC(8) Pause Final Mark
[2021-10-16T00:42:37.118+0400][gc,task       ] GC(8) Using 56 of 56 workers for final marking
[2021-10-16T00:42:37.119+0400][gc,ergo       ] GC(8) Collectable Garbage: 8284M (96%), Immediate: 8284M (96%), CSet: 0B (0%)
[2021-10-16T00:42:37.119+0400][gc            ] GC(8) Pause Final Mark 1.365ms
[2021-10-16T00:42:37.119+0400][gc,start      ] GC(8) Concurrent cleanup
[2021-10-16T00:42:37.120+0400][gc            ] GC(8) Concurrent cleanup 8798M->554M(10240M) 0.659ms
[2021-10-16T00:42:37.120+0400][gc,ergo       ] GC(8) Free: 9173M, Max: 4096K regular, 1372M humongous, Frag: 86% external, 0% internal; Reserve: 512M, Max: 4096K
[2021-10-16T00:42:37.120+0400][gc,ergo       ] Free: 9173M, Max: 4096K regular, 1372M humongous, Frag: 86% external, 0% internal; Reserve: 512M, Max: 4096K
[2021-10-16T00:42:37.120+0400][gc,stats      ] 
[2021-10-16T00:42:37.120+0400][gc,stats      ] All times are wall-clock times, except per-root-class counters, that are sum over
[2021-10-16T00:42:37.120+0400][gc,stats      ] all workers. Dividing the <total> over the root stage time estimates parallelism.
[2021-10-16T00:42:37.120+0400][gc,stats      ] 
[2021-10-16T00:42:37.120+0400][gc,stats      ] Concurrent Reset                    675 us
[2021-10-16T00:42:37.120+0400][gc,stats      ] Pause Init Mark (G)               19511 us
[2021-10-16T00:42:37.120+0400][gc,stats      ] Pause Init Mark (N)               19089 us
[2021-10-16T00:42:37.120+0400][gc,stats      ]   Accumulate Stats                    6 us
[2021-10-16T00:42:37.120+0400][gc,stats      ]   Make Parsable                      52 us
[2021-10-16T00:42:37.120+0400][gc,stats      ]   Update Region States              180 us
[2021-10-16T00:42:37.120+0400][gc,stats      ]   Scan Roots                      18797 us, parallelism: 9.48x
[2021-10-16T00:42:37.120+0400][gc,stats      ]     S: <total>                   178134 us
[2021-10-16T00:42:37.120+0400][gc,stats      ]     S: Thread Roots                1086 us, workers (us):   3,   2,   3,   2,   2,   2,   3,   3,   3,   1,   3,   7,   4,   2,   2,   2,   2,   2,   2,   7,   7,   3,   2,   2,   7,   3,   7,   1, 101,  97,  87,  65,  93,  58,  57,  76,  69,  69,  64,  64,  64,  12,   1,   0,   0,   0,   0,   0,   0,   0,   0,   0,   0,   2,  11,   8, 
[2021-10-16T00:42:37.120+0400][gc,stats      ]     S: Universe Roots                10 us, workers (us):  10, ---, ---, ---, ---, ---, ---, ---, ---, ---, ---, ---, ---, ---, ---, ---, ---, ---, ---, ---, ---, ---, ---, ---, ---, ---, ---, ---, ---, ---, ---, ---, ---, ---, ---, ---, ---, ---, ---, ---, ---, ---, ---, ---, ---, ---, ---, ---, ---, ---, ---, ---, ---, ---, ---, ---, 
[2021-10-16T00:42:37.120+0400][gc,stats      ]     S: JNI Handles Roots             76 us, workers (us): ---,  76, ---, ---, ---, ---, ---, ---, ---, ---, ---, ---, ---, ---, ---, ---, ---, ---, ---, ---, ---, ---, ---, ---, ---, ---, ---, ---, ---, ---, ---, ---, ---, ---, ---, ---, ---, ---, ---, ---, ---, ---, ---, ---, ---, ---, ---, ---, ---, ---, ---, ---, ---, ---, ---, ---, 
[2021-10-16T00:42:37.120+0400][gc,stats      ]     S: Synchronizer Roots             0 us, workers (us):   0, ---, ---, ---, ---, ---, ---, ---, ---, ---, ---, ---, ---, ---, ---, ---, ---, ---, ---, ---, ---, ---, ---, ---, ---, ---, ---, ---, ---, ---, ---, ---, ---, ---, ---, ---, ---, ---, ---, ---, ---, ---, ---, ---, ---, ---, ---, ---, ---, ---, ---, ---, ---, ---, ---, ---, 
[2021-10-16T00:42:37.120+0400][gc,stats      ]     S: Management Roots               2 us, workers (us): ---,   2, ---, ---, ---, ---, ---, ---, ---, ---, ---, ---, ---, ---, ---, ---, ---, ---, ---, ---, ---, ---, ---, ---, ---, ---, ---, ---, ---, ---, ---, ---, ---, ---, ---, ---, ---, ---, ---, ---, ---, ---, ---, ---, ---, ---, ---, ---, ---, ---, ---, ---, ---, ---, ---, ---, 
[2021-10-16T00:42:37.120+0400][gc,stats      ]     S: System Dict Roots             27 us, workers (us):  27, ---, ---, ---, ---, ---, ---, ---, ---, ---, ---, ---, ---, ---, ---, ---, ---, ---, ---, ---, ---, ---, ---, ---, ---, ---, ---, ---, ---, ---, ---, ---, ---, ---, ---, ---, ---, ---, ---, ---, ---, ---, ---, ---, ---, ---, ---, ---, ---, ---, ---, ---, ---, ---, ---, ---, 
[2021-10-16T00:42:37.120+0400][gc,stats      ]     S: CLDG Roots                176931 us, workers (us): 6244, 6194, 6266, 6263, 6223, 8587, 6203, 6204, 6204, 6202, 6202, 6586, 6753, 6189, 6195, 6188, 6188, 6187, 6186, 6187, 6187, 6185, 6184, 6185, 6185, 6185, 6183, 6184, ---, ---, ---, ---, ---, ---, ---, ---, ---, ---, ---, ---, ---, ---, ---, ---, ---, ---, ---, ---, ---, ---, ---, ---, ---, ---, ---, ---, 
[2021-10-16T00:42:37.120+0400][gc,stats      ]     S: JVMTI Roots                    1 us, workers (us): ---, ---,   1, ---, ---, ---, ---, ---, ---, ---, ---, ---, ---, ---, ---, ---, ---, ---, ---, ---, ---, ---, ---, ---, ---, ---, ---, ---, ---, ---, ---, ---, ---, ---, ---, ---, ---, ---, ---, ---, ---, ---, ---, ---, ---, ---, ---, ---, ---, ---, ---, ---, ---, ---, ---, ---, 
[2021-10-16T00:42:37.120+0400][gc,stats      ]   Resize TLABs                        4 us
[2021-10-16T00:42:37.121+0400][gc,stats      ] Concurrent Marking                16042 us
[2021-10-16T00:42:37.121+0400][gc,stats      ] Pause Final Mark (G)               1578 us
[2021-10-16T00:42:37.121+0400][gc,stats      ] Pause Final Mark (N)               1319 us
[2021-10-16T00:42:37.121+0400][gc,stats      ]   Finish Queues                     433 us
[2021-10-16T00:42:37.121+0400][gc,stats      ]   System Purge                      632 us
[2021-10-16T00:42:37.121+0400][gc,stats      ]     Weak Roots                      631 us
[2021-10-16T00:42:37.121+0400][gc,stats      ]   Update Region States              104 us
[2021-10-16T00:42:37.121+0400][gc,stats      ]   Retire TLABs                       17 us
[2021-10-16T00:42:37.121+0400][gc,stats      ]   Choose Collection Set              93 us
[2021-10-16T00:42:37.121+0400][gc,stats      ]   Rebuild Free Set                   25 us
[2021-10-16T00:42:37.121+0400][gc,stats      ] Concurrent Cleanup                  634 us
[2021-10-16T00:42:37.121+0400][gc,stats      ] 
[2021-10-16T00:42:37.121+0400][gc,stats      ] Allocation pacing accrued:
[2021-10-16T00:42:37.121+0400][gc,stats      ]       0 of  1672 ms (  0.0%): <total>
[2021-10-16T00:42:37.121+0400][gc,stats      ]       0 of  1672 ms (  0.0%): <average total>
[2021-10-16T00:42:37.121+0400][gc,stats      ] 
[2021-10-16T00:42:37.121+0400][gc,metaspace  ] Metaspace: 87730K->87730K(1136640K)
[2021-10-16T00:42:37.121+0400][gc,ergo       ] Pacer for Idle. Initial: 204M, Alloc Tax Rate: 1.0x
[2021-10-16T00:42:38.721+0400][gc            ] Trigger: Free (1021M) is below minimum threshold (1023M)
[2021-10-16T00:42:38.721+0400][gc,ergo       ] Free: 1021M, Max: 4096K regular, 920M humongous, Frag: 10% external, 1% internal; Reserve: 512M, Max: 4096K
[2021-10-16T00:42:38.721+0400][gc,start      ] GC(9) Concurrent reset
[2021-10-16T00:42:38.721+0400][gc,task       ] GC(9) Using 28 of 56 workers for concurrent reset
[2021-10-16T00:42:38.721+0400][gc,ergo       ] GC(9) Pacer for Reset. Non-Taxable: 10240M
[2021-10-16T00:42:38.722+0400][gc            ] GC(9) Concurrent reset 0.792ms
[2021-10-16T00:42:38.723+0400][gc,start      ] GC(9) Pause Init Mark
[2021-10-16T00:42:38.723+0400][gc,task       ] GC(9) Using 56 of 56 workers for init marking
[2021-10-16T00:42:38.740+0400][gc,ergo       ] GC(9) Pacer for Mark. Expected Live: 102M, Free: 1013M, Non-Taxable: 101M, Alloc Tax Rate: 0.1x
[2021-10-16T00:42:38.740+0400][gc            ] GC(9) Pause Init Mark 17.205ms
[2021-10-16T00:42:38.740+0400][gc,start      ] GC(9) Concurrent marking
[2021-10-16T00:42:38.740+0400][gc,task       ] GC(9) Using 28 of 56 workers for concurrent marking
[2021-10-16T00:42:38.755+0400][gc            ] GC(9) Concurrent marking 15.558ms
[2021-10-16T00:42:38.756+0400][gc,start      ] GC(9) Pause Final Mark
[2021-10-16T00:42:38.756+0400][gc,task       ] GC(9) Using 56 of 56 workers for final marking
[2021-10-16T00:42:38.756+0400][gc,ergo       ] GC(9) Collectable Garbage: 8280M (96%), Immediate: 8280M (96%), CSet: 0B (0%)
[2021-10-16T00:42:38.756+0400][gc            ] GC(9) Pause Final Mark 0.838ms
[2021-10-16T00:42:38.756+0400][gc,start      ] GC(9) Concurrent cleanup
[2021-10-16T00:42:38.757+0400][gc            ] GC(9) Concurrent cleanup 8794M->554M(10240M) 0.332ms
[2021-10-16T00:42:38.757+0400][gc,ergo       ] GC(9) Free: 9173M, Max: 4096K regular, 1372M humongous, Frag: 86% external, 0% internal; Reserve: 512M, Max: 4096K
[2021-10-16T00:42:38.757+0400][gc,ergo       ] Free: 9173M, Max: 4096K regular, 1372M humongous, Frag: 86% external, 0% internal; Reserve: 512M, Max: 4096K
[2021-10-16T00:42:38.757+0400][gc,stats      ] 
[2021-10-16T00:42:38.757+0400][gc,stats      ] All times are wall-clock times, except per-root-class counters, that are sum over
[2021-10-16T00:42:38.757+0400][gc,stats      ] all workers. Dividing the <total> over the root stage time estimates parallelism.
[2021-10-16T00:42:38.757+0400][gc,stats      ] 
[2021-10-16T00:42:38.757+0400][gc,stats      ] Concurrent Reset                    763 us
[2021-10-16T00:42:38.757+0400][gc,stats      ] Pause Init Mark (G)               17651 us
[2021-10-16T00:42:38.757+0400][gc,stats      ] Pause Init Mark (N)               17157 us
[2021-10-16T00:42:38.757+0400][gc,stats      ]   Accumulate Stats                    5 us
[2021-10-16T00:42:38.757+0400][gc,stats      ]   Make Parsable                      51 us
[2021-10-16T00:42:38.757+0400][gc,stats      ]   Update Region States              189 us
[2021-10-16T00:42:38.757+0400][gc,stats      ]   Scan Roots                      16861 us, parallelism: 10.22x
[2021-10-16T00:42:38.757+0400][gc,stats      ]     S: <total>                   172352 us
[2021-10-16T00:42:38.757+0400][gc,stats      ]     S: Thread Roots                1709 us, workers (us):   2,   1,   2,  10,   2,   6,   2,   3,   8,   2,  11,   1,   3,   1,   3,   2,   9,   3,   2,   3,  48,   3,   9,   6,  74,  89,   8,  53,   6,   8,   2,  41,   3,  75,  78, 102, 102,  38,  49, 102,   9, 101, 101, 100,  11,  99, 100,  99,  16,  97,   0,   0,   0,   0,   0,   1, 
[2021-10-16T00:42:38.757+0400][gc,stats      ]     S: Universe Roots                10 us, workers (us):  10, ---, ---, ---, ---, ---, ---, ---, ---, ---, ---, ---, ---, ---, ---, ---, ---, ---, ---, ---, ---, ---, ---, ---, ---, ---, ---, ---, ---, ---, ---, ---, ---, ---, ---, ---, ---, ---, ---, ---, ---, ---, ---, ---, ---, ---, ---, ---, ---, ---, ---, ---, ---, ---, ---, ---, 
[2021-10-16T00:42:38.757+0400][gc,stats      ]     S: JNI Handles Roots             32 us, workers (us): ---, ---, ---,  32, ---, ---, ---, ---, ---, ---, ---, ---, ---, ---, ---, ---, ---, ---, ---, ---, ---, ---, ---, ---, ---, ---, ---, ---, ---, ---, ---, ---, ---, ---, ---, ---, ---, ---, ---, ---, ---, ---, ---, ---, ---, ---, ---, ---, ---, ---, ---, ---, ---, ---, ---, ---, 
[2021-10-16T00:42:38.757+0400][gc,stats      ]     S: Synchronizer Roots             0 us, workers (us): ---,   0, ---, ---, ---, ---, ---, ---, ---, ---, ---, ---, ---, ---, ---, ---, ---, ---, ---, ---, ---, ---, ---, ---, ---, ---, ---, ---, ---, ---, ---, ---, ---, ---, ---, ---, ---, ---, ---, ---, ---, ---, ---, ---, ---, ---, ---, ---, ---, ---, ---, ---, ---, ---, ---, ---, 
[2021-10-16T00:42:38.757+0400][gc,stats      ]     S: Management Roots               2 us, workers (us): ---,   2, ---, ---, ---, ---, ---, ---, ---, ---, ---, ---, ---, ---, ---, ---, ---, ---, ---, ---, ---, ---, ---, ---, ---, ---, ---, ---, ---, ---, ---, ---, ---, ---, ---, ---, ---, ---, ---, ---, ---, ---, ---, ---, ---, ---, ---, ---, ---, ---, ---, ---, ---, ---, ---, ---, 
[2021-10-16T00:42:38.757+0400][gc,stats      ]     S: System Dict Roots             15 us, workers (us): ---,  15, ---, ---, ---, ---, ---, ---, ---, ---, ---, ---, ---, ---, ---, ---, ---, ---, ---, ---, ---, ---, ---, ---, ---, ---, ---, ---, ---, ---, ---, ---, ---, ---, ---, ---, ---, ---, ---, ---, ---, ---, ---, ---, ---, ---, ---, ---, ---, ---, ---, ---, ---, ---, ---, ---, 
[2021-10-16T00:42:38.757+0400][gc,stats      ]     S: CLDG Roots                170582 us, workers (us): 6103, 6089, 6096, 6073, 6095, 6358, 6092, 6088, 6078, 6078, 6065, 6024, 6026, 6026, 6272, 6010, 6010, 6009, 6009, 6009, ---, 6009, 6008, 6007, ---, ---, 6006, ---, 6004, 6003, 6933, ---, 6003, ---, ---, ---, ---, ---, ---, ---, ---, ---, ---, ---, ---, ---, ---, ---, ---, ---, ---, ---, ---, ---, ---, ---, 
[2021-10-16T00:42:38.757+0400][gc,stats      ]     S: JVMTI Roots                    1 us, workers (us): ---, ---,   1, ---, ---, ---, ---, ---, ---, ---, ---, ---, ---, ---, ---, ---, ---, ---, ---, ---, ---, ---, ---, ---, ---, ---, ---, ---, ---, ---, ---, ---, ---, ---, ---, ---, ---, ---, ---, ---, ---, ---, ---, ---, ---, ---, ---, ---, ---, ---, ---, ---, ---, ---, ---, ---, 
[2021-10-16T00:42:38.757+0400][gc,stats      ]   Resize TLABs                        3 us
[2021-10-16T00:42:38.757+0400][gc,stats      ] Concurrent Marking                15510 us
[2021-10-16T00:42:38.757+0400][gc,stats      ] Pause Final Mark (G)                984 us
[2021-10-16T00:42:38.757+0400][gc,stats      ] Pause Final Mark (N)                821 us
[2021-10-16T00:42:38.757+0400][gc,stats      ]   Finish Queues                     525 us
[2021-10-16T00:42:38.757+0400][gc,stats      ]   System Purge                      129 us
[2021-10-16T00:42:38.757+0400][gc,stats      ]     Weak Roots                      129 us
[2021-10-16T00:42:38.757+0400][gc,stats      ]   Update Region States               80 us
[2021-10-16T00:42:38.757+0400][gc,stats      ]   Retire TLABs                       14 us
[2021-10-16T00:42:38.757+0400][gc,stats      ]   Choose Collection Set              54 us
[2021-10-16T00:42:38.757+0400][gc,stats      ]   Rebuild Free Set                   12 us
[2021-10-16T00:42:38.757+0400][gc,stats      ] Concurrent Cleanup                  319 us
[2021-10-16T00:42:38.757+0400][gc,stats      ] 
[2021-10-16T00:42:38.757+0400][gc,stats      ] Allocation pacing accrued:
[2021-10-16T00:42:38.757+0400][gc,stats      ]       0 of  1636 ms (  0.0%): <total>
[2021-10-16T00:42:38.757+0400][gc,stats      ]       0 of  1636 ms (  0.0%): <average total>
[2021-10-16T00:42:38.757+0400][gc,stats      ] 
[2021-10-16T00:42:38.757+0400][gc,metaspace  ] Metaspace: 87730K->87730K(1136640K)
[2021-10-16T00:42:38.757+0400][gc,ergo       ] Pacer for Idle. Initial: 204M, Alloc Tax Rate: 1.0x
[2021-10-16T00:42:40.385+0400][gc            ] Trigger: Free (1021M) is below minimum threshold (1023M)
[2021-10-16T00:42:40.385+0400][gc,ergo       ] Free: 1017M, Max: 4096K regular, 948M humongous, Frag: 6% external, 1% internal; Reserve: 512M, Max: 4096K
[2021-10-16T00:42:40.385+0400][gc,start      ] GC(10) Concurrent reset
[2021-10-16T00:42:40.385+0400][gc,task       ] GC(10) Using 28 of 56 workers for concurrent reset
[2021-10-16T00:42:40.385+0400][gc,ergo       ] GC(10) Pacer for Reset. Non-Taxable: 10240M
[2021-10-16T00:42:40.385+0400][gc            ] GC(10) Concurrent reset 0.748ms
[2021-10-16T00:42:40.386+0400][gc,start      ] GC(10) Pause Init Mark (process weakrefs)
[2021-10-16T00:42:40.386+0400][gc,task       ] GC(10) Using 56 of 56 workers for init marking
[2021-10-16T00:42:40.402+0400][gc,ergo       ] GC(10) Pacer for Mark. Expected Live: 102M, Free: 1013M, Non-Taxable: 101M, Alloc Tax Rate: 0.1x
[2021-10-16T00:42:40.402+0400][gc            ] GC(10) Pause Init Mark (process weakrefs) 15.698ms
[2021-10-16T00:42:40.402+0400][gc,start      ] GC(10) Concurrent marking (process weakrefs)
[2021-10-16T00:42:40.402+0400][gc,task       ] GC(10) Using 28 of 56 workers for concurrent marking
[2021-10-16T00:42:40.417+0400][gc            ] GC(10) Concurrent marking (process weakrefs) 15.747ms
[2021-10-16T00:42:40.417+0400][gc,start      ] GC(10) Concurrent precleaning
[2021-10-16T00:42:40.417+0400][gc,task       ] GC(10) Using 1 of 56 workers for concurrent preclean
[2021-10-16T00:42:40.417+0400][gc,ergo       ] GC(10) Pacer for Precleaning. Non-Taxable: 10240M
[2021-10-16T00:42:40.418+0400][gc            ] GC(10) Concurrent precleaning 1.040ms
[2021-10-16T00:42:40.419+0400][gc,start      ] GC(10) Pause Final Mark (process weakrefs)
[2021-10-16T00:42:40.419+0400][gc,task       ] GC(10) Using 56 of 56 workers for final marking
[2021-10-16T00:42:40.421+0400][gc,ergo       ] GC(10) Collectable Garbage: 8280M (96%), Immediate: 8280M (96%), CSet: 0B (0%)
[2021-10-16T00:42:40.421+0400][gc            ] GC(10) Pause Final Mark (process weakrefs) 1.270ms
[2021-10-16T00:42:40.421+0400][gc,start      ] GC(10) Concurrent cleanup
[2021-10-16T00:42:40.421+0400][gc            ] GC(10) Concurrent cleanup 8802M->566M(10240M) 0.661ms
[2021-10-16T00:42:40.421+0400][gc,ergo       ] GC(10) Free: 9161M, Max: 4096K regular, 1372M humongous, Frag: 86% external, 0% internal; Reserve: 512M, Max: 4096K
[2021-10-16T00:42:40.421+0400][gc,ergo       ] Free: 9161M, Max: 4096K regular, 1372M humongous, Frag: 86% external, 0% internal; Reserve: 512M, Max: 4096K
[2021-10-16T00:42:40.422+0400][gc,stats      ] 
[2021-10-16T00:42:40.422+0400][gc,stats      ] All times are wall-clock times, except per-root-class counters, that are sum over
[2021-10-16T00:42:40.422+0400][gc,stats      ] all workers. Dividing the <total> over the root stage time estimates parallelism.
[2021-10-16T00:42:40.422+0400][gc,stats      ] 
[2021-10-16T00:42:40.422+0400][gc,stats      ] Concurrent Reset                    670 us
[2021-10-16T00:42:40.422+0400][gc,stats      ] Pause Init Mark (G)               16184 us
[2021-10-16T00:42:40.422+0400][gc,stats      ] Pause Init Mark (N)               15643 us
[2021-10-16T00:42:40.422+0400][gc,stats      ]   Accumulate Stats                    6 us
[2021-10-16T00:42:40.422+0400][gc,stats      ]   Make Parsable                      55 us
[2021-10-16T00:42:40.422+0400][gc,stats      ]   Update Region States              168 us
[2021-10-16T00:42:40.422+0400][gc,stats      ]   Scan Roots                      15371 us, parallelism: 9.22x
[2021-10-16T00:42:40.422+0400][gc,stats      ]     S: <total>                   141774 us
[2021-10-16T00:42:40.422+0400][gc,stats      ]     S: Thread Roots                1838 us, workers (us):   9,   2,   9,   2,   3,   2,   7,   7,   1,   3,   1,   1,   1,   1,   1,   1,   2,   7,   2,  10,   8,   3,   9, 122,   2,   5,   8, 102,   7,  10,  86,  85,  60,  57, 119,  61,  91, 119, 117, 117, 116, 117, 117, 116,  95,   8,   9,   0,   0,   0,   0,   0,   0,   0,   0,   0, 
[2021-10-16T00:42:40.422+0400][gc,stats      ]     S: Universe Roots                12 us, workers (us):  12, ---, ---, ---, ---, ---, ---, ---, ---, ---, ---, ---, ---, ---, ---, ---, ---, ---, ---, ---, ---, ---, ---, ---, ---, ---, ---, ---, ---, ---, ---, ---, ---, ---, ---, ---, ---, ---, ---, ---, ---, ---, ---, ---, ---, ---, ---, ---, ---, ---, ---, ---, ---, ---, ---, ---, 
[2021-10-16T00:42:40.422+0400][gc,stats      ]     S: JNI Handles Roots             24 us, workers (us): ---, ---,  24, ---, ---, ---, ---, ---, ---, ---, ---, ---, ---, ---, ---, ---, ---, ---, ---, ---, ---, ---, ---, ---, ---, ---, ---, ---, ---, ---, ---, ---, ---, ---, ---, ---, ---, ---, ---, ---, ---, ---, ---, ---, ---, ---, ---, ---, ---, ---, ---, ---, ---, ---, ---, ---, 
[2021-10-16T00:42:40.422+0400][gc,stats      ]     S: Synchronizer Roots             1 us, workers (us): ---,   1, ---, ---, ---, ---, ---, ---, ---, ---, ---, ---, ---, ---, ---, ---, ---, ---, ---, ---, ---, ---, ---, ---, ---, ---, ---, ---, ---, ---, ---, ---, ---, ---, ---, ---, ---, ---, ---, ---, ---, ---, ---, ---, ---, ---, ---, ---, ---, ---, ---, ---, ---, ---, ---, ---, 
[2021-10-16T00:42:40.422+0400][gc,stats      ]     S: Management Roots               2 us, workers (us): ---,   2, ---, ---, ---, ---, ---, ---, ---, ---, ---, ---, ---, ---, ---, ---, ---, ---, ---, ---, ---, ---, ---, ---, ---, ---, ---, ---, ---, ---, ---, ---, ---, ---, ---, ---, ---, ---, ---, ---, ---, ---, ---, ---, ---, ---, ---, ---, ---, ---, ---, ---, ---, ---, ---, ---, 
[2021-10-16T00:42:40.422+0400][gc,stats      ]     S: System Dict Roots             24 us, workers (us): ---,  24, ---, ---, ---, ---, ---, ---, ---, ---, ---, ---, ---, ---, ---, ---, ---, ---, ---, ---, ---, ---, ---, ---, ---, ---, ---, ---, ---, ---, ---, ---, ---, ---, ---, ---, ---, ---, ---, ---, ---, ---, ---, ---, ---, ---, ---, ---, ---, ---, ---, ---, ---, ---, ---, ---, 
[2021-10-16T00:42:40.422+0400][gc,stats      ]     S: CLDG Roots                139872 us, workers (us): 5034, 5017, 5011, 5402, 5006, 4999, 4995, 4986, 4961, 4961, 4955, 4959, 4959, 4959, 5162, 4958, 5192, 4944, 4943, 4943, 4942, 4942, 4942, ---, 4940, 4942, 4941, ---, 4938, 4939, ---, ---, ---, ---, ---, ---, ---, ---, ---, ---, ---, ---, ---, ---, ---, ---, ---, ---, ---, ---, ---, ---, ---, ---, ---, ---, 
[2021-10-16T00:42:40.422+0400][gc,stats      ]     S: JVMTI Roots                    1 us, workers (us):   1, ---, ---, ---, ---, ---, ---, ---, ---, ---, ---, ---, ---, ---, ---, ---, ---, ---, ---, ---, ---, ---, ---, ---, ---, ---, ---, ---, ---, ---, ---, ---, ---, ---, ---, ---, ---, ---, ---, ---, ---, ---, ---, ---, ---, ---, ---, ---, ---, ---, ---, ---, ---, ---, ---, ---, 
[2021-10-16T00:42:40.422+0400][gc,stats      ]   Resize TLABs                        2 us
[2021-10-16T00:42:40.422+0400][gc,stats      ] Concurrent Marking                15698 us
[2021-10-16T00:42:40.422+0400][gc,stats      ] Concurrent Precleaning             1023 us
[2021-10-16T00:42:40.422+0400][gc,stats      ] Pause Final Mark (G)               2168 us
[2021-10-16T00:42:40.422+0400][gc,stats      ] Pause Final Mark (N)               1247 us
[2021-10-16T00:42:40.422+0400][gc,stats      ]   Finish Queues                     615 us
[2021-10-16T00:42:40.422+0400][gc,stats      ]   Weak References                   337 us
[2021-10-16T00:42:40.422+0400][gc,stats      ]     Process                         332 us
[2021-10-16T00:42:40.422+0400][gc,stats      ]   System Purge                      136 us
[2021-10-16T00:42:40.422+0400][gc,stats      ]     Weak Roots                      136 us
[2021-10-16T00:42:40.422+0400][gc,stats      ]   Update Region States               77 us
[2021-10-16T00:42:40.422+0400][gc,stats      ]   Retire TLABs                       12 us
[2021-10-16T00:42:40.422+0400][gc,stats      ]   Choose Collection Set              51 us
[2021-10-16T00:42:40.422+0400][gc,stats      ]   Rebuild Free Set                   11 us
[2021-10-16T00:42:40.422+0400][gc,stats      ] Concurrent Cleanup                  636 us
[2021-10-16T00:42:40.422+0400][gc,stats      ] 
[2021-10-16T00:42:40.422+0400][gc,stats      ] Allocation pacing accrued:
[2021-10-16T00:42:40.422+0400][gc,stats      ]       0 of  1665 ms (  0.0%): <total>
[2021-10-16T00:42:40.422+0400][gc,stats      ]       0 of  1665 ms (  0.0%): <average total>
[2021-10-16T00:42:40.422+0400][gc,stats      ] 
[2021-10-16T00:42:40.422+0400][gc,metaspace  ] Metaspace: 87730K->87730K(1136640K)
[2021-10-16T00:42:40.423+0400][gc,ergo       ] Pacer for Idle. Initial: 204M, Alloc Tax Rate: 1.0x
[2021-10-16T00:42:42.000+0400][gc            ] Trigger: Free (1013M) is below minimum threshold (1023M)
[2021-10-16T00:42:42.000+0400][gc,ergo       ] Free: 1009M, Max: 4096K regular, 912M humongous, Frag: 9% external, 1% internal; Reserve: 512M, Max: 4096K
[2021-10-16T00:42:42.000+0400][gc,start      ] GC(11) Concurrent reset
[2021-10-16T00:42:42.000+0400][gc,task       ] GC(11) Using 28 of 56 workers for concurrent reset
[2021-10-16T00:42:42.000+0400][gc,ergo       ] GC(11) Pacer for Reset. Non-Taxable: 10240M
[2021-10-16T00:42:42.001+0400][gc            ] GC(11) Concurrent reset 0.641ms
[2021-10-16T00:42:42.001+0400][gc,start      ] GC(11) Pause Init Mark
[2021-10-16T00:42:42.001+0400][gc,task       ] GC(11) Using 56 of 56 workers for init marking
[2021-10-16T00:42:42.007+0400][gc,ergo       ] GC(11) Pacer for Mark. Expected Live: 102M, Free: 1005M, Non-Taxable: 100M, Alloc Tax Rate: 0.1x
[2021-10-16T00:42:42.007+0400][gc            ] GC(11) Pause Init Mark 6.297ms
[2021-10-16T00:42:42.007+0400][gc,start      ] GC(11) Concurrent marking
[2021-10-16T00:42:42.008+0400][gc,task       ] GC(11) Using 28 of 56 workers for concurrent marking
[2021-10-16T00:42:42.024+0400][gc            ] GC(11) Concurrent marking 16.693ms
[2021-10-16T00:42:42.024+0400][gc,start      ] GC(11) Pause Final Mark
[2021-10-16T00:42:42.024+0400][gc,task       ] GC(11) Using 56 of 56 workers for final marking
[2021-10-16T00:42:42.025+0400][gc,ergo       ] GC(11) Collectable Garbage: 8288M (96%), Immediate: 8288M (96%), CSet: 0B (0%)
[2021-10-16T00:42:42.025+0400][gc            ] GC(11) Pause Final Mark 0.697ms
[2021-10-16T00:42:42.025+0400][gc,start      ] GC(11) Concurrent cleanup
[2021-10-16T00:42:42.025+0400][gc            ] GC(11) Concurrent cleanup 8818M->570M(10240M) 0.218ms
[2021-10-16T00:42:42.025+0400][gc,ergo       ] GC(11) Free: 9157M, Max: 4096K regular, 1372M humongous, Frag: 86% external, 0% internal; Reserve: 512M, Max: 4096K
[2021-10-16T00:42:42.025+0400][gc,ergo       ] Free: 9157M, Max: 4096K regular, 1372M humongous, Frag: 86% external, 0% internal; Reserve: 512M, Max: 4096K
[2021-10-16T00:42:42.025+0400][gc,stats      ] 
[2021-10-16T00:42:42.025+0400][gc,stats      ] All times are wall-clock times, except per-root-class counters, that are sum over
[2021-10-16T00:42:42.025+0400][gc,stats      ] all workers. Dividing the <total> over the root stage time estimates parallelism.
[2021-10-16T00:42:42.025+0400][gc,stats      ] 
[2021-10-16T00:42:42.025+0400][gc,stats      ] Concurrent Reset                    623 us
[2021-10-16T00:42:42.025+0400][gc,stats      ] Pause Init Mark (G)                6555 us
[2021-10-16T00:42:42.025+0400][gc,stats      ] Pause Init Mark (N)                6249 us
[2021-10-16T00:42:42.025+0400][gc,stats      ]   Accumulate Stats                    6 us
[2021-10-16T00:42:42.025+0400][gc,stats      ]   Make Parsable                      20 us
[2021-10-16T00:42:42.025+0400][gc,stats      ]   Update Region States              148 us
[2021-10-16T00:42:42.025+0400][gc,stats      ]   Scan Roots                       6003 us, parallelism: 21.83x
[2021-10-16T00:42:42.025+0400][gc,stats      ]     S: <total>                   131065 us
[2021-10-16T00:42:42.025+0400][gc,stats      ]     S: Thread Roots                1119 us, workers (us):   2,   1,   2,   2,   2,   3,   1,   3,   2,   1,   1,   1,   1,   3,   2,   3,   3,   3,   2,   3,   2,   2,   3,   2,   3,   2,   1,   3,  47,  32,  20,  15,  15,  16,  30, 102,  84,  84,  13,  84,  84,  83,  88,  84,  83,   6,  83,   4,   2,   1,   0,   1,   0,   0,   0,   0, 
[2021-10-16T00:42:42.025+0400][gc,stats      ]     S: Universe Roots                 4 us, workers (us):   4, ---, ---, ---, ---, ---, ---, ---, ---, ---, ---, ---, ---, ---, ---, ---, ---, ---, ---, ---, ---, ---, ---, ---, ---, ---, ---, ---, ---, ---, ---, ---, ---, ---, ---, ---, ---, ---, ---, ---, ---, ---, ---, ---, ---, ---, ---, ---, ---, ---, ---, ---, ---, ---, ---, ---, 
[2021-10-16T00:42:42.025+0400][gc,stats      ]     S: JNI Handles Roots              2 us, workers (us): ---,   2, ---, ---, ---, ---, ---, ---, ---, ---, ---, ---, ---, ---, ---, ---, ---, ---, ---, ---, ---, ---, ---, ---, ---, ---, ---, ---, ---, ---, ---, ---, ---, ---, ---, ---, ---, ---, ---, ---, ---, ---, ---, ---, ---, ---, ---, ---, ---, ---, ---, ---, ---, ---, ---, ---, 
[2021-10-16T00:42:42.025+0400][gc,stats      ]     S: Synchronizer Roots             0 us, workers (us): ---,   0, ---, ---, ---, ---, ---, ---, ---, ---, ---, ---, ---, ---, ---, ---, ---, ---, ---, ---, ---, ---, ---, ---, ---, ---, ---, ---, ---, ---, ---, ---, ---, ---, ---, ---, ---, ---, ---, ---, ---, ---, ---, ---, ---, ---, ---, ---, ---, ---, ---, ---, ---, ---, ---, ---, 
[2021-10-16T00:42:42.025+0400][gc,stats      ]     S: Management Roots               1 us, workers (us): ---,   1, ---, ---, ---, ---, ---, ---, ---, ---, ---, ---, ---, ---, ---, ---, ---, ---, ---, ---, ---, ---, ---, ---, ---, ---, ---, ---, ---, ---, ---, ---, ---, ---, ---, ---, ---, ---, ---, ---, ---, ---, ---, ---, ---, ---, ---, ---, ---, ---, ---, ---, ---, ---, ---, ---, 
[2021-10-16T00:42:42.025+0400][gc,stats      ]     S: System Dict Roots              9 us, workers (us):   9, ---, ---, ---, ---, ---, ---, ---, ---, ---, ---, ---, ---, ---, ---, ---, ---, ---, ---, ---, ---, ---, ---, ---, ---, ---, ---, ---, ---, ---, ---, ---, ---, ---, ---, ---, ---, ---, ---, ---, ---, ---, ---, ---, ---, ---, ---, ---, ---, ---, ---, ---, ---, ---, ---, ---, 
[2021-10-16T00:42:42.025+0400][gc,stats      ]     S: CLDG Roots                129931 us, workers (us): 4719, 4826, 4717, 4683, 4675, 4669, 4669, 4667, 4658, 4656, 4637, 4666, 4621, 4604, 4745, 4603, 4602, 4602, 4600, 4600, 4601, 4602, 4600, 4599, 4599, 4589, 4560, 4559, ---, ---, ---, ---, ---, ---, ---, ---, ---, ---, ---, ---, ---, ---, ---, ---, ---, ---, ---, ---, ---, ---, ---, ---, ---, ---, ---, ---, 
[2021-10-16T00:42:42.025+0400][gc,stats      ]     S: JVMTI Roots                    1 us, workers (us): ---,   1, ---, ---, ---, ---, ---, ---, ---, ---, ---, ---, ---, ---, ---, ---, ---, ---, ---, ---, ---, ---, ---, ---, ---, ---, ---, ---, ---, ---, ---, ---, ---, ---, ---, ---, ---, ---, ---, ---, ---, ---, ---, ---, ---, ---, ---, ---, ---, ---, ---, ---, ---, ---, ---, ---, 
[2021-10-16T00:42:42.025+0400][gc,stats      ]   Resize TLABs                        5 us
[2021-10-16T00:42:42.025+0400][gc,stats      ] Concurrent Marking                16659 us
[2021-10-16T00:42:42.025+0400][gc,stats      ] Pause Final Mark (G)                822 us
[2021-10-16T00:42:42.025+0400][gc,stats      ] Pause Final Mark (N)                679 us
[2021-10-16T00:42:42.025+0400][gc,stats      ]   Finish Queues                     416 us
[2021-10-16T00:42:42.025+0400][gc,stats      ]   System Purge                      107 us
[2021-10-16T00:42:42.025+0400][gc,stats      ]     Weak Roots                      106 us
[2021-10-16T00:42:42.025+0400][gc,stats      ]   Update Region States               74 us
[2021-10-16T00:42:42.025+0400][gc,stats      ]   Retire TLABs                       12 us
[2021-10-16T00:42:42.025+0400][gc,stats      ]   Choose Collection Set              52 us
[2021-10-16T00:42:42.025+0400][gc,stats      ]   Rebuild Free Set                   12 us
[2021-10-16T00:42:42.025+0400][gc,stats      ] Concurrent Cleanup                  208 us
[2021-10-16T00:42:42.025+0400][gc,stats      ] 
[2021-10-16T00:42:42.026+0400][gc,stats      ] Allocation pacing accrued:
[2021-10-16T00:42:42.026+0400][gc,stats      ]       0 of  1603 ms (  0.0%): <total>
[2021-10-16T00:42:42.026+0400][gc,stats      ]       0 of  1603 ms (  0.0%): <average total>
[2021-10-16T00:42:42.026+0400][gc,stats      ] 
[2021-10-16T00:42:42.026+0400][gc,metaspace  ] Metaspace: 87733K->87733K(1136640K)
[2021-10-16T00:42:42.026+0400][gc,ergo       ] Pacer for Idle. Initial: 204M, Alloc Tax Rate: 1.0x
[2021-10-16T00:42:43.647+0400][gc            ] Trigger: Free (1021M) is below minimum threshold (1023M)
[2021-10-16T00:42:43.648+0400][gc,ergo       ] Free: 1021M, Max: 4096K regular, 900M humongous, Frag: 12% external, 1% internal; Reserve: 512M, Max: 4096K
[2021-10-16T00:42:43.648+0400][gc,start      ] GC(12) Concurrent reset
[2021-10-16T00:42:43.648+0400][gc,task       ] GC(12) Using 28 of 56 workers for concurrent reset
[2021-10-16T00:42:43.648+0400][gc,ergo       ] GC(12) Pacer for Reset. Non-Taxable: 10240M
[2021-10-16T00:42:43.648+0400][gc            ] GC(12) Concurrent reset 0.618ms
[2021-10-16T00:42:43.648+0400][gc,start      ] GC(12) Pause Init Mark
[2021-10-16T00:42:43.648+0400][gc,task       ] GC(12) Using 56 of 56 workers for init marking
[2021-10-16T00:42:43.655+0400][gc,ergo       ] GC(12) Pacer for Mark. Expected Live: 102M, Free: 1017M, Non-Taxable: 101M, Alloc Tax Rate: 0.1x
[2021-10-16T00:42:43.655+0400][gc            ] GC(12) Pause Init Mark 6.416ms
[2021-10-16T00:42:43.655+0400][gc,start      ] GC(12) Concurrent marking
[2021-10-16T00:42:43.655+0400][gc,task       ] GC(12) Using 28 of 56 workers for concurrent marking
[2021-10-16T00:42:43.670+0400][gc            ] GC(12) Concurrent marking 15.471ms
[2021-10-16T00:42:43.670+0400][gc,start      ] GC(12) Pause Final Mark
[2021-10-16T00:42:43.671+0400][gc,task       ] GC(12) Using 56 of 56 workers for final marking
[2021-10-16T00:42:43.671+0400][gc,ergo       ] GC(12) Collectable Garbage: 8268M (96%), Immediate: 8268M (96%), CSet: 0B (0%)
[2021-10-16T00:42:43.671+0400][gc            ] GC(12) Pause Final Mark 0.726ms
[2021-10-16T00:42:43.671+0400][gc,start      ] GC(12) Concurrent cleanup
[2021-10-16T00:42:43.672+0400][gc            ] GC(12) Concurrent cleanup 8790M->562M(10240M) 0.304ms
[2021-10-16T00:42:43.672+0400][gc,ergo       ] GC(12) Free: 9165M, Max: 4096K regular, 2840M humongous, Frag: 69% external, 0% internal; Reserve: 512M, Max: 4096K
[2021-10-16T00:42:43.672+0400][gc,ergo       ] Free: 9165M, Max: 4096K regular, 2840M humongous, Frag: 69% external, 0% internal; Reserve: 512M, Max: 4096K
[2021-10-16T00:42:43.672+0400][gc,stats      ] 
[2021-10-16T00:42:43.672+0400][gc,stats      ] All times are wall-clock times, except per-root-class counters, that are sum over
[2021-10-16T00:42:43.672+0400][gc,stats      ] all workers. Dividing the <total> over the root stage time estimates parallelism.
[2021-10-16T00:42:43.672+0400][gc,stats      ] 
[2021-10-16T00:42:43.672+0400][gc,stats      ] Concurrent Reset                    598 us
[2021-10-16T00:42:43.672+0400][gc,stats      ] Pause Init Mark (G)                6668 us
[2021-10-16T00:42:43.672+0400][gc,stats      ] Pause Init Mark (N)                6368 us
[2021-10-16T00:42:43.672+0400][gc,stats      ]   Accumulate Stats                    6 us
[2021-10-16T00:42:43.672+0400][gc,stats      ]   Make Parsable                      20 us
[2021-10-16T00:42:43.672+0400][gc,stats      ]   Update Region States              147 us
[2021-10-16T00:42:43.672+0400][gc,stats      ]   Scan Roots                       6125 us, parallelism: 20.78x
[2021-10-16T00:42:43.672+0400][gc,stats      ]     S: <total>                   127313 us
[2021-10-16T00:42:43.672+0400][gc,stats      ]     S: Thread Roots                 820 us, workers (us):   1,   2,   3,   2,   2,   1,   2,   1,   1,   1,   1,   1,   1,   1,   2,   3,   3,   3,   3,   3,   3,   3,   3,  85,   2,   2,   3,   2,   3,  85,  85,  85,  84,  85,  84,  57,  35,  35,   2,   4,   2,   2,   2,   3,   3,   7,   2,   2,   2,   1,   2,   2,   0,   4,   0,   0, 
[2021-10-16T00:42:43.672+0400][gc,stats      ]     S: Universe Roots                 2 us, workers (us):   2, ---, ---, ---, ---, ---, ---, ---, ---, ---, ---, ---, ---, ---, ---, ---, ---, ---, ---, ---, ---, ---, ---, ---, ---, ---, ---, ---, ---, ---, ---, ---, ---, ---, ---, ---, ---, ---, ---, ---, ---, ---, ---, ---, ---, ---, ---, ---, ---, ---, ---, ---, ---, ---, ---, ---, 
[2021-10-16T00:42:43.672+0400][gc,stats      ]     S: JNI Handles Roots              1 us, workers (us):   1, ---, ---, ---, ---, ---, ---, ---, ---, ---, ---, ---, ---, ---, ---, ---, ---, ---, ---, ---, ---, ---, ---, ---, ---, ---, ---, ---, ---, ---, ---, ---, ---, ---, ---, ---, ---, ---, ---, ---, ---, ---, ---, ---, ---, ---, ---, ---, ---, ---, ---, ---, ---, ---, ---, ---, 
[2021-10-16T00:42:43.672+0400][gc,stats      ]     S: Synchronizer Roots             0 us, workers (us):   0, ---, ---, ---, ---, ---, ---, ---, ---, ---, ---, ---, ---, ---, ---, ---, ---, ---, ---, ---, ---, ---, ---, ---, ---, ---, ---, ---, ---, ---, ---, ---, ---, ---, ---, ---, ---, ---, ---, ---, ---, ---, ---, ---, ---, ---, ---, ---, ---, ---, ---, ---, ---, ---, ---, ---, 
[2021-10-16T00:42:43.672+0400][gc,stats      ]     S: Management Roots               1 us, workers (us):   1, ---, ---, ---, ---, ---, ---, ---, ---, ---, ---, ---, ---, ---, ---, ---, ---, ---, ---, ---, ---, ---, ---, ---, ---, ---, ---, ---, ---, ---, ---, ---, ---, ---, ---, ---, ---, ---, ---, ---, ---, ---, ---, ---, ---, ---, ---, ---, ---, ---, ---, ---, ---, ---, ---, ---, 
[2021-10-16T00:42:43.672+0400][gc,stats      ]     S: System Dict Roots              4 us, workers (us):   4, ---, ---, ---, ---, ---, ---, ---, ---, ---, ---, ---, ---, ---, ---, ---, ---, ---, ---, ---, ---, ---, ---, ---, ---, ---, ---, ---, ---, ---, ---, ---, ---, ---, ---, ---, ---, ---, ---, ---, ---, ---, ---, ---, ---, ---, ---, ---, ---, ---, ---, ---, ---, ---, ---, ---, 
[2021-10-16T00:42:43.672+0400][gc,stats      ]     S: CLDG Roots                126484 us, workers (us): 4593, 4594, 4594, 4587, 4585, 4581, 4572, 4544, 4535, 4886, 4487, 4469, 4579, 4462, 4454, 4453, 4452, 4451, 4450, 4450, 4449, 4449, 4449, ---, 4447, 4448, 4447, 4572, 4445, ---, ---, ---, ---, ---, ---, ---, ---, ---, ---, ---, ---, ---, ---, ---, ---, ---, ---, ---, ---, ---, ---, ---, ---, ---, ---, ---, 
[2021-10-16T00:42:43.672+0400][gc,stats      ]     S: JVMTI Roots                    0 us, workers (us):   0, ---, ---, ---, ---, ---, ---, ---, ---, ---, ---, ---, ---, ---, ---, ---, ---, ---, ---, ---, ---, ---, ---, ---, ---, ---, ---, ---, ---, ---, ---, ---, ---, ---, ---, ---, ---, ---, ---, ---, ---, ---, ---, ---, ---, ---, ---, ---, ---, ---, ---, ---, ---, ---, ---, ---, 
[2021-10-16T00:42:43.672+0400][gc,stats      ]   Resize TLABs                        5 us
[2021-10-16T00:42:43.672+0400][gc,stats      ] Concurrent Marking                15423 us
[2021-10-16T00:42:43.672+0400][gc,stats      ] Pause Final Mark (G)                812 us
[2021-10-16T00:42:43.672+0400][gc,stats      ] Pause Final Mark (N)                710 us
[2021-10-16T00:42:43.672+0400][gc,stats      ]   Finish Queues                     434 us
[2021-10-16T00:42:43.672+0400][gc,stats      ]   System Purge                      106 us
[2021-10-16T00:42:43.672+0400][gc,stats      ]     Weak Roots                      106 us
[2021-10-16T00:42:43.672+0400][gc,stats      ]   Update Region States               79 us
[2021-10-16T00:42:43.672+0400][gc,stats      ]   Retire TLABs                       12 us
[2021-10-16T00:42:43.672+0400][gc,stats      ]   Choose Collection Set              57 us
[2021-10-16T00:42:43.672+0400][gc,stats      ]   Rebuild Free Set                   14 us
[2021-10-16T00:42:43.672+0400][gc,stats      ] Concurrent Cleanup                  293 us
[2021-10-16T00:42:43.672+0400][gc,stats      ] 
[2021-10-16T00:42:43.672+0400][gc,stats      ] Allocation pacing accrued:
[2021-10-16T00:42:43.672+0400][gc,stats      ]       0 of  1646 ms (  0.0%): <total>
[2021-10-16T00:42:43.672+0400][gc,stats      ]       0 of  1646 ms (  0.0%): <average total>
[2021-10-16T00:42:43.672+0400][gc,stats      ] 
[2021-10-16T00:42:43.672+0400][gc,metaspace  ] Metaspace: 87750K->87750K(1136640K)
[2021-10-16T00:42:43.672+0400][gc,ergo       ] Pacer for Idle. Initial: 204M, Alloc Tax Rate: 1.0x
[2021-10-16T00:42:45.355+0400][gc            ] Trigger: Free (1021M) is below minimum threshold (1023M)
[2021-10-16T00:42:45.355+0400][gc,ergo       ] Free: 1017M, Max: 4096K regular, 940M humongous, Frag: 7% external, 1% internal; Reserve: 512M, Max: 4096K
[2021-10-16T00:42:45.355+0400][gc,start      ] GC(13) Concurrent reset
[2021-10-16T00:42:45.355+0400][gc,task       ] GC(13) Using 28 of 56 workers for concurrent reset
[2021-10-16T00:42:45.355+0400][gc,ergo       ] GC(13) Pacer for Reset. Non-Taxable: 10240M
[2021-10-16T00:42:45.356+0400][gc            ] GC(13) Concurrent reset 0.680ms
[2021-10-16T00:42:45.356+0400][gc,start      ] GC(13) Pause Init Mark
[2021-10-16T00:42:45.356+0400][gc,task       ] GC(13) Using 56 of 56 workers for init marking
[2021-10-16T00:42:45.370+0400][gc,ergo       ] GC(13) Pacer for Mark. Expected Live: 102M, Free: 1017M, Non-Taxable: 101M, Alloc Tax Rate: 0.1x
[2021-10-16T00:42:45.370+0400][gc            ] GC(13) Pause Init Mark 13.221ms
[2021-10-16T00:42:45.370+0400][gc,start      ] GC(13) Concurrent marking
[2021-10-16T00:42:45.370+0400][gc,task       ] GC(13) Using 28 of 56 workers for concurrent marking
[2021-10-16T00:42:45.385+0400][gc            ] GC(13) Concurrent marking 15.707ms
[2021-10-16T00:42:45.386+0400][gc,start      ] GC(13) Pause Final Mark
[2021-10-16T00:42:45.386+0400][gc,task       ] GC(13) Using 56 of 56 workers for final marking
[2021-10-16T00:42:45.386+0400][gc,ergo       ] GC(13) Collectable Garbage: 8264M (95%), Immediate: 8264M (95%), CSet: 0B (0%)
[2021-10-16T00:42:45.386+0400][gc            ] GC(13) Pause Final Mark 0.691ms
[2021-10-16T00:42:45.386+0400][gc,start      ] GC(13) Concurrent cleanup
[2021-10-16T00:42:45.387+0400][gc            ] GC(13) Concurrent cleanup 8790M->566M(10240M) 0.673ms
[2021-10-16T00:42:45.387+0400][gc,ergo       ] GC(13) Free: 9161M, Max: 4096K regular, 3404M humongous, Frag: 63% external, 0% internal; Reserve: 512M, Max: 4096K
[2021-10-16T00:42:45.387+0400][gc,ergo       ] Free: 9161M, Max: 4096K regular, 3404M humongous, Frag: 63% external, 0% internal; Reserve: 512M, Max: 4096K
[2021-10-16T00:42:45.387+0400][gc,stats      ] 
[2021-10-16T00:42:45.387+0400][gc,stats      ] All times are wall-clock times, except per-root-class counters, that are sum over
[2021-10-16T00:42:45.387+0400][gc,stats      ] all workers. Dividing the <total> over the root stage time estimates parallelism.
[2021-10-16T00:42:45.387+0400][gc,stats      ] 
[2021-10-16T00:42:45.387+0400][gc,stats      ] Concurrent Reset                    653 us
[2021-10-16T00:42:45.387+0400][gc,stats      ] Pause Init Mark (G)               13549 us
[2021-10-16T00:42:45.387+0400][gc,stats      ] Pause Init Mark (N)               13176 us
[2021-10-16T00:42:45.387+0400][gc,stats      ]   Accumulate Stats                    6 us
[2021-10-16T00:42:45.387+0400][gc,stats      ]   Make Parsable                      52 us
[2021-10-16T00:42:45.387+0400][gc,stats      ]   Update Region States              169 us
[2021-10-16T00:42:45.387+0400][gc,stats      ]   Scan Roots                      12886 us, parallelism: 11.31x
[2021-10-16T00:42:45.387+0400][gc,stats      ]     S: <total>                   145702 us
[2021-10-16T00:42:45.387+0400][gc,stats      ]     S: Thread Roots                1911 us, workers (us):   1,   6,   2,   1,   1,   2,   7,   1,   1,   1,   1,   1,   1,   2,   7,   2,   6,   3,   2, 153,   2,   3,   7,   3,   9,   3,   7,  62,   2, 152,  78,   7,  58, 150, 151, 153,  77, 151, 151, 150, 150, 129,   7,   2,   6,   5,   7,  10,   2,  11,   2,   0,   0,   0,   0,   0, 
[2021-10-16T00:42:45.387+0400][gc,stats      ]     S: Universe Roots                 3 us, workers (us):   3, ---, ---, ---, ---, ---, ---, ---, ---, ---, ---, ---, ---, ---, ---, ---, ---, ---, ---, ---, ---, ---, ---, ---, ---, ---, ---, ---, ---, ---, ---, ---, ---, ---, ---, ---, ---, ---, ---, ---, ---, ---, ---, ---, ---, ---, ---, ---, ---, ---, ---, ---, ---, ---, ---, ---, 
[2021-10-16T00:42:45.387+0400][gc,stats      ]     S: JNI Handles Roots              1 us, workers (us):   1, ---, ---, ---, ---, ---, ---, ---, ---, ---, ---, ---, ---, ---, ---, ---, ---, ---, ---, ---, ---, ---, ---, ---, ---, ---, ---, ---, ---, ---, ---, ---, ---, ---, ---, ---, ---, ---, ---, ---, ---, ---, ---, ---, ---, ---, ---, ---, ---, ---, ---, ---, ---, ---, ---, ---, 
[2021-10-16T00:42:45.387+0400][gc,stats      ]     S: Synchronizer Roots             0 us, workers (us):   0, ---, ---, ---, ---, ---, ---, ---, ---, ---, ---, ---, ---, ---, ---, ---, ---, ---, ---, ---, ---, ---, ---, ---, ---, ---, ---, ---, ---, ---, ---, ---, ---, ---, ---, ---, ---, ---, ---, ---, ---, ---, ---, ---, ---, ---, ---, ---, ---, ---, ---, ---, ---, ---, ---, ---, 
[2021-10-16T00:42:45.388+0400][gc,stats      ]     S: Management Roots               1 us, workers (us):   1, ---, ---, ---, ---, ---, ---, ---, ---, ---, ---, ---, ---, ---, ---, ---, ---, ---, ---, ---, ---, ---, ---, ---, ---, ---, ---, ---, ---, ---, ---, ---, ---, ---, ---, ---, ---, ---, ---, ---, ---, ---, ---, ---, ---, ---, ---, ---, ---, ---, ---, ---, ---, ---, ---, ---, 
[2021-10-16T00:42:45.388+0400][gc,stats      ]     S: System Dict Roots              7 us, workers (us):   7, ---, ---, ---, ---, ---, ---, ---, ---, ---, ---, ---, ---, ---, ---, ---, ---, ---, ---, ---, ---, ---, ---, ---, ---, ---, ---, ---, ---, ---, ---, ---, ---, ---, ---, ---, ---, ---, ---, ---, ---, ---, ---, ---, ---, ---, ---, ---, ---, ---, ---, ---, ---, ---, ---, ---, 
[2021-10-16T00:42:45.388+0400][gc,stats      ]     S: CLDG Roots                143778 us, workers (us): 5257, 5203, 5191, 5178, 5511, 5140, 5116, 5112, 5111, 5111, 5111, 5111, 5101, 5102, 5101, 5097, 5095, 5093, 5094, ---, 5224, 5093, 5090, 5090, 5093, 5091, 5088, ---, 5087, ---, ---, 5087, ---, ---, ---, ---, ---, ---, ---, ---, ---, ---, ---, ---, ---, ---, ---, ---, ---, ---, ---, ---, ---, ---, ---, ---, 
[2021-10-16T00:42:45.388+0400][gc,stats      ]     S: JVMTI Roots                    1 us, workers (us): ---,   1, ---, ---, ---, ---, ---, ---, ---, ---, ---, ---, ---, ---, ---, ---, ---, ---, ---, ---, ---, ---, ---, ---, ---, ---, ---, ---, ---, ---, ---, ---, ---, ---, ---, ---, ---, ---, ---, ---, ---, ---, ---, ---, ---, ---, ---, ---, ---, ---, ---, ---, ---, ---, ---, ---, 
[2021-10-16T00:42:45.388+0400][gc,stats      ]   Resize TLABs                        4 us
[2021-10-16T00:42:45.388+0400][gc,stats      ] Concurrent Marking                15640 us
[2021-10-16T00:42:45.388+0400][gc,stats      ] Pause Final Mark (G)                790 us
[2021-10-16T00:42:45.388+0400][gc,stats      ] Pause Final Mark (N)                673 us
[2021-10-16T00:42:45.388+0400][gc,stats      ]   Finish Queues                     387 us
[2021-10-16T00:42:45.388+0400][gc,stats      ]   System Purge                      119 us
[2021-10-16T00:42:45.388+0400][gc,stats      ]     Weak Roots                      119 us
[2021-10-16T00:42:45.388+0400][gc,stats      ]   Update Region States               76 us
[2021-10-16T00:42:45.388+0400][gc,stats      ]   Retire TLABs                       14 us
[2021-10-16T00:42:45.388+0400][gc,stats      ]   Choose Collection Set              59 us
[2021-10-16T00:42:45.388+0400][gc,stats      ]   Rebuild Free Set                   12 us
[2021-10-16T00:42:45.388+0400][gc,stats      ] Concurrent Cleanup                  643 us
[2021-10-16T00:42:45.388+0400][gc,stats      ] 
[2021-10-16T00:42:45.388+0400][gc,stats      ] Allocation pacing accrued:
[2021-10-16T00:42:45.388+0400][gc,stats      ]       0 of  1716 ms (  0.0%): <total>
[2021-10-16T00:42:45.388+0400][gc,stats      ]       0 of  1716 ms (  0.0%): <average total>
[2021-10-16T00:42:45.388+0400][gc,stats      ] 
[2021-10-16T00:42:45.388+0400][gc,metaspace  ] Metaspace: 87847K->87847K(1136640K)
[2021-10-16T00:42:45.388+0400][gc,ergo       ] Pacer for Idle. Initial: 204M, Alloc Tax Rate: 1.0x
[2021-10-16T00:42:47.072+0400][gc            ] Trigger: Free (1021M) is below minimum threshold (1023M)
[2021-10-16T00:42:47.072+0400][gc,ergo       ] Free: 1021M, Max: 4096K regular, 928M humongous, Frag: 9% external, 1% internal; Reserve: 512M, Max: 4096K
[2021-10-16T00:42:47.072+0400][gc,start      ] GC(14) Concurrent reset
[2021-10-16T00:42:47.072+0400][gc,task       ] GC(14) Using 28 of 56 workers for concurrent reset
[2021-10-16T00:42:47.072+0400][gc,ergo       ] GC(14) Pacer for Reset. Non-Taxable: 10240M
[2021-10-16T00:42:47.072+0400][gc            ] GC(14) Concurrent reset 0.637ms
[2021-10-16T00:42:47.073+0400][gc,start      ] GC(14) Pause Init Mark
[2021-10-16T00:42:47.073+0400][gc,task       ] GC(14) Using 56 of 56 workers for init marking
[2021-10-16T00:42:47.079+0400][gc,ergo       ] GC(14) Pacer for Mark. Expected Live: 102M, Free: 1021M, Non-Taxable: 102M, Alloc Tax Rate: 0.1x
[2021-10-16T00:42:47.079+0400][gc            ] GC(14) Pause Init Mark 6.493ms
[2021-10-16T00:42:47.079+0400][gc,start      ] GC(14) Concurrent marking
[2021-10-16T00:42:47.079+0400][gc,task       ] GC(14) Using 28 of 56 workers for concurrent marking
[2021-10-16T00:42:47.095+0400][gc            ] GC(14) Concurrent marking 15.649ms
[2021-10-16T00:42:47.095+0400][gc,start      ] GC(14) Pause Final Mark
[2021-10-16T00:42:47.095+0400][gc,task       ] GC(14) Using 56 of 56 workers for final marking
[2021-10-16T00:42:47.096+0400][gc,ergo       ] GC(14) Collectable Garbage: 8248M (95%), Immediate: 8248M (95%), CSet: 0B (0%)
[2021-10-16T00:42:47.096+0400][gc            ] GC(14) Pause Final Mark 0.905ms
[2021-10-16T00:42:47.096+0400][gc,start      ] GC(14) Concurrent cleanup
[2021-10-16T00:42:47.097+0400][gc            ] GC(14) Concurrent cleanup 8786M->578M(10240M) 0.658ms
[2021-10-16T00:42:47.097+0400][gc,ergo       ] GC(14) Free: 9149M, Max: 4096K regular, 2060M humongous, Frag: 78% external, 0% internal; Reserve: 512M, Max: 4096K
[2021-10-16T00:42:47.097+0400][gc,ergo       ] Free: 9149M, Max: 4096K regular, 2060M humongous, Frag: 78% external, 0% internal; Reserve: 512M, Max: 4096K
[2021-10-16T00:42:47.097+0400][gc,stats      ] 
[2021-10-16T00:42:47.097+0400][gc,stats      ] All times are wall-clock times, except per-root-class counters, that are sum over
[2021-10-16T00:42:47.097+0400][gc,stats      ] all workers. Dividing the <total> over the root stage time estimates parallelism.
[2021-10-16T00:42:47.097+0400][gc,stats      ] 
[2021-10-16T00:42:47.097+0400][gc,stats      ] Concurrent Reset                    618 us
[2021-10-16T00:42:47.097+0400][gc,stats      ] Pause Init Mark (G)                6792 us
[2021-10-16T00:42:47.097+0400][gc,stats      ] Pause Init Mark (N)                6447 us
[2021-10-16T00:42:47.097+0400][gc,stats      ]   Accumulate Stats                    6 us
[2021-10-16T00:42:47.097+0400][gc,stats      ]   Make Parsable                      21 us
[2021-10-16T00:42:47.097+0400][gc,stats      ]   Update Region States              156 us
[2021-10-16T00:42:47.097+0400][gc,stats      ]   Scan Roots                       6160 us, parallelism: 20.63x
[2021-10-16T00:42:47.097+0400][gc,stats      ]     S: <total>                   127103 us
[2021-10-16T00:42:47.097+0400][gc,stats      ]     S: Thread Roots                 605 us, workers (us):   2,   2,   2,   2,   2,   3,   3,   3,   3,   3,   1,   2,   1,   3,   2,   3,   2,   1,   3,   1,   2,   2,   3,   3,   3,   2,   1, 102,   1,  75,  35,  35,  35,  34,  34,  50,   4,   2,  58,  58,   2,   2,   2,   2,   2,   2,   2,   2,   0,   0,   0,   0,   0,   0,   0,   0, 
[2021-10-16T00:42:47.097+0400][gc,stats      ]     S: Universe Roots                 4 us, workers (us):   4, ---, ---, ---, ---, ---, ---, ---, ---, ---, ---, ---, ---, ---, ---, ---, ---, ---, ---, ---, ---, ---, ---, ---, ---, ---, ---, ---, ---, ---, ---, ---, ---, ---, ---, ---, ---, ---, ---, ---, ---, ---, ---, ---, ---, ---, ---, ---, ---, ---, ---, ---, ---, ---, ---, ---, 
[2021-10-16T00:42:47.097+0400][gc,stats      ]     S: JNI Handles Roots              4 us, workers (us): ---, ---,   4, ---, ---, ---, ---, ---, ---, ---, ---, ---, ---, ---, ---, ---, ---, ---, ---, ---, ---, ---, ---, ---, ---, ---, ---, ---, ---, ---, ---, ---, ---, ---, ---, ---, ---, ---, ---, ---, ---, ---, ---, ---, ---, ---, ---, ---, ---, ---, ---, ---, ---, ---, ---, ---, 
[2021-10-16T00:42:47.097+0400][gc,stats      ]     S: Synchronizer Roots             0 us, workers (us): ---,   0, ---, ---, ---, ---, ---, ---, ---, ---, ---, ---, ---, ---, ---, ---, ---, ---, ---, ---, ---, ---, ---, ---, ---, ---, ---, ---, ---, ---, ---, ---, ---, ---, ---, ---, ---, ---, ---, ---, ---, ---, ---, ---, ---, ---, ---, ---, ---, ---, ---, ---, ---, ---, ---, ---, 
[2021-10-16T00:42:47.097+0400][gc,stats      ]     S: Management Roots               1 us, workers (us): ---,   1, ---, ---, ---, ---, ---, ---, ---, ---, ---, ---, ---, ---, ---, ---, ---, ---, ---, ---, ---, ---, ---, ---, ---, ---, ---, ---, ---, ---, ---, ---, ---, ---, ---, ---, ---, ---, ---, ---, ---, ---, ---, ---, ---, ---, ---, ---, ---, ---, ---, ---, ---, ---, ---, ---, 
[2021-10-16T00:42:47.097+0400][gc,stats      ]     S: System Dict Roots              4 us, workers (us): ---,   4, ---, ---, ---, ---, ---, ---, ---, ---, ---, ---, ---, ---, ---, ---, ---, ---, ---, ---, ---, ---, ---, ---, ---, ---, ---, ---, ---, ---, ---, ---, ---, ---, ---, ---, ---, ---, ---, ---, ---, ---, ---, ---, ---, ---, ---, ---, ---, ---, ---, ---, ---, ---, ---, ---, 
[2021-10-16T00:42:47.097+0400][gc,stats      ]     S: CLDG Roots                126484 us, workers (us): 4572, 4571, 4567, 4565, 4563, 4560, 4553, 4529, 4529, 4524, 4520, 4516, 4909, 4497, 4491, 4470, 4465, 4505, 4455, 4451, 4445, 4441, 4441, 4440, 4440, 4439, 4589, ---, 4438, ---, ---, ---, ---, ---, ---, ---, ---, ---, ---, ---, ---, ---, ---, ---, ---, ---, ---, ---, ---, ---, ---, ---, ---, ---, ---, ---, 
[2021-10-16T00:42:47.097+0400][gc,stats      ]     S: JVMTI Roots                    1 us, workers (us): ---, ---,   1, ---, ---, ---, ---, ---, ---, ---, ---, ---, ---, ---, ---, ---, ---, ---, ---, ---, ---, ---, ---, ---, ---, ---, ---, ---, ---, ---, ---, ---, ---, ---, ---, ---, ---, ---, ---, ---, ---, ---, ---, ---, ---, ---, ---, ---, ---, ---, ---, ---, ---, ---, ---, ---, 
[2021-10-16T00:42:47.097+0400][gc,stats      ]   Resize TLABs                        5 us
[2021-10-16T00:42:47.097+0400][gc,stats      ] Concurrent Marking                15568 us
[2021-10-16T00:42:47.097+0400][gc,stats      ] Pause Final Mark (G)               1084 us
[2021-10-16T00:42:47.097+0400][gc,stats      ] Pause Final Mark (N)                883 us
[2021-10-16T00:42:47.097+0400][gc,stats      ]   Finish Queues                     546 us
[2021-10-16T00:42:47.097+0400][gc,stats      ]   System Purge                      121 us
[2021-10-16T00:42:47.097+0400][gc,stats      ]     Weak Roots                      121 us
[2021-10-16T00:42:47.097+0400][gc,stats      ]   Update Region States               96 us
[2021-10-16T00:42:47.097+0400][gc,stats      ]   Retire TLABs                       14 us
[2021-10-16T00:42:47.097+0400][gc,stats      ]   Choose Collection Set              76 us
[2021-10-16T00:42:47.097+0400][gc,stats      ]   Rebuild Free Set                   20 us
[2021-10-16T00:42:47.097+0400][gc,stats      ] Concurrent Cleanup                  629 us
[2021-10-16T00:42:47.097+0400][gc,stats      ] 
[2021-10-16T00:42:47.097+0400][gc,stats      ] Allocation pacing accrued:
[2021-10-16T00:42:47.097+0400][gc,stats      ]       0 of  1710 ms (  0.0%): <total>
[2021-10-16T00:42:47.097+0400][gc,stats      ]       0 of  1710 ms (  0.0%): <average total>
[2021-10-16T00:42:47.097+0400][gc,stats      ] 
[2021-10-16T00:42:47.098+0400][gc,metaspace  ] Metaspace: 88065K->88066K(1136640K)
[2021-10-16T00:42:47.098+0400][gc,ergo       ] Pacer for Idle. Initial: 204M, Alloc Tax Rate: 1.0x
[2021-10-16T00:42:48.785+0400][gc            ] Trigger: Free (1013M) is below minimum threshold (1023M)
[2021-10-16T00:42:48.786+0400][gc,ergo       ] Free: 1013M, Max: 4096K regular, 944M humongous, Frag: 6% external, 1% internal; Reserve: 512M, Max: 4096K
[2021-10-16T00:42:48.786+0400][gc,start      ] GC(15) Concurrent reset
[2021-10-16T00:42:48.786+0400][gc,task       ] GC(15) Using 28 of 56 workers for concurrent reset
[2021-10-16T00:42:48.786+0400][gc,ergo       ] GC(15) Pacer for Reset. Non-Taxable: 10240M
[2021-10-16T00:42:48.786+0400][gc            ] GC(15) Concurrent reset 0.627ms
[2021-10-16T00:42:48.786+0400][gc,start      ] GC(15) Pause Init Mark (process weakrefs)
[2021-10-16T00:42:48.786+0400][gc,task       ] GC(15) Using 56 of 56 workers for init marking
[2021-10-16T00:42:48.794+0400][gc,ergo       ] GC(15) Pacer for Mark. Expected Live: 102M, Free: 1013M, Non-Taxable: 101M, Alloc Tax Rate: 0.1x
[2021-10-16T00:42:48.794+0400][gc            ] GC(15) Pause Init Mark (process weakrefs) 7.981ms
[2021-10-16T00:42:48.794+0400][gc,start      ] GC(15) Concurrent marking (process weakrefs)
[2021-10-16T00:42:48.794+0400][gc,task       ] GC(15) Using 28 of 56 workers for concurrent marking
[2021-10-16T00:42:48.807+0400][gc            ] GC(15) Concurrent marking (process weakrefs) 12.930ms
[2021-10-16T00:42:48.807+0400][gc,start      ] GC(15) Concurrent precleaning
[2021-10-16T00:42:48.807+0400][gc,task       ] GC(15) Using 1 of 56 workers for concurrent preclean
[2021-10-16T00:42:48.807+0400][gc,ergo       ] GC(15) Pacer for Precleaning. Non-Taxable: 10240M
[2021-10-16T00:42:48.809+0400][gc            ] GC(15) Concurrent precleaning 1.703ms
[2021-10-16T00:42:48.809+0400][gc,start      ] GC(15) Pause Final Mark (process weakrefs)
[2021-10-16T00:42:48.809+0400][gc,task       ] GC(15) Using 56 of 56 workers for final marking
[2021-10-16T00:42:48.810+0400][gc,ergo       ] GC(15) Collectable Garbage: 8256M (95%), Immediate: 8256M (95%), CSet: 0B (0%)
[2021-10-16T00:42:48.810+0400][gc            ] GC(15) Pause Final Mark (process weakrefs) 0.869ms
[2021-10-16T00:42:48.810+0400][gc,start      ] GC(15) Concurrent cleanup
[2021-10-16T00:42:48.811+0400][gc            ] GC(15) Concurrent cleanup 8794M->578M(10240M) 0.274ms
[2021-10-16T00:42:48.811+0400][gc,ergo       ] GC(15) Free: 9149M, Max: 4096K regular, 2060M humongous, Frag: 78% external, 0% internal; Reserve: 512M, Max: 4096K
[2021-10-16T00:42:48.811+0400][gc,ergo       ] Free: 9149M, Max: 4096K regular, 2060M humongous, Frag: 78% external, 0% internal; Reserve: 512M, Max: 4096K
[2021-10-16T00:42:48.811+0400][gc,stats      ] 
[2021-10-16T00:42:48.811+0400][gc,stats      ] All times are wall-clock times, except per-root-class counters, that are sum over
[2021-10-16T00:42:48.811+0400][gc,stats      ] all workers. Dividing the <total> over the root stage time estimates parallelism.
[2021-10-16T00:42:48.811+0400][gc,stats      ] 
[2021-10-16T00:42:48.811+0400][gc,stats      ] Concurrent Reset                    609 us
[2021-10-16T00:42:48.811+0400][gc,stats      ] Pause Init Mark (G)                8269 us
[2021-10-16T00:42:48.811+0400][gc,stats      ] Pause Init Mark (N)                7915 us
[2021-10-16T00:42:48.811+0400][gc,stats      ]   Accumulate Stats                    6 us
[2021-10-16T00:42:48.811+0400][gc,stats      ]   Make Parsable                      22 us
[2021-10-16T00:42:48.811+0400][gc,stats      ]   Update Region States              146 us
[2021-10-16T00:42:48.811+0400][gc,stats      ]   Scan Roots                       7685 us, parallelism: 22.91x
[2021-10-16T00:42:48.811+0400][gc,stats      ]     S: <total>                   176076 us
[2021-10-16T00:42:48.811+0400][gc,stats      ]     S: Thread Roots                 761 us, workers (us):   1,   2,   1,   1,   2,   2,   1,   2,   1,   2,   2,   2,   1,   2,   1,   1,   2,   1,   2,   2,   2,   2,   1,   1,   2,   1,   2,   2,  77,  34,  71,  42,  69,  69,  65,  63,  53,  51,  53,  58,   3,   2,   1,   0,   0,   0,   0,   0,   0,   0,   0,   2,   0,   0,   0,   0, 
[2021-10-16T00:42:48.811+0400][gc,stats      ]     S: Universe Roots                 2 us, workers (us):   2, ---, ---, ---, ---, ---, ---, ---, ---, ---, ---, ---, ---, ---, ---, ---, ---, ---, ---, ---, ---, ---, ---, ---, ---, ---, ---, ---, ---, ---, ---, ---, ---, ---, ---, ---, ---, ---, ---, ---, ---, ---, ---, ---, ---, ---, ---, ---, ---, ---, ---, ---, ---, ---, ---, ---, 
[2021-10-16T00:42:48.811+0400][gc,stats      ]     S: JNI Handles Roots              2 us, workers (us):   2, ---, ---, ---, ---, ---, ---, ---, ---, ---, ---, ---, ---, ---, ---, ---, ---, ---, ---, ---, ---, ---, ---, ---, ---, ---, ---, ---, ---, ---, ---, ---, ---, ---, ---, ---, ---, ---, ---, ---, ---, ---, ---, ---, ---, ---, ---, ---, ---, ---, ---, ---, ---, ---, ---, ---, 
[2021-10-16T00:42:48.811+0400][gc,stats      ]     S: Synchronizer Roots             0 us, workers (us):   0, ---, ---, ---, ---, ---, ---, ---, ---, ---, ---, ---, ---, ---, ---, ---, ---, ---, ---, ---, ---, ---, ---, ---, ---, ---, ---, ---, ---, ---, ---, ---, ---, ---, ---, ---, ---, ---, ---, ---, ---, ---, ---, ---, ---, ---, ---, ---, ---, ---, ---, ---, ---, ---, ---, ---, 
[2021-10-16T00:42:48.811+0400][gc,stats      ]     S: Management Roots               1 us, workers (us):   1, ---, ---, ---, ---, ---, ---, ---, ---, ---, ---, ---, ---, ---, ---, ---, ---, ---, ---, ---, ---, ---, ---, ---, ---, ---, ---, ---, ---, ---, ---, ---, ---, ---, ---, ---, ---, ---, ---, ---, ---, ---, ---, ---, ---, ---, ---, ---, ---, ---, ---, ---, ---, ---, ---, ---, 
[2021-10-16T00:42:48.811+0400][gc,stats      ]     S: System Dict Roots              4 us, workers (us):   4, ---, ---, ---, ---, ---, ---, ---, ---, ---, ---, ---, ---, ---, ---, ---, ---, ---, ---, ---, ---, ---, ---, ---, ---, ---, ---, ---, ---, ---, ---, ---, ---, ---, ---, ---, ---, ---, ---, ---, ---, ---, ---, ---, ---, ---, ---, ---, ---, ---, ---, ---, ---, ---, ---, ---, 
[2021-10-16T00:42:48.811+0400][gc,stats      ]     S: CLDG Roots                175307 us, workers (us): 6317, 6314, 6314, 6401, 6306, 6305, 6302, 6294, 6292, 6291, 6270, 6267, 6263, 6261, 6261, 6221, 6217, 6216, 6215, 6214, 6215, 6215, 6203, 6180, 6164, 6238, 6152, 6397, ---, ---, ---, ---, ---, ---, ---, ---, ---, ---, ---, ---, ---, ---, ---, ---, ---, ---, ---, ---, ---, ---, ---, ---, ---, ---, ---, ---, 
[2021-10-16T00:42:48.811+0400][gc,stats      ]     S: JVMTI Roots                    1 us, workers (us):   1, ---, ---, ---, ---, ---, ---, ---, ---, ---, ---, ---, ---, ---, ---, ---, ---, ---, ---, ---, ---, ---, ---, ---, ---, ---, ---, ---, ---, ---, ---, ---, ---, ---, ---, ---, ---, ---, ---, ---, ---, ---, ---, ---, ---, ---, ---, ---, ---, ---, ---, ---, ---, ---, ---, ---, 
[2021-10-16T00:42:48.811+0400][gc,stats      ]   Resize TLABs                        4 us
[2021-10-16T00:42:48.811+0400][gc,stats      ] Concurrent Marking                12901 us
[2021-10-16T00:42:48.811+0400][gc,stats      ] Concurrent Precleaning             1697 us
[2021-10-16T00:42:48.811+0400][gc,stats      ] Pause Final Mark (G)               1147 us
[2021-10-16T00:42:48.811+0400][gc,stats      ] Pause Final Mark (N)                849 us
[2021-10-16T00:42:48.811+0400][gc,stats      ]   Finish Queues                     555 us
[2021-10-16T00:42:48.811+0400][gc,stats      ]   Weak References                    26 us
[2021-10-16T00:42:48.811+0400][gc,stats      ]     Process                          17 us
[2021-10-16T00:42:48.811+0400][gc,stats      ]   System Purge                      107 us
[2021-10-16T00:42:48.811+0400][gc,stats      ]     Weak Roots                      107 us
[2021-10-16T00:42:48.811+0400][gc,stats      ]   Update Region States               72 us
[2021-10-16T00:42:48.811+0400][gc,stats      ]   Retire TLABs                       12 us
[2021-10-16T00:42:48.811+0400][gc,stats      ]   Choose Collection Set              53 us
[2021-10-16T00:42:48.811+0400][gc,stats      ]   Rebuild Free Set                   16 us
[2021-10-16T00:42:48.811+0400][gc,stats      ] Concurrent Cleanup                  266 us
[2021-10-16T00:42:48.811+0400][gc,stats      ] 
[2021-10-16T00:42:48.811+0400][gc,stats      ] Allocation pacing accrued:
[2021-10-16T00:42:48.811+0400][gc,stats      ]       0 of  1713 ms (  0.0%): <total>
[2021-10-16T00:42:48.811+0400][gc,stats      ]       0 of  1713 ms (  0.0%): <average total>
[2021-10-16T00:42:48.811+0400][gc,stats      ] 
[2021-10-16T00:42:48.811+0400][gc,metaspace  ] Metaspace: 88367K->88370K(1136640K)
[2021-10-16T00:42:48.811+0400][gc,ergo       ] Pacer for Idle. Initial: 204M, Alloc Tax Rate: 1.0x
[2021-10-16T00:42:50.500+0400][gc            ] Trigger: Free (1021M) is below minimum threshold (1023M)
[2021-10-16T00:42:50.500+0400][gc,ergo       ] Free: 1021M, Max: 4096K regular, 924M humongous, Frag: 9% external, 1% internal; Reserve: 512M, Max: 4096K
[2021-10-16T00:42:50.500+0400][gc,start      ] GC(16) Concurrent reset
[2021-10-16T00:42:50.500+0400][gc,task       ] GC(16) Using 28 of 56 workers for concurrent reset
[2021-10-16T00:42:50.500+0400][gc,ergo       ] GC(16) Pacer for Reset. Non-Taxable: 10240M
[2021-10-16T00:42:50.500+0400][gc            ] GC(16) Concurrent reset 0.591ms
[2021-10-16T00:42:50.501+0400][gc,start      ] GC(16) Pause Init Mark
[2021-10-16T00:42:50.501+0400][gc,task       ] GC(16) Using 56 of 56 workers for init marking
[2021-10-16T00:42:50.507+0400][gc,ergo       ] GC(16) Pacer for Mark. Expected Live: 102M, Free: 1017M, Non-Taxable: 101M, Alloc Tax Rate: 0.1x
[2021-10-16T00:42:50.507+0400][gc            ] GC(16) Pause Init Mark 6.687ms
[2021-10-16T00:42:50.507+0400][gc,start      ] GC(16) Concurrent marking
[2021-10-16T00:42:50.507+0400][gc,task       ] GC(16) Using 28 of 56 workers for concurrent marking
[2021-10-16T00:42:50.525+0400][gc            ] GC(16) Concurrent marking 17.193ms
[2021-10-16T00:42:50.525+0400][gc,start      ] GC(16) Pause Final Mark
[2021-10-16T00:42:50.525+0400][gc,task       ] GC(16) Using 56 of 56 workers for final marking
[2021-10-16T00:42:50.526+0400][gc,ergo       ] GC(16) Collectable Garbage: 8252M (95%), Immediate: 8252M (95%), CSet: 0B (0%)
[2021-10-16T00:42:50.526+0400][gc            ] GC(16) Pause Final Mark 0.783ms
[2021-10-16T00:42:50.526+0400][gc,start      ] GC(16) Concurrent cleanup
[2021-10-16T00:42:50.526+0400][gc            ] GC(16) Concurrent cleanup 8798M->590M(10240M) 0.653ms
[2021-10-16T00:42:50.526+0400][gc,ergo       ] GC(16) Free: 9137M, Max: 4096K regular, 2060M humongous, Frag: 78% external, 0% internal; Reserve: 512M, Max: 4096K
[2021-10-16T00:42:50.526+0400][gc,ergo       ] Free: 9137M, Max: 4096K regular, 2060M humongous, Frag: 78% external, 0% internal; Reserve: 512M, Max: 4096K
[2021-10-16T00:42:50.527+0400][gc,stats      ] 
[2021-10-16T00:42:50.527+0400][gc,stats      ] All times are wall-clock times, except per-root-class counters, that are sum over
[2021-10-16T00:42:50.527+0400][gc,stats      ] all workers. Dividing the <total> over the root stage time estimates parallelism.
[2021-10-16T00:42:50.527+0400][gc,stats      ] 
[2021-10-16T00:42:50.527+0400][gc,stats      ] Concurrent Reset                    571 us
[2021-10-16T00:42:50.527+0400][gc,stats      ] Pause Init Mark (G)                7011 us
[2021-10-16T00:42:50.527+0400][gc,stats      ] Pause Init Mark (N)                6636 us
[2021-10-16T00:42:50.527+0400][gc,stats      ]   Accumulate Stats                    5 us
[2021-10-16T00:42:50.527+0400][gc,stats      ]   Make Parsable                      21 us
[2021-10-16T00:42:50.527+0400][gc,stats      ]   Update Region States              149 us
[2021-10-16T00:42:50.527+0400][gc,stats      ]   Scan Roots                       6381 us, parallelism: 22.41x
[2021-10-16T00:42:50.527+0400][gc,stats      ]     S: <total>                   142990 us
[2021-10-16T00:42:50.527+0400][gc,stats      ]     S: Thread Roots                 747 us, workers (us):   1,   2,   2,   2,   2,   2,   1,   1,   2,   3,   3,   3,   2,   2,   1,   1,   1,   2,   1,   3,   3,   1,   3,   2,   3,  64,   3,   2,   3,  52,  61,  61,  61,  60,  60,  58,  46,  55,  64,  44,   0,   0,   0,   0,   1,   0,   0,   0,   0,   0,   0,   0,   0,   0,   0,   0, 
[2021-10-16T00:42:50.527+0400][gc,stats      ]     S: Universe Roots                 2 us, workers (us):   2, ---, ---, ---, ---, ---, ---, ---, ---, ---, ---, ---, ---, ---, ---, ---, ---, ---, ---, ---, ---, ---, ---, ---, ---, ---, ---, ---, ---, ---, ---, ---, ---, ---, ---, ---, ---, ---, ---, ---, ---, ---, ---, ---, ---, ---, ---, ---, ---, ---, ---, ---, ---, ---, ---, ---, 
[2021-10-16T00:42:50.527+0400][gc,stats      ]     S: JNI Handles Roots              4 us, workers (us): ---,   4, ---, ---, ---, ---, ---, ---, ---, ---, ---, ---, ---, ---, ---, ---, ---, ---, ---, ---, ---, ---, ---, ---, ---, ---, ---, ---, ---, ---, ---, ---, ---, ---, ---, ---, ---, ---, ---, ---, ---, ---, ---, ---, ---, ---, ---, ---, ---, ---, ---, ---, ---, ---, ---, ---, 
[2021-10-16T00:42:50.527+0400][gc,stats      ]     S: Synchronizer Roots             0 us, workers (us):   0, ---, ---, ---, ---, ---, ---, ---, ---, ---, ---, ---, ---, ---, ---, ---, ---, ---, ---, ---, ---, ---, ---, ---, ---, ---, ---, ---, ---, ---, ---, ---, ---, ---, ---, ---, ---, ---, ---, ---, ---, ---, ---, ---, ---, ---, ---, ---, ---, ---, ---, ---, ---, ---, ---, ---, 
[2021-10-16T00:42:50.527+0400][gc,stats      ]     S: Management Roots               2 us, workers (us):   2, ---, ---, ---, ---, ---, ---, ---, ---, ---, ---, ---, ---, ---, ---, ---, ---, ---, ---, ---, ---, ---, ---, ---, ---, ---, ---, ---, ---, ---, ---, ---, ---, ---, ---, ---, ---, ---, ---, ---, ---, ---, ---, ---, ---, ---, ---, ---, ---, ---, ---, ---, ---, ---, ---, ---, 
[2021-10-16T00:42:50.527+0400][gc,stats      ]     S: System Dict Roots              4 us, workers (us):   4, ---, ---, ---, ---, ---, ---, ---, ---, ---, ---, ---, ---, ---, ---, ---, ---, ---, ---, ---, ---, ---, ---, ---, ---, ---, ---, ---, ---, ---, ---, ---, ---, ---, ---, ---, ---, ---, ---, ---, ---, ---, ---, ---, ---, ---, ---, ---, ---, ---, ---, ---, ---, ---, ---, ---, 
[2021-10-16T00:42:50.527+0400][gc,stats      ]     S: CLDG Roots                142232 us, workers (us): 5211, 5166, 5158, 5155, 5147, 5143, 5138, 5103, 5097, 5091, 5085, 5085, 5085, 5081, 5077, 5123, 5039, 5036, 5036, 5022, 5022, 5019, 5019, 5019, 5019, ---, 5019, 5018, 5018, ---, ---, ---, ---, ---, ---, ---, ---, ---, ---, ---, ---, ---, ---, ---, ---, ---, ---, ---, ---, ---, ---, ---, ---, ---, ---, ---, 
[2021-10-16T00:42:50.527+0400][gc,stats      ]     S: JVMTI Roots                    0 us, workers (us):   0, ---, ---, ---, ---, ---, ---, ---, ---, ---, ---, ---, ---, ---, ---, ---, ---, ---, ---, ---, ---, ---, ---, ---, ---, ---, ---, ---, ---, ---, ---, ---, ---, ---, ---, ---, ---, ---, ---, ---, ---, ---, ---, ---, ---, ---, ---, ---, ---, ---, ---, ---, ---, ---, ---, ---, 
[2021-10-16T00:42:50.527+0400][gc,stats      ]   Resize TLABs                        5 us
[2021-10-16T00:42:50.527+0400][gc,stats      ] Concurrent Marking                17156 us
[2021-10-16T00:42:50.527+0400][gc,stats      ] Pause Final Mark (G)                982 us
[2021-10-16T00:42:50.527+0400][gc,stats      ] Pause Final Mark (N)                739 us
[2021-10-16T00:42:50.527+0400][gc,stats      ]   Finish Queues                     469 us
[2021-10-16T00:42:50.527+0400][gc,stats      ]   System Purge                      118 us
[2021-10-16T00:42:50.527+0400][gc,stats      ]     Weak Roots                      118 us
[2021-10-16T00:42:50.527+0400][gc,stats      ]   Update Region States               72 us
[2021-10-16T00:42:50.527+0400][gc,stats      ]   Retire TLABs                       12 us
[2021-10-16T00:42:50.527+0400][gc,stats      ]   Choose Collection Set              50 us
[2021-10-16T00:42:50.527+0400][gc,stats      ]   Rebuild Free Set                   11 us
[2021-10-16T00:42:50.527+0400][gc,stats      ] Concurrent Cleanup                  623 us
[2021-10-16T00:42:50.527+0400][gc,stats      ] 
[2021-10-16T00:42:50.527+0400][gc,stats      ] Allocation pacing accrued:
[2021-10-16T00:42:50.527+0400][gc,stats      ]       0 of  1716 ms (  0.0%): <total>
[2021-10-16T00:42:50.527+0400][gc,stats      ]       0 of  1716 ms (  0.0%): <average total>
[2021-10-16T00:42:50.527+0400][gc,stats      ] 
[2021-10-16T00:42:50.527+0400][gc,metaspace  ] Metaspace: 88767K->88767K(1136640K)
[2021-10-16T00:42:50.527+0400][gc,ergo       ] Pacer for Idle. Initial: 204M, Alloc Tax Rate: 1.0x
[2021-10-16T00:42:52.215+0400][gc            ] Trigger: Free (1021M) is below minimum threshold (1023M)
[2021-10-16T00:42:52.215+0400][gc,ergo       ] Free: 1021M, Max: 4096K regular, 916M humongous, Frag: 10% external, 1% internal; Reserve: 512M, Max: 4096K
[2021-10-16T00:42:52.215+0400][gc,start      ] GC(17) Concurrent reset
[2021-10-16T00:42:52.215+0400][gc,task       ] GC(17) Using 28 of 56 workers for concurrent reset
[2021-10-16T00:42:52.215+0400][gc,ergo       ] GC(17) Pacer for Reset. Non-Taxable: 10240M
[2021-10-16T00:42:52.215+0400][gc            ] GC(17) Concurrent reset 0.639ms
[2021-10-16T00:42:52.216+0400][gc,start      ] GC(17) Pause Init Mark
[2021-10-16T00:42:52.216+0400][gc,task       ] GC(17) Using 56 of 56 workers for init marking
[2021-10-16T00:42:52.224+0400][gc,ergo       ] GC(17) Pacer for Mark. Expected Live: 102M, Free: 1021M, Non-Taxable: 102M, Alloc Tax Rate: 0.1x
[2021-10-16T00:42:52.224+0400][gc            ] GC(17) Pause Init Mark 8.289ms
[2021-10-16T00:42:52.224+0400][gc,start      ] GC(17) Concurrent marking
[2021-10-16T00:42:52.224+0400][gc,task       ] GC(17) Using 28 of 56 workers for concurrent marking
[2021-10-16T00:42:52.237+0400][gc            ] GC(17) Concurrent marking 13.211ms
[2021-10-16T00:42:52.237+0400][gc,start      ] GC(17) Pause Final Mark
[2021-10-16T00:42:52.237+0400][gc,task       ] GC(17) Using 56 of 56 workers for final marking
[2021-10-16T00:42:52.238+0400][gc,ergo       ] GC(17) Collectable Garbage: 8244M (95%), Immediate: 8244M (95%), CSet: 0B (0%)
[2021-10-16T00:42:52.238+0400][gc            ] GC(17) Pause Final Mark 0.709ms
[2021-10-16T00:42:52.238+0400][gc,start      ] GC(17) Concurrent cleanup
[2021-10-16T00:42:52.239+0400][gc            ] GC(17) Concurrent cleanup 8782M->578M(10240M) 0.399ms
[2021-10-16T00:42:52.239+0400][gc,ergo       ] GC(17) Free: 9149M, Max: 4096K regular, 2060M humongous, Frag: 78% external, 0% internal; Reserve: 512M, Max: 4096K
[2021-10-16T00:42:52.239+0400][gc,ergo       ] Free: 9149M, Max: 4096K regular, 2060M humongous, Frag: 78% external, 0% internal; Reserve: 512M, Max: 4096K
[2021-10-16T00:42:52.239+0400][gc,stats      ] 
[2021-10-16T00:42:52.239+0400][gc,stats      ] All times are wall-clock times, except per-root-class counters, that are sum over
[2021-10-16T00:42:52.239+0400][gc,stats      ] all workers. Dividing the <total> over the root stage time estimates parallelism.
[2021-10-16T00:42:52.239+0400][gc,stats      ] 
[2021-10-16T00:42:52.239+0400][gc,stats      ] Concurrent Reset                    610 us
[2021-10-16T00:42:52.239+0400][gc,stats      ] Pause Init Mark (G)                8577 us
[2021-10-16T00:42:52.239+0400][gc,stats      ] Pause Init Mark (N)                8218 us
[2021-10-16T00:42:52.239+0400][gc,stats      ]   Accumulate Stats                    6 us
[2021-10-16T00:42:52.239+0400][gc,stats      ]   Make Parsable                      20 us
[2021-10-16T00:42:52.239+0400][gc,stats      ]   Update Region States              158 us
[2021-10-16T00:42:52.239+0400][gc,stats      ]   Scan Roots                       7956 us, parallelism: 23.56x
[2021-10-16T00:42:52.239+0400][gc,stats      ]     S: <total>                   187440 us
[2021-10-16T00:42:52.239+0400][gc,stats      ]     S: Thread Roots                 742 us, workers (us):   1,   2,   2,   2,   1,   1,   2,   2,   2,   2,   2,   2,   2,   3,   3,   2,   2,   1,   2,   2,   2,   2,   2,   1,   1,   1,   2,  70,  68,  69,  43,   2,  68,  67,  66,  64,  56,  53,  51,   6,   4,   2,   0,   0,   1,   0,   0,   0,   0,   2,   0,   0,   0,   1,   1,   0, 
[2021-10-16T00:42:52.239+0400][gc,stats      ]     S: Universe Roots                 4 us, workers (us):   4, ---, ---, ---, ---, ---, ---, ---, ---, ---, ---, ---, ---, ---, ---, ---, ---, ---, ---, ---, ---, ---, ---, ---, ---, ---, ---, ---, ---, ---, ---, ---, ---, ---, ---, ---, ---, ---, ---, ---, ---, ---, ---, ---, ---, ---, ---, ---, ---, ---, ---, ---, ---, ---, ---, ---, 
[2021-10-16T00:42:52.239+0400][gc,stats      ]     S: JNI Handles Roots              4 us, workers (us): ---,   4, ---, ---, ---, ---, ---, ---, ---, ---, ---, ---, ---, ---, ---, ---, ---, ---, ---, ---, ---, ---, ---, ---, ---, ---, ---, ---, ---, ---, ---, ---, ---, ---, ---, ---, ---, ---, ---, ---, ---, ---, ---, ---, ---, ---, ---, ---, ---, ---, ---, ---, ---, ---, ---, ---, 
[2021-10-16T00:42:52.239+0400][gc,stats      ]     S: Synchronizer Roots             1 us, workers (us): ---,   1, ---, ---, ---, ---, ---, ---, ---, ---, ---, ---, ---, ---, ---, ---, ---, ---, ---, ---, ---, ---, ---, ---, ---, ---, ---, ---, ---, ---, ---, ---, ---, ---, ---, ---, ---, ---, ---, ---, ---, ---, ---, ---, ---, ---, ---, ---, ---, ---, ---, ---, ---, ---, ---, ---, 
[2021-10-16T00:42:52.239+0400][gc,stats      ]     S: Management Roots               2 us, workers (us): ---,   2, ---, ---, ---, ---, ---, ---, ---, ---, ---, ---, ---, ---, ---, ---, ---, ---, ---, ---, ---, ---, ---, ---, ---, ---, ---, ---, ---, ---, ---, ---, ---, ---, ---, ---, ---, ---, ---, ---, ---, ---, ---, ---, ---, ---, ---, ---, ---, ---, ---, ---, ---, ---, ---, ---, 
[2021-10-16T00:42:52.239+0400][gc,stats      ]     S: System Dict Roots              8 us, workers (us):   8, ---, ---, ---, ---, ---, ---, ---, ---, ---, ---, ---, ---, ---, ---, ---, ---, ---, ---, ---, ---, ---, ---, ---, ---, ---, ---, ---, ---, ---, ---, ---, ---, ---, ---, ---, ---, ---, ---, ---, ---, ---, ---, ---, ---, ---, ---, ---, ---, ---, ---, ---, ---, ---, ---, ---, 
[2021-10-16T00:42:52.239+0400][gc,stats      ]     S: CLDG Roots                186679 us, workers (us): 6700, 6819, 6705, 6704, 6706, 6700, 6699, 6695, 6691, 6690, 6688, 6677, 6675, 6674, 6674, 6673, 6666, 6791, 6635, 6624, 6622, 6617, 6585, 6578, 6689, 6576, 6577, ---, ---, ---, ---, 6548, ---, ---, ---, ---, ---, ---, ---, ---, ---, ---, ---, ---, ---, ---, ---, ---, ---, ---, ---, ---, ---, ---, ---, ---, 
[2021-10-16T00:42:52.239+0400][gc,stats      ]     S: JVMTI Roots                    1 us, workers (us): ---, ---,   1, ---, ---, ---, ---, ---, ---, ---, ---, ---, ---, ---, ---, ---, ---, ---, ---, ---, ---, ---, ---, ---, ---, ---, ---, ---, ---, ---, ---, ---, ---, ---, ---, ---, ---, ---, ---, ---, ---, ---, ---, ---, ---, ---, ---, ---, ---, ---, ---, ---, ---, ---, ---, ---, 
[2021-10-16T00:42:52.239+0400][gc,stats      ]   Resize TLABs                        5 us
[2021-10-16T00:42:52.239+0400][gc,stats      ] Concurrent Marking                13132 us
[2021-10-16T00:42:52.239+0400][gc,stats      ] Pause Final Mark (G)                819 us
[2021-10-16T00:42:52.239+0400][gc,stats      ] Pause Final Mark (N)                688 us
[2021-10-16T00:42:52.239+0400][gc,stats      ]   Finish Queues                     396 us
[2021-10-16T00:42:52.239+0400][gc,stats      ]   System Purge                      105 us
[2021-10-16T00:42:52.239+0400][gc,stats      ]     Weak Roots                      104 us
[2021-10-16T00:42:52.239+0400][gc,stats      ]   Update Region States               86 us
[2021-10-16T00:42:52.239+0400][gc,stats      ]   Retire TLABs                       14 us
[2021-10-16T00:42:52.239+0400][gc,stats      ]   Choose Collection Set              63 us
[2021-10-16T00:42:52.239+0400][gc,stats      ]   Rebuild Free Set                   16 us
[2021-10-16T00:42:52.239+0400][gc,stats      ] Concurrent Cleanup                  382 us
[2021-10-16T00:42:52.239+0400][gc,stats      ] 
[2021-10-16T00:42:52.239+0400][gc,stats      ] Allocation pacing accrued:
[2021-10-16T00:42:52.239+0400][gc,stats      ]       0 of  1712 ms (  0.0%): <total>
[2021-10-16T00:42:52.239+0400][gc,stats      ]       0 of  1712 ms (  0.0%): <average total>
[2021-10-16T00:42:52.239+0400][gc,stats      ] 
[2021-10-16T00:42:52.239+0400][gc,metaspace  ] Metaspace: 89222K->89224K(1138688K)
[2021-10-16T00:42:52.239+0400][gc,ergo       ] Pacer for Idle. Initial: 204M, Alloc Tax Rate: 1.0x
[2021-10-16T00:42:53.875+0400][gc            ] Trigger: Free (1021M) is below minimum threshold (1023M)
[2021-10-16T00:42:53.875+0400][gc,ergo       ] Free: 1021M, Max: 4096K regular, 948M humongous, Frag: 7% external, 1% internal; Reserve: 512M, Max: 4096K
[2021-10-16T00:42:53.875+0400][gc,start      ] GC(18) Concurrent reset
[2021-10-16T00:42:53.875+0400][gc,task       ] GC(18) Using 28 of 56 workers for concurrent reset
[2021-10-16T00:42:53.875+0400][gc,ergo       ] GC(18) Pacer for Reset. Non-Taxable: 10240M
[2021-10-16T00:42:53.876+0400][gc            ] GC(18) Concurrent reset 0.613ms
[2021-10-16T00:42:53.876+0400][gc,start      ] GC(18) Pause Init Mark
[2021-10-16T00:42:53.876+0400][gc,task       ] GC(18) Using 56 of 56 workers for init marking
[2021-10-16T00:42:53.891+0400][gc,ergo       ] GC(18) Pacer for Mark. Expected Live: 102M, Free: 1021M, Non-Taxable: 102M, Alloc Tax Rate: 0.1x
[2021-10-16T00:42:53.891+0400][gc            ] GC(18) Pause Init Mark 14.661ms
[2021-10-16T00:42:53.891+0400][gc,start      ] GC(18) Concurrent marking
[2021-10-16T00:42:53.891+0400][gc,task       ] GC(18) Using 28 of 56 workers for concurrent marking
[2021-10-16T00:42:53.907+0400][gc            ] GC(18) Concurrent marking 15.671ms
[2021-10-16T00:42:53.907+0400][gc,start      ] GC(18) Pause Final Mark
[2021-10-16T00:42:53.907+0400][gc,task       ] GC(18) Using 56 of 56 workers for final marking
[2021-10-16T00:42:53.907+0400][gc,ergo       ] GC(18) Collectable Garbage: 8240M (95%), Immediate: 8240M (95%), CSet: 0B (0%)
[2021-10-16T00:42:53.907+0400][gc            ] GC(18) Pause Final Mark 0.693ms
[2021-10-16T00:42:53.907+0400][gc,start      ] GC(18) Concurrent cleanup
[2021-10-16T00:42:53.908+0400][gc            ] GC(18) Concurrent cleanup 8790M->590M(10240M) 0.367ms
[2021-10-16T00:42:53.908+0400][gc,ergo       ] GC(18) Free: 9137M, Max: 4096K regular, 2060M humongous, Frag: 78% external, 0% internal; Reserve: 512M, Max: 4096K
[2021-10-16T00:42:53.908+0400][gc,ergo       ] Free: 9137M, Max: 4096K regular, 2060M humongous, Frag: 78% external, 0% internal; Reserve: 512M, Max: 4096K
[2021-10-16T00:42:53.908+0400][gc,stats      ] 
[2021-10-16T00:42:53.908+0400][gc,stats      ] All times are wall-clock times, except per-root-class counters, that are sum over
[2021-10-16T00:42:53.908+0400][gc,stats      ] all workers. Dividing the <total> over the root stage time estimates parallelism.
[2021-10-16T00:42:53.908+0400][gc,stats      ] 
[2021-10-16T00:42:53.908+0400][gc,stats      ] Concurrent Reset                    599 us
[2021-10-16T00:42:53.908+0400][gc,stats      ] Pause Init Mark (G)               15065 us
[2021-10-16T00:42:53.908+0400][gc,stats      ] Pause Init Mark (N)               14620 us
[2021-10-16T00:42:53.908+0400][gc,stats      ]   Accumulate Stats                    6 us
[2021-10-16T00:42:53.908+0400][gc,stats      ]   Make Parsable                      51 us
[2021-10-16T00:42:53.908+0400][gc,stats      ]   Update Region States              164 us
[2021-10-16T00:42:53.908+0400][gc,stats      ]   Scan Roots                      14347 us, parallelism: 9.29x
[2021-10-16T00:42:53.908+0400][gc,stats      ]     S: <total>                   133236 us
[2021-10-16T00:42:53.908+0400][gc,stats      ]     S: Thread Roots                1525 us, workers (us):   2,   1,   2,   1,   1,   1,   1,   1,   3,   1,   1,   4,   5,   2,   2,   2,  44,   2,   9,   2,   1,   3,   1,  46,   3,   2,   2,   2,  62,   2,   3,  76,  90,  36,  99,  64,  47, 100,  99,  99,  99,  97,  99,  97,  97,  97,   2,   7,   6,   1,   1,   0,   0,   0,   0,   0, 
[2021-10-16T00:42:53.908+0400][gc,stats      ]     S: Universe Roots                 8 us, workers (us):   8, ---, ---, ---, ---, ---, ---, ---, ---, ---, ---, ---, ---, ---, ---, ---, ---, ---, ---, ---, ---, ---, ---, ---, ---, ---, ---, ---, ---, ---, ---, ---, ---, ---, ---, ---, ---, ---, ---, ---, ---, ---, ---, ---, ---, ---, ---, ---, ---, ---, ---, ---, ---, ---, ---, ---, 
[2021-10-16T00:42:53.908+0400][gc,stats      ]     S: JNI Handles Roots             14 us, workers (us): ---,  14, ---, ---, ---, ---, ---, ---, ---, ---, ---, ---, ---, ---, ---, ---, ---, ---, ---, ---, ---, ---, ---, ---, ---, ---, ---, ---, ---, ---, ---, ---, ---, ---, ---, ---, ---, ---, ---, ---, ---, ---, ---, ---, ---, ---, ---, ---, ---, ---, ---, ---, ---, ---, ---, ---, 
[2021-10-16T00:42:53.908+0400][gc,stats      ]     S: Synchronizer Roots             0 us, workers (us):   0, ---, ---, ---, ---, ---, ---, ---, ---, ---, ---, ---, ---, ---, ---, ---, ---, ---, ---, ---, ---, ---, ---, ---, ---, ---, ---, ---, ---, ---, ---, ---, ---, ---, ---, ---, ---, ---, ---, ---, ---, ---, ---, ---, ---, ---, ---, ---, ---, ---, ---, ---, ---, ---, ---, ---, 
[2021-10-16T00:42:53.908+0400][gc,stats      ]     S: Management Roots               2 us, workers (us):   2, ---, ---, ---, ---, ---, ---, ---, ---, ---, ---, ---, ---, ---, ---, ---, ---, ---, ---, ---, ---, ---, ---, ---, ---, ---, ---, ---, ---, ---, ---, ---, ---, ---, ---, ---, ---, ---, ---, ---, ---, ---, ---, ---, ---, ---, ---, ---, ---, ---, ---, ---, ---, ---, ---, ---, 
[2021-10-16T00:42:53.908+0400][gc,stats      ]     S: System Dict Roots             15 us, workers (us):  15, ---, ---, ---, ---, ---, ---, ---, ---, ---, ---, ---, ---, ---, ---, ---, ---, ---, ---, ---, ---, ---, ---, ---, ---, ---, ---, ---, ---, ---, ---, ---, ---, ---, ---, ---, ---, ---, ---, ---, ---, ---, ---, ---, ---, ---, ---, ---, ---, ---, ---, ---, ---, ---, ---, ---, 
[2021-10-16T00:42:53.908+0400][gc,stats      ]     S: CLDG Roots                131672 us, workers (us): 4722, 5307, 4721, 4668, 4671, 4668, 4672, 4672, 4672, 4668, 4672, 4664, 4662, 4659, 4658, 4656, ---, 4858, 4655, 4654, 4654, 4655, 4887, ---, 4652, 4650, 4649, 4649, ---, 4650, 4649, ---, ---, ---, ---, ---, ---, ---, ---, ---, ---, ---, ---, ---, ---, ---, ---, ---, ---, ---, ---, ---, ---, ---, ---, ---, 
[2021-10-16T00:42:53.908+0400][gc,stats      ]     S: JVMTI Roots                    1 us, workers (us): ---, ---,   1, ---, ---, ---, ---, ---, ---, ---, ---, ---, ---, ---, ---, ---, ---, ---, ---, ---, ---, ---, ---, ---, ---, ---, ---, ---, ---, ---, ---, ---, ---, ---, ---, ---, ---, ---, ---, ---, ---, ---, ---, ---, ---, ---, ---, ---, ---, ---, ---, ---, ---, ---, ---, ---, 
[2021-10-16T00:42:53.908+0400][gc,stats      ]   Resize TLABs                        3 us
[2021-10-16T00:42:53.908+0400][gc,stats      ] Concurrent Marking                15652 us
[2021-10-16T00:42:53.908+0400][gc,stats      ] Pause Final Mark (G)                836 us
[2021-10-16T00:42:53.908+0400][gc,stats      ] Pause Final Mark (N)                658 us
[2021-10-16T00:42:53.908+0400][gc,stats      ]   Finish Queues                     330 us
[2021-10-16T00:42:53.908+0400][gc,stats      ]   System Purge                      138 us
[2021-10-16T00:42:53.908+0400][gc,stats      ]     Weak Roots                      137 us
[2021-10-16T00:42:53.908+0400][gc,stats      ]   Update Region States               78 us
[2021-10-16T00:42:53.908+0400][gc,stats      ]   Retire TLABs                       14 us
[2021-10-16T00:42:53.908+0400][gc,stats      ]   Choose Collection Set              68 us
[2021-10-16T00:42:53.908+0400][gc,stats      ]   Rebuild Free Set                   20 us
[2021-10-16T00:42:53.908+0400][gc,stats      ] Concurrent Cleanup                  358 us
[2021-10-16T00:42:53.908+0400][gc,stats      ] 
[2021-10-16T00:42:53.908+0400][gc,stats      ] Allocation pacing accrued:
[2021-10-16T00:42:53.908+0400][gc,stats      ]       0 of  1669 ms (  0.0%): <total>
[2021-10-16T00:42:53.908+0400][gc,stats      ]       0 of  1669 ms (  0.0%): <average total>
[2021-10-16T00:42:53.908+0400][gc,stats      ] 
[2021-10-16T00:42:53.908+0400][gc,metaspace  ] Metaspace: 89662K->89671K(1138688K)
[2021-10-16T00:42:53.908+0400][gc,ergo       ] Pacer for Idle. Initial: 204M, Alloc Tax Rate: 1.0x
[2021-10-16T00:42:55.550+0400][gc            ] Trigger: Free (1021M) is below minimum threshold (1023M)
[2021-10-16T00:42:55.550+0400][gc,ergo       ] Free: 1021M, Max: 4096K regular, 928M humongous, Frag: 9% external, 1% internal; Reserve: 512M, Max: 4096K
[2021-10-16T00:42:55.550+0400][gc,start      ] GC(19) Concurrent reset
[2021-10-16T00:42:55.550+0400][gc,task       ] GC(19) Using 28 of 56 workers for concurrent reset
[2021-10-16T00:42:55.550+0400][gc,ergo       ] GC(19) Pacer for Reset. Non-Taxable: 10240M
[2021-10-16T00:42:55.551+0400][gc            ] GC(19) Concurrent reset 0.641ms
[2021-10-16T00:42:55.551+0400][gc,start      ] GC(19) Pause Init Mark
[2021-10-16T00:42:55.551+0400][gc,task       ] GC(19) Using 56 of 56 workers for init marking
[2021-10-16T00:42:55.558+0400][gc,ergo       ] GC(19) Pacer for Mark. Expected Live: 102M, Free: 1017M, Non-Taxable: 101M, Alloc Tax Rate: 0.1x
[2021-10-16T00:42:55.558+0400][gc            ] GC(19) Pause Init Mark 6.948ms
[2021-10-16T00:42:55.558+0400][gc,start      ] GC(19) Concurrent marking
[2021-10-16T00:42:55.558+0400][gc,task       ] GC(19) Using 28 of 56 workers for concurrent marking
[2021-10-16T00:42:55.572+0400][gc            ] GC(19) Concurrent marking 13.595ms
[2021-10-16T00:42:55.572+0400][gc,start      ] GC(19) Pause Final Mark
[2021-10-16T00:42:55.572+0400][gc,task       ] GC(19) Using 56 of 56 workers for final marking
[2021-10-16T00:42:55.572+0400][gc,ergo       ] GC(19) Collectable Garbage: 8224M (95%), Immediate: 8224M (95%), CSet: 0B (0%)
[2021-10-16T00:42:55.572+0400][gc            ] GC(19) Pause Final Mark 0.640ms
[2021-10-16T00:42:55.572+0400][gc,start      ] GC(19) Concurrent cleanup
[2021-10-16T00:42:55.573+0400][gc            ] GC(19) Concurrent cleanup 8790M->606M(10240M) 0.651ms
[2021-10-16T00:42:55.573+0400][gc,ergo       ] GC(19) Free: 9121M, Max: 4096K regular, 2700M humongous, Frag: 71% external, 0% internal; Reserve: 512M, Max: 4096K
[2021-10-16T00:42:55.573+0400][gc,ergo       ] Free: 9121M, Max: 4096K regular, 2700M humongous, Frag: 71% external, 0% internal; Reserve: 512M, Max: 4096K
[2021-10-16T00:42:55.573+0400][gc,stats      ] 
[2021-10-16T00:42:55.573+0400][gc,stats      ] All times are wall-clock times, except per-root-class counters, that are sum over
[2021-10-16T00:42:55.573+0400][gc,stats      ] all workers. Dividing the <total> over the root stage time estimates parallelism.
[2021-10-16T00:42:55.573+0400][gc,stats      ] 
[2021-10-16T00:42:55.573+0400][gc,stats      ] Concurrent Reset                    622 us
[2021-10-16T00:42:55.573+0400][gc,stats      ] Pause Init Mark (G)                7278 us
[2021-10-16T00:42:55.573+0400][gc,stats      ] Pause Init Mark (N)                6902 us
[2021-10-16T00:42:55.573+0400][gc,stats      ]   Accumulate Stats                    7 us
[2021-10-16T00:42:55.573+0400][gc,stats      ]   Make Parsable                      22 us
[2021-10-16T00:42:55.573+0400][gc,stats      ]   Update Region States              147 us
[2021-10-16T00:42:55.573+0400][gc,stats      ]   Scan Roots                       6647 us, parallelism: 23.28x
[2021-10-16T00:42:55.574+0400][gc,stats      ]     S: <total>                   154759 us
[2021-10-16T00:42:55.574+0400][gc,stats      ]     S: Thread Roots               12932 us, workers (us):   2,   1,   2,   1,   1,   1,   2,   1,   2,   2,   2,   1,   1,   2,   2,   1,   2,   1,   1,   2,   2,   1,   2,   3,   2,   2,   3,   1, 1149, 1159, 1189, 967, 1413, 1391, 1180, 1077,  12, 1072,  12,  23, 1099,   9, 1111,   9,   2,   2,   2,   2,   0,   0,   0,   0,   0,   0,   0,   0, 
[2021-10-16T00:42:55.574+0400][gc,stats      ]     S: Universe Roots                 5 us, workers (us):   5, ---, ---, ---, ---, ---, ---, ---, ---, ---, ---, ---, ---, ---, ---, ---, ---, ---, ---, ---, ---, ---, ---, ---, ---, ---, ---, ---, ---, ---, ---, ---, ---, ---, ---, ---, ---, ---, ---, ---, ---, ---, ---, ---, ---, ---, ---, ---, ---, ---, ---, ---, ---, ---, ---, ---, 
[2021-10-16T00:42:55.574+0400][gc,stats      ]     S: JNI Handles Roots              3 us, workers (us):   3, ---, ---, ---, ---, ---, ---, ---, ---, ---, ---, ---, ---, ---, ---, ---, ---, ---, ---, ---, ---, ---, ---, ---, ---, ---, ---, ---, ---, ---, ---, ---, ---, ---, ---, ---, ---, ---, ---, ---, ---, ---, ---, ---, ---, ---, ---, ---, ---, ---, ---, ---, ---, ---, ---, ---, 
[2021-10-16T00:42:55.574+0400][gc,stats      ]     S: Synchronizer Roots             0 us, workers (us): ---,   0, ---, ---, ---, ---, ---, ---, ---, ---, ---, ---, ---, ---, ---, ---, ---, ---, ---, ---, ---, ---, ---, ---, ---, ---, ---, ---, ---, ---, ---, ---, ---, ---, ---, ---, ---, ---, ---, ---, ---, ---, ---, ---, ---, ---, ---, ---, ---, ---, ---, ---, ---, ---, ---, ---, 
[2021-10-16T00:42:55.574+0400][gc,stats      ]     S: Management Roots               1 us, workers (us): ---,   1, ---, ---, ---, ---, ---, ---, ---, ---, ---, ---, ---, ---, ---, ---, ---, ---, ---, ---, ---, ---, ---, ---, ---, ---, ---, ---, ---, ---, ---, ---, ---, ---, ---, ---, ---, ---, ---, ---, ---, ---, ---, ---, ---, ---, ---, ---, ---, ---, ---, ---, ---, ---, ---, ---, 
[2021-10-16T00:42:55.574+0400][gc,stats      ]     S: System Dict Roots              6 us, workers (us): ---,   6, ---, ---, ---, ---, ---, ---, ---, ---, ---, ---, ---, ---, ---, ---, ---, ---, ---, ---, ---, ---, ---, ---, ---, ---, ---, ---, ---, ---, ---, ---, ---, ---, ---, ---, ---, ---, ---, ---, ---, ---, ---, ---, ---, ---, ---, ---, ---, ---, ---, ---, ---, ---, ---, ---, 
[2021-10-16T00:42:55.574+0400][gc,stats      ]     S: CLDG Roots                141810 us, workers (us): 5111, 5113, 5113, 5113, 5503, 5100, 5095, 5095, 5094, 5068, 5063, 5062, 5054, 5046, 5041, 5086, 5027, 4999, 4999, 4990, 4990, 4990, 4988, 4989, 4988, 4988, 4989, 5117, ---, ---, ---, ---, ---, ---, ---, ---, ---, ---, ---, ---, ---, ---, ---, ---, ---, ---, ---, ---, ---, ---, ---, ---, ---, ---, ---, ---, 
[2021-10-16T00:42:55.574+0400][gc,stats      ]     S: JVMTI Roots                    1 us, workers (us):   1, ---, ---, ---, ---, ---, ---, ---, ---, ---, ---, ---, ---, ---, ---, ---, ---, ---, ---, ---, ---, ---, ---, ---, ---, ---, ---, ---, ---, ---, ---, ---, ---, ---, ---, ---, ---, ---, ---, ---, ---, ---, ---, ---, ---, ---, ---, ---, ---, ---, ---, ---, ---, ---, ---, ---, 
[2021-10-16T00:42:55.574+0400][gc,stats      ]   Resize TLABs                        5 us
[2021-10-16T00:42:55.574+0400][gc,stats      ] Concurrent Marking                13539 us
[2021-10-16T00:42:55.574+0400][gc,stats      ] Pause Final Mark (G)                775 us
[2021-10-16T00:42:55.574+0400][gc,stats      ] Pause Final Mark (N)                613 us
[2021-10-16T00:42:55.574+0400][gc,stats      ]   Finish Queues                     350 us
[2021-10-16T00:42:55.574+0400][gc,stats      ]   System Purge                      104 us
[2021-10-16T00:42:55.574+0400][gc,stats      ]     Weak Roots                      104 us
[2021-10-16T00:42:55.574+0400][gc,stats      ]   Update Region States               73 us
[2021-10-16T00:42:55.574+0400][gc,stats      ]   Retire TLABs                       12 us
[2021-10-16T00:42:55.574+0400][gc,stats      ]   Choose Collection Set              50 us
[2021-10-16T00:42:55.574+0400][gc,stats      ]   Rebuild Free Set                   12 us
[2021-10-16T00:42:55.574+0400][gc,stats      ] Concurrent Cleanup                  623 us
[2021-10-16T00:42:55.574+0400][gc,stats      ] 
[2021-10-16T00:42:55.574+0400][gc,stats      ] Allocation pacing accrued:
[2021-10-16T00:42:55.574+0400][gc,stats      ]       0 of  1666 ms (  0.0%): <total>
[2021-10-16T00:42:55.574+0400][gc,stats      ]       0 of  1666 ms (  0.0%): <average total>
[2021-10-16T00:42:55.574+0400][gc,stats      ] 
[2021-10-16T00:42:55.574+0400][gc,metaspace  ] Metaspace: 90083K->90091K(1138688K)
[2021-10-16T00:42:55.574+0400][gc,ergo       ] Pacer for Idle. Initial: 204M, Alloc Tax Rate: 1.0x
[2021-10-16T00:42:57.267+0400][gc            ] Trigger: Free (1013M) is below minimum threshold (1023M)
[2021-10-16T00:42:57.267+0400][gc,ergo       ] Free: 1013M, Max: 4096K regular, 948M humongous, Frag: 6% external, 1% internal; Reserve: 512M, Max: 4096K
[2021-10-16T00:42:57.267+0400][gc,start      ] GC(20) Concurrent reset
[2021-10-16T00:42:57.267+0400][gc,task       ] GC(20) Using 28 of 56 workers for concurrent reset
[2021-10-16T00:42:57.267+0400][gc,ergo       ] GC(20) Pacer for Reset. Non-Taxable: 10240M
[2021-10-16T00:42:57.268+0400][gc            ] GC(20) Concurrent reset 0.626ms
[2021-10-16T00:42:57.268+0400][gc,start      ] GC(20) Pause Init Mark (process weakrefs)
[2021-10-16T00:42:57.268+0400][gc,task       ] GC(20) Using 56 of 56 workers for init marking
[2021-10-16T00:42:57.274+0400][gc,ergo       ] GC(20) Pacer for Mark. Expected Live: 102M, Free: 1013M, Non-Taxable: 101M, Alloc Tax Rate: 0.1x
[2021-10-16T00:42:57.274+0400][gc            ] GC(20) Pause Init Mark (process weakrefs) 6.125ms
[2021-10-16T00:42:57.274+0400][gc,start      ] GC(20) Concurrent marking (process weakrefs)
[2021-10-16T00:42:57.274+0400][gc,task       ] GC(20) Using 28 of 56 workers for concurrent marking
[2021-10-16T00:42:57.291+0400][gc            ] GC(20) Concurrent marking (process weakrefs) 16.807ms
[2021-10-16T00:42:57.291+0400][gc,start      ] GC(20) Concurrent precleaning
[2021-10-16T00:42:57.291+0400][gc,task       ] GC(20) Using 1 of 56 workers for concurrent preclean
[2021-10-16T00:42:57.291+0400][gc,ergo       ] GC(20) Pacer for Precleaning. Non-Taxable: 10240M
[2021-10-16T00:42:57.293+0400][gc            ] GC(20) Concurrent precleaning 1.415ms
[2021-10-16T00:42:57.293+0400][gc,start      ] GC(20) Pause Final Mark (process weakrefs)
[2021-10-16T00:42:57.293+0400][gc,task       ] GC(20) Using 56 of 56 workers for final marking
[2021-10-16T00:42:57.294+0400][gc,ergo       ] GC(20) Collectable Garbage: 8224M (95%), Immediate: 8224M (95%), CSet: 0B (0%)
[2021-10-16T00:42:57.294+0400][gc            ] GC(20) Pause Final Mark (process weakrefs) 0.939ms
[2021-10-16T00:42:57.294+0400][gc,start      ] GC(20) Concurrent cleanup
[2021-10-16T00:42:57.294+0400][gc            ] GC(20) Concurrent cleanup 8806M->606M(10240M) 0.360ms
[2021-10-16T00:42:57.294+0400][gc,ergo       ] GC(20) Free: 9121M, Max: 4096K regular, 2700M humongous, Frag: 71% external, 0% internal; Reserve: 512M, Max: 4096K
[2021-10-16T00:42:57.294+0400][gc,ergo       ] Free: 9109M, Max: 4096K regular, 2700M humongous, Frag: 71% external, 0% internal; Reserve: 512M, Max: 4096K
[2021-10-16T00:42:57.294+0400][gc,stats      ] 
[2021-10-16T00:42:57.294+0400][gc,stats      ] All times are wall-clock times, except per-root-class counters, that are sum over
[2021-10-16T00:42:57.294+0400][gc,stats      ] all workers. Dividing the <total> over the root stage time estimates parallelism.
[2021-10-16T00:42:57.294+0400][gc,stats      ] 
[2021-10-16T00:42:57.294+0400][gc,stats      ] Concurrent Reset                    598 us
[2021-10-16T00:42:57.294+0400][gc,stats      ] Pause Init Mark (G)                6497 us
[2021-10-16T00:42:57.294+0400][gc,stats      ] Pause Init Mark (N)                6077 us
[2021-10-16T00:42:57.294+0400][gc,stats      ]   Accumulate Stats                    6 us
[2021-10-16T00:42:57.294+0400][gc,stats      ]   Make Parsable                      22 us
[2021-10-16T00:42:57.294+0400][gc,stats      ]   Update Region States              150 us
[2021-10-16T00:42:57.294+0400][gc,stats      ]   Scan Roots                       5824 us, parallelism: 21.39x
[2021-10-16T00:42:57.294+0400][gc,stats      ]     S: <total>                   124599 us
[2021-10-16T00:42:57.294+0400][gc,stats      ]     S: Thread Roots                 770 us, workers (us):   2,   2,   1,   2,   1,   3,   3,   1,   2,   2,   1,   1,   1,   1,   2,   2,   2,   2,   3,   3,   2,   3,   2,   3,   3,   3,   2,   3,  76,  80,  75,  75,  75,  75,  73,  48,  55,  36,  14,   5,   2,   2,   2,   2,   2,   2,   2,   2,   2,   2,   1,   2,   0,   0,   0,   0, 
[2021-10-16T00:42:57.294+0400][gc,stats      ]     S: Universe Roots                 4 us, workers (us):   4, ---, ---, ---, ---, ---, ---, ---, ---, ---, ---, ---, ---, ---, ---, ---, ---, ---, ---, ---, ---, ---, ---, ---, ---, ---, ---, ---, ---, ---, ---, ---, ---, ---, ---, ---, ---, ---, ---, ---, ---, ---, ---, ---, ---, ---, ---, ---, ---, ---, ---, ---, ---, ---, ---, ---, 
[2021-10-16T00:42:57.294+0400][gc,stats      ]     S: JNI Handles Roots              4 us, workers (us): ---,   4, ---, ---, ---, ---, ---, ---, ---, ---, ---, ---, ---, ---, ---, ---, ---, ---, ---, ---, ---, ---, ---, ---, ---, ---, ---, ---, ---, ---, ---, ---, ---, ---, ---, ---, ---, ---, ---, ---, ---, ---, ---, ---, ---, ---, ---, ---, ---, ---, ---, ---, ---, ---, ---, ---, 
[2021-10-16T00:42:57.294+0400][gc,stats      ]     S: Synchronizer Roots             0 us, workers (us):   0, ---, ---, ---, ---, ---, ---, ---, ---, ---, ---, ---, ---, ---, ---, ---, ---, ---, ---, ---, ---, ---, ---, ---, ---, ---, ---, ---, ---, ---, ---, ---, ---, ---, ---, ---, ---, ---, ---, ---, ---, ---, ---, ---, ---, ---, ---, ---, ---, ---, ---, ---, ---, ---, ---, ---, 
[2021-10-16T00:42:57.294+0400][gc,stats      ]     S: Management Roots               2 us, workers (us):   2, ---, ---, ---, ---, ---, ---, ---, ---, ---, ---, ---, ---, ---, ---, ---, ---, ---, ---, ---, ---, ---, ---, ---, ---, ---, ---, ---, ---, ---, ---, ---, ---, ---, ---, ---, ---, ---, ---, ---, ---, ---, ---, ---, ---, ---, ---, ---, ---, ---, ---, ---, ---, ---, ---, ---, 
[2021-10-16T00:42:57.294+0400][gc,stats      ]     S: System Dict Roots              8 us, workers (us):   8, ---, ---, ---, ---, ---, ---, ---, ---, ---, ---, ---, ---, ---, ---, ---, ---, ---, ---, ---, ---, ---, ---, ---, ---, ---, ---, ---, ---, ---, ---, ---, ---, ---, ---, ---, ---, ---, ---, ---, ---, ---, ---, ---, ---, ---, ---, ---, ---, ---, ---, ---, ---, ---, ---, ---, 
[2021-10-16T00:42:57.294+0400][gc,stats      ]     S: CLDG Roots                123811 us, workers (us): 4502, 4504, 4549, 4618, 4506, 4459, 4458, 4446, 4436, 4435, 4430, 4394, 4396, 4499, 4379, 4372, 4372, 4372, 4370, 4369, 4370, 4370, 4369, 4368, 4367, 4367, 4368, 4366, ---, ---, ---, ---, ---, ---, ---, ---, ---, ---, ---, ---, ---, ---, ---, ---, ---, ---, ---, ---, ---, ---, ---, ---, ---, ---, ---, ---, 
[2021-10-16T00:42:57.294+0400][gc,stats      ]     S: JVMTI Roots                    1 us, workers (us): ---, ---,   1, ---, ---, ---, ---, ---, ---, ---, ---, ---, ---, ---, ---, ---, ---, ---, ---, ---, ---, ---, ---, ---, ---, ---, ---, ---, ---, ---, ---, ---, ---, ---, ---, ---, ---, ---, ---, ---, ---, ---, ---, ---, ---, ---, ---, ---, ---, ---, ---, ---, ---, ---, ---, ---, 
[2021-10-16T00:42:57.294+0400][gc,stats      ]   Resize TLABs                        6 us
[2021-10-16T00:42:57.294+0400][gc,stats      ] Concurrent Marking                16756 us
[2021-10-16T00:42:57.294+0400][gc,stats      ] Concurrent Precleaning             1405 us
[2021-10-16T00:42:57.294+0400][gc,stats      ] Pause Final Mark (G)               1207 us
[2021-10-16T00:42:57.294+0400][gc,stats      ] Pause Final Mark (N)                914 us
[2021-10-16T00:42:57.294+0400][gc,stats      ]   Finish Queues                     576 us
[2021-10-16T00:42:57.294+0400][gc,stats      ]   Weak References                    28 us
[2021-10-16T00:42:57.294+0400][gc,stats      ]     Process                          20 us
[2021-10-16T00:42:57.294+0400][gc,stats      ]   System Purge                      120 us
[2021-10-16T00:42:57.294+0400][gc,stats      ]     Weak Roots                      119 us
[2021-10-16T00:42:57.294+0400][gc,stats      ]   Update Region States               87 us
[2021-10-16T00:42:57.294+0400][gc,stats      ]   Retire TLABs                       13 us
[2021-10-16T00:42:57.294+0400][gc,stats      ]   Choose Collection Set              64 us
[2021-10-16T00:42:57.294+0400][gc,stats      ]   Rebuild Free Set                   19 us
[2021-10-16T00:42:57.294+0400][gc,stats      ] Concurrent Cleanup                  346 us
[2021-10-16T00:42:57.294+0400][gc,stats      ] 
[2021-10-16T00:42:57.294+0400][gc,stats      ] Allocation pacing accrued:
[2021-10-16T00:42:57.294+0400][gc,stats      ]       0 of  1721 ms (  0.0%): <total>
[2021-10-16T00:42:57.294+0400][gc,stats      ]       0 of  1721 ms (  0.0%): <average total>
[2021-10-16T00:42:57.294+0400][gc,stats      ] 
[2021-10-16T00:42:57.295+0400][gc,metaspace  ] Metaspace: 90482K->90484K(1138688K)
[2021-10-16T00:42:57.295+0400][gc,ergo       ] Pacer for Idle. Initial: 204M, Alloc Tax Rate: 1.0x
[2021-10-16T00:42:58.982+0400][gc            ] Trigger: Free (1021M) is below minimum threshold (1023M)
[2021-10-16T00:42:58.982+0400][gc,ergo       ] Free: 1021M, Max: 4096K regular, 912M humongous, Frag: 10% external, 1% internal; Reserve: 512M, Max: 4096K
[2021-10-16T00:42:58.982+0400][gc,start      ] GC(21) Concurrent reset
[2021-10-16T00:42:58.982+0400][gc,task       ] GC(21) Using 28 of 56 workers for concurrent reset
[2021-10-16T00:42:58.982+0400][gc,ergo       ] GC(21) Pacer for Reset. Non-Taxable: 10240M
[2021-10-16T00:42:58.983+0400][gc            ] GC(21) Concurrent reset 0.619ms
[2021-10-16T00:42:58.983+0400][gc,start      ] GC(21) Pause Init Mark
[2021-10-16T00:42:58.983+0400][gc,task       ] GC(21) Using 56 of 56 workers for init marking
[2021-10-16T00:42:58.991+0400][gc,ergo       ] GC(21) Pacer for Mark. Expected Live: 102M, Free: 1017M, Non-Taxable: 101M, Alloc Tax Rate: 0.1x
[2021-10-16T00:42:58.991+0400][gc            ] GC(21) Pause Init Mark 7.707ms
[2021-10-16T00:42:58.991+0400][gc,start      ] GC(21) Concurrent marking
[2021-10-16T00:42:58.991+0400][gc,task       ] GC(21) Using 28 of 56 workers for concurrent marking
[2021-10-16T00:42:59.004+0400][gc            ] GC(21) Concurrent marking 12.744ms
[2021-10-16T00:42:59.004+0400][gc,start      ] GC(21) Pause Final Mark
[2021-10-16T00:42:59.004+0400][gc,task       ] GC(21) Using 56 of 56 workers for final marking
[2021-10-16T00:42:59.004+0400][gc,ergo       ] GC(21) Collectable Garbage: 8220M (95%), Immediate: 8220M (95%), CSet: 0B (0%)
[2021-10-16T00:42:59.004+0400][gc            ] GC(21) Pause Final Mark 0.657ms
[2021-10-16T00:42:59.005+0400][gc,start      ] GC(21) Concurrent cleanup
[2021-10-16T00:42:59.005+0400][gc            ] GC(21) Concurrent cleanup 8786M->606M(10240M) 0.257ms
[2021-10-16T00:42:59.005+0400][gc,ergo       ] GC(21) Free: 9121M, Max: 4096K regular, 2700M humongous, Frag: 71% external, 0% internal; Reserve: 512M, Max: 4096K
[2021-10-16T00:42:59.005+0400][gc,ergo       ] Free: 9121M, Max: 4096K regular, 2700M humongous, Frag: 71% external, 0% internal; Reserve: 512M, Max: 4096K
[2021-10-16T00:42:59.005+0400][gc,stats      ] 
[2021-10-16T00:42:59.005+0400][gc,stats      ] All times are wall-clock times, except per-root-class counters, that are sum over
[2021-10-16T00:42:59.005+0400][gc,stats      ] all workers. Dividing the <total> over the root stage time estimates parallelism.
[2021-10-16T00:42:59.005+0400][gc,stats      ] 
[2021-10-16T00:42:59.005+0400][gc,stats      ] Concurrent Reset                    599 us
[2021-10-16T00:42:59.005+0400][gc,stats      ] Pause Init Mark (G)                7973 us
[2021-10-16T00:42:59.005+0400][gc,stats      ] Pause Init Mark (N)                7680 us
[2021-10-16T00:42:59.005+0400][gc,stats      ]   Accumulate Stats                    4 us
[2021-10-16T00:42:59.005+0400][gc,stats      ]   Make Parsable                      15 us
[2021-10-16T00:42:59.005+0400][gc,stats      ]   Update Region States              125 us
[2021-10-16T00:42:59.005+0400][gc,stats      ]   Scan Roots                       7503 us, parallelism: 23.20x
[2021-10-16T00:42:59.005+0400][gc,stats      ]     S: <total>                   174105 us
[2021-10-16T00:42:59.005+0400][gc,stats      ]     S: Thread Roots                 564 us, workers (us):   1,   2,   1,   2,   2,   2,   1,   2,   1,   2,   2,   1,   2,   2,   1,   2,   3,   1,   2,   1,   2,   2,   2,   2,   2,   2,   2,   1,  73,  62,  53,  53,  48,  43,  42,  45,  45,  35,   6,   3,   0,   0,   2,   0,   0,   0,   0,   2,   0,   0,   0,   2,   0,   0,   0,   0, 
[2021-10-16T00:42:59.005+0400][gc,stats      ]     S: Universe Roots                 4 us, workers (us):   4, ---, ---, ---, ---, ---, ---, ---, ---, ---, ---, ---, ---, ---, ---, ---, ---, ---, ---, ---, ---, ---, ---, ---, ---, ---, ---, ---, ---, ---, ---, ---, ---, ---, ---, ---, ---, ---, ---, ---, ---, ---, ---, ---, ---, ---, ---, ---, ---, ---, ---, ---, ---, ---, ---, ---, 
[2021-10-16T00:42:59.005+0400][gc,stats      ]     S: JNI Handles Roots              3 us, workers (us):   3, ---, ---, ---, ---, ---, ---, ---, ---, ---, ---, ---, ---, ---, ---, ---, ---, ---, ---, ---, ---, ---, ---, ---, ---, ---, ---, ---, ---, ---, ---, ---, ---, ---, ---, ---, ---, ---, ---, ---, ---, ---, ---, ---, ---, ---, ---, ---, ---, ---, ---, ---, ---, ---, ---, ---, 
[2021-10-16T00:42:59.005+0400][gc,stats      ]     S: Synchronizer Roots             1 us, workers (us): ---,   1, ---, ---, ---, ---, ---, ---, ---, ---, ---, ---, ---, ---, ---, ---, ---, ---, ---, ---, ---, ---, ---, ---, ---, ---, ---, ---, ---, ---, ---, ---, ---, ---, ---, ---, ---, ---, ---, ---, ---, ---, ---, ---, ---, ---, ---, ---, ---, ---, ---, ---, ---, ---, ---, ---, 
[2021-10-16T00:42:59.005+0400][gc,stats      ]     S: Management Roots               2 us, workers (us): ---,   2, ---, ---, ---, ---, ---, ---, ---, ---, ---, ---, ---, ---, ---, ---, ---, ---, ---, ---, ---, ---, ---, ---, ---, ---, ---, ---, ---, ---, ---, ---, ---, ---, ---, ---, ---, ---, ---, ---, ---, ---, ---, ---, ---, ---, ---, ---, ---, ---, ---, ---, ---, ---, ---, ---, 
[2021-10-16T00:42:59.005+0400][gc,stats      ]     S: System Dict Roots              6 us, workers (us): ---, ---,   6, ---, ---, ---, ---, ---, ---, ---, ---, ---, ---, ---, ---, ---, ---, ---, ---, ---, ---, ---, ---, ---, ---, ---, ---, ---, ---, ---, ---, ---, ---, ---, ---, ---, ---, ---, ---, ---, ---, ---, ---, ---, ---, ---, ---, ---, ---, ---, ---, ---, ---, ---, ---, ---, 
[2021-10-16T00:42:59.005+0400][gc,stats      ]     S: CLDG Roots                173525 us, workers (us): 6208, 6211, 6204, 6210, 6205, 6203, 6199, 6197, 6196, 6191, 6189, 6185, 6181, 6295, 6180, 6179, 6172, 6216, 6168, 6170, 6159, 6158, 6156, 6152, 6148, 6146, 6144, 6504, ---, ---, ---, ---, ---, ---, ---, ---, ---, ---, ---, ---, ---, ---, ---, ---, ---, ---, ---, ---, ---, ---, ---, ---, ---, ---, ---, ---, 
[2021-10-16T00:42:59.005+0400][gc,stats      ]     S: JVMTI Roots                    1 us, workers (us): ---, ---, ---,   1, ---, ---, ---, ---, ---, ---, ---, ---, ---, ---, ---, ---, ---, ---, ---, ---, ---, ---, ---, ---, ---, ---, ---, ---, ---, ---, ---, ---, ---, ---, ---, ---, ---, ---, ---, ---, ---, ---, ---, ---, ---, ---, ---, ---, ---, ---, ---, ---, ---, ---, ---, ---, 
[2021-10-16T00:42:59.005+0400][gc,stats      ]   Resize TLABs                        2 us
[2021-10-16T00:42:59.005+0400][gc,stats      ] Concurrent Marking                12716 us
[2021-10-16T00:42:59.005+0400][gc,stats      ] Pause Final Mark (G)                807 us
[2021-10-16T00:42:59.005+0400][gc,stats      ] Pause Final Mark (N)                638 us
[2021-10-16T00:42:59.005+0400][gc,stats      ]   Finish Queues                     381 us
[2021-10-16T00:42:59.005+0400][gc,stats      ]   System Purge                      103 us
[2021-10-16T00:42:59.005+0400][gc,stats      ]     Weak Roots                      103 us
[2021-10-16T00:42:59.005+0400][gc,stats      ]   Update Region States               76 us
[2021-10-16T00:42:59.005+0400][gc,stats      ]   Retire TLABs                       13 us
[2021-10-16T00:42:59.005+0400][gc,stats      ]   Choose Collection Set              46 us
[2021-10-16T00:42:59.005+0400][gc,stats      ]   Rebuild Free Set                   11 us
[2021-10-16T00:42:59.005+0400][gc,stats      ] Concurrent Cleanup                  247 us
[2021-10-16T00:42:59.005+0400][gc,stats      ] 
[2021-10-16T00:42:59.005+0400][gc,stats      ] Allocation pacing accrued:
[2021-10-16T00:42:59.005+0400][gc,stats      ]       0 of  1711 ms (  0.0%): <total>
[2021-10-16T00:42:59.005+0400][gc,stats      ]       0 of  1711 ms (  0.0%): <average total>
[2021-10-16T00:42:59.005+0400][gc,stats      ] 
[2021-10-16T00:42:59.005+0400][gc,metaspace  ] Metaspace: 90778K->90779K(1138688K)
[2021-10-16T00:42:59.005+0400][gc,ergo       ] Pacer for Idle. Initial: 204M, Alloc Tax Rate: 1.0x
[2021-10-16T00:43:00.697+0400][gc            ] Trigger: Free (1021M) is below minimum threshold (1023M)
[2021-10-16T00:43:00.697+0400][gc,ergo       ] Free: 1021M, Max: 4096K regular, 968M humongous, Frag: 5% external, 1% internal; Reserve: 512M, Max: 4096K
[2021-10-16T00:43:00.697+0400][gc,start      ] GC(22) Concurrent reset
[2021-10-16T00:43:00.697+0400][gc,task       ] GC(22) Using 28 of 56 workers for concurrent reset
[2021-10-16T00:43:00.697+0400][gc,ergo       ] GC(22) Pacer for Reset. Non-Taxable: 10240M
[2021-10-16T00:43:00.698+0400][gc            ] GC(22) Concurrent reset 0.595ms
[2021-10-16T00:43:00.698+0400][gc,start      ] GC(22) Pause Init Mark
[2021-10-16T00:43:00.698+0400][gc,task       ] GC(22) Using 56 of 56 workers for init marking
[2021-10-16T00:43:00.713+0400][gc,ergo       ] GC(22) Pacer for Mark. Expected Live: 102M, Free: 1013M, Non-Taxable: 101M, Alloc Tax Rate: 0.1x
[2021-10-16T00:43:00.713+0400][gc            ] GC(22) Pause Init Mark 15.103ms
[2021-10-16T00:43:00.713+0400][gc,start      ] GC(22) Concurrent marking
[2021-10-16T00:43:00.713+0400][gc,task       ] GC(22) Using 28 of 56 workers for concurrent marking
[2021-10-16T00:43:00.727+0400][gc            ] GC(22) Concurrent marking 13.700ms
[2021-10-16T00:43:00.727+0400][gc,start      ] GC(22) Pause Final Mark
[2021-10-16T00:43:00.727+0400][gc,task       ] GC(22) Using 56 of 56 workers for final marking
[2021-10-16T00:43:00.728+0400][gc,ergo       ] GC(22) Collectable Garbage: 8220M (95%), Immediate: 8220M (95%), CSet: 0B (0%)
[2021-10-16T00:43:00.728+0400][gc            ] GC(22) Pause Final Mark 0.632ms
[2021-10-16T00:43:00.728+0400][gc,start      ] GC(22) Concurrent cleanup
[2021-10-16T00:43:00.728+0400][gc            ] GC(22) Concurrent cleanup 8790M->610M(10240M) 0.249ms
[2021-10-16T00:43:00.728+0400][gc,ergo       ] GC(22) Free: 9117M, Max: 4096K regular, 2700M humongous, Frag: 71% external, 0% internal; Reserve: 512M, Max: 4096K
[2021-10-16T00:43:00.728+0400][gc,ergo       ] Free: 9117M, Max: 4096K regular, 2700M humongous, Frag: 71% external, 0% internal; Reserve: 512M, Max: 4096K
[2021-10-16T00:43:00.728+0400][gc,stats      ] 
[2021-10-16T00:43:00.728+0400][gc,stats      ] All times are wall-clock times, except per-root-class counters, that are sum over
[2021-10-16T00:43:00.728+0400][gc,stats      ] all workers. Dividing the <total> over the root stage time estimates parallelism.
[2021-10-16T00:43:00.728+0400][gc,stats      ] 
[2021-10-16T00:43:00.728+0400][gc,stats      ] Concurrent Reset                    584 us
[2021-10-16T00:43:00.728+0400][gc,stats      ] Pause Init Mark (G)               15495 us
[2021-10-16T00:43:00.728+0400][gc,stats      ] Pause Init Mark (N)               15056 us
[2021-10-16T00:43:00.728+0400][gc,stats      ]   Accumulate Stats                    5 us
[2021-10-16T00:43:00.728+0400][gc,stats      ]   Make Parsable                      48 us
[2021-10-16T00:43:00.728+0400][gc,stats      ]   Update Region States              148 us
[2021-10-16T00:43:00.728+0400][gc,stats      ]   Scan Roots                      14806 us, parallelism: 11.05x
[2021-10-16T00:43:00.728+0400][gc,stats      ]     S: <total>                   163658 us
[2021-10-16T00:43:00.728+0400][gc,stats      ]     S: Thread Roots                 986 us, workers (us):   2,   1,   2,   3,   8,   1,   2,   1,   1,   2,   6,   2,   3,   3,   3,   3,   2,   2,   8,   3,   9,   8,   3,   2,   2,   6,   2,  76,  58,   2,  47,  74,  42,  69,  67,  70,  67,  13,  59,  11,  61,   1,   5,  58,  58,  58,   0,   0,   0,   0,   0,   0,   0,   0,   0,   0, 
[2021-10-16T00:43:00.728+0400][gc,stats      ]     S: Universe Roots                 4 us, workers (us):   4, ---, ---, ---, ---, ---, ---, ---, ---, ---, ---, ---, ---, ---, ---, ---, ---, ---, ---, ---, ---, ---, ---, ---, ---, ---, ---, ---, ---, ---, ---, ---, ---, ---, ---, ---, ---, ---, ---, ---, ---, ---, ---, ---, ---, ---, ---, ---, ---, ---, ---, ---, ---, ---, ---, ---, 
[2021-10-16T00:43:00.728+0400][gc,stats      ]     S: JNI Handles Roots              7 us, workers (us): ---,   7, ---, ---, ---, ---, ---, ---, ---, ---, ---, ---, ---, ---, ---, ---, ---, ---, ---, ---, ---, ---, ---, ---, ---, ---, ---, ---, ---, ---, ---, ---, ---, ---, ---, ---, ---, ---, ---, ---, ---, ---, ---, ---, ---, ---, ---, ---, ---, ---, ---, ---, ---, ---, ---, ---, 
[2021-10-16T00:43:00.728+0400][gc,stats      ]     S: Synchronizer Roots             0 us, workers (us): ---,   0, ---, ---, ---, ---, ---, ---, ---, ---, ---, ---, ---, ---, ---, ---, ---, ---, ---, ---, ---, ---, ---, ---, ---, ---, ---, ---, ---, ---, ---, ---, ---, ---, ---, ---, ---, ---, ---, ---, ---, ---, ---, ---, ---, ---, ---, ---, ---, ---, ---, ---, ---, ---, ---, ---, 
[2021-10-16T00:43:00.728+0400][gc,stats      ]     S: Management Roots               1 us, workers (us): ---,   1, ---, ---, ---, ---, ---, ---, ---, ---, ---, ---, ---, ---, ---, ---, ---, ---, ---, ---, ---, ---, ---, ---, ---, ---, ---, ---, ---, ---, ---, ---, ---, ---, ---, ---, ---, ---, ---, ---, ---, ---, ---, ---, ---, ---, ---, ---, ---, ---, ---, ---, ---, ---, ---, ---, 
[2021-10-16T00:43:00.728+0400][gc,stats      ]     S: System Dict Roots              9 us, workers (us):   9, ---, ---, ---, ---, ---, ---, ---, ---, ---, ---, ---, ---, ---, ---, ---, ---, ---, ---, ---, ---, ---, ---, ---, ---, ---, ---, ---, ---, ---, ---, ---, ---, ---, ---, ---, ---, ---, ---, ---, ---, ---, ---, ---, ---, ---, ---, ---, ---, ---, ---, ---, ---, ---, ---, ---, 
[2021-10-16T00:43:00.728+0400][gc,stats      ]     S: CLDG Roots                162651 us, workers (us): 5835, 5919, 5840, 5819, 5814, 5808, 5799, 5863, 5776, 5766, 5765, 6490, 5765, 5765, 5762, 5761, 5761, 5760, 5760, 5759, 5761, 5760, 5758, 5759, 5757, 5757, 5756, ---, ---, 5756, ---, ---, ---, ---, ---, ---, ---, ---, ---, ---, ---, ---, ---, ---, ---, ---, ---, ---, ---, ---, ---, ---, ---, ---, ---, ---, 
[2021-10-16T00:43:00.728+0400][gc,stats      ]     S: JVMTI Roots                    1 us, workers (us): ---,   1, ---, ---, ---, ---, ---, ---, ---, ---, ---, ---, ---, ---, ---, ---, ---, ---, ---, ---, ---, ---, ---, ---, ---, ---, ---, ---, ---, ---, ---, ---, ---, ---, ---, ---, ---, ---, ---, ---, ---, ---, ---, ---, ---, ---, ---, ---, ---, ---, ---, ---, ---, ---, ---, ---, 
[2021-10-16T00:43:00.728+0400][gc,stats      ]   Resize TLABs                        3 us
[2021-10-16T00:43:00.728+0400][gc,stats      ] Concurrent Marking                13666 us
[2021-10-16T00:43:00.728+0400][gc,stats      ] Pause Final Mark (G)                752 us
[2021-10-16T00:43:00.728+0400][gc,stats      ] Pause Final Mark (N)                614 us
[2021-10-16T00:43:00.728+0400][gc,stats      ]   Finish Queues                     347 us
[2021-10-16T00:43:00.728+0400][gc,stats      ]   System Purge                      110 us
[2021-10-16T00:43:00.728+0400][gc,stats      ]     Weak Roots                      109 us
[2021-10-16T00:43:00.728+0400][gc,stats      ]   Update Region States               73 us
[2021-10-16T00:43:00.728+0400][gc,stats      ]   Retire TLABs                       13 us
[2021-10-16T00:43:00.728+0400][gc,stats      ]   Choose Collection Set              47 us
[2021-10-16T00:43:00.728+0400][gc,stats      ]   Rebuild Free Set                   11 us
[2021-10-16T00:43:00.728+0400][gc,stats      ] Concurrent Cleanup                  239 us
[2021-10-16T00:43:00.728+0400][gc,stats      ] 
[2021-10-16T00:43:00.728+0400][gc,stats      ] Allocation pacing accrued:
[2021-10-16T00:43:00.728+0400][gc,stats      ]       0 of  1723 ms (  0.0%): <total>
[2021-10-16T00:43:00.728+0400][gc,stats      ]       0 of  1723 ms (  0.0%): <average total>
[2021-10-16T00:43:00.728+0400][gc,stats      ] 
[2021-10-16T00:43:00.728+0400][gc,metaspace  ] Metaspace: 91188K->91192K(1140736K)
[2021-10-16T00:43:00.728+0400][gc,ergo       ] Pacer for Idle. Initial: 204M, Alloc Tax Rate: 1.0x
[2021-10-16T00:43:02.415+0400][gc            ] Trigger: Free (1017M) is below minimum threshold (1023M)
[2021-10-16T00:43:02.415+0400][gc,ergo       ] Free: 1013M, Max: 4096K regular, 928M humongous, Frag: 8% external, 1% internal; Reserve: 512M, Max: 4096K
[2021-10-16T00:43:02.415+0400][gc,start      ] GC(23) Concurrent reset
[2021-10-16T00:43:02.415+0400][gc,task       ] GC(23) Using 28 of 56 workers for concurrent reset
[2021-10-16T00:43:02.415+0400][gc,ergo       ] GC(23) Pacer for Reset. Non-Taxable: 10240M
[2021-10-16T00:43:02.416+0400][gc            ] GC(23) Concurrent reset 0.602ms
[2021-10-16T00:43:02.416+0400][gc,start      ] GC(23) Pause Init Mark
[2021-10-16T00:43:02.416+0400][gc,task       ] GC(23) Using 56 of 56 workers for init marking
[2021-10-16T00:43:02.422+0400][gc,ergo       ] GC(23) Pacer for Mark. Expected Live: 102M, Free: 1013M, Non-Taxable: 101M, Alloc Tax Rate: 0.1x
[2021-10-16T00:43:02.422+0400][gc            ] GC(23) Pause Init Mark 6.122ms
[2021-10-16T00:43:02.422+0400][gc,start      ] GC(23) Concurrent marking
[2021-10-16T00:43:02.422+0400][gc,task       ] GC(23) Using 28 of 56 workers for concurrent marking
[2021-10-16T00:43:02.440+0400][gc            ] GC(23) Concurrent marking 17.575ms
[2021-10-16T00:43:02.440+0400][gc,start      ] GC(23) Pause Final Mark
[2021-10-16T00:43:02.440+0400][gc,task       ] GC(23) Using 56 of 56 workers for final marking
[2021-10-16T00:43:02.441+0400][gc,ergo       ] GC(23) Collectable Garbage: 8212M (95%), Immediate: 8212M (95%), CSet: 0B (0%)
[2021-10-16T00:43:02.441+0400][gc            ] GC(23) Pause Final Mark 1.020ms
[2021-10-16T00:43:02.441+0400][gc,start      ] GC(23) Concurrent cleanup
[2021-10-16T00:43:02.441+0400][gc            ] GC(23) Concurrent cleanup 8806M->634M(10240M) 0.672ms
[2021-10-16T00:43:02.442+0400][gc,ergo       ] GC(23) Free: 9093M, Max: 4096K regular, 2700M humongous, Frag: 71% external, 0% internal; Reserve: 512M, Max: 4096K
[2021-10-16T00:43:02.442+0400][gc,ergo       ] Free: 9093M, Max: 4096K regular, 2700M humongous, Frag: 71% external, 0% internal; Reserve: 512M, Max: 4096K
[2021-10-16T00:43:02.442+0400][gc,stats      ] 
[2021-10-16T00:43:02.442+0400][gc,stats      ] All times are wall-clock times, except per-root-class counters, that are sum over
[2021-10-16T00:43:02.442+0400][gc,stats      ] all workers. Dividing the <total> over the root stage time estimates parallelism.
[2021-10-16T00:43:02.442+0400][gc,stats      ] 
[2021-10-16T00:43:02.442+0400][gc,stats      ] Concurrent Reset                    583 us
[2021-10-16T00:43:02.442+0400][gc,stats      ] Pause Init Mark (G)                6436 us
[2021-10-16T00:43:02.442+0400][gc,stats      ] Pause Init Mark (N)                6066 us
[2021-10-16T00:43:02.442+0400][gc,stats      ]   Accumulate Stats                    6 us
[2021-10-16T00:43:02.442+0400][gc,stats      ]   Make Parsable                      22 us
[2021-10-16T00:43:02.442+0400][gc,stats      ]   Update Region States              144 us
[2021-10-16T00:43:02.442+0400][gc,stats      ]   Scan Roots                       5830 us, parallelism: 21.46x
[2021-10-16T00:43:02.442+0400][gc,stats      ]     S: <total>                   125091 us
[2021-10-16T00:43:02.442+0400][gc,stats      ]     S: Thread Roots                 890 us, workers (us):   1,   1,   1,   3,   3,   2,   2,   1,   2,   3,   2,   2,   1,   2,   0,   1,   1,   1,   2,   2,   2,   2,   1,   1,   2,   2,   3,  14,  14,  49,  37,   3,  18,  14,  68,  65,  63,  67,  34,  63,  64,  61,  64,  63,  13,  61,   4,   2,   0,   0,   0,   0,   0,   0,   0,   0, 
[2021-10-16T00:43:02.442+0400][gc,stats      ]     S: Universe Roots                25 us, workers (us):  25, ---, ---, ---, ---, ---, ---, ---, ---, ---, ---, ---, ---, ---, ---, ---, ---, ---, ---, ---, ---, ---, ---, ---, ---, ---, ---, ---, ---, ---, ---, ---, ---, ---, ---, ---, ---, ---, ---, ---, ---, ---, ---, ---, ---, ---, ---, ---, ---, ---, ---, ---, ---, ---, ---, ---, 
[2021-10-16T00:43:02.442+0400][gc,stats      ]     S: JNI Handles Roots              2 us, workers (us): ---,   2, ---, ---, ---, ---, ---, ---, ---, ---, ---, ---, ---, ---, ---, ---, ---, ---, ---, ---, ---, ---, ---, ---, ---, ---, ---, ---, ---, ---, ---, ---, ---, ---, ---, ---, ---, ---, ---, ---, ---, ---, ---, ---, ---, ---, ---, ---, ---, ---, ---, ---, ---, ---, ---, ---, 
[2021-10-16T00:43:02.442+0400][gc,stats      ]     S: Synchronizer Roots             0 us, workers (us):   0, ---, ---, ---, ---, ---, ---, ---, ---, ---, ---, ---, ---, ---, ---, ---, ---, ---, ---, ---, ---, ---, ---, ---, ---, ---, ---, ---, ---, ---, ---, ---, ---, ---, ---, ---, ---, ---, ---, ---, ---, ---, ---, ---, ---, ---, ---, ---, ---, ---, ---, ---, ---, ---, ---, ---, 
[2021-10-16T00:43:02.442+0400][gc,stats      ]     S: Management Roots               1 us, workers (us):   1, ---, ---, ---, ---, ---, ---, ---, ---, ---, ---, ---, ---, ---, ---, ---, ---, ---, ---, ---, ---, ---, ---, ---, ---, ---, ---, ---, ---, ---, ---, ---, ---, ---, ---, ---, ---, ---, ---, ---, ---, ---, ---, ---, ---, ---, ---, ---, ---, ---, ---, ---, ---, ---, ---, ---, 
[2021-10-16T00:43:02.442+0400][gc,stats      ]     S: System Dict Roots              3 us, workers (us):   3, ---, ---, ---, ---, ---, ---, ---, ---, ---, ---, ---, ---, ---, ---, ---, ---, ---, ---, ---, ---, ---, ---, ---, ---, ---, ---, ---, ---, ---, ---, ---, ---, ---, ---, ---, ---, ---, ---, ---, ---, ---, ---, ---, ---, ---, ---, ---, ---, ---, ---, ---, ---, ---, ---, ---, 
[2021-10-16T00:43:02.442+0400][gc,stats      ]     S: CLDG Roots                124169 us, workers (us): 4519, 4518, 4521, 4514, 4511, 4505, 4502, 4441, 4439, 4439, 4438, 4438, 4431, 4390, 4502, 4381, 4379, 4380, 4376, 4365, 4363, 4362, 4513, 4502, 4360, 4359, 4360, ---, ---, ---, ---, 4359, ---, ---, ---, ---, ---, ---, ---, ---, ---, ---, ---, ---, ---, ---, ---, ---, ---, ---, ---, ---, ---, ---, ---, ---, 
[2021-10-16T00:43:02.442+0400][gc,stats      ]     S: JVMTI Roots                    1 us, workers (us): ---, ---,   1, ---, ---, ---, ---, ---, ---, ---, ---, ---, ---, ---, ---, ---, ---, ---, ---, ---, ---, ---, ---, ---, ---, ---, ---, ---, ---, ---, ---, ---, ---, ---, ---, ---, ---, ---, ---, ---, ---, ---, ---, ---, ---, ---, ---, ---, ---, ---, ---, ---, ---, ---, ---, ---, 
[2021-10-16T00:43:02.442+0400][gc,stats      ]   Resize TLABs                        5 us
[2021-10-16T00:43:02.442+0400][gc,stats      ] Concurrent Marking                17525 us
[2021-10-16T00:43:02.442+0400][gc,stats      ] Pause Final Mark (G)               1211 us
[2021-10-16T00:43:02.442+0400][gc,stats      ] Pause Final Mark (N)                967 us
[2021-10-16T00:43:02.442+0400][gc,stats      ]   Finish Queues                     499 us
[2021-10-16T00:43:02.442+0400][gc,stats      ]   System Purge                      136 us
[2021-10-16T00:43:02.442+0400][gc,stats      ]     Weak Roots                      135 us
[2021-10-16T00:43:02.442+0400][gc,stats      ]   Update Region States              130 us
[2021-10-16T00:43:02.442+0400][gc,stats      ]   Retire TLABs                       19 us
[2021-10-16T00:43:02.442+0400][gc,stats      ]   Choose Collection Set             115 us
[2021-10-16T00:43:02.442+0400][gc,stats      ]   Rebuild Free Set                   49 us
[2021-10-16T00:43:02.442+0400][gc,stats      ] Concurrent Cleanup                  628 us
[2021-10-16T00:43:02.442+0400][gc,stats      ] 
[2021-10-16T00:43:02.442+0400][gc,stats      ] Allocation pacing accrued:
[2021-10-16T00:43:02.442+0400][gc,stats      ]       0 of  1714 ms (  0.0%): <total>
[2021-10-16T00:43:02.442+0400][gc,stats      ]       0 of  1714 ms (  0.0%): <average total>
[2021-10-16T00:43:02.442+0400][gc,stats      ] 
[2021-10-16T00:43:02.442+0400][gc,metaspace  ] Metaspace: 91478K->91479K(1140736K)
[2021-10-16T00:43:02.442+0400][gc,ergo       ] Pacer for Idle. Initial: 204M, Alloc Tax Rate: 1.0x
[2021-10-16T00:43:04.115+0400][gc            ] Trigger: Free (1009M) is below minimum threshold (1023M)
[2021-10-16T00:43:04.115+0400][gc,ergo       ] Free: 1009M, Max: 4096K regular, 912M humongous, Frag: 9% external, 1% internal; Reserve: 512M, Max: 4096K
[2021-10-16T00:43:04.115+0400][gc,start      ] GC(24) Concurrent reset
[2021-10-16T00:43:04.115+0400][gc,task       ] GC(24) Using 28 of 56 workers for concurrent reset
[2021-10-16T00:43:04.115+0400][gc,ergo       ] GC(24) Pacer for Reset. Non-Taxable: 10240M
[2021-10-16T00:43:04.116+0400][gc            ] GC(24) Concurrent reset 0.685ms
[2021-10-16T00:43:04.116+0400][gc,start      ] GC(24) Pause Init Mark
[2021-10-16T00:43:04.116+0400][gc,task       ] GC(24) Using 56 of 56 workers for init marking
[2021-10-16T00:43:04.124+0400][gc,ergo       ] GC(24) Pacer for Mark. Expected Live: 102M, Free: 1009M, Non-Taxable: 100M, Alloc Tax Rate: 0.1x
[2021-10-16T00:43:04.124+0400][gc            ] GC(24) Pause Init Mark 7.720ms
[2021-10-16T00:43:04.124+0400][gc,start      ] GC(24) Concurrent marking
[2021-10-16T00:43:04.124+0400][gc,task       ] GC(24) Using 28 of 56 workers for concurrent marking
[2021-10-16T00:43:04.138+0400][gc            ] GC(24) Concurrent marking 14.105ms
[2021-10-16T00:43:04.138+0400][gc,start      ] GC(24) Pause Final Mark
[2021-10-16T00:43:04.138+0400][gc,task       ] GC(24) Using 56 of 56 workers for final marking
[2021-10-16T00:43:04.139+0400][gc,ergo       ] GC(24) Collectable Garbage: 8212M (95%), Immediate: 8212M (95%), CSet: 0B (0%)
[2021-10-16T00:43:04.139+0400][gc            ] GC(24) Pause Final Mark 0.741ms
[2021-10-16T00:43:04.139+0400][gc,start      ] GC(24) Concurrent cleanup
[2021-10-16T00:43:04.139+0400][gc            ] GC(24) Concurrent cleanup 8798M->626M(10240M) 0.489ms
[2021-10-16T00:43:04.140+0400][gc,ergo       ] GC(24) Free: 9101M, Max: 4096K regular, 1560M humongous, Frag: 83% external, 0% internal; Reserve: 512M, Max: 4096K
[2021-10-16T00:43:04.140+0400][gc,ergo       ] Free: 9101M, Max: 4096K regular, 1560M humongous, Frag: 83% external, 0% internal; Reserve: 512M, Max: 4096K
[2021-10-16T00:43:04.140+0400][gc,stats      ] 
[2021-10-16T00:43:04.140+0400][gc,stats      ] All times are wall-clock times, except per-root-class counters, that are sum over
[2021-10-16T00:43:04.140+0400][gc,stats      ] all workers. Dividing the <total> over the root stage time estimates parallelism.
[2021-10-16T00:43:04.140+0400][gc,stats      ] 
[2021-10-16T00:43:04.140+0400][gc,stats      ] Concurrent Reset                    660 us
[2021-10-16T00:43:04.140+0400][gc,stats      ] Pause Init Mark (G)                8047 us
[2021-10-16T00:43:04.140+0400][gc,stats      ] Pause Init Mark (N)                7696 us
[2021-10-16T00:43:04.140+0400][gc,stats      ]   Accumulate Stats                    4 us
[2021-10-16T00:43:04.140+0400][gc,stats      ]   Make Parsable                      17 us
[2021-10-16T00:43:04.140+0400][gc,stats      ]   Update Region States              116 us
[2021-10-16T00:43:04.140+0400][gc,stats      ]   Scan Roots                       7515 us, parallelism: 23.30x
[2021-10-16T00:43:04.140+0400][gc,stats      ]     S: <total>                   175133 us
[2021-10-16T00:43:04.140+0400][gc,stats      ]     S: Thread Roots                 583 us, workers (us):   1,   1,   2,   1,  59,   3,   2,   2,   2,   1,   2,   1,   2,   2,   3,   2,   2,   2,   2,   1,   2,   3,   2,   3,   1,   3,   1,   2,   3,  46,  25,  44,  52,  44,  17,  38,  40,  49,  46,  34,  28,   2,   0,   0,   0,   2,   0,   0,   0,   0,   2,   0,   1,   0,   0,   0, 
[2021-10-16T00:43:04.140+0400][gc,stats      ]     S: Universe Roots                 4 us, workers (us):   4, ---, ---, ---, ---, ---, ---, ---, ---, ---, ---, ---, ---, ---, ---, ---, ---, ---, ---, ---, ---, ---, ---, ---, ---, ---, ---, ---, ---, ---, ---, ---, ---, ---, ---, ---, ---, ---, ---, ---, ---, ---, ---, ---, ---, ---, ---, ---, ---, ---, ---, ---, ---, ---, ---, ---, 
[2021-10-16T00:43:04.140+0400][gc,stats      ]     S: JNI Handles Roots              2 us, workers (us):   2, ---, ---, ---, ---, ---, ---, ---, ---, ---, ---, ---, ---, ---, ---, ---, ---, ---, ---, ---, ---, ---, ---, ---, ---, ---, ---, ---, ---, ---, ---, ---, ---, ---, ---, ---, ---, ---, ---, ---, ---, ---, ---, ---, ---, ---, ---, ---, ---, ---, ---, ---, ---, ---, ---, ---, 
[2021-10-16T00:43:04.140+0400][gc,stats      ]     S: Synchronizer Roots             1 us, workers (us): ---,   1, ---, ---, ---, ---, ---, ---, ---, ---, ---, ---, ---, ---, ---, ---, ---, ---, ---, ---, ---, ---, ---, ---, ---, ---, ---, ---, ---, ---, ---, ---, ---, ---, ---, ---, ---, ---, ---, ---, ---, ---, ---, ---, ---, ---, ---, ---, ---, ---, ---, ---, ---, ---, ---, ---, 
[2021-10-16T00:43:04.140+0400][gc,stats      ]     S: Management Roots               1 us, workers (us): ---, ---, ---,   1, ---, ---, ---, ---, ---, ---, ---, ---, ---, ---, ---, ---, ---, ---, ---, ---, ---, ---, ---, ---, ---, ---, ---, ---, ---, ---, ---, ---, ---, ---, ---, ---, ---, ---, ---, ---, ---, ---, ---, ---, ---, ---, ---, ---, ---, ---, ---, ---, ---, ---, ---, ---, 
[2021-10-16T00:43:04.140+0400][gc,stats      ]     S: System Dict Roots             40 us, workers (us): ---, ---, ---, ---,  40, ---, ---, ---, ---, ---, ---, ---, ---, ---, ---, ---, ---, ---, ---, ---, ---, ---, ---, ---, ---, ---, ---, ---, ---, ---, ---, ---, ---, ---, ---, ---, ---, ---, ---, ---, ---, ---, ---, ---, ---, ---, ---, ---, ---, ---, ---, ---, ---, ---, ---, ---, 
[2021-10-16T00:43:04.140+0400][gc,stats      ]     S: CLDG Roots                174502 us, workers (us): 6224, 6223, 6218, 6294, ---, 6225, 6224, 6223, 6222, 6221, 6220, 6217, 6216, 6215, 6214, 6213, 6211, 6211, 6210, 6340, 6208, 6207, 6205, 6204, 6203, 6203, 6202, 6533, 6199, ---, ---, ---, ---, ---, ---, ---, ---, ---, ---, ---, ---, ---, ---, ---, ---, ---, ---, ---, ---, ---, ---, ---, ---, ---, ---, ---, 
[2021-10-16T00:43:04.140+0400][gc,stats      ]     S: JVMTI Roots                    1 us, workers (us): ---, ---,   1, ---, ---, ---, ---, ---, ---, ---, ---, ---, ---, ---, ---, ---, ---, ---, ---, ---, ---, ---, ---, ---, ---, ---, ---, ---, ---, ---, ---, ---, ---, ---, ---, ---, ---, ---, ---, ---, ---, ---, ---, ---, ---, ---, ---, ---, ---, ---, ---, ---, ---, ---, ---, ---, 
[2021-10-16T00:43:04.140+0400][gc,stats      ]   Resize TLABs                        3 us
[2021-10-16T00:43:04.140+0400][gc,stats      ] Concurrent Marking                14055 us
[2021-10-16T00:43:04.140+0400][gc,stats      ] Pause Final Mark (G)                893 us
[2021-10-16T00:43:04.140+0400][gc,stats      ] Pause Final Mark (N)                721 us
[2021-10-16T00:43:04.140+0400][gc,stats      ]   Finish Queues                     426 us
[2021-10-16T00:43:04.140+0400][gc,stats      ]   System Purge                      117 us
[2021-10-16T00:43:04.140+0400][gc,stats      ]     Weak Roots                      117 us
[2021-10-16T00:43:04.140+0400][gc,stats      ]   Update Region States               88 us
[2021-10-16T00:43:04.140+0400][gc,stats      ]   Retire TLABs                       12 us
[2021-10-16T00:43:04.140+0400][gc,stats      ]   Choose Collection Set              60 us
[2021-10-16T00:43:04.140+0400][gc,stats      ]   Rebuild Free Set                   11 us
[2021-10-16T00:43:04.140+0400][gc,stats      ] Concurrent Cleanup                  463 us
[2021-10-16T00:43:04.140+0400][gc,stats      ] 
[2021-10-16T00:43:04.140+0400][gc,stats      ] Allocation pacing accrued:
[2021-10-16T00:43:04.140+0400][gc,stats      ]       0 of  1698 ms (  0.0%): <total>
[2021-10-16T00:43:04.140+0400][gc,stats      ]       0 of  1698 ms (  0.0%): <average total>
[2021-10-16T00:43:04.140+0400][gc,stats      ] 
[2021-10-16T00:43:04.140+0400][gc,metaspace  ] Metaspace: 91750K->91750K(1140736K)
[2021-10-16T00:43:04.140+0400][gc,ergo       ] Pacer for Idle. Initial: 204M, Alloc Tax Rate: 1.0x
[2021-10-16T00:43:05.820+0400][gc            ] Trigger: Free (1021M) is below minimum threshold (1023M)
[2021-10-16T00:43:05.820+0400][gc,ergo       ] Free: 1021M, Max: 4096K regular, 936M humongous, Frag: 8% external, 1% internal; Reserve: 512M, Max: 4096K
[2021-10-16T00:43:05.820+0400][gc,start      ] GC(25) Concurrent reset
[2021-10-16T00:43:05.820+0400][gc,task       ] GC(25) Using 28 of 56 workers for concurrent reset
[2021-10-16T00:43:05.820+0400][gc,ergo       ] GC(25) Pacer for Reset. Non-Taxable: 10240M
[2021-10-16T00:43:05.821+0400][gc            ] GC(25) Concurrent reset 0.675ms
[2021-10-16T00:43:05.821+0400][gc,start      ] GC(25) Pause Init Mark (process weakrefs)
[2021-10-16T00:43:05.821+0400][gc,task       ] GC(25) Using 56 of 56 workers for init marking
[2021-10-16T00:43:05.830+0400][gc,ergo       ] GC(25) Pacer for Mark. Expected Live: 102M, Free: 1013M, Non-Taxable: 101M, Alloc Tax Rate: 0.1x
[2021-10-16T00:43:05.830+0400][gc            ] GC(25) Pause Init Mark (process weakrefs) 8.840ms
[2021-10-16T00:43:05.830+0400][gc,start      ] GC(25) Concurrent marking (process weakrefs)
[2021-10-16T00:43:05.830+0400][gc,task       ] GC(25) Using 28 of 56 workers for concurrent marking
[2021-10-16T00:43:05.846+0400][gc            ] GC(25) Concurrent marking (process weakrefs) 15.991ms
[2021-10-16T00:43:05.846+0400][gc,start      ] GC(25) Concurrent precleaning
[2021-10-16T00:43:05.846+0400][gc,task       ] GC(25) Using 1 of 56 workers for concurrent preclean
[2021-10-16T00:43:05.846+0400][gc,ergo       ] GC(25) Pacer for Precleaning. Non-Taxable: 10240M
[2021-10-16T00:43:05.847+0400][gc            ] GC(25) Concurrent precleaning 1.039ms
[2021-10-16T00:43:05.847+0400][gc,start      ] GC(25) Pause Final Mark (process weakrefs)
[2021-10-16T00:43:05.847+0400][gc,task       ] GC(25) Using 56 of 56 workers for final marking
[2021-10-16T00:43:05.848+0400][gc,ergo       ] GC(25) Collectable Garbage: 8184M (95%), Immediate: 8184M (95%), CSet: 0B (0%)
[2021-10-16T00:43:05.848+0400][gc            ] GC(25) Pause Final Mark (process weakrefs) 0.848ms
[2021-10-16T00:43:05.848+0400][gc,start      ] GC(25) Concurrent cleanup
[2021-10-16T00:43:05.849+0400][gc            ] GC(25) Concurrent cleanup 8794M->626M(10240M) 0.270ms
[2021-10-16T00:43:05.849+0400][gc,ergo       ] GC(25) Free: 9101M, Max: 4096K regular, 4272M humongous, Frag: 54% external, 0% internal; Reserve: 512M, Max: 4096K
[2021-10-16T00:43:05.849+0400][gc,ergo       ] Free: 9097M, Max: 4096K regular, 4272M humongous, Frag: 53% external, 0% internal; Reserve: 512M, Max: 4096K
[2021-10-16T00:43:05.849+0400][gc,stats      ] 
[2021-10-16T00:43:05.849+0400][gc,stats      ] All times are wall-clock times, except per-root-class counters, that are sum over
[2021-10-16T00:43:05.849+0400][gc,stats      ] all workers. Dividing the <total> over the root stage time estimates parallelism.
[2021-10-16T00:43:05.849+0400][gc,stats      ] 
[2021-10-16T00:43:05.849+0400][gc,stats      ] Concurrent Reset                    619 us
[2021-10-16T00:43:05.849+0400][gc,stats      ] Pause Init Mark (G)                9064 us
[2021-10-16T00:43:05.849+0400][gc,stats      ] Pause Init Mark (N)                8816 us
[2021-10-16T00:43:05.849+0400][gc,stats      ]   Accumulate Stats                    4 us
[2021-10-16T00:43:05.849+0400][gc,stats      ]   Make Parsable                      15 us
[2021-10-16T00:43:05.849+0400][gc,stats      ]   Update Region States              112 us
[2021-10-16T00:43:05.849+0400][gc,stats      ]   Scan Roots                       8640 us, parallelism: 23.91x
[2021-10-16T00:43:05.849+0400][gc,stats      ]     S: <total>                   206590 us
[2021-10-16T00:43:05.849+0400][gc,stats      ]     S: Thread Roots                 660 us, workers (us):   1,   1,   2,   1,   1,   2,   2,   2,   2,   2,   1,   1,   2,   1,   2,   2,   2,   2,   1,   2,   2,   2,   3,   2,   1,   2,   2,   2,  36,  48,  35,  32,  55,  49,  58,  36,  55,  51,  46,  48,  44,   6,   2,   0,   1,   0,   0,   0,   0,   0,   1,   2,   1,   0,   2,   1, 
[2021-10-16T00:43:05.849+0400][gc,stats      ]     S: Universe Roots                 2 us, workers (us):   2, ---, ---, ---, ---, ---, ---, ---, ---, ---, ---, ---, ---, ---, ---, ---, ---, ---, ---, ---, ---, ---, ---, ---, ---, ---, ---, ---, ---, ---, ---, ---, ---, ---, ---, ---, ---, ---, ---, ---, ---, ---, ---, ---, ---, ---, ---, ---, ---, ---, ---, ---, ---, ---, ---, ---, 
[2021-10-16T00:43:05.849+0400][gc,stats      ]     S: JNI Handles Roots              2 us, workers (us): ---, ---, ---,   2, ---, ---, ---, ---, ---, ---, ---, ---, ---, ---, ---, ---, ---, ---, ---, ---, ---, ---, ---, ---, ---, ---, ---, ---, ---, ---, ---, ---, ---, ---, ---, ---, ---, ---, ---, ---, ---, ---, ---, ---, ---, ---, ---, ---, ---, ---, ---, ---, ---, ---, ---, ---, 
[2021-10-16T00:43:05.849+0400][gc,stats      ]     S: Synchronizer Roots             0 us, workers (us): ---,   0, ---, ---, ---, ---, ---, ---, ---, ---, ---, ---, ---, ---, ---, ---, ---, ---, ---, ---, ---, ---, ---, ---, ---, ---, ---, ---, ---, ---, ---, ---, ---, ---, ---, ---, ---, ---, ---, ---, ---, ---, ---, ---, ---, ---, ---, ---, ---, ---, ---, ---, ---, ---, ---, ---, 
[2021-10-16T00:43:05.849+0400][gc,stats      ]     S: Management Roots               1 us, workers (us): ---,   1, ---, ---, ---, ---, ---, ---, ---, ---, ---, ---, ---, ---, ---, ---, ---, ---, ---, ---, ---, ---, ---, ---, ---, ---, ---, ---, ---, ---, ---, ---, ---, ---, ---, ---, ---, ---, ---, ---, ---, ---, ---, ---, ---, ---, ---, ---, ---, ---, ---, ---, ---, ---, ---, ---, 
[2021-10-16T00:43:05.849+0400][gc,stats      ]     S: System Dict Roots              4 us, workers (us):   4, ---, ---, ---, ---, ---, ---, ---, ---, ---, ---, ---, ---, ---, ---, ---, ---, ---, ---, ---, ---, ---, ---, ---, ---, ---, ---, ---, ---, ---, ---, ---, ---, ---, ---, ---, ---, ---, ---, ---, ---, ---, ---, ---, ---, ---, ---, ---, ---, ---, ---, ---, ---, ---, ---, ---, 
[2021-10-16T00:43:05.849+0400][gc,stats      ]     S: CLDG Roots                205918 us, workers (us): 7343, 7426, 7346, 7344, 7345, 7341, 7342, 7342, 7339, 7337, 7336, 7337, 7335, 7334, 7331, 7331, 7331, 7329, 7328, 7326, 7328, 7482, 7324, 7319, 7695, 7316, 7316, 7317, ---, ---, ---, ---, ---, ---, ---, ---, ---, ---, ---, ---, ---, ---, ---, ---, ---, ---, ---, ---, ---, ---, ---, ---, ---, ---, ---, ---, 
[2021-10-16T00:43:05.849+0400][gc,stats      ]     S: JVMTI Roots                    1 us, workers (us): ---, ---,   1, ---, ---, ---, ---, ---, ---, ---, ---, ---, ---, ---, ---, ---, ---, ---, ---, ---, ---, ---, ---, ---, ---, ---, ---, ---, ---, ---, ---, ---, ---, ---, ---, ---, ---, ---, ---, ---, ---, ---, ---, ---, ---, ---, ---, ---, ---, ---, ---, ---, ---, ---, ---, ---, 
[2021-10-16T00:43:05.849+0400][gc,stats      ]   Resize TLABs                        3 us
[2021-10-16T00:43:05.849+0400][gc,stats      ] Concurrent Marking                15962 us
[2021-10-16T00:43:05.849+0400][gc,stats      ] Concurrent Precleaning             1030 us
[2021-10-16T00:43:05.849+0400][gc,stats      ] Pause Final Mark (G)               1066 us
[2021-10-16T00:43:05.849+0400][gc,stats      ] Pause Final Mark (N)                831 us
[2021-10-16T00:43:05.849+0400][gc,stats      ]   Finish Queues                     536 us
[2021-10-16T00:43:05.849+0400][gc,stats      ]   Weak References                    30 us
[2021-10-16T00:43:05.849+0400][gc,stats      ]     Process                          16 us
[2021-10-16T00:43:05.849+0400][gc,stats      ]   System Purge                      109 us
[2021-10-16T00:43:05.849+0400][gc,stats      ]     Weak Roots                      109 us
[2021-10-16T00:43:05.849+0400][gc,stats      ]   Update Region States               68 us
[2021-10-16T00:43:05.849+0400][gc,stats      ]   Retire TLABs                       12 us
[2021-10-16T00:43:05.849+0400][gc,stats      ]   Choose Collection Set              53 us
[2021-10-16T00:43:05.849+0400][gc,stats      ]   Rebuild Free Set                   16 us
[2021-10-16T00:43:05.849+0400][gc,stats      ] Concurrent Cleanup                  257 us
[2021-10-16T00:43:05.849+0400][gc,stats      ] 
[2021-10-16T00:43:05.849+0400][gc,stats      ] Allocation pacing accrued:
[2021-10-16T00:43:05.849+0400][gc,stats      ]       0 of  1709 ms (  0.0%): <total>
[2021-10-16T00:43:05.849+0400][gc,stats      ]       0 of  1709 ms (  0.0%): <average total>
[2021-10-16T00:43:05.849+0400][gc,stats      ] 
[2021-10-16T00:43:05.849+0400][gc,metaspace  ] Metaspace: 91991K->91993K(1140736K)
[2021-10-16T00:43:05.849+0400][gc,ergo       ] Pacer for Idle. Initial: 204M, Alloc Tax Rate: 1.0x
[2021-10-16T00:43:07.511+0400][gc            ] Trigger: Free (1021M) is below minimum threshold (1023M)
[2021-10-16T00:43:07.511+0400][gc,ergo       ] Free: 1021M, Max: 4096K regular, 924M humongous, Frag: 9% external, 1% internal; Reserve: 512M, Max: 4096K
[2021-10-16T00:43:07.512+0400][gc,start      ] GC(26) Concurrent reset
[2021-10-16T00:43:07.512+0400][gc,task       ] GC(26) Using 28 of 56 workers for concurrent reset
[2021-10-16T00:43:07.512+0400][gc,ergo       ] GC(26) Pacer for Reset. Non-Taxable: 10240M
[2021-10-16T00:43:07.512+0400][gc            ] GC(26) Concurrent reset 0.649ms
[2021-10-16T00:43:07.512+0400][gc,start      ] GC(26) Pause Init Mark
[2021-10-16T00:43:07.512+0400][gc,task       ] GC(26) Using 56 of 56 workers for init marking
[2021-10-16T00:43:07.520+0400][gc,ergo       ] GC(26) Pacer for Mark. Expected Live: 102M, Free: 1013M, Non-Taxable: 101M, Alloc Tax Rate: 0.1x
[2021-10-16T00:43:07.520+0400][gc            ] GC(26) Pause Init Mark 7.344ms
[2021-10-16T00:43:07.520+0400][gc,start      ] GC(26) Concurrent marking
[2021-10-16T00:43:07.520+0400][gc,task       ] GC(26) Using 28 of 56 workers for concurrent marking
[2021-10-16T00:43:07.535+0400][gc            ] GC(26) Concurrent marking 14.724ms
[2021-10-16T00:43:07.535+0400][gc,start      ] GC(26) Pause Final Mark
[2021-10-16T00:43:07.535+0400][gc,task       ] GC(26) Using 56 of 56 workers for final marking
[2021-10-16T00:43:07.535+0400][gc,ergo       ] GC(26) Collectable Garbage: 8184M (95%), Immediate: 8184M (95%), CSet: 0B (0%)
[2021-10-16T00:43:07.535+0400][gc            ] GC(26) Pause Final Mark 0.693ms
[2021-10-16T00:43:07.535+0400][gc,start      ] GC(26) Concurrent cleanup
[2021-10-16T00:43:07.536+0400][gc            ] GC(26) Concurrent cleanup 8794M->650M(10240M) 0.321ms
[2021-10-16T00:43:07.536+0400][gc,ergo       ] GC(26) Free: 9077M, Max: 4096K regular, 4260M humongous, Frag: 54% external, 0% internal; Reserve: 512M, Max: 4096K
[2021-10-16T00:43:07.536+0400][gc,ergo       ] Free: 9077M, Max: 4096K regular, 4260M humongous, Frag: 54% external, 0% internal; Reserve: 512M, Max: 4096K
[2021-10-16T00:43:07.536+0400][gc,stats      ] 
[2021-10-16T00:43:07.536+0400][gc,stats      ] All times are wall-clock times, except per-root-class counters, that are sum over
[2021-10-16T00:43:07.536+0400][gc,stats      ] all workers. Dividing the <total> over the root stage time estimates parallelism.
[2021-10-16T00:43:07.536+0400][gc,stats      ] 
[2021-10-16T00:43:07.536+0400][gc,stats      ] Concurrent Reset                    622 us
[2021-10-16T00:43:07.536+0400][gc,stats      ] Pause Init Mark (G)                7643 us
[2021-10-16T00:43:07.536+0400][gc,stats      ] Pause Init Mark (N)                7294 us
[2021-10-16T00:43:07.536+0400][gc,stats      ]   Accumulate Stats                    5 us
[2021-10-16T00:43:07.536+0400][gc,stats      ]   Make Parsable                      21 us
[2021-10-16T00:43:07.536+0400][gc,stats      ]   Update Region States              153 us
[2021-10-16T00:43:07.536+0400][gc,stats      ]   Scan Roots                       7037 us, parallelism: 21.91x
[2021-10-16T00:43:07.536+0400][gc,stats      ]     S: <total>                   154179 us
[2021-10-16T00:43:07.536+0400][gc,stats      ]     S: Thread Roots                 634 us, workers (us):   1,   2,   3,   1,   2,   2,   2,   1,   2,   2,   2,   2,   1,   2,   3,   2,   3,   1,   1,   1,   2,   1,   2,   2,   3,  77,   2,  80,   1,   3,  76,  59,  61,  28,  28,  30,  52,  63,   5,   4,   2,   2,   2,   2,   2,   2,   2,   1,   1,   0,   0,   0,   0,   0,   0,   0, 
[2021-10-16T00:43:07.536+0400][gc,stats      ]     S: Universe Roots                 2 us, workers (us):   2, ---, ---, ---, ---, ---, ---, ---, ---, ---, ---, ---, ---, ---, ---, ---, ---, ---, ---, ---, ---, ---, ---, ---, ---, ---, ---, ---, ---, ---, ---, ---, ---, ---, ---, ---, ---, ---, ---, ---, ---, ---, ---, ---, ---, ---, ---, ---, ---, ---, ---, ---, ---, ---, ---, ---, 
[2021-10-16T00:43:07.536+0400][gc,stats      ]     S: JNI Handles Roots              5 us, workers (us): ---,   5, ---, ---, ---, ---, ---, ---, ---, ---, ---, ---, ---, ---, ---, ---, ---, ---, ---, ---, ---, ---, ---, ---, ---, ---, ---, ---, ---, ---, ---, ---, ---, ---, ---, ---, ---, ---, ---, ---, ---, ---, ---, ---, ---, ---, ---, ---, ---, ---, ---, ---, ---, ---, ---, ---, 
[2021-10-16T00:43:07.536+0400][gc,stats      ]     S: Synchronizer Roots             1 us, workers (us): ---,   1, ---, ---, ---, ---, ---, ---, ---, ---, ---, ---, ---, ---, ---, ---, ---, ---, ---, ---, ---, ---, ---, ---, ---, ---, ---, ---, ---, ---, ---, ---, ---, ---, ---, ---, ---, ---, ---, ---, ---, ---, ---, ---, ---, ---, ---, ---, ---, ---, ---, ---, ---, ---, ---, ---, 
[2021-10-16T00:43:07.536+0400][gc,stats      ]     S: Management Roots               2 us, workers (us): ---,   2, ---, ---, ---, ---, ---, ---, ---, ---, ---, ---, ---, ---, ---, ---, ---, ---, ---, ---, ---, ---, ---, ---, ---, ---, ---, ---, ---, ---, ---, ---, ---, ---, ---, ---, ---, ---, ---, ---, ---, ---, ---, ---, ---, ---, ---, ---, ---, ---, ---, ---, ---, ---, ---, ---, 
[2021-10-16T00:43:07.536+0400][gc,stats      ]     S: System Dict Roots              3 us, workers (us):   3, ---, ---, ---, ---, ---, ---, ---, ---, ---, ---, ---, ---, ---, ---, ---, ---, ---, ---, ---, ---, ---, ---, ---, ---, ---, ---, ---, ---, ---, ---, ---, ---, ---, ---, ---, ---, ---, ---, ---, ---, ---, ---, ---, ---, ---, ---, ---, ---, ---, ---, ---, ---, ---, ---, ---, 
[2021-10-16T00:43:07.536+0400][gc,stats      ]     S: CLDG Roots                153531 us, workers (us): 5526, 5521, 5526, 5525, 5524, 5513, 5509, 5625, 5505, 5495, 5495, 5479, 5477, 5466, 5466, 5442, 5437, 5424, 5423, 5785, 5407, 5407, 5405, 5405, 5405, ---, 5405, ---, 5530, 5405, ---, ---, ---, ---, ---, ---, ---, ---, ---, ---, ---, ---, ---, ---, ---, ---, ---, ---, ---, ---, ---, ---, ---, ---, ---, ---, 
[2021-10-16T00:43:07.536+0400][gc,stats      ]     S: JVMTI Roots                    1 us, workers (us): ---, ---,   1, ---, ---, ---, ---, ---, ---, ---, ---, ---, ---, ---, ---, ---, ---, ---, ---, ---, ---, ---, ---, ---, ---, ---, ---, ---, ---, ---, ---, ---, ---, ---, ---, ---, ---, ---, ---, ---, ---, ---, ---, ---, ---, ---, ---, ---, ---, ---, ---, ---, ---, ---, ---, ---, 
[2021-10-16T00:43:07.536+0400][gc,stats      ]   Resize TLABs                        5 us
[2021-10-16T00:43:07.536+0400][gc,stats      ] Concurrent Marking                14685 us
[2021-10-16T00:43:07.536+0400][gc,stats      ] Pause Final Mark (G)                830 us
[2021-10-16T00:43:07.536+0400][gc,stats      ] Pause Final Mark (N)                672 us
[2021-10-16T00:43:07.536+0400][gc,stats      ]   Finish Queues                     411 us
[2021-10-16T00:43:07.536+0400][gc,stats      ]   System Purge                      103 us
[2021-10-16T00:43:07.536+0400][gc,stats      ]     Weak Roots                      103 us
[2021-10-16T00:43:07.536+0400][gc,stats      ]   Update Region States               75 us
[2021-10-16T00:43:07.536+0400][gc,stats      ]   Retire TLABs                       12 us
[2021-10-16T00:43:07.536+0400][gc,stats      ]   Choose Collection Set              46 us
[2021-10-16T00:43:07.536+0400][gc,stats      ]   Rebuild Free Set                   11 us
[2021-10-16T00:43:07.536+0400][gc,stats      ] Concurrent Cleanup                  307 us
[2021-10-16T00:43:07.536+0400][gc,stats      ] 
[2021-10-16T00:43:07.536+0400][gc,stats      ] Allocation pacing accrued:
[2021-10-16T00:43:07.536+0400][gc,stats      ]       0 of  1687 ms (  0.0%): <total>
[2021-10-16T00:43:07.536+0400][gc,stats      ]       0 of  1687 ms (  0.0%): <average total>
[2021-10-16T00:43:07.536+0400][gc,stats      ] 
[2021-10-16T00:43:07.536+0400][gc,metaspace  ] Metaspace: 92186K->92191K(1140736K)
[2021-10-16T00:43:07.536+0400][gc,ergo       ] Pacer for Idle. Initial: 204M, Alloc Tax Rate: 1.0x
[2021-10-16T00:43:09.206+0400][gc            ] Trigger: Free (1021M) is below minimum threshold (1023M)
[2021-10-16T00:43:09.206+0400][gc,ergo       ] Free: 1021M, Max: 4096K regular, 936M humongous, Frag: 8% external, 1% internal; Reserve: 512M, Max: 4096K
[2021-10-16T00:43:09.206+0400][gc,start      ] GC(27) Concurrent reset
[2021-10-16T00:43:09.206+0400][gc,task       ] GC(27) Using 28 of 56 workers for concurrent reset
[2021-10-16T00:43:09.206+0400][gc,ergo       ] GC(27) Pacer for Reset. Non-Taxable: 10240M
[2021-10-16T00:43:09.206+0400][gc            ] GC(27) Concurrent reset 0.632ms
[2021-10-16T00:43:09.207+0400][gc,start      ] GC(27) Pause Init Mark
[2021-10-16T00:43:09.207+0400][gc,task       ] GC(27) Using 56 of 56 workers for init marking
[2021-10-16T00:43:09.215+0400][gc,ergo       ] GC(27) Pacer for Mark. Expected Live: 102M, Free: 1021M, Non-Taxable: 102M, Alloc Tax Rate: 0.1x
[2021-10-16T00:43:09.215+0400][gc            ] GC(27) Pause Init Mark 7.844ms
[2021-10-16T00:43:09.215+0400][gc,start      ] GC(27) Concurrent marking
[2021-10-16T00:43:09.215+0400][gc,task       ] GC(27) Using 28 of 56 workers for concurrent marking
[2021-10-16T00:43:09.230+0400][gc            ] GC(27) Concurrent marking 15.223ms
[2021-10-16T00:43:09.230+0400][gc,start      ] GC(27) Pause Final Mark
[2021-10-16T00:43:09.230+0400][gc,task       ] GC(27) Using 56 of 56 workers for final marking
[2021-10-16T00:43:09.231+0400][gc,ergo       ] GC(27) Collectable Garbage: 8176M (95%), Immediate: 8176M (95%), CSet: 0B (0%)
[2021-10-16T00:43:09.231+0400][gc            ] GC(27) Pause Final Mark 0.813ms
[2021-10-16T00:43:09.231+0400][gc,start      ] GC(27) Concurrent cleanup
[2021-10-16T00:43:09.232+0400][gc            ] GC(27) Concurrent cleanup 8786M->650M(10240M) 0.651ms
[2021-10-16T00:43:09.232+0400][gc,ergo       ] GC(27) Free: 9077M, Max: 4096K regular, 2792M humongous, Frag: 70% external, 0% internal; Reserve: 512M, Max: 4096K
[2021-10-16T00:43:09.232+0400][gc,ergo       ] Free: 9077M, Max: 4096K regular, 2792M humongous, Frag: 70% external, 0% internal; Reserve: 512M, Max: 4096K
[2021-10-16T00:43:09.232+0400][gc,stats      ] 
[2021-10-16T00:43:09.232+0400][gc,stats      ] All times are wall-clock times, except per-root-class counters, that are sum over
[2021-10-16T00:43:09.232+0400][gc,stats      ] all workers. Dividing the <total> over the root stage time estimates parallelism.
[2021-10-16T00:43:09.232+0400][gc,stats      ] 
[2021-10-16T00:43:09.232+0400][gc,stats      ] Concurrent Reset                    613 us
[2021-10-16T00:43:09.232+0400][gc,stats      ] Pause Init Mark (G)                8143 us
[2021-10-16T00:43:09.232+0400][gc,stats      ] Pause Init Mark (N)                7777 us
[2021-10-16T00:43:09.232+0400][gc,stats      ]   Accumulate Stats                    6 us
[2021-10-16T00:43:09.232+0400][gc,stats      ]   Make Parsable                      21 us
[2021-10-16T00:43:09.232+0400][gc,stats      ]   Update Region States              151 us
[2021-10-16T00:43:09.232+0400][gc,stats      ]   Scan Roots                       7535 us, parallelism: 22.55x
[2021-10-16T00:43:09.232+0400][gc,stats      ]     S: <total>                   169888 us
[2021-10-16T00:43:09.232+0400][gc,stats      ]     S: Thread Roots                 547 us, workers (us):   1,   1,   2,   1,   1,   1,   2,   2,   2,   2,   3,   3,   2,   2,   3,   2,   2,   3,   2,   2,   3,   2,   2,   2,   2,   2,   2,   2,  64,  45,  48,  62,  58,  35,  41,  43,  44,  45,   2,   0,   0,   0,   0,   0,   0,   1,   1,   0,   1,   0,   0,   0,   0,   1,   0,   0, 
[2021-10-16T00:43:09.232+0400][gc,stats      ]     S: Universe Roots                 2 us, workers (us):   2, ---, ---, ---, ---, ---, ---, ---, ---, ---, ---, ---, ---, ---, ---, ---, ---, ---, ---, ---, ---, ---, ---, ---, ---, ---, ---, ---, ---, ---, ---, ---, ---, ---, ---, ---, ---, ---, ---, ---, ---, ---, ---, ---, ---, ---, ---, ---, ---, ---, ---, ---, ---, ---, ---, ---, 
[2021-10-16T00:43:09.232+0400][gc,stats      ]     S: JNI Handles Roots              2 us, workers (us): ---, ---, ---,   2, ---, ---, ---, ---, ---, ---, ---, ---, ---, ---, ---, ---, ---, ---, ---, ---, ---, ---, ---, ---, ---, ---, ---, ---, ---, ---, ---, ---, ---, ---, ---, ---, ---, ---, ---, ---, ---, ---, ---, ---, ---, ---, ---, ---, ---, ---, ---, ---, ---, ---, ---, ---, 
[2021-10-16T00:43:09.232+0400][gc,stats      ]     S: Synchronizer Roots             0 us, workers (us):   0, ---, ---, ---, ---, ---, ---, ---, ---, ---, ---, ---, ---, ---, ---, ---, ---, ---, ---, ---, ---, ---, ---, ---, ---, ---, ---, ---, ---, ---, ---, ---, ---, ---, ---, ---, ---, ---, ---, ---, ---, ---, ---, ---, ---, ---, ---, ---, ---, ---, ---, ---, ---, ---, ---, ---, 
[2021-10-16T00:43:09.232+0400][gc,stats      ]     S: Management Roots               2 us, workers (us):   2, ---, ---, ---, ---, ---, ---, ---, ---, ---, ---, ---, ---, ---, ---, ---, ---, ---, ---, ---, ---, ---, ---, ---, ---, ---, ---, ---, ---, ---, ---, ---, ---, ---, ---, ---, ---, ---, ---, ---, ---, ---, ---, ---, ---, ---, ---, ---, ---, ---, ---, ---, ---, ---, ---, ---, 
[2021-10-16T00:43:09.232+0400][gc,stats      ]     S: System Dict Roots              5 us, workers (us): ---,   5, ---, ---, ---, ---, ---, ---, ---, ---, ---, ---, ---, ---, ---, ---, ---, ---, ---, ---, ---, ---, ---, ---, ---, ---, ---, ---, ---, ---, ---, ---, ---, ---, ---, ---, ---, ---, ---, ---, ---, ---, ---, ---, ---, ---, ---, ---, ---, ---, ---, ---, ---, ---, ---, ---, 
[2021-10-16T00:43:09.232+0400][gc,stats      ]     S: CLDG Roots                169329 us, workers (us): 6062, 6058, 6185, 6103, 6055, 6057, 6051, 6048, 6046, 6369, 6039, 6039, 6036, 6032, 6029, 6028, 6025, 6019, 6018, 6016, 6013, 6007, 6009, 6003, 6002, 5995, 5996, 5991, ---, ---, ---, ---, ---, ---, ---, ---, ---, ---, ---, ---, ---, ---, ---, ---, ---, ---, ---, ---, ---, ---, ---, ---, ---, ---, ---, ---, 
[2021-10-16T00:43:09.232+0400][gc,stats      ]     S: JVMTI Roots                    1 us, workers (us):   1, ---, ---, ---, ---, ---, ---, ---, ---, ---, ---, ---, ---, ---, ---, ---, ---, ---, ---, ---, ---, ---, ---, ---, ---, ---, ---, ---, ---, ---, ---, ---, ---, ---, ---, ---, ---, ---, ---, ---, ---, ---, ---, ---, ---, ---, ---, ---, ---, ---, ---, ---, ---, ---, ---, ---, 
[2021-10-16T00:43:09.232+0400][gc,stats      ]   Resize TLABs                        4 us
[2021-10-16T00:43:09.232+0400][gc,stats      ] Concurrent Marking                15187 us
[2021-10-16T00:43:09.232+0400][gc,stats      ] Pause Final Mark (G)                944 us
[2021-10-16T00:43:09.232+0400][gc,stats      ] Pause Final Mark (N)                789 us
[2021-10-16T00:43:09.232+0400][gc,stats      ]   Finish Queues                     460 us
[2021-10-16T00:43:09.232+0400][gc,stats      ]   System Purge                      126 us
[2021-10-16T00:43:09.232+0400][gc,stats      ]     Weak Roots                      125 us
[2021-10-16T00:43:09.232+0400][gc,stats      ]   Update Region States              103 us
[2021-10-16T00:43:09.232+0400][gc,stats      ]   Retire TLABs                       14 us
[2021-10-16T00:43:09.232+0400][gc,stats      ]   Choose Collection Set              62 us
[2021-10-16T00:43:09.232+0400][gc,stats      ]   Rebuild Free Set                   16 us
[2021-10-16T00:43:09.232+0400][gc,stats      ] Concurrent Cleanup                  617 us
[2021-10-16T00:43:09.232+0400][gc,stats      ] 
[2021-10-16T00:43:09.232+0400][gc,stats      ] Allocation pacing accrued:
[2021-10-16T00:43:09.232+0400][gc,stats      ]       0 of  1696 ms (  0.0%): <total>
[2021-10-16T00:43:09.232+0400][gc,stats      ]       0 of  1696 ms (  0.0%): <average total>
[2021-10-16T00:43:09.232+0400][gc,stats      ] 
[2021-10-16T00:43:09.232+0400][gc,metaspace  ] Metaspace: 92294K->92294K(1140736K)
[2021-10-16T00:43:09.232+0400][gc,ergo       ] Pacer for Idle. Initial: 204M, Alloc Tax Rate: 1.0x
[2021-10-16T00:43:10.904+0400][gc            ] Trigger: Free (1021M) is below minimum threshold (1023M)
[2021-10-16T00:43:10.905+0400][gc,ergo       ] Free: 1021M, Max: 4096K regular, 932M humongous, Frag: 8% external, 1% internal; Reserve: 512M, Max: 4096K
[2021-10-16T00:43:10.905+0400][gc,start      ] GC(28) Concurrent reset
[2021-10-16T00:43:10.905+0400][gc,task       ] GC(28) Using 28 of 56 workers for concurrent reset
[2021-10-16T00:43:10.905+0400][gc,ergo       ] GC(28) Pacer for Reset. Non-Taxable: 10240M
[2021-10-16T00:43:10.905+0400][gc            ] GC(28) Concurrent reset 0.651ms
[2021-10-16T00:43:10.905+0400][gc,start      ] GC(28) Pause Init Mark
[2021-10-16T00:43:10.906+0400][gc,task       ] GC(28) Using 56 of 56 workers for init marking
[2021-10-16T00:43:10.913+0400][gc,ergo       ] GC(28) Pacer for Mark. Expected Live: 102M, Free: 1017M, Non-Taxable: 101M, Alloc Tax Rate: 0.1x
[2021-10-16T00:43:10.913+0400][gc            ] GC(28) Pause Init Mark 7.099ms
[2021-10-16T00:43:10.913+0400][gc,start      ] GC(28) Concurrent marking
[2021-10-16T00:43:10.913+0400][gc,task       ] GC(28) Using 28 of 56 workers for concurrent marking
[2021-10-16T00:43:10.927+0400][gc            ] GC(28) Concurrent marking 14.432ms
[2021-10-16T00:43:10.927+0400][gc,start      ] GC(28) Pause Final Mark
[2021-10-16T00:43:10.927+0400][gc,task       ] GC(28) Using 56 of 56 workers for final marking
[2021-10-16T00:43:10.928+0400][gc,ergo       ] GC(28) Collectable Garbage: 8172M (94%), Immediate: 8172M (94%), CSet: 0B (0%)
[2021-10-16T00:43:10.928+0400][gc            ] GC(28) Pause Final Mark 0.997ms
[2021-10-16T00:43:10.928+0400][gc,start      ] GC(28) Concurrent cleanup
[2021-10-16T00:43:10.929+0400][gc            ] GC(28) Concurrent cleanup 8786M->658M(10240M) 0.446ms
[2021-10-16T00:43:10.929+0400][gc,ergo       ] GC(28) Free: 9069M, Max: 4096K regular, 2800M humongous, Frag: 70% external, 0% internal; Reserve: 512M, Max: 4096K
[2021-10-16T00:43:10.929+0400][gc,ergo       ] Free: 9069M, Max: 4096K regular, 2800M humongous, Frag: 70% external, 0% internal; Reserve: 512M, Max: 4096K
[2021-10-16T00:43:10.929+0400][gc,stats      ] 
[2021-10-16T00:43:10.929+0400][gc,stats      ] All times are wall-clock times, except per-root-class counters, that are sum over
[2021-10-16T00:43:10.929+0400][gc,stats      ] all workers. Dividing the <total> over the root stage time estimates parallelism.
[2021-10-16T00:43:10.929+0400][gc,stats      ] 
[2021-10-16T00:43:10.929+0400][gc,stats      ] Concurrent Reset                    632 us
[2021-10-16T00:43:10.929+0400][gc,stats      ] Pause Init Mark (G)                7441 us
[2021-10-16T00:43:10.929+0400][gc,stats      ] Pause Init Mark (N)                7048 us
[2021-10-16T00:43:10.929+0400][gc,stats      ]   Accumulate Stats                    6 us
[2021-10-16T00:43:10.929+0400][gc,stats      ]   Make Parsable                      20 us
[2021-10-16T00:43:10.929+0400][gc,stats      ]   Update Region States              175 us
[2021-10-16T00:43:10.929+0400][gc,stats      ]   Scan Roots                       6780 us, parallelism: 21.57x
[2021-10-16T00:43:10.929+0400][gc,stats      ]     S: <total>                   146217 us
[2021-10-16T00:43:10.929+0400][gc,stats      ]     S: Thread Roots                 646 us, workers (us):   2,   2,   3,   2,   1,   2,   3,   2,   1,   1,   2,   2,   2,   1,   2,   2,   3,   3,   2,   2,   1,   3,   3,   3,   2,   1,   1,   2,  37,  50,  48,  48,  29,  42,  69,  52,  52,  52,   2,   4,  42,  39,  14,   2,   2,   2,   2,   0,   0,   0,   0,   0,   0,   0,   0,   1, 
[2021-10-16T00:43:10.929+0400][gc,stats      ]     S: Universe Roots                 5 us, workers (us):   5, ---, ---, ---, ---, ---, ---, ---, ---, ---, ---, ---, ---, ---, ---, ---, ---, ---, ---, ---, ---, ---, ---, ---, ---, ---, ---, ---, ---, ---, ---, ---, ---, ---, ---, ---, ---, ---, ---, ---, ---, ---, ---, ---, ---, ---, ---, ---, ---, ---, ---, ---, ---, ---, ---, ---, 
[2021-10-16T00:43:10.929+0400][gc,stats      ]     S: JNI Handles Roots              4 us, workers (us):   4, ---, ---, ---, ---, ---, ---, ---, ---, ---, ---, ---, ---, ---, ---, ---, ---, ---, ---, ---, ---, ---, ---, ---, ---, ---, ---, ---, ---, ---, ---, ---, ---, ---, ---, ---, ---, ---, ---, ---, ---, ---, ---, ---, ---, ---, ---, ---, ---, ---, ---, ---, ---, ---, ---, ---, 
[2021-10-16T00:43:10.929+0400][gc,stats      ]     S: Synchronizer Roots             1 us, workers (us): ---,   1, ---, ---, ---, ---, ---, ---, ---, ---, ---, ---, ---, ---, ---, ---, ---, ---, ---, ---, ---, ---, ---, ---, ---, ---, ---, ---, ---, ---, ---, ---, ---, ---, ---, ---, ---, ---, ---, ---, ---, ---, ---, ---, ---, ---, ---, ---, ---, ---, ---, ---, ---, ---, ---, ---, 
[2021-10-16T00:43:10.929+0400][gc,stats      ]     S: Management Roots               2 us, workers (us):   2, ---, ---, ---, ---, ---, ---, ---, ---, ---, ---, ---, ---, ---, ---, ---, ---, ---, ---, ---, ---, ---, ---, ---, ---, ---, ---, ---, ---, ---, ---, ---, ---, ---, ---, ---, ---, ---, ---, ---, ---, ---, ---, ---, ---, ---, ---, ---, ---, ---, ---, ---, ---, ---, ---, ---, 
[2021-10-16T00:43:10.929+0400][gc,stats      ]     S: System Dict Roots             11 us, workers (us): ---,  11, ---, ---, ---, ---, ---, ---, ---, ---, ---, ---, ---, ---, ---, ---, ---, ---, ---, ---, ---, ---, ---, ---, ---, ---, ---, ---, ---, ---, ---, ---, ---, ---, ---, ---, ---, ---, ---, ---, ---, ---, ---, ---, ---, ---, ---, ---, ---, ---, ---, ---, ---, ---, ---, ---, 
[2021-10-16T00:43:10.929+0400][gc,stats      ]     S: CLDG Roots                145547 us, workers (us): 5253, 5250, 5258, 5254, 5253, 5251, 5215, 5193, 5188, 5316, 5182, 5177, 5169, 5164, 5151, 5150, 5149, 5149, 5149, 5147, 5294, 5148, 5149, 5148, 5119, 5481, 5095, 5095, ---, ---, ---, ---, ---, ---, ---, ---, ---, ---, ---, ---, ---, ---, ---, ---, ---, ---, ---, ---, ---, ---, ---, ---, ---, ---, ---, ---, 
[2021-10-16T00:43:10.929+0400][gc,stats      ]     S: JVMTI Roots                    1 us, workers (us): ---, ---,   1, ---, ---, ---, ---, ---, ---, ---, ---, ---, ---, ---, ---, ---, ---, ---, ---, ---, ---, ---, ---, ---, ---, ---, ---, ---, ---, ---, ---, ---, ---, ---, ---, ---, ---, ---, ---, ---, ---, ---, ---, ---, ---, ---, ---, ---, ---, ---, ---, ---, ---, ---, ---, ---, 
[2021-10-16T00:43:10.929+0400][gc,stats      ]   Resize TLABs                        4 us
[2021-10-16T00:43:10.929+0400][gc,stats      ] Concurrent Marking                14352 us
[2021-10-16T00:43:10.929+0400][gc,stats      ] Pause Final Mark (G)               1161 us
[2021-10-16T00:43:10.929+0400][gc,stats      ] Pause Final Mark (N)                969 us
[2021-10-16T00:43:10.929+0400][gc,stats      ]   Finish Queues                     596 us
[2021-10-16T00:43:10.929+0400][gc,stats      ]   System Purge                      128 us
[2021-10-16T00:43:10.929+0400][gc,stats      ]     Weak Roots                      127 us
[2021-10-16T00:43:10.929+0400][gc,stats      ]   Update Region States              104 us
[2021-10-16T00:43:10.929+0400][gc,stats      ]   Retire TLABs                       16 us
[2021-10-16T00:43:10.929+0400][gc,stats      ]   Choose Collection Set              87 us
[2021-10-16T00:43:10.929+0400][gc,stats      ]   Rebuild Free Set                   25 us
[2021-10-16T00:43:10.929+0400][gc,stats      ] Concurrent Cleanup                  427 us
[2021-10-16T00:43:10.929+0400][gc,stats      ] 
[2021-10-16T00:43:10.929+0400][gc,stats      ] Allocation pacing accrued:
[2021-10-16T00:43:10.929+0400][gc,stats      ]       0 of  1697 ms (  0.0%): <total>
[2021-10-16T00:43:10.929+0400][gc,stats      ]       0 of  1697 ms (  0.0%): <average total>
[2021-10-16T00:43:10.929+0400][gc,stats      ] 
[2021-10-16T00:43:10.929+0400][gc,metaspace  ] Metaspace: 92507K->92507K(1140736K)
[2021-10-16T00:43:10.929+0400][gc,ergo       ] Pacer for Idle. Initial: 204M, Alloc Tax Rate: 1.0x
[2021-10-16T00:43:12.599+0400][gc            ] Trigger: Free (1021M) is below minimum threshold (1023M)
[2021-10-16T00:43:12.599+0400][gc,ergo       ] Free: 1021M, Max: 4096K regular, 928M humongous, Frag: 9% external, 1% internal; Reserve: 512M, Max: 4096K
[2021-10-16T00:43:12.599+0400][gc,start      ] GC(29) Concurrent reset
[2021-10-16T00:43:12.599+0400][gc,task       ] GC(29) Using 28 of 56 workers for concurrent reset
[2021-10-16T00:43:12.599+0400][gc,ergo       ] GC(29) Pacer for Reset. Non-Taxable: 10240M
[2021-10-16T00:43:12.600+0400][gc            ] GC(29) Concurrent reset 0.637ms
[2021-10-16T00:43:12.600+0400][gc,start      ] GC(29) Pause Init Mark
[2021-10-16T00:43:12.600+0400][gc,task       ] GC(29) Using 56 of 56 workers for init marking
[2021-10-16T00:43:12.608+0400][gc,ergo       ] GC(29) Pacer for Mark. Expected Live: 102M, Free: 1017M, Non-Taxable: 101M, Alloc Tax Rate: 0.1x
[2021-10-16T00:43:12.608+0400][gc            ] GC(29) Pause Init Mark 8.049ms
[2021-10-16T00:43:12.608+0400][gc,start      ] GC(29) Concurrent marking
[2021-10-16T00:43:12.608+0400][gc,task       ] GC(29) Using 28 of 56 workers for concurrent marking
[2021-10-16T00:43:12.622+0400][gc            ] GC(29) Concurrent marking 13.879ms
[2021-10-16T00:43:12.622+0400][gc,start      ] GC(29) Pause Final Mark
[2021-10-16T00:43:12.622+0400][gc,task       ] GC(29) Using 56 of 56 workers for final marking
[2021-10-16T00:43:12.623+0400][gc,ergo       ] GC(29) Collectable Garbage: 8168M (94%), Immediate: 8168M (94%), CSet: 0B (0%)
[2021-10-16T00:43:12.623+0400][gc            ] GC(29) Pause Final Mark 0.949ms
[2021-10-16T00:43:12.623+0400][gc,start      ] GC(29) Concurrent cleanup
[2021-10-16T00:43:12.624+0400][gc            ] GC(29) Concurrent cleanup 8790M->662M(10240M) 0.660ms
[2021-10-16T00:43:12.624+0400][gc,ergo       ] GC(29) Free: 9065M, Max: 4096K regular, 2792M humongous, Frag: 70% external, 0% internal; Reserve: 512M, Max: 4096K
[2021-10-16T00:43:12.624+0400][gc,ergo       ] Free: 9065M, Max: 4096K regular, 2792M humongous, Frag: 70% external, 0% internal; Reserve: 512M, Max: 4096K
[2021-10-16T00:43:12.624+0400][gc,stats      ] 
[2021-10-16T00:43:12.624+0400][gc,stats      ] All times are wall-clock times, except per-root-class counters, that are sum over
[2021-10-16T00:43:12.624+0400][gc,stats      ] all workers. Dividing the <total> over the root stage time estimates parallelism.
[2021-10-16T00:43:12.624+0400][gc,stats      ] 
[2021-10-16T00:43:12.624+0400][gc,stats      ] Concurrent Reset                    617 us
[2021-10-16T00:43:12.624+0400][gc,stats      ] Pause Init Mark (G)                8314 us
[2021-10-16T00:43:12.624+0400][gc,stats      ] Pause Init Mark (N)                8016 us
[2021-10-16T00:43:12.624+0400][gc,stats      ]   Accumulate Stats                    4 us
[2021-10-16T00:43:12.624+0400][gc,stats      ]   Make Parsable                      30 us
[2021-10-16T00:43:12.624+0400][gc,stats      ]   Update Region States              120 us
[2021-10-16T00:43:12.624+0400][gc,stats      ]   Scan Roots                       7815 us, parallelism: 23.20x
[2021-10-16T00:43:12.624+0400][gc,stats      ]     S: <total>                   181308 us
[2021-10-16T00:43:12.624+0400][gc,stats      ]     S: Thread Roots                 532 us, workers (us):   2,   1,   2,   2,   1,   1,   2,   1,   2,   2,   2,   2,   1,   2,   2,   2,   2,   2,   2,   3,   3,   2,   1,   3,   2,   2,   2,   2,  75,  57,  55,  71,  46,  36,  44,  44,  36,   7,   0,   0,   0,   0,   0,   0,   2,   1,   0,   0,   1,   0,   0,   1,   2,   0,   1,   0, 
[2021-10-16T00:43:12.624+0400][gc,stats      ]     S: Universe Roots                 5 us, workers (us):   5, ---, ---, ---, ---, ---, ---, ---, ---, ---, ---, ---, ---, ---, ---, ---, ---, ---, ---, ---, ---, ---, ---, ---, ---, ---, ---, ---, ---, ---, ---, ---, ---, ---, ---, ---, ---, ---, ---, ---, ---, ---, ---, ---, ---, ---, ---, ---, ---, ---, ---, ---, ---, ---, ---, ---, 
[2021-10-16T00:43:12.624+0400][gc,stats      ]     S: JNI Handles Roots              2 us, workers (us): ---,   2, ---, ---, ---, ---, ---, ---, ---, ---, ---, ---, ---, ---, ---, ---, ---, ---, ---, ---, ---, ---, ---, ---, ---, ---, ---, ---, ---, ---, ---, ---, ---, ---, ---, ---, ---, ---, ---, ---, ---, ---, ---, ---, ---, ---, ---, ---, ---, ---, ---, ---, ---, ---, ---, ---, 
[2021-10-16T00:43:12.624+0400][gc,stats      ]     S: Synchronizer Roots             0 us, workers (us): ---,   0, ---, ---, ---, ---, ---, ---, ---, ---, ---, ---, ---, ---, ---, ---, ---, ---, ---, ---, ---, ---, ---, ---, ---, ---, ---, ---, ---, ---, ---, ---, ---, ---, ---, ---, ---, ---, ---, ---, ---, ---, ---, ---, ---, ---, ---, ---, ---, ---, ---, ---, ---, ---, ---, ---, 
[2021-10-16T00:43:12.624+0400][gc,stats      ]     S: Management Roots               2 us, workers (us): ---,   2, ---, ---, ---, ---, ---, ---, ---, ---, ---, ---, ---, ---, ---, ---, ---, ---, ---, ---, ---, ---, ---, ---, ---, ---, ---, ---, ---, ---, ---, ---, ---, ---, ---, ---, ---, ---, ---, ---, ---, ---, ---, ---, ---, ---, ---, ---, ---, ---, ---, ---, ---, ---, ---, ---, 
[2021-10-16T00:43:12.624+0400][gc,stats      ]     S: System Dict Roots             10 us, workers (us): ---, ---,  10, ---, ---, ---, ---, ---, ---, ---, ---, ---, ---, ---, ---, ---, ---, ---, ---, ---, ---, ---, ---, ---, ---, ---, ---, ---, ---, ---, ---, ---, ---, ---, ---, ---, ---, ---, ---, ---, ---, ---, ---, ---, ---, ---, ---, ---, ---, ---, ---, ---, ---, ---, ---, ---, 
[2021-10-16T00:43:12.624+0400][gc,stats      ]     S: CLDG Roots                180757 us, workers (us): 6460, 6461, 6570, 6459, 6458, 6455, 6455, 6453, 6451, 6447, 6443, 6443, 6444, 6775, 6433, 6433, 6556, 6428, 6426, 6422, 6422, 6416, 6416, 6410, 6408, 6407, 6405, 6402, ---, ---, ---, ---, ---, ---, ---, ---, ---, ---, ---, ---, ---, ---, ---, ---, ---, ---, ---, ---, ---, ---, ---, ---, ---, ---, ---, ---, 
[2021-10-16T00:43:12.625+0400][gc,stats      ]     S: JVMTI Roots                    1 us, workers (us): ---,   1, ---, ---, ---, ---, ---, ---, ---, ---, ---, ---, ---, ---, ---, ---, ---, ---, ---, ---, ---, ---, ---, ---, ---, ---, ---, ---, ---, ---, ---, ---, ---, ---, ---, ---, ---, ---, ---, ---, ---, ---, ---, ---, ---, ---, ---, ---, ---, ---, ---, ---, ---, ---, ---, ---, 
[2021-10-16T00:43:12.625+0400][gc,stats      ]   Resize TLABs                        3 us
[2021-10-16T00:43:12.625+0400][gc,stats      ] Concurrent Marking                13842 us
[2021-10-16T00:43:12.625+0400][gc,stats      ] Pause Final Mark (G)               1150 us
[2021-10-16T00:43:12.625+0400][gc,stats      ] Pause Final Mark (N)                908 us
[2021-10-16T00:43:12.625+0400][gc,stats      ]   Finish Queues                     467 us
[2021-10-16T00:43:12.625+0400][gc,stats      ]   System Purge                      137 us
[2021-10-16T00:43:12.625+0400][gc,stats      ]     Weak Roots                      136 us
[2021-10-16T00:43:12.625+0400][gc,stats      ]   Update Region States              114 us
[2021-10-16T00:43:12.625+0400][gc,stats      ]   Retire TLABs                       19 us
[2021-10-16T00:43:12.625+0400][gc,stats      ]   Choose Collection Set             114 us
[2021-10-16T00:43:12.625+0400][gc,stats      ]   Rebuild Free Set                   40 us
[2021-10-16T00:43:12.625+0400][gc,stats      ] Concurrent Cleanup                  625 us
[2021-10-16T00:43:12.625+0400][gc,stats      ] 
[2021-10-16T00:43:12.625+0400][gc,stats      ] Allocation pacing accrued:
[2021-10-16T00:43:12.625+0400][gc,stats      ]       0 of  1695 ms (  0.0%): <total>
[2021-10-16T00:43:12.625+0400][gc,stats      ]       0 of  1695 ms (  0.0%): <average total>
[2021-10-16T00:43:12.625+0400][gc,stats      ] 
[2021-10-16T00:43:12.625+0400][gc,metaspace  ] Metaspace: 92708K->92708K(1140736K)
[2021-10-16T00:43:12.625+0400][gc,ergo       ] Pacer for Idle. Initial: 204M, Alloc Tax Rate: 1.0x
[2021-10-16T00:43:14.290+0400][gc            ] Trigger: Free (1017M) is below minimum threshold (1023M)
[2021-10-16T00:43:14.290+0400][gc,ergo       ] Free: 1013M, Max: 4096K regular, 932M humongous, Frag: 8% external, 1% internal; Reserve: 512M, Max: 4096K
[2021-10-16T00:43:14.290+0400][gc,start      ] GC(30) Concurrent reset
[2021-10-16T00:43:14.290+0400][gc,task       ] GC(30) Using 28 of 56 workers for concurrent reset
[2021-10-16T00:43:14.290+0400][gc,ergo       ] GC(30) Pacer for Reset. Non-Taxable: 10240M
[2021-10-16T00:43:14.291+0400][gc            ] GC(30) Concurrent reset 0.678ms
[2021-10-16T00:43:14.291+0400][gc,start      ] GC(30) Pause Init Mark (process weakrefs)
[2021-10-16T00:43:14.291+0400][gc,task       ] GC(30) Using 56 of 56 workers for init marking
[2021-10-16T00:43:14.298+0400][gc,ergo       ] GC(30) Pacer for Mark. Expected Live: 102M, Free: 1001M, Non-Taxable: 100M, Alloc Tax Rate: 0.1x
[2021-10-16T00:43:14.299+0400][gc            ] GC(30) Pause Init Mark (process weakrefs) 7.185ms
[2021-10-16T00:43:14.299+0400][gc,start      ] GC(30) Concurrent marking (process weakrefs)
[2021-10-16T00:43:14.299+0400][gc,task       ] GC(30) Using 28 of 56 workers for concurrent marking
[2021-10-16T00:43:14.314+0400][gc            ] GC(30) Concurrent marking (process weakrefs) 15.163ms
[2021-10-16T00:43:14.314+0400][gc,start      ] GC(30) Concurrent precleaning
[2021-10-16T00:43:14.314+0400][gc,task       ] GC(30) Using 1 of 56 workers for concurrent preclean
[2021-10-16T00:43:14.314+0400][gc,ergo       ] GC(30) Pacer for Precleaning. Non-Taxable: 10240M
[2021-10-16T00:43:14.315+0400][gc            ] GC(30) Concurrent precleaning 1.595ms
[2021-10-16T00:43:14.316+0400][gc,start      ] GC(30) Pause Final Mark (process weakrefs)
[2021-10-16T00:43:14.316+0400][gc,task       ] GC(30) Using 56 of 56 workers for final marking
[2021-10-16T00:43:14.317+0400][gc,ergo       ] GC(30) Collectable Garbage: 8184M (94%), Immediate: 8184M (94%), CSet: 0B (0%)
[2021-10-16T00:43:14.317+0400][gc            ] GC(30) Pause Final Mark (process weakrefs) 1.351ms
[2021-10-16T00:43:14.317+0400][gc,start      ] GC(30) Concurrent cleanup
[2021-10-16T00:43:14.318+0400][gc            ] GC(30) Concurrent cleanup 8814M->670M(10240M) 0.336ms
[2021-10-16T00:43:14.318+0400][gc,ergo       ] GC(30) Free: 9057M, Max: 4096K regular, 2852M humongous, Frag: 69% external, 0% internal; Reserve: 512M, Max: 4096K
[2021-10-16T00:43:14.318+0400][gc,ergo       ] Free: 9057M, Max: 4096K regular, 2852M humongous, Frag: 69% external, 0% internal; Reserve: 512M, Max: 4096K
[2021-10-16T00:43:14.318+0400][gc,stats      ] 
[2021-10-16T00:43:14.318+0400][gc,stats      ] All times are wall-clock times, except per-root-class counters, that are sum over
[2021-10-16T00:43:14.318+0400][gc,stats      ] all workers. Dividing the <total> over the root stage time estimates parallelism.
[2021-10-16T00:43:14.318+0400][gc,stats      ] 
[2021-10-16T00:43:14.318+0400][gc,stats      ] Concurrent Reset                    648 us
[2021-10-16T00:43:14.318+0400][gc,stats      ] Pause Init Mark (G)                7495 us
[2021-10-16T00:43:14.318+0400][gc,stats      ] Pause Init Mark (N)                7137 us
[2021-10-16T00:43:14.318+0400][gc,stats      ]   Accumulate Stats                    5 us
[2021-10-16T00:43:14.318+0400][gc,stats      ]   Make Parsable                      21 us
[2021-10-16T00:43:14.318+0400][gc,stats      ]   Update Region States              147 us
[2021-10-16T00:43:14.318+0400][gc,stats      ]   Scan Roots                       6885 us, parallelism: 21.42x
[2021-10-16T00:43:14.318+0400][gc,stats      ]     S: <total>                   147480 us
[2021-10-16T00:43:14.318+0400][gc,stats      ]     S: Thread Roots                 780 us, workers (us):   1,   1,   2,   2,   1,   2,   2,   2,   2,   2,   2,   1,   2,   2,   2,   2,   2,   3,   2,   3,   3,   3,   3,   2,   2,   3,   2,  61,  41,   2,  63,  61,  16,  21,  65,  60,  58,  58,  32,  57,  57,  56,   4,   4,   2,   1,   0,   0,   0,   0,   0,   0,   2,   0,   0,   0, 
[2021-10-16T00:43:14.318+0400][gc,stats      ]     S: Universe Roots                 2 us, workers (us):   2, ---, ---, ---, ---, ---, ---, ---, ---, ---, ---, ---, ---, ---, ---, ---, ---, ---, ---, ---, ---, ---, ---, ---, ---, ---, ---, ---, ---, ---, ---, ---, ---, ---, ---, ---, ---, ---, ---, ---, ---, ---, ---, ---, ---, ---, ---, ---, ---, ---, ---, ---, ---, ---, ---, ---, 
[2021-10-16T00:43:14.318+0400][gc,stats      ]     S: JNI Handles Roots             26 us, workers (us): ---,  26, ---, ---, ---, ---, ---, ---, ---, ---, ---, ---, ---, ---, ---, ---, ---, ---, ---, ---, ---, ---, ---, ---, ---, ---, ---, ---, ---, ---, ---, ---, ---, ---, ---, ---, ---, ---, ---, ---, ---, ---, ---, ---, ---, ---, ---, ---, ---, ---, ---, ---, ---, ---, ---, ---, 
[2021-10-16T00:43:14.318+0400][gc,stats      ]     S: Synchronizer Roots             0 us, workers (us):   0, ---, ---, ---, ---, ---, ---, ---, ---, ---, ---, ---, ---, ---, ---, ---, ---, ---, ---, ---, ---, ---, ---, ---, ---, ---, ---, ---, ---, ---, ---, ---, ---, ---, ---, ---, ---, ---, ---, ---, ---, ---, ---, ---, ---, ---, ---, ---, ---, ---, ---, ---, ---, ---, ---, ---, 
[2021-10-16T00:43:14.318+0400][gc,stats      ]     S: Management Roots               1 us, workers (us):   1, ---, ---, ---, ---, ---, ---, ---, ---, ---, ---, ---, ---, ---, ---, ---, ---, ---, ---, ---, ---, ---, ---, ---, ---, ---, ---, ---, ---, ---, ---, ---, ---, ---, ---, ---, ---, ---, ---, ---, ---, ---, ---, ---, ---, ---, ---, ---, ---, ---, ---, ---, ---, ---, ---, ---, 
[2021-10-16T00:43:14.318+0400][gc,stats      ]     S: System Dict Roots              4 us, workers (us):   4, ---, ---, ---, ---, ---, ---, ---, ---, ---, ---, ---, ---, ---, ---, ---, ---, ---, ---, ---, ---, ---, ---, ---, ---, ---, ---, ---, ---, ---, ---, ---, ---, ---, ---, ---, ---, ---, ---, ---, ---, ---, ---, ---, ---, ---, ---, ---, ---, ---, ---, ---, ---, ---, ---, ---, 
[2021-10-16T00:43:14.318+0400][gc,stats      ]     S: CLDG Roots                146666 us, workers (us): 5395, 5370, 5674, 5328, 5316, 5306, 5268, 5260, 5244, 5231, 5230, 5226, 5193, 5179, 5177, 5177, 5177, 5176, 5177, 5176, 5176, 5174, 5174, 5173, 5173, 5172, 5170, ---, ---, 5172, ---, ---, ---, ---, ---, ---, ---, ---, ---, ---, ---, ---, ---, ---, ---, ---, ---, ---, ---, ---, ---, ---, ---, ---, ---, ---, 
[2021-10-16T00:43:14.318+0400][gc,stats      ]     S: JVMTI Roots                    0 us, workers (us):   0, ---, ---, ---, ---, ---, ---, ---, ---, ---, ---, ---, ---, ---, ---, ---, ---, ---, ---, ---, ---, ---, ---, ---, ---, ---, ---, ---, ---, ---, ---, ---, ---, ---, ---, ---, ---, ---, ---, ---, ---, ---, ---, ---, ---, ---, ---, ---, ---, ---, ---, ---, ---, ---, ---, ---, 
[2021-10-16T00:43:14.318+0400][gc,stats      ]   Resize TLABs                        5 us
[2021-10-16T00:43:14.318+0400][gc,stats      ] Concurrent Marking                15116 us
[2021-10-16T00:43:14.318+0400][gc,stats      ] Concurrent Precleaning             1584 us
[2021-10-16T00:43:14.318+0400][gc,stats      ] Pause Final Mark (G)               1999 us
[2021-10-16T00:43:14.318+0400][gc,stats      ] Pause Final Mark (N)               1303 us
[2021-10-16T00:43:14.318+0400][gc,stats      ]   Finish Queues                     970 us
[2021-10-16T00:43:14.318+0400][gc,stats      ]   Weak References                    27 us
[2021-10-16T00:43:14.318+0400][gc,stats      ]     Process                          23 us
[2021-10-16T00:43:14.318+0400][gc,stats      ]   System Purge                      112 us
[2021-10-16T00:43:14.318+0400][gc,stats      ]     Weak Roots                      112 us
[2021-10-16T00:43:14.318+0400][gc,stats      ]   Update Region States               88 us
[2021-10-16T00:43:14.318+0400][gc,stats      ]   Retire TLABs                       13 us
[2021-10-16T00:43:14.318+0400][gc,stats      ]   Choose Collection Set              60 us
[2021-10-16T00:43:14.318+0400][gc,stats      ]   Rebuild Free Set                   18 us
[2021-10-16T00:43:14.318+0400][gc,stats      ] Concurrent Cleanup                  317 us
[2021-10-16T00:43:14.318+0400][gc,stats      ] 
[2021-10-16T00:43:14.318+0400][gc,stats      ] Allocation pacing accrued:
[2021-10-16T00:43:14.318+0400][gc,stats      ]       0 of  1694 ms (  0.0%): <total>
[2021-10-16T00:43:14.318+0400][gc,stats      ]       0 of  1694 ms (  0.0%): <average total>
[2021-10-16T00:43:14.318+0400][gc,stats      ] 
[2021-10-16T00:43:14.318+0400][gc,metaspace  ] Metaspace: 92753K->92753K(1140736K)
[2021-10-16T00:43:14.318+0400][gc,ergo       ] Pacer for Idle. Initial: 204M, Alloc Tax Rate: 1.0x
[2021-10-16T00:43:15.998+0400][gc            ] Trigger: Free (1017M) is below minimum threshold (1023M)
[2021-10-16T00:43:15.999+0400][gc,ergo       ] Free: 1017M, Max: 4096K regular, 904M humongous, Frag: 11% external, 1% internal; Reserve: 512M, Max: 4096K
[2021-10-16T00:43:15.999+0400][gc,start      ] GC(31) Concurrent reset
[2021-10-16T00:43:15.999+0400][gc,task       ] GC(31) Using 28 of 56 workers for concurrent reset
[2021-10-16T00:43:15.999+0400][gc,ergo       ] GC(31) Pacer for Reset. Non-Taxable: 10240M
[2021-10-16T00:43:15.999+0400][gc            ] GC(31) Concurrent reset 0.639ms
[2021-10-16T00:43:15.999+0400][gc,start      ] GC(31) Pause Init Mark
[2021-10-16T00:43:15.999+0400][gc,task       ] GC(31) Using 56 of 56 workers for init marking
[2021-10-16T00:43:16.007+0400][gc,ergo       ] GC(31) Pacer for Mark. Expected Live: 102M, Free: 1013M, Non-Taxable: 101M, Alloc Tax Rate: 0.1x
[2021-10-16T00:43:16.007+0400][gc            ] GC(31) Pause Init Mark 7.371ms
[2021-10-16T00:43:16.007+0400][gc,start      ] GC(31) Concurrent marking
[2021-10-16T00:43:16.007+0400][gc,task       ] GC(31) Using 28 of 56 workers for concurrent marking
[2021-10-16T00:43:16.024+0400][gc            ] GC(31) Concurrent marking 16.670ms
[2021-10-16T00:43:16.024+0400][gc,start      ] GC(31) Pause Final Mark
[2021-10-16T00:43:16.024+0400][gc,task       ] GC(31) Using 56 of 56 workers for final marking
[2021-10-16T00:43:16.025+0400][gc,ergo       ] GC(31) Collectable Garbage: 8148M (94%), Immediate: 8148M (94%), CSet: 0B (0%)
[2021-10-16T00:43:16.025+0400][gc            ] GC(31) Pause Final Mark 1.016ms
[2021-10-16T00:43:16.025+0400][gc,start      ] GC(31) Concurrent cleanup
[2021-10-16T00:43:16.025+0400][gc            ] GC(31) Concurrent cleanup 8794M->686M(10240M) 0.360ms
[2021-10-16T00:43:16.025+0400][gc,ergo       ] GC(31) Free: 9041M, Max: 4096K regular, 4260M humongous, Frag: 53% external, 0% internal; Reserve: 512M, Max: 4096K
[2021-10-16T00:43:16.025+0400][gc,ergo       ] Free: 9041M, Max: 4096K regular, 4260M humongous, Frag: 53% external, 0% internal; Reserve: 512M, Max: 4096K
[2021-10-16T00:43:16.025+0400][gc,stats      ] 
[2021-10-16T00:43:16.025+0400][gc,stats      ] All times are wall-clock times, except per-root-class counters, that are sum over
[2021-10-16T00:43:16.025+0400][gc,stats      ] all workers. Dividing the <total> over the root stage time estimates parallelism.
[2021-10-16T00:43:16.025+0400][gc,stats      ] 
[2021-10-16T00:43:16.025+0400][gc,stats      ] Concurrent Reset                    610 us
[2021-10-16T00:43:16.025+0400][gc,stats      ] Pause Init Mark (G)                7618 us
[2021-10-16T00:43:16.025+0400][gc,stats      ] Pause Init Mark (N)                7324 us
[2021-10-16T00:43:16.025+0400][gc,stats      ]   Accumulate Stats                    6 us
[2021-10-16T00:43:16.025+0400][gc,stats      ]   Make Parsable                      22 us
[2021-10-16T00:43:16.025+0400][gc,stats      ]   Update Region States              165 us
[2021-10-16T00:43:16.025+0400][gc,stats      ]   Scan Roots                       7075 us, parallelism: 21.67x
[2021-10-16T00:43:16.025+0400][gc,stats      ]     S: <total>                   153350 us
[2021-10-16T00:43:16.025+0400][gc,stats      ]     S: Thread Roots                 827 us, workers (us):   1,   1,   1,   2,   2,   2,   1,   2,   3,   3,   2,   2,   1,   0,   2,   2,   2,   1,   2,   3,   3,   2,   2,   2,   3,   2,   2,   3,  64, 200,  62,  64,  63,  63,  61,  60,  44,  43,  41,   3,   2,   2,   2,   0,   0,   0,   0,   0,   0,   0,   0,   1,   0,   0,   0,   0, 
[2021-10-16T00:43:16.025+0400][gc,stats      ]     S: Universe Roots                 2 us, workers (us):   2, ---, ---, ---, ---, ---, ---, ---, ---, ---, ---, ---, ---, ---, ---, ---, ---, ---, ---, ---, ---, ---, ---, ---, ---, ---, ---, ---, ---, ---, ---, ---, ---, ---, ---, ---, ---, ---, ---, ---, ---, ---, ---, ---, ---, ---, ---, ---, ---, ---, ---, ---, ---, ---, ---, ---, 
[2021-10-16T00:43:16.025+0400][gc,stats      ]     S: JNI Handles Roots              1 us, workers (us):   1, ---, ---, ---, ---, ---, ---, ---, ---, ---, ---, ---, ---, ---, ---, ---, ---, ---, ---, ---, ---, ---, ---, ---, ---, ---, ---, ---, ---, ---, ---, ---, ---, ---, ---, ---, ---, ---, ---, ---, ---, ---, ---, ---, ---, ---, ---, ---, ---, ---, ---, ---, ---, ---, ---, ---, 
[2021-10-16T00:43:16.025+0400][gc,stats      ]     S: Synchronizer Roots             0 us, workers (us):   0, ---, ---, ---, ---, ---, ---, ---, ---, ---, ---, ---, ---, ---, ---, ---, ---, ---, ---, ---, ---, ---, ---, ---, ---, ---, ---, ---, ---, ---, ---, ---, ---, ---, ---, ---, ---, ---, ---, ---, ---, ---, ---, ---, ---, ---, ---, ---, ---, ---, ---, ---, ---, ---, ---, ---, 
[2021-10-16T00:43:16.025+0400][gc,stats      ]     S: Management Roots               1 us, workers (us):   1, ---, ---, ---, ---, ---, ---, ---, ---, ---, ---, ---, ---, ---, ---, ---, ---, ---, ---, ---, ---, ---, ---, ---, ---, ---, ---, ---, ---, ---, ---, ---, ---, ---, ---, ---, ---, ---, ---, ---, ---, ---, ---, ---, ---, ---, ---, ---, ---, ---, ---, ---, ---, ---, ---, ---, 
[2021-10-16T00:43:16.025+0400][gc,stats      ]     S: System Dict Roots              4 us, workers (us):   4, ---, ---, ---, ---, ---, ---, ---, ---, ---, ---, ---, ---, ---, ---, ---, ---, ---, ---, ---, ---, ---, ---, ---, ---, ---, ---, ---, ---, ---, ---, ---, ---, ---, ---, ---, ---, ---, ---, ---, ---, ---, ---, ---, ---, ---, ---, ---, ---, ---, ---, ---, ---, ---, ---, ---, 
[2021-10-16T00:43:16.025+0400][gc,stats      ]     S: CLDG Roots                152514 us, workers (us): 5540, 5580, 5575, 5525, 5517, 5513, 5471, 5457, 5454, 5454, 5416, 5412, 5405, 5405, 5390, 5389, 5387, 5774, 5386, 5387, 5387, 5386, 5386, 5385, 5384, 5382, 5384, 5384, ---, ---, ---, ---, ---, ---, ---, ---, ---, ---, ---, ---, ---, ---, ---, ---, ---, ---, ---, ---, ---, ---, ---, ---, ---, ---, ---, ---, 
[2021-10-16T00:43:16.025+0400][gc,stats      ]     S: JVMTI Roots                    0 us, workers (us):   0, ---, ---, ---, ---, ---, ---, ---, ---, ---, ---, ---, ---, ---, ---, ---, ---, ---, ---, ---, ---, ---, ---, ---, ---, ---, ---, ---, ---, ---, ---, ---, ---, ---, ---, ---, ---, ---, ---, ---, ---, ---, ---, ---, ---, ---, ---, ---, ---, ---, ---, ---, ---, ---, ---, ---, 
[2021-10-16T00:43:16.025+0400][gc,stats      ]   Resize TLABs                        3 us
[2021-10-16T00:43:16.025+0400][gc,stats      ] Concurrent Marking                16633 us
[2021-10-16T00:43:16.025+0400][gc,stats      ] Pause Final Mark (G)               1183 us
[2021-10-16T00:43:16.025+0400][gc,stats      ] Pause Final Mark (N)                976 us
[2021-10-16T00:43:16.025+0400][gc,stats      ]   Finish Queues                     504 us
[2021-10-16T00:43:16.025+0400][gc,stats      ]   System Purge                      136 us
[2021-10-16T00:43:16.025+0400][gc,stats      ]     Weak Roots                      135 us
[2021-10-16T00:43:16.025+0400][gc,stats      ]   Update Region States              121 us
[2021-10-16T00:43:16.025+0400][gc,stats      ]   Retire TLABs                       18 us
[2021-10-16T00:43:16.025+0400][gc,stats      ]   Choose Collection Set             116 us
[2021-10-16T00:43:16.025+0400][gc,stats      ]   Rebuild Free Set                   40 us
[2021-10-16T00:43:16.025+0400][gc,stats      ] Concurrent Cleanup                  345 us
[2021-10-16T00:43:16.025+0400][gc,stats      ] 
[2021-10-16T00:43:16.025+0400][gc,stats      ] Allocation pacing accrued:
[2021-10-16T00:43:16.025+0400][gc,stats      ]       0 of  1707 ms (  0.0%): <total>
[2021-10-16T00:43:16.025+0400][gc,stats      ]       0 of  1707 ms (  0.0%): <average total>
[2021-10-16T00:43:16.025+0400][gc,stats      ] 
[2021-10-16T00:43:16.025+0400][gc,metaspace  ] Metaspace: 92918K->92918K(1140736K)
[2021-10-16T00:43:16.025+0400][gc,ergo       ] Pacer for Idle. Initial: 204M, Alloc Tax Rate: 1.0x
[2021-10-16T00:43:17.695+0400][gc            ] Trigger: Free (1021M) is below minimum threshold (1023M)
[2021-10-16T00:43:17.695+0400][gc,ergo       ] Free: 1021M, Max: 4096K regular, 984M humongous, Frag: 3% external, 1% internal; Reserve: 512M, Max: 4096K
[2021-10-16T00:43:17.695+0400][gc,start      ] GC(32) Concurrent reset
[2021-10-16T00:43:17.695+0400][gc,task       ] GC(32) Using 28 of 56 workers for concurrent reset
[2021-10-16T00:43:17.695+0400][gc,ergo       ] GC(32) Pacer for Reset. Non-Taxable: 10240M
[2021-10-16T00:43:17.696+0400][gc            ] GC(32) Concurrent reset 0.716ms
[2021-10-16T00:43:17.696+0400][gc,start      ] GC(32) Pause Init Mark
[2021-10-16T00:43:17.696+0400][gc,task       ] GC(32) Using 56 of 56 workers for init marking
[2021-10-16T00:43:17.706+0400][gc,ergo       ] GC(32) Pacer for Mark. Expected Live: 102M, Free: 1021M, Non-Taxable: 102M, Alloc Tax Rate: 0.1x
[2021-10-16T00:43:17.706+0400][gc            ] GC(32) Pause Init Mark 9.475ms
[2021-10-16T00:43:17.706+0400][gc,start      ] GC(32) Concurrent marking
[2021-10-16T00:43:17.706+0400][gc,task       ] GC(32) Using 28 of 56 workers for concurrent marking
[2021-10-16T00:43:17.722+0400][gc            ] GC(32) Concurrent marking 16.664ms
[2021-10-16T00:43:17.722+0400][gc,start      ] GC(32) Pause Final Mark
[2021-10-16T00:43:17.722+0400][gc,task       ] GC(32) Using 56 of 56 workers for final marking
[2021-10-16T00:43:17.723+0400][gc,ergo       ] GC(32) Collectable Garbage: 8136M (94%), Immediate: 8136M (94%), CSet: 0B (0%)
[2021-10-16T00:43:17.723+0400][gc            ] GC(32) Pause Final Mark 0.784ms
[2021-10-16T00:43:17.723+0400][gc,start      ] GC(32) Concurrent cleanup
[2021-10-16T00:43:17.724+0400][gc            ] GC(32) Concurrent cleanup 8790M->694M(10240M) 0.648ms
[2021-10-16T00:43:17.724+0400][gc,ergo       ] GC(32) Free: 9033M, Max: 4096K regular, 2864M humongous, Frag: 69% external, 0% internal; Reserve: 512M, Max: 4096K
[2021-10-16T00:43:17.724+0400][gc,ergo       ] Free: 9033M, Max: 4096K regular, 2864M humongous, Frag: 69% external, 0% internal; Reserve: 512M, Max: 4096K
[2021-10-16T00:43:17.724+0400][gc,stats      ] 
[2021-10-16T00:43:17.724+0400][gc,stats      ] All times are wall-clock times, except per-root-class counters, that are sum over
[2021-10-16T00:43:17.724+0400][gc,stats      ] all workers. Dividing the <total> over the root stage time estimates parallelism.
[2021-10-16T00:43:17.724+0400][gc,stats      ] 
[2021-10-16T00:43:17.724+0400][gc,stats      ] Concurrent Reset                    694 us
[2021-10-16T00:43:17.724+0400][gc,stats      ] Pause Init Mark (G)                9693 us
[2021-10-16T00:43:17.724+0400][gc,stats      ] Pause Init Mark (N)                9449 us
[2021-10-16T00:43:17.724+0400][gc,stats      ]   Accumulate Stats                    3 us
[2021-10-16T00:43:17.724+0400][gc,stats      ]   Make Parsable                      22 us
[2021-10-16T00:43:17.724+0400][gc,stats      ]   Update Region States              114 us
[2021-10-16T00:43:17.724+0400][gc,stats      ]   Scan Roots                       9282 us, parallelism: 15.26x
[2021-10-16T00:43:17.724+0400][gc,stats      ]     S: <total>                   141638 us
[2021-10-16T00:43:17.724+0400][gc,stats      ]     S: Thread Roots                1755 us, workers (us):   3,   3,   5,   2,   1,   2,   2,   2,   1,   1,   0,   3,   1,   1,   1,   2,   3,   3,   2,  72,   2,   2,   3,   1,  57,   3,   2, 105,   1,   6,  89,   2, 102,  92,  58,  80,  28,  88, 106,  23, 106, 106,  53,  20, 104, 114,  41, 103,  50,  92,   6,   0,   0,   0,   0,   0, 
[2021-10-16T00:43:17.724+0400][gc,stats      ]     S: Universe Roots                 4 us, workers (us):   4, ---, ---, ---, ---, ---, ---, ---, ---, ---, ---, ---, ---, ---, ---, ---, ---, ---, ---, ---, ---, ---, ---, ---, ---, ---, ---, ---, ---, ---, ---, ---, ---, ---, ---, ---, ---, ---, ---, ---, ---, ---, ---, ---, ---, ---, ---, ---, ---, ---, ---, ---, ---, ---, ---, ---, 
[2021-10-16T00:43:17.724+0400][gc,stats      ]     S: JNI Handles Roots             21 us, workers (us):  21, ---, ---, ---, ---, ---, ---, ---, ---, ---, ---, ---, ---, ---, ---, ---, ---, ---, ---, ---, ---, ---, ---, ---, ---, ---, ---, ---, ---, ---, ---, ---, ---, ---, ---, ---, ---, ---, ---, ---, ---, ---, ---, ---, ---, ---, ---, ---, ---, ---, ---, ---, ---, ---, ---, ---, 
[2021-10-16T00:43:17.724+0400][gc,stats      ]     S: Synchronizer Roots             1 us, workers (us): ---,   1, ---, ---, ---, ---, ---, ---, ---, ---, ---, ---, ---, ---, ---, ---, ---, ---, ---, ---, ---, ---, ---, ---, ---, ---, ---, ---, ---, ---, ---, ---, ---, ---, ---, ---, ---, ---, ---, ---, ---, ---, ---, ---, ---, ---, ---, ---, ---, ---, ---, ---, ---, ---, ---, ---, 
[2021-10-16T00:43:17.724+0400][gc,stats      ]     S: Management Roots               2 us, workers (us):   2, ---, ---, ---, ---, ---, ---, ---, ---, ---, ---, ---, ---, ---, ---, ---, ---, ---, ---, ---, ---, ---, ---, ---, ---, ---, ---, ---, ---, ---, ---, ---, ---, ---, ---, ---, ---, ---, ---, ---, ---, ---, ---, ---, ---, ---, ---, ---, ---, ---, ---, ---, ---, ---, ---, ---, 
[2021-10-16T00:43:17.724+0400][gc,stats      ]     S: System Dict Roots              8 us, workers (us): ---,   8, ---, ---, ---, ---, ---, ---, ---, ---, ---, ---, ---, ---, ---, ---, ---, ---, ---, ---, ---, ---, ---, ---, ---, ---, ---, ---, ---, ---, ---, ---, ---, ---, ---, ---, ---, ---, ---, ---, ---, ---, ---, ---, ---, ---, ---, ---, ---, ---, ---, ---, ---, ---, ---, ---, 
[2021-10-16T00:43:17.725+0400][gc,stats      ]     S: CLDG Roots                139846 us, workers (us): 5002, 5018, 5914, 4998, 4994, 4962, 4963, 4961, 4954, 4954, 5033, 4953, 4953, 4952, 4952, 4939, 4936, 4936, 4935, ---, 4935, 4935, 4934, 5082, ---, 4931, 4932, ---, 4930, 4929, ---, 4930, ---, ---, ---, ---, ---, ---, ---, ---, ---, ---, ---, ---, ---, ---, ---, ---, ---, ---, ---, ---, ---, ---, ---, ---, 
[2021-10-16T00:43:17.725+0400][gc,stats      ]     S: JVMTI Roots                    1 us, workers (us):   1, ---, ---, ---, ---, ---, ---, ---, ---, ---, ---, ---, ---, ---, ---, ---, ---, ---, ---, ---, ---, ---, ---, ---, ---, ---, ---, ---, ---, ---, ---, ---, ---, ---, ---, ---, ---, ---, ---, ---, ---, ---, ---, ---, ---, ---, ---, ---, ---, ---, ---, ---, ---, ---, ---, ---, 
[2021-10-16T00:43:17.725+0400][gc,stats      ]   Resize TLABs                        2 us
[2021-10-16T00:43:17.725+0400][gc,stats      ] Concurrent Marking                16614 us
[2021-10-16T00:43:17.725+0400][gc,stats      ] Pause Final Mark (G)                942 us
[2021-10-16T00:43:17.725+0400][gc,stats      ] Pause Final Mark (N)                766 us
[2021-10-16T00:43:17.725+0400][gc,stats      ]   Finish Queues                     483 us
[2021-10-16T00:43:17.725+0400][gc,stats      ]   System Purge                      121 us
[2021-10-16T00:43:17.725+0400][gc,stats      ]     Weak Roots                      121 us
[2021-10-16T00:43:17.725+0400][gc,stats      ]   Update Region States               78 us
[2021-10-16T00:43:17.725+0400][gc,stats      ]   Retire TLABs                       12 us
[2021-10-16T00:43:17.725+0400][gc,stats      ]   Choose Collection Set              53 us
[2021-10-16T00:43:17.725+0400][gc,stats      ]   Rebuild Free Set                   11 us
[2021-10-16T00:43:17.725+0400][gc,stats      ] Concurrent Cleanup                  619 us
[2021-10-16T00:43:17.725+0400][gc,stats      ] 
[2021-10-16T00:43:17.725+0400][gc,stats      ] Allocation pacing accrued:
[2021-10-16T00:43:17.725+0400][gc,stats      ]       0 of  1699 ms (  0.0%): <total>
[2021-10-16T00:43:17.725+0400][gc,stats      ]       0 of  1699 ms (  0.0%): <average total>
[2021-10-16T00:43:17.725+0400][gc,stats      ] 
[2021-10-16T00:43:17.725+0400][gc,metaspace  ] Metaspace: 92941K->92941K(1140736K)
[2021-10-16T00:43:17.725+0400][gc,ergo       ] Pacer for Idle. Initial: 204M, Alloc Tax Rate: 1.0x
[2021-10-16T00:43:19.383+0400][gc            ] Trigger: Free (1013M) is below minimum threshold (1023M)
[2021-10-16T00:43:19.383+0400][gc,ergo       ] Free: 1013M, Max: 4096K regular, 928M humongous, Frag: 8% external, 1% internal; Reserve: 512M, Max: 4096K
[2021-10-16T00:43:19.383+0400][gc,start      ] GC(33) Concurrent reset
[2021-10-16T00:43:19.383+0400][gc,task       ] GC(33) Using 28 of 56 workers for concurrent reset
[2021-10-16T00:43:19.383+0400][gc,ergo       ] GC(33) Pacer for Reset. Non-Taxable: 10240M
[2021-10-16T00:43:19.384+0400][gc            ] GC(33) Concurrent reset 0.707ms
[2021-10-16T00:43:19.384+0400][gc,start      ] GC(33) Pause Init Mark
[2021-10-16T00:43:19.384+0400][gc,task       ] GC(33) Using 56 of 56 workers for init marking
[2021-10-16T00:43:19.390+0400][gc,ergo       ] GC(33) Pacer for Mark. Expected Live: 102M, Free: 1013M, Non-Taxable: 101M, Alloc Tax Rate: 0.1x
[2021-10-16T00:43:19.391+0400][gc            ] GC(33) Pause Init Mark 6.357ms
[2021-10-16T00:43:19.391+0400][gc,start      ] GC(33) Concurrent marking
[2021-10-16T00:43:19.391+0400][gc,task       ] GC(33) Using 28 of 56 workers for concurrent marking
[2021-10-16T00:43:19.406+0400][gc            ] GC(33) Concurrent marking 15.363ms
[2021-10-16T00:43:19.406+0400][gc,start      ] GC(33) Pause Final Mark
[2021-10-16T00:43:19.406+0400][gc,task       ] GC(33) Using 56 of 56 workers for final marking
[2021-10-16T00:43:19.407+0400][gc,ergo       ] GC(33) Collectable Garbage: 8140M (94%), Immediate: 8140M (94%), CSet: 0B (0%)
[2021-10-16T00:43:19.407+0400][gc            ] GC(33) Pause Final Mark 0.801ms
[2021-10-16T00:43:19.407+0400][gc,start      ] GC(33) Concurrent cleanup
[2021-10-16T00:43:19.407+0400][gc            ] GC(33) Concurrent cleanup 8794M->694M(10240M) 0.321ms
[2021-10-16T00:43:19.407+0400][gc,ergo       ] GC(33) Free: 9033M, Max: 4096K regular, 2812M humongous, Frag: 69% external, 0% internal; Reserve: 512M, Max: 4096K
[2021-10-16T00:43:19.407+0400][gc,ergo       ] Free: 9033M, Max: 4096K regular, 2812M humongous, Frag: 69% external, 0% internal; Reserve: 512M, Max: 4096K
[2021-10-16T00:43:19.407+0400][gc,stats      ] 
[2021-10-16T00:43:19.407+0400][gc,stats      ] All times are wall-clock times, except per-root-class counters, that are sum over
[2021-10-16T00:43:19.407+0400][gc,stats      ] all workers. Dividing the <total> over the root stage time estimates parallelism.
[2021-10-16T00:43:19.407+0400][gc,stats      ] 
[2021-10-16T00:43:19.407+0400][gc,stats      ] Concurrent Reset                    687 us
[2021-10-16T00:43:19.407+0400][gc,stats      ] Pause Init Mark (G)                6784 us
[2021-10-16T00:43:19.407+0400][gc,stats      ] Pause Init Mark (N)                6309 us
[2021-10-16T00:43:19.407+0400][gc,stats      ]   Accumulate Stats                    6 us
[2021-10-16T00:43:19.407+0400][gc,stats      ]   Make Parsable                      21 us
[2021-10-16T00:43:19.407+0400][gc,stats      ]   Update Region States              144 us
[2021-10-16T00:43:19.407+0400][gc,stats      ]   Scan Roots                       6062 us, parallelism: 21.67x
[2021-10-16T00:43:19.407+0400][gc,stats      ]     S: <total>                   131387 us
[2021-10-16T00:43:19.408+0400][gc,stats      ]     S: Thread Roots                1080 us, workers (us):   1,   2,   1,   3,   2,   2,   3,   3,   1,   1,   2,   1,   1,   1,   1,   2,   2,   2,   2,   2,   3,   3,   3,   2,   3,  83,   3,   2,   2,  97,  97,  96,  96,  96,  82,  58,  58,  41,  25,  70,  60,   2,  24,   2,  28,   2,   1,   2,   1,   2,   2,   0,   0,   0,   0,   0, 
[2021-10-16T00:43:19.408+0400][gc,stats      ]     S: Universe Roots                 2 us, workers (us):   2, ---, ---, ---, ---, ---, ---, ---, ---, ---, ---, ---, ---, ---, ---, ---, ---, ---, ---, ---, ---, ---, ---, ---, ---, ---, ---, ---, ---, ---, ---, ---, ---, ---, ---, ---, ---, ---, ---, ---, ---, ---, ---, ---, ---, ---, ---, ---, ---, ---, ---, ---, ---, ---, ---, ---, 
[2021-10-16T00:43:19.408+0400][gc,stats      ]     S: JNI Handles Roots              4 us, workers (us): ---,   4, ---, ---, ---, ---, ---, ---, ---, ---, ---, ---, ---, ---, ---, ---, ---, ---, ---, ---, ---, ---, ---, ---, ---, ---, ---, ---, ---, ---, ---, ---, ---, ---, ---, ---, ---, ---, ---, ---, ---, ---, ---, ---, ---, ---, ---, ---, ---, ---, ---, ---, ---, ---, ---, ---, 
[2021-10-16T00:43:19.408+0400][gc,stats      ]     S: Synchronizer Roots             1 us, workers (us): ---,   1, ---, ---, ---, ---, ---, ---, ---, ---, ---, ---, ---, ---, ---, ---, ---, ---, ---, ---, ---, ---, ---, ---, ---, ---, ---, ---, ---, ---, ---, ---, ---, ---, ---, ---, ---, ---, ---, ---, ---, ---, ---, ---, ---, ---, ---, ---, ---, ---, ---, ---, ---, ---, ---, ---, 
[2021-10-16T00:43:19.408+0400][gc,stats      ]     S: Management Roots               1 us, workers (us):   1, ---, ---, ---, ---, ---, ---, ---, ---, ---, ---, ---, ---, ---, ---, ---, ---, ---, ---, ---, ---, ---, ---, ---, ---, ---, ---, ---, ---, ---, ---, ---, ---, ---, ---, ---, ---, ---, ---, ---, ---, ---, ---, ---, ---, ---, ---, ---, ---, ---, ---, ---, ---, ---, ---, ---, 
[2021-10-16T00:43:19.408+0400][gc,stats      ]     S: System Dict Roots              4 us, workers (us):   4, ---, ---, ---, ---, ---, ---, ---, ---, ---, ---, ---, ---, ---, ---, ---, ---, ---, ---, ---, ---, ---, ---, ---, ---, ---, ---, ---, ---, ---, ---, ---, ---, ---, ---, ---, ---, ---, ---, ---, ---, ---, ---, ---, ---, ---, ---, ---, ---, ---, ---, ---, ---, ---, ---, ---, 
[2021-10-16T00:43:19.408+0400][gc,stats      ]     S: CLDG Roots                130296 us, workers (us): 4728, 4818, 4728, 4710, 4703, 4692, 4679, 4679, 4671, 4662, 4656, 4649, 4686, 4741, 4617, 4610, 4609, 4607, 4608, 4607, 4606, 4605, 4607, 4605, 4603, ---, 4603, 4604, 4604, ---, ---, ---, ---, ---, ---, ---, ---, ---, ---, ---, ---, ---, ---, ---, ---, ---, ---, ---, ---, ---, ---, ---, ---, ---, ---, ---, 
[2021-10-16T00:43:19.408+0400][gc,stats      ]     S: JVMTI Roots                    1 us, workers (us): ---,   1, ---, ---, ---, ---, ---, ---, ---, ---, ---, ---, ---, ---, ---, ---, ---, ---, ---, ---, ---, ---, ---, ---, ---, ---, ---, ---, ---, ---, ---, ---, ---, ---, ---, ---, ---, ---, ---, ---, ---, ---, ---, ---, ---, ---, ---, ---, ---, ---, ---, ---, ---, ---, ---, ---, 
[2021-10-16T00:43:19.408+0400][gc,stats      ]   Resize TLABs                        5 us
[2021-10-16T00:43:19.408+0400][gc,stats      ] Concurrent Marking                15315 us
[2021-10-16T00:43:19.408+0400][gc,stats      ] Pause Final Mark (G)                915 us
[2021-10-16T00:43:19.408+0400][gc,stats      ] Pause Final Mark (N)                777 us
[2021-10-16T00:43:19.408+0400][gc,stats      ]   Finish Queues                     438 us
[2021-10-16T00:43:19.408+0400][gc,stats      ]   System Purge                      141 us
[2021-10-16T00:43:19.408+0400][gc,stats      ]     Weak Roots                      141 us
[2021-10-16T00:43:19.408+0400][gc,stats      ]   Update Region States               84 us
[2021-10-16T00:43:19.408+0400][gc,stats      ]   Retire TLABs                       14 us
[2021-10-16T00:43:19.408+0400][gc,stats      ]   Choose Collection Set              71 us
[2021-10-16T00:43:19.408+0400][gc,stats      ]   Rebuild Free Set                   18 us
[2021-10-16T00:43:19.408+0400][gc,stats      ] Concurrent Cleanup                  307 us
[2021-10-16T00:43:19.408+0400][gc,stats      ] 
[2021-10-16T00:43:19.408+0400][gc,stats      ] Allocation pacing accrued:
[2021-10-16T00:43:19.408+0400][gc,stats      ]       0 of  1683 ms (  0.0%): <total>
[2021-10-16T00:43:19.408+0400][gc,stats      ]       0 of  1683 ms (  0.0%): <average total>
[2021-10-16T00:43:19.408+0400][gc,stats      ] 
[2021-10-16T00:43:19.408+0400][gc,metaspace  ] Metaspace: 93061K->93061K(1140736K)
[2021-10-16T00:43:19.408+0400][gc,ergo       ] Pacer for Idle. Initial: 204M, Alloc Tax Rate: 1.0x
[2021-10-16T00:43:21.076+0400][gc            ] Trigger: Free (1013M) is below minimum threshold (1023M)
[2021-10-16T00:43:21.077+0400][gc,ergo       ] Free: 1013M, Max: 4096K regular, 924M humongous, Frag: 8% external, 1% internal; Reserve: 512M, Max: 4096K
[2021-10-16T00:43:21.077+0400][gc,start      ] GC(34) Concurrent reset
[2021-10-16T00:43:21.077+0400][gc,task       ] GC(34) Using 28 of 56 workers for concurrent reset
[2021-10-16T00:43:21.077+0400][gc,ergo       ] GC(34) Pacer for Reset. Non-Taxable: 10240M
[2021-10-16T00:43:21.077+0400][gc            ] GC(34) Concurrent reset 0.672ms
[2021-10-16T00:43:21.078+0400][gc,start      ] GC(34) Pause Init Mark
[2021-10-16T00:43:21.078+0400][gc,task       ] GC(34) Using 56 of 56 workers for init marking
[2021-10-16T00:43:21.085+0400][gc,ergo       ] GC(34) Pacer for Mark. Expected Live: 102M, Free: 1005M, Non-Taxable: 100M, Alloc Tax Rate: 0.1x
[2021-10-16T00:43:21.085+0400][gc            ] GC(34) Pause Init Mark 7.314ms
[2021-10-16T00:43:21.085+0400][gc,start      ] GC(34) Concurrent marking
[2021-10-16T00:43:21.085+0400][gc,task       ] GC(34) Using 28 of 56 workers for concurrent marking
[2021-10-16T00:43:21.099+0400][gc            ] GC(34) Concurrent marking 13.883ms
[2021-10-16T00:43:21.099+0400][gc,start      ] GC(34) Pause Final Mark
[2021-10-16T00:43:21.099+0400][gc,task       ] GC(34) Using 56 of 56 workers for final marking
[2021-10-16T00:43:21.100+0400][gc,ergo       ] GC(34) Collectable Garbage: 8144M (94%), Immediate: 8144M (94%), CSet: 0B (0%)
[2021-10-16T00:43:21.100+0400][gc            ] GC(34) Pause Final Mark 0.651ms
[2021-10-16T00:43:21.100+0400][gc,start      ] GC(34) Concurrent cleanup
[2021-10-16T00:43:21.100+0400][gc            ] GC(34) Concurrent cleanup 8802M->698M(10240M) 0.653ms
[2021-10-16T00:43:21.100+0400][gc,ergo       ] GC(34) Free: 9029M, Max: 4096K regular, 2872M humongous, Frag: 69% external, 0% internal; Reserve: 512M, Max: 4096K
[2021-10-16T00:43:21.100+0400][gc,ergo       ] Free: 9029M, Max: 4096K regular, 2872M humongous, Frag: 69% external, 0% internal; Reserve: 512M, Max: 4096K
[2021-10-16T00:43:21.100+0400][gc,stats      ] 
[2021-10-16T00:43:21.100+0400][gc,stats      ] All times are wall-clock times, except per-root-class counters, that are sum over
[2021-10-16T00:43:21.100+0400][gc,stats      ] all workers. Dividing the <total> over the root stage time estimates parallelism.
[2021-10-16T00:43:21.101+0400][gc,stats      ] 
[2021-10-16T00:43:21.101+0400][gc,stats      ] Concurrent Reset                    652 us
[2021-10-16T00:43:21.101+0400][gc,stats      ] Pause Init Mark (G)                7622 us
[2021-10-16T00:43:21.101+0400][gc,stats      ] Pause Init Mark (N)                7265 us
[2021-10-16T00:43:21.101+0400][gc,stats      ]   Accumulate Stats                    6 us
[2021-10-16T00:43:21.101+0400][gc,stats      ]   Make Parsable                      18 us
[2021-10-16T00:43:21.101+0400][gc,stats      ]   Update Region States              186 us
[2021-10-16T00:43:21.101+0400][gc,stats      ]   Scan Roots                       6976 us, parallelism: 22.33x
[2021-10-16T00:43:21.101+0400][gc,stats      ]     S: <total>                   155757 us
[2021-10-16T00:43:21.101+0400][gc,stats      ]     S: Thread Roots                 721 us, workers (us):   2,   3,   2,   1,   2,   2,   1,   1,   2,   2,   2,   2,   2,   2,   3,   3,   1,   3,   1,   2,   2,   3,   2,   2,   2,   3,  88,  89,   2,  89,   2,  88,  88,  85,  33,  33,  32,  32,   5,   1,   0,   0,   0,   0,   0,   0,   0,   0,   0,   0,   0,   0,   0,   0,   0,   0, 
[2021-10-16T00:43:21.101+0400][gc,stats      ]     S: Universe Roots                 5 us, workers (us):   5, ---, ---, ---, ---, ---, ---, ---, ---, ---, ---, ---, ---, ---, ---, ---, ---, ---, ---, ---, ---, ---, ---, ---, ---, ---, ---, ---, ---, ---, ---, ---, ---, ---, ---, ---, ---, ---, ---, ---, ---, ---, ---, ---, ---, ---, ---, ---, ---, ---, ---, ---, ---, ---, ---, ---, 
[2021-10-16T00:43:21.101+0400][gc,stats      ]     S: JNI Handles Roots              4 us, workers (us): ---,   4, ---, ---, ---, ---, ---, ---, ---, ---, ---, ---, ---, ---, ---, ---, ---, ---, ---, ---, ---, ---, ---, ---, ---, ---, ---, ---, ---, ---, ---, ---, ---, ---, ---, ---, ---, ---, ---, ---, ---, ---, ---, ---, ---, ---, ---, ---, ---, ---, ---, ---, ---, ---, ---, ---, 
[2021-10-16T00:43:21.101+0400][gc,stats      ]     S: Synchronizer Roots             0 us, workers (us):   0, ---, ---, ---, ---, ---, ---, ---, ---, ---, ---, ---, ---, ---, ---, ---, ---, ---, ---, ---, ---, ---, ---, ---, ---, ---, ---, ---, ---, ---, ---, ---, ---, ---, ---, ---, ---, ---, ---, ---, ---, ---, ---, ---, ---, ---, ---, ---, ---, ---, ---, ---, ---, ---, ---, ---, 
[2021-10-16T00:43:21.101+0400][gc,stats      ]     S: Management Roots               2 us, workers (us):   2, ---, ---, ---, ---, ---, ---, ---, ---, ---, ---, ---, ---, ---, ---, ---, ---, ---, ---, ---, ---, ---, ---, ---, ---, ---, ---, ---, ---, ---, ---, ---, ---, ---, ---, ---, ---, ---, ---, ---, ---, ---, ---, ---, ---, ---, ---, ---, ---, ---, ---, ---, ---, ---, ---, ---, 
[2021-10-16T00:43:21.101+0400][gc,stats      ]     S: System Dict Roots              8 us, workers (us):   8, ---, ---, ---, ---, ---, ---, ---, ---, ---, ---, ---, ---, ---, ---, ---, ---, ---, ---, ---, ---, ---, ---, ---, ---, ---, ---, ---, ---, ---, ---, ---, ---, ---, ---, ---, ---, ---, ---, ---, ---, ---, ---, ---, ---, ---, ---, ---, ---, ---, ---, ---, ---, ---, ---, ---, 
[2021-10-16T00:43:21.101+0400][gc,stats      ]     S: CLDG Roots                155014 us, workers (us): 5607, 5606, 5594, 5586, 5582, 5570, 5603, 5524, 5508, 5506, 5506, 5506, 5506, 5502, 5504, 5504, 5661, 5500, 5641, 5503, 5500, 5501, 5502, 5499, 5500, 5499, ---, ---, 5498, ---, 5498, ---, ---, ---, ---, ---, ---, ---, ---, ---, ---, ---, ---, ---, ---, ---, ---, ---, ---, ---, ---, ---, ---, ---, ---, ---, 
[2021-10-16T00:43:21.101+0400][gc,stats      ]     S: JVMTI Roots                    1 us, workers (us): ---,   1, ---, ---, ---, ---, ---, ---, ---, ---, ---, ---, ---, ---, ---, ---, ---, ---, ---, ---, ---, ---, ---, ---, ---, ---, ---, ---, ---, ---, ---, ---, ---, ---, ---, ---, ---, ---, ---, ---, ---, ---, ---, ---, ---, ---, ---, ---, ---, ---, ---, ---, ---, ---, ---, ---, 
[2021-10-16T00:43:21.101+0400][gc,stats      ]   Resize TLABs                        4 us
[2021-10-16T00:43:21.101+0400][gc,stats      ] Concurrent Marking                13833 us
[2021-10-16T00:43:21.101+0400][gc,stats      ] Pause Final Mark (G)                739 us
[2021-10-16T00:43:21.101+0400][gc,stats      ] Pause Final Mark (N)                632 us
[2021-10-16T00:43:21.101+0400][gc,stats      ]   Finish Queues                     369 us
[2021-10-16T00:43:21.101+0400][gc,stats      ]   System Purge                      111 us
[2021-10-16T00:43:21.101+0400][gc,stats      ]     Weak Roots                      111 us
[2021-10-16T00:43:21.101+0400][gc,stats      ]   Update Region States               71 us
[2021-10-16T00:43:21.101+0400][gc,stats      ]   Retire TLABs                       14 us
[2021-10-16T00:43:21.101+0400][gc,stats      ]   Choose Collection Set              49 us
[2021-10-16T00:43:21.101+0400][gc,stats      ]   Rebuild Free Set                   12 us
[2021-10-16T00:43:21.101+0400][gc,stats      ] Concurrent Cleanup                  624 us
[2021-10-16T00:43:21.101+0400][gc,stats      ] 
[2021-10-16T00:43:21.101+0400][gc,stats      ] Allocation pacing accrued:
[2021-10-16T00:43:21.101+0400][gc,stats      ]       0 of  1693 ms (  0.0%): <total>
[2021-10-16T00:43:21.101+0400][gc,stats      ]       0 of  1693 ms (  0.0%): <average total>
[2021-10-16T00:43:21.101+0400][gc,stats      ] 
[2021-10-16T00:43:21.101+0400][gc,metaspace  ] Metaspace: 93084K->93084K(1140736K)
[2021-10-16T00:43:21.101+0400][gc,ergo       ] Pacer for Idle. Initial: 204M, Alloc Tax Rate: 1.0x
[2021-10-16T00:43:22.769+0400][gc            ] Trigger: Free (1021M) is below minimum threshold (1023M)
[2021-10-16T00:43:22.769+0400][gc,ergo       ] Free: 1021M, Max: 4096K regular, 916M humongous, Frag: 10% external, 1% internal; Reserve: 512M, Max: 4096K
[2021-10-16T00:43:22.769+0400][gc,start      ] GC(35) Concurrent reset
[2021-10-16T00:43:22.769+0400][gc,task       ] GC(35) Using 28 of 56 workers for concurrent reset
[2021-10-16T00:43:22.769+0400][gc,ergo       ] GC(35) Pacer for Reset. Non-Taxable: 10240M
[2021-10-16T00:43:22.770+0400][gc            ] GC(35) Concurrent reset 0.629ms
[2021-10-16T00:43:22.770+0400][gc,start      ] GC(35) Pause Init Mark (process weakrefs)
[2021-10-16T00:43:22.770+0400][gc,task       ] GC(35) Using 56 of 56 workers for init marking
[2021-10-16T00:43:22.776+0400][gc,ergo       ] GC(35) Pacer for Mark. Expected Live: 102M, Free: 1021M, Non-Taxable: 102M, Alloc Tax Rate: 0.1x
[2021-10-16T00:43:22.776+0400][gc            ] GC(35) Pause Init Mark (process weakrefs) 6.087ms
[2021-10-16T00:43:22.776+0400][gc,start      ] GC(35) Concurrent marking (process weakrefs)
[2021-10-16T00:43:22.776+0400][gc,task       ] GC(35) Using 28 of 56 workers for concurrent marking
[2021-10-16T00:43:22.794+0400][gc            ] GC(35) Concurrent marking (process weakrefs) 17.768ms
[2021-10-16T00:43:22.794+0400][gc,start      ] GC(35) Concurrent precleaning
[2021-10-16T00:43:22.794+0400][gc,task       ] GC(35) Using 1 of 56 workers for concurrent preclean
[2021-10-16T00:43:22.794+0400][gc,ergo       ] GC(35) Pacer for Precleaning. Non-Taxable: 10240M
[2021-10-16T00:43:22.795+0400][gc            ] GC(35) Concurrent precleaning 1.018ms
[2021-10-16T00:43:22.795+0400][gc,start      ] GC(35) Pause Final Mark (process weakrefs)
[2021-10-16T00:43:22.795+0400][gc,task       ] GC(35) Using 56 of 56 workers for final marking
[2021-10-16T00:43:22.796+0400][gc,ergo       ] GC(35) Collectable Garbage: 8128M (94%), Immediate: 8128M (94%), CSet: 0B (0%)
[2021-10-16T00:43:22.796+0400][gc            ] GC(35) Pause Final Mark (process weakrefs) 0.943ms
[2021-10-16T00:43:22.796+0400][gc,start      ] GC(35) Concurrent cleanup
[2021-10-16T00:43:22.796+0400][gc            ] GC(35) Concurrent cleanup 8814M->722M(10240M) 0.283ms
[2021-10-16T00:43:22.796+0400][gc,ergo       ] GC(35) Free: 9005M, Max: 4096K regular, 2804M humongous, Frag: 69% external, 0% internal; Reserve: 512M, Max: 4096K
[2021-10-16T00:43:22.796+0400][gc,ergo       ] Free: 9005M, Max: 4096K regular, 2804M humongous, Frag: 69% external, 0% internal; Reserve: 512M, Max: 4096K
[2021-10-16T00:43:22.797+0400][gc,stats      ] 
[2021-10-16T00:43:22.797+0400][gc,stats      ] All times are wall-clock times, except per-root-class counters, that are sum over
[2021-10-16T00:43:22.797+0400][gc,stats      ] all workers. Dividing the <total> over the root stage time estimates parallelism.
[2021-10-16T00:43:22.797+0400][gc,stats      ] 
[2021-10-16T00:43:22.797+0400][gc,stats      ] Concurrent Reset                    611 us
[2021-10-16T00:43:22.797+0400][gc,stats      ] Pause Init Mark (G)                6521 us
[2021-10-16T00:43:22.797+0400][gc,stats      ] Pause Init Mark (N)                6030 us
[2021-10-16T00:43:22.797+0400][gc,stats      ]   Accumulate Stats                    6 us
[2021-10-16T00:43:22.797+0400][gc,stats      ]   Make Parsable                      21 us
[2021-10-16T00:43:22.797+0400][gc,stats      ]   Update Region States              147 us
[2021-10-16T00:43:22.797+0400][gc,stats      ]   Scan Roots                       5790 us, parallelism: 21.38x
[2021-10-16T00:43:22.797+0400][gc,stats      ]     S: <total>                   123782 us
[2021-10-16T00:43:22.797+0400][gc,stats      ]     S: Thread Roots                 771 us, workers (us):   1,   2,   1,   2,   1,   1,   2,   1,   1,   2,   2,   2,   3,   2,   2,   2,   2,   3,   2,   1,   2,   3,   2,   1,   3,   3,   0,   2,  46,  18,  22,  69,  18,  58,  58,  56,  56,  34,  56,  56,  56,  56,  54,   2,   1,   1,   0,   0,   2,   0,   0,   0,   0,   0,   1,   0, 
[2021-10-16T00:43:22.797+0400][gc,stats      ]     S: Universe Roots                 2 us, workers (us):   2, ---, ---, ---, ---, ---, ---, ---, ---, ---, ---, ---, ---, ---, ---, ---, ---, ---, ---, ---, ---, ---, ---, ---, ---, ---, ---, ---, ---, ---, ---, ---, ---, ---, ---, ---, ---, ---, ---, ---, ---, ---, ---, ---, ---, ---, ---, ---, ---, ---, ---, ---, ---, ---, ---, ---, 
[2021-10-16T00:43:22.797+0400][gc,stats      ]     S: JNI Handles Roots              4 us, workers (us): ---,   4, ---, ---, ---, ---, ---, ---, ---, ---, ---, ---, ---, ---, ---, ---, ---, ---, ---, ---, ---, ---, ---, ---, ---, ---, ---, ---, ---, ---, ---, ---, ---, ---, ---, ---, ---, ---, ---, ---, ---, ---, ---, ---, ---, ---, ---, ---, ---, ---, ---, ---, ---, ---, ---, ---, 
[2021-10-16T00:43:22.797+0400][gc,stats      ]     S: Synchronizer Roots             1 us, workers (us): ---,   1, ---, ---, ---, ---, ---, ---, ---, ---, ---, ---, ---, ---, ---, ---, ---, ---, ---, ---, ---, ---, ---, ---, ---, ---, ---, ---, ---, ---, ---, ---, ---, ---, ---, ---, ---, ---, ---, ---, ---, ---, ---, ---, ---, ---, ---, ---, ---, ---, ---, ---, ---, ---, ---, ---, 
[2021-10-16T00:43:22.797+0400][gc,stats      ]     S: Management Roots               2 us, workers (us): ---,   2, ---, ---, ---, ---, ---, ---, ---, ---, ---, ---, ---, ---, ---, ---, ---, ---, ---, ---, ---, ---, ---, ---, ---, ---, ---, ---, ---, ---, ---, ---, ---, ---, ---, ---, ---, ---, ---, ---, ---, ---, ---, ---, ---, ---, ---, ---, ---, ---, ---, ---, ---, ---, ---, ---, 
[2021-10-16T00:43:22.797+0400][gc,stats      ]     S: System Dict Roots              4 us, workers (us):   4, ---, ---, ---, ---, ---, ---, ---, ---, ---, ---, ---, ---, ---, ---, ---, ---, ---, ---, ---, ---, ---, ---, ---, ---, ---, ---, ---, ---, ---, ---, ---, ---, ---, ---, ---, ---, ---, ---, ---, ---, ---, ---, ---, ---, ---, ---, ---, ---, ---, ---, ---, ---, ---, ---, ---, 
[2021-10-16T00:43:22.797+0400][gc,stats      ]     S: CLDG Roots                122997 us, workers (us): 4475, 4470, 4512, 4463, 4446, 4446, 4436, 4397, 4382, 4365, 4365, 4364, 4363, 4363, 4363, 4362, 4364, 4363, 4363, 4510, 4362, 4355, 4351, 4348, 4343, 4336, 4428, 4301, ---, ---, ---, ---, ---, ---, ---, ---, ---, ---, ---, ---, ---, ---, ---, ---, ---, ---, ---, ---, ---, ---, ---, ---, ---, ---, ---, ---, 
[2021-10-16T00:43:22.797+0400][gc,stats      ]     S: JVMTI Roots                    1 us, workers (us): ---,   1, ---, ---, ---, ---, ---, ---, ---, ---, ---, ---, ---, ---, ---, ---, ---, ---, ---, ---, ---, ---, ---, ---, ---, ---, ---, ---, ---, ---, ---, ---, ---, ---, ---, ---, ---, ---, ---, ---, ---, ---, ---, ---, ---, ---, ---, ---, ---, ---, ---, ---, ---, ---, ---, ---, 
[2021-10-16T00:43:22.797+0400][gc,stats      ]   Resize TLABs                        5 us
[2021-10-16T00:43:22.797+0400][gc,stats      ] Concurrent Marking                17720 us
[2021-10-16T00:43:22.797+0400][gc,stats      ] Concurrent Precleaning             1010 us
[2021-10-16T00:43:22.797+0400][gc,stats      ] Pause Final Mark (G)               1131 us
[2021-10-16T00:43:22.797+0400][gc,stats      ] Pause Final Mark (N)                924 us
[2021-10-16T00:43:22.797+0400][gc,stats      ]   Finish Queues                     617 us
[2021-10-16T00:43:22.797+0400][gc,stats      ]   Weak References                    27 us
[2021-10-16T00:43:22.797+0400][gc,stats      ]     Process                          17 us
[2021-10-16T00:43:22.797+0400][gc,stats      ]   System Purge                      102 us
[2021-10-16T00:43:22.797+0400][gc,stats      ]     Weak Roots                      102 us
[2021-10-16T00:43:22.797+0400][gc,stats      ]   Update Region States               87 us
[2021-10-16T00:43:22.797+0400][gc,stats      ]   Retire TLABs                       12 us
[2021-10-16T00:43:22.797+0400][gc,stats      ]   Choose Collection Set              58 us
[2021-10-16T00:43:22.797+0400][gc,stats      ]   Rebuild Free Set                   13 us
[2021-10-16T00:43:22.797+0400][gc,stats      ] Concurrent Cleanup                  273 us
[2021-10-16T00:43:22.797+0400][gc,stats      ] 
[2021-10-16T00:43:22.797+0400][gc,stats      ] Allocation pacing accrued:
[2021-10-16T00:43:22.797+0400][gc,stats      ]       0 of  1696 ms (  0.0%): <total>
[2021-10-16T00:43:22.797+0400][gc,stats      ]       0 of  1696 ms (  0.0%): <average total>
[2021-10-16T00:43:22.797+0400][gc,stats      ] 
[2021-10-16T00:43:22.797+0400][gc,metaspace  ] Metaspace: 93153K->93153K(1142784K)
[2021-10-16T00:43:22.797+0400][gc,ergo       ] Pacer for Idle. Initial: 204M, Alloc Tax Rate: 1.0x
[2021-10-16T00:43:24.426+0400][gc            ] Trigger: Free (1013M) is below minimum threshold (1023M)
[2021-10-16T00:43:24.426+0400][gc,ergo       ] Free: 1013M, Max: 4096K regular, 904M humongous, Frag: 10% external, 1% internal; Reserve: 512M, Max: 4096K
[2021-10-16T00:43:24.426+0400][gc,start      ] GC(36) Concurrent reset
[2021-10-16T00:43:24.426+0400][gc,task       ] GC(36) Using 28 of 56 workers for concurrent reset
[2021-10-16T00:43:24.426+0400][gc,ergo       ] GC(36) Pacer for Reset. Non-Taxable: 10240M
[2021-10-16T00:43:24.427+0400][gc            ] GC(36) Concurrent reset 0.660ms
[2021-10-16T00:43:24.427+0400][gc,start      ] GC(36) Pause Init Mark
[2021-10-16T00:43:24.427+0400][gc,task       ] GC(36) Using 56 of 56 workers for init marking
[2021-10-16T00:43:24.436+0400][gc,ergo       ] GC(36) Pacer for Mark. Expected Live: 102M, Free: 1001M, Non-Taxable: 100M, Alloc Tax Rate: 0.1x
[2021-10-16T00:43:24.436+0400][gc            ] GC(36) Pause Init Mark 8.304ms
[2021-10-16T00:43:24.436+0400][gc,start      ] GC(36) Concurrent marking
[2021-10-16T00:43:24.436+0400][gc,task       ] GC(36) Using 28 of 56 workers for concurrent marking
[2021-10-16T00:43:24.449+0400][gc            ] GC(36) Concurrent marking 13.736ms
[2021-10-16T00:43:24.452+0400][gc,start      ] GC(36) Pause Final Mark
[2021-10-16T00:43:24.452+0400][gc,task       ] GC(36) Using 56 of 56 workers for final marking
[2021-10-16T00:43:24.453+0400][gc,ergo       ] GC(36) Collectable Garbage: 8116M (94%), Immediate: 8116M (94%), CSet: 0B (0%)
[2021-10-16T00:43:24.453+0400][gc            ] GC(36) Pause Final Mark 0.992ms
[2021-10-16T00:43:24.453+0400][gc,start      ] GC(36) Concurrent cleanup
[2021-10-16T00:43:24.454+0400][gc            ] GC(36) Concurrent cleanup 8806M->702M(10240M) 0.226ms
[2021-10-16T00:43:24.454+0400][gc,ergo       ] GC(36) Free: 9021M, Max: 4096K regular, 4136M humongous, Frag: 55% external, 0% internal; Reserve: 512M, Max: 4096K
[2021-10-16T00:43:24.454+0400][gc,ergo       ] Free: 9017M, Max: 4096K regular, 4136M humongous, Frag: 55% external, 0% internal; Reserve: 512M, Max: 4096K
[2021-10-16T00:43:24.454+0400][gc,stats      ] 
[2021-10-16T00:43:24.454+0400][gc,stats      ] All times are wall-clock times, except per-root-class counters, that are sum over
[2021-10-16T00:43:24.454+0400][gc,stats      ] all workers. Dividing the <total> over the root stage time estimates parallelism.
[2021-10-16T00:43:24.454+0400][gc,stats      ] 
[2021-10-16T00:43:24.454+0400][gc,stats      ] Concurrent Reset                    639 us
[2021-10-16T00:43:24.454+0400][gc,stats      ] Pause Init Mark (G)                8699 us
[2021-10-16T00:43:24.454+0400][gc,stats      ] Pause Init Mark (N)                8255 us
[2021-10-16T00:43:24.454+0400][gc,stats      ]   Accumulate Stats                    6 us
[2021-10-16T00:43:24.454+0400][gc,stats      ]   Make Parsable                      27 us
[2021-10-16T00:43:24.454+0400][gc,stats      ]   Update Region States              150 us
[2021-10-16T00:43:24.454+0400][gc,stats      ]   Scan Roots                       8003 us, parallelism: 22.02x
[2021-10-16T00:43:24.454+0400][gc,stats      ]     S: <total>                   176261 us
[2021-10-16T00:43:24.454+0400][gc,stats      ]     S: Thread Roots                 748 us, workers (us):   2,   1,   2,   2,   2,   2,   1,   1,   2,   2,   2,   2,   2,   2,   3,   2,   2,   2,   3,   3,   2,   2,   3,   2,   2,   3,   2,   3,  67,  70,  70,  76,  72,  75,  76,  42,  51,  57,  20,   7,   2,   1,   1,   1,   0,   0,   0,   0,   0,   0,   0,   0,   0,   0,   0,   0, 
[2021-10-16T00:43:24.454+0400][gc,stats      ]     S: Universe Roots                13 us, workers (us):  13, ---, ---, ---, ---, ---, ---, ---, ---, ---, ---, ---, ---, ---, ---, ---, ---, ---, ---, ---, ---, ---, ---, ---, ---, ---, ---, ---, ---, ---, ---, ---, ---, ---, ---, ---, ---, ---, ---, ---, ---, ---, ---, ---, ---, ---, ---, ---, ---, ---, ---, ---, ---, ---, ---, ---, 
[2021-10-16T00:43:24.454+0400][gc,stats      ]     S: JNI Handles Roots              4 us, workers (us):   4, ---, ---, ---, ---, ---, ---, ---, ---, ---, ---, ---, ---, ---, ---, ---, ---, ---, ---, ---, ---, ---, ---, ---, ---, ---, ---, ---, ---, ---, ---, ---, ---, ---, ---, ---, ---, ---, ---, ---, ---, ---, ---, ---, ---, ---, ---, ---, ---, ---, ---, ---, ---, ---, ---, ---, 
[2021-10-16T00:43:24.454+0400][gc,stats      ]     S: Synchronizer Roots             1 us, workers (us): ---,   1, ---, ---, ---, ---, ---, ---, ---, ---, ---, ---, ---, ---, ---, ---, ---, ---, ---, ---, ---, ---, ---, ---, ---, ---, ---, ---, ---, ---, ---, ---, ---, ---, ---, ---, ---, ---, ---, ---, ---, ---, ---, ---, ---, ---, ---, ---, ---, ---, ---, ---, ---, ---, ---, ---, 
[2021-10-16T00:43:24.454+0400][gc,stats      ]     S: Management Roots               3 us, workers (us): ---, ---,   3, ---, ---, ---, ---, ---, ---, ---, ---, ---, ---, ---, ---, ---, ---, ---, ---, ---, ---, ---, ---, ---, ---, ---, ---, ---, ---, ---, ---, ---, ---, ---, ---, ---, ---, ---, ---, ---, ---, ---, ---, ---, ---, ---, ---, ---, ---, ---, ---, ---, ---, ---, ---, ---, 
[2021-10-16T00:43:24.454+0400][gc,stats      ]     S: System Dict Roots             31 us, workers (us): ---, ---, ---, ---,  31, ---, ---, ---, ---, ---, ---, ---, ---, ---, ---, ---, ---, ---, ---, ---, ---, ---, ---, ---, ---, ---, ---, ---, ---, ---, ---, ---, ---, ---, ---, ---, ---, ---, ---, ---, ---, ---, ---, ---, ---, ---, ---, ---, ---, ---, ---, ---, ---, ---, ---, ---, 
[2021-10-16T00:43:24.454+0400][gc,stats      ]     S: CLDG Roots                175460 us, workers (us): 6296, 6302, 6298, 6294, 6275, 6300, 6249, 6628, 6341, 6233, 6234, 6236, 6233, 6383, 6230, 6229, 6227, 6226, 6227, 6229, 6226, 6223, 6225, 6223, 6223, 6224, 6222, 6223, ---, ---, ---, ---, ---, ---, ---, ---, ---, ---, ---, ---, ---, ---, ---, ---, ---, ---, ---, ---, ---, ---, ---, ---, ---, ---, ---, ---, 
[2021-10-16T00:43:24.454+0400][gc,stats      ]     S: JVMTI Roots                    1 us, workers (us): ---, ---, ---,   1, ---, ---, ---, ---, ---, ---, ---, ---, ---, ---, ---, ---, ---, ---, ---, ---, ---, ---, ---, ---, ---, ---, ---, ---, ---, ---, ---, ---, ---, ---, ---, ---, ---, ---, ---, ---, ---, ---, ---, ---, ---, ---, ---, ---, ---, ---, ---, ---, ---, ---, ---, ---, 
[2021-10-16T00:43:24.454+0400][gc,stats      ]   Resize TLABs                        4 us
[2021-10-16T00:43:24.454+0400][gc,stats      ] Concurrent Marking                13680 us
[2021-10-16T00:43:24.454+0400][gc,stats      ] Pause Final Mark (G)               3938 us
[2021-10-16T00:43:24.454+0400][gc,stats      ] Pause Final Mark (N)                963 us
[2021-10-16T00:43:24.454+0400][gc,stats      ]   Finish Queues                     643 us
[2021-10-16T00:43:24.454+0400][gc,stats      ]   System Purge                      126 us
[2021-10-16T00:43:24.454+0400][gc,stats      ]     Weak Roots                      126 us
[2021-10-16T00:43:24.454+0400][gc,stats      ]   Update Region States               82 us
[2021-10-16T00:43:24.454+0400][gc,stats      ]   Retire TLABs                       14 us
[2021-10-16T00:43:24.454+0400][gc,stats      ]   Choose Collection Set              66 us
[2021-10-16T00:43:24.454+0400][gc,stats      ]   Rebuild Free Set                   21 us
[2021-10-16T00:43:24.454+0400][gc,stats      ] Concurrent Cleanup                  193 us
[2021-10-16T00:43:24.454+0400][gc,stats      ] 
[2021-10-16T00:43:24.454+0400][gc,stats      ] Allocation pacing accrued:
[2021-10-16T00:43:24.454+0400][gc,stats      ]       0 of  1657 ms (  0.0%): <total>
[2021-10-16T00:43:24.454+0400][gc,stats      ]       0 of  1657 ms (  0.0%): <average total>
[2021-10-16T00:43:24.454+0400][gc,stats      ] 
[2021-10-16T00:43:24.454+0400][gc,metaspace  ] Metaspace: 93168K->93169K(1142784K)
[2021-10-16T00:43:24.454+0400][gc,ergo       ] Pacer for Idle. Initial: 204M, Alloc Tax Rate: 1.0x
[2021-10-16T00:43:26.008+0400][gc            ] Trigger: Free (1017M) is below minimum threshold (1023M)
[2021-10-16T00:43:26.008+0400][gc,ergo       ] Free: 1017M, Max: 4096K regular, 928M humongous, Frag: 8% external, 1% internal; Reserve: 512M, Max: 4096K
[2021-10-16T00:43:26.008+0400][gc,start      ] GC(37) Concurrent reset
[2021-10-16T00:43:26.008+0400][gc,task       ] GC(37) Using 28 of 56 workers for concurrent reset
[2021-10-16T00:43:26.008+0400][gc,ergo       ] GC(37) Pacer for Reset. Non-Taxable: 10240M
[2021-10-16T00:43:26.009+0400][gc            ] GC(37) Concurrent reset 0.628ms
[2021-10-16T00:43:26.009+0400][gc,start      ] GC(37) Pause Init Mark
[2021-10-16T00:43:26.009+0400][gc,task       ] GC(37) Using 56 of 56 workers for init marking
[2021-10-16T00:43:26.016+0400][gc,ergo       ] GC(37) Pacer for Mark. Expected Live: 102M, Free: 1017M, Non-Taxable: 101M, Alloc Tax Rate: 0.1x
[2021-10-16T00:43:26.016+0400][gc            ] GC(37) Pause Init Mark 7.203ms
[2021-10-16T00:43:26.016+0400][gc,start      ] GC(37) Concurrent marking
[2021-10-16T00:43:26.016+0400][gc,task       ] GC(37) Using 28 of 56 workers for concurrent marking
[2021-10-16T00:43:26.031+0400][gc            ] GC(37) Concurrent marking 14.488ms
[2021-10-16T00:43:26.031+0400][gc,start      ] GC(37) Pause Final Mark
[2021-10-16T00:43:26.031+0400][gc,task       ] GC(37) Using 56 of 56 workers for final marking
[2021-10-16T00:43:26.032+0400][gc,ergo       ] GC(37) Collectable Garbage: 8100M (94%), Immediate: 8100M (94%), CSet: 0B (0%)
[2021-10-16T00:43:26.032+0400][gc            ] GC(37) Pause Final Mark 0.718ms
[2021-10-16T00:43:26.032+0400][gc,start      ] GC(37) Concurrent cleanup
[2021-10-16T00:43:26.032+0400][gc            ] GC(37) Concurrent cleanup 8786M->726M(10240M) 0.216ms
[2021-10-16T00:43:26.032+0400][gc,ergo       ] GC(37) Free: 9001M, Max: 4096K regular, 4136M humongous, Frag: 55% external, 0% internal; Reserve: 512M, Max: 4096K
[2021-10-16T00:43:26.032+0400][gc,ergo       ] Free: 9001M, Max: 4096K regular, 4136M humongous, Frag: 55% external, 0% internal; Reserve: 512M, Max: 4096K
[2021-10-16T00:43:26.032+0400][gc,stats      ] 
[2021-10-16T00:43:26.032+0400][gc,stats      ] All times are wall-clock times, except per-root-class counters, that are sum over
[2021-10-16T00:43:26.032+0400][gc,stats      ] all workers. Dividing the <total> over the root stage time estimates parallelism.
[2021-10-16T00:43:26.032+0400][gc,stats      ] 
[2021-10-16T00:43:26.032+0400][gc,stats      ] Concurrent Reset                    614 us
[2021-10-16T00:43:26.032+0400][gc,stats      ] Pause Init Mark (G)                7476 us
[2021-10-16T00:43:26.032+0400][gc,stats      ] Pause Init Mark (N)                7183 us
[2021-10-16T00:43:26.032+0400][gc,stats      ]   Accumulate Stats                    3 us
[2021-10-16T00:43:26.032+0400][gc,stats      ]   Make Parsable                      16 us
[2021-10-16T00:43:26.032+0400][gc,stats      ]   Update Region States               96 us
[2021-10-16T00:43:26.032+0400][gc,stats      ]   Scan Roots                       7035 us, parallelism: 23.91x
[2021-10-16T00:43:26.032+0400][gc,stats      ]     S: <total>                   168239 us
[2021-10-16T00:43:26.032+0400][gc,stats      ]     S: Thread Roots                 675 us, workers (us):   1,   2,   1,   2,   2,   2,   2,   2,   2,   1,   2,   2,   1,   2,   2,   2,   2,   2,   2,   2,   1,   2,   3,   2,   3,   1,   2,  72,   2,  56,  67,  68,  62,  59,  52,  55,  40,  34,   5,  48,   0,   1,   0,   0,   0,   0,   0,   0,   0,   2,   0,   1,   0,   0,   1,   0, 
[2021-10-16T00:43:26.032+0400][gc,stats      ]     S: Universe Roots                 2 us, workers (us):   2, ---, ---, ---, ---, ---, ---, ---, ---, ---, ---, ---, ---, ---, ---, ---, ---, ---, ---, ---, ---, ---, ---, ---, ---, ---, ---, ---, ---, ---, ---, ---, ---, ---, ---, ---, ---, ---, ---, ---, ---, ---, ---, ---, ---, ---, ---, ---, ---, ---, ---, ---, ---, ---, ---, ---, 
[2021-10-16T00:43:26.032+0400][gc,stats      ]     S: JNI Handles Roots              2 us, workers (us):   2, ---, ---, ---, ---, ---, ---, ---, ---, ---, ---, ---, ---, ---, ---, ---, ---, ---, ---, ---, ---, ---, ---, ---, ---, ---, ---, ---, ---, ---, ---, ---, ---, ---, ---, ---, ---, ---, ---, ---, ---, ---, ---, ---, ---, ---, ---, ---, ---, ---, ---, ---, ---, ---, ---, ---, 
[2021-10-16T00:43:26.032+0400][gc,stats      ]     S: Synchronizer Roots             1 us, workers (us): ---,   1, ---, ---, ---, ---, ---, ---, ---, ---, ---, ---, ---, ---, ---, ---, ---, ---, ---, ---, ---, ---, ---, ---, ---, ---, ---, ---, ---, ---, ---, ---, ---, ---, ---, ---, ---, ---, ---, ---, ---, ---, ---, ---, ---, ---, ---, ---, ---, ---, ---, ---, ---, ---, ---, ---, 
[2021-10-16T00:43:26.032+0400][gc,stats      ]     S: Management Roots               1 us, workers (us):   1, ---, ---, ---, ---, ---, ---, ---, ---, ---, ---, ---, ---, ---, ---, ---, ---, ---, ---, ---, ---, ---, ---, ---, ---, ---, ---, ---, ---, ---, ---, ---, ---, ---, ---, ---, ---, ---, ---, ---, ---, ---, ---, ---, ---, ---, ---, ---, ---, ---, ---, ---, ---, ---, ---, ---, 
[2021-10-16T00:43:26.032+0400][gc,stats      ]     S: System Dict Roots              4 us, workers (us): ---, ---,   4, ---, ---, ---, ---, ---, ---, ---, ---, ---, ---, ---, ---, ---, ---, ---, ---, ---, ---, ---, ---, ---, ---, ---, ---, ---, ---, ---, ---, ---, ---, ---, ---, ---, ---, ---, ---, ---, ---, ---, ---, ---, ---, ---, ---, ---, ---, ---, ---, ---, ---, ---, ---, ---, 
[2021-10-16T00:43:26.032+0400][gc,stats      ]     S: CLDG Roots                167554 us, workers (us): 5987, 5989, 5986, 5987, 6093, 5984, 5985, 5983, 5981, 6058, 5980, 5976, 5978, 5977, 5975, 5972, 5967, 5967, 5967, 5965, 5965, 5963, 5960, 5956, 5957, 6093, 5954, ---, 5950, ---, ---, ---, ---, ---, ---, ---, ---, ---, ---, ---, ---, ---, ---, ---, ---, ---, ---, ---, ---, ---, ---, ---, ---, ---, ---, ---, 
[2021-10-16T00:43:26.032+0400][gc,stats      ]     S: JVMTI Roots                    1 us, workers (us): ---,   1, ---, ---, ---, ---, ---, ---, ---, ---, ---, ---, ---, ---, ---, ---, ---, ---, ---, ---, ---, ---, ---, ---, ---, ---, ---, ---, ---, ---, ---, ---, ---, ---, ---, ---, ---, ---, ---, ---, ---, ---, ---, ---, ---, ---, ---, ---, ---, ---, ---, ---, ---, ---, ---, ---, 
[2021-10-16T00:43:26.032+0400][gc,stats      ]   Resize TLABs                        3 us
[2021-10-16T00:43:26.032+0400][gc,stats      ] Concurrent Marking                14458 us
[2021-10-16T00:43:26.032+0400][gc,stats      ] Pause Final Mark (G)                851 us
[2021-10-16T00:43:26.032+0400][gc,stats      ] Pause Final Mark (N)                703 us
[2021-10-16T00:43:26.032+0400][gc,stats      ]   Finish Queues                     418 us
[2021-10-16T00:43:26.032+0400][gc,stats      ]   System Purge                      121 us
[2021-10-16T00:43:26.032+0400][gc,stats      ]     Weak Roots                      121 us
[2021-10-16T00:43:26.032+0400][gc,stats      ]   Update Region States               83 us
[2021-10-16T00:43:26.032+0400][gc,stats      ]   Retire TLABs                       14 us
[2021-10-16T00:43:26.032+0400][gc,stats      ]   Choose Collection Set              48 us
[2021-10-16T00:43:26.032+0400][gc,stats      ]   Rebuild Free Set                   11 us
[2021-10-16T00:43:26.032+0400][gc,stats      ] Concurrent Cleanup                  207 us
[2021-10-16T00:43:26.032+0400][gc,stats      ] 
[2021-10-16T00:43:26.032+0400][gc,stats      ] Allocation pacing accrued:
[2021-10-16T00:43:26.032+0400][gc,stats      ]       0 of  1578 ms (  0.0%): <total>
[2021-10-16T00:43:26.032+0400][gc,stats      ]       0 of  1578 ms (  0.0%): <average total>
[2021-10-16T00:43:26.032+0400][gc,stats      ] 
[2021-10-16T00:43:26.032+0400][gc,metaspace  ] Metaspace: 93193K->93194K(1142784K)
[2021-10-16T00:43:26.032+0400][gc,ergo       ] Pacer for Idle. Initial: 204M, Alloc Tax Rate: 1.0x
[2021-10-16T00:43:27.592+0400][gc            ] Trigger: Free (1021M) is below minimum threshold (1023M)
[2021-10-16T00:43:27.592+0400][gc,ergo       ] Free: 1021M, Max: 4096K regular, 988M humongous, Frag: 3% external, 1% internal; Reserve: 512M, Max: 4096K
[2021-10-16T00:43:27.592+0400][gc,start      ] GC(38) Concurrent reset
[2021-10-16T00:43:27.592+0400][gc,task       ] GC(38) Using 28 of 56 workers for concurrent reset
[2021-10-16T00:43:27.592+0400][gc,ergo       ] GC(38) Pacer for Reset. Non-Taxable: 10240M
[2021-10-16T00:43:27.592+0400][gc            ] GC(38) Concurrent reset 0.654ms
[2021-10-16T00:43:27.593+0400][gc,start      ] GC(38) Pause Init Mark
[2021-10-16T00:43:27.593+0400][gc,task       ] GC(38) Using 56 of 56 workers for init marking
[2021-10-16T00:43:27.600+0400][gc,ergo       ] GC(38) Pacer for Mark. Expected Live: 102M, Free: 1017M, Non-Taxable: 101M, Alloc Tax Rate: 0.1x
[2021-10-16T00:43:27.600+0400][gc            ] GC(38) Pause Init Mark 7.452ms
[2021-10-16T00:43:27.600+0400][gc,start      ] GC(38) Concurrent marking
[2021-10-16T00:43:27.600+0400][gc,task       ] GC(38) Using 28 of 56 workers for concurrent marking
[2021-10-16T00:43:27.615+0400][gc            ] GC(38) Concurrent marking 14.500ms
[2021-10-16T00:43:27.615+0400][gc,start      ] GC(38) Pause Final Mark
[2021-10-16T00:43:27.615+0400][gc,task       ] GC(38) Using 56 of 56 workers for final marking
[2021-10-16T00:43:27.616+0400][gc,ergo       ] GC(38) Collectable Garbage: 8100M (94%), Immediate: 8100M (94%), CSet: 0B (0%)
[2021-10-16T00:43:27.616+0400][gc            ] GC(38) Pause Final Mark 1.042ms
[2021-10-16T00:43:27.616+0400][gc,start      ] GC(38) Concurrent cleanup
[2021-10-16T00:43:27.616+0400][gc            ] GC(38) Concurrent cleanup 8790M->698M(10240M) 0.253ms
[2021-10-16T00:43:27.616+0400][gc,ergo       ] GC(38) Free: 9025M, Max: 4096K regular, 4136M humongous, Frag: 55% external, 0% internal; Reserve: 512M, Max: 4096K
[2021-10-16T00:43:27.616+0400][gc,ergo       ] Free: 9025M, Max: 4096K regular, 4136M humongous, Frag: 55% external, 0% internal; Reserve: 512M, Max: 4096K
[2021-10-16T00:43:27.616+0400][gc,stats      ] 
[2021-10-16T00:43:27.616+0400][gc,stats      ] All times are wall-clock times, except per-root-class counters, that are sum over
[2021-10-16T00:43:27.616+0400][gc,stats      ] all workers. Dividing the <total> over the root stage time estimates parallelism.
[2021-10-16T00:43:27.616+0400][gc,stats      ] 
[2021-10-16T00:43:27.616+0400][gc,stats      ] Concurrent Reset                    634 us
[2021-10-16T00:43:27.616+0400][gc,stats      ] Pause Init Mark (G)                7709 us
[2021-10-16T00:43:27.616+0400][gc,stats      ] Pause Init Mark (N)                7390 us
[2021-10-16T00:43:27.616+0400][gc,stats      ]   Accumulate Stats                    6 us
[2021-10-16T00:43:27.616+0400][gc,stats      ]   Make Parsable                      21 us
[2021-10-16T00:43:27.616+0400][gc,stats      ]   Update Region States              176 us
[2021-10-16T00:43:27.616+0400][gc,stats      ]   Scan Roots                       7110 us, parallelism: 22.74x
[2021-10-16T00:43:27.616+0400][gc,stats      ]     S: <total>                   161697 us
[2021-10-16T00:43:27.616+0400][gc,stats      ]     S: Thread Roots                 805 us, workers (us):   3,   2,   2,   2,   1,   3,   1,   2,   2,   1,   1,   2,   2,   2,   2,   3,   3,   3,   3,   3,   3,   2,   2,   2,   1,   2,   3,  67,  58,   3,  67,  67,  68,  67,  66,  32,  64,  65,  62,  60,   1,   0,   0,   0,   0,   0,   0,   0,   1,   1,   0,   1,   1,   0,   0,   0, 
[2021-10-16T00:43:27.616+0400][gc,stats      ]     S: Universe Roots                 5 us, workers (us):   5, ---, ---, ---, ---, ---, ---, ---, ---, ---, ---, ---, ---, ---, ---, ---, ---, ---, ---, ---, ---, ---, ---, ---, ---, ---, ---, ---, ---, ---, ---, ---, ---, ---, ---, ---, ---, ---, ---, ---, ---, ---, ---, ---, ---, ---, ---, ---, ---, ---, ---, ---, ---, ---, ---, ---, 
[2021-10-16T00:43:27.616+0400][gc,stats      ]     S: JNI Handles Roots              4 us, workers (us): ---,   4, ---, ---, ---, ---, ---, ---, ---, ---, ---, ---, ---, ---, ---, ---, ---, ---, ---, ---, ---, ---, ---, ---, ---, ---, ---, ---, ---, ---, ---, ---, ---, ---, ---, ---, ---, ---, ---, ---, ---, ---, ---, ---, ---, ---, ---, ---, ---, ---, ---, ---, ---, ---, ---, ---, 
[2021-10-16T00:43:27.616+0400][gc,stats      ]     S: Synchronizer Roots             0 us, workers (us):   0, ---, ---, ---, ---, ---, ---, ---, ---, ---, ---, ---, ---, ---, ---, ---, ---, ---, ---, ---, ---, ---, ---, ---, ---, ---, ---, ---, ---, ---, ---, ---, ---, ---, ---, ---, ---, ---, ---, ---, ---, ---, ---, ---, ---, ---, ---, ---, ---, ---, ---, ---, ---, ---, ---, ---, 
[2021-10-16T00:43:27.616+0400][gc,stats      ]     S: Management Roots               2 us, workers (us):   2, ---, ---, ---, ---, ---, ---, ---, ---, ---, ---, ---, ---, ---, ---, ---, ---, ---, ---, ---, ---, ---, ---, ---, ---, ---, ---, ---, ---, ---, ---, ---, ---, ---, ---, ---, ---, ---, ---, ---, ---, ---, ---, ---, ---, ---, ---, ---, ---, ---, ---, ---, ---, ---, ---, ---, 
[2021-10-16T00:43:27.616+0400][gc,stats      ]     S: System Dict Roots             10 us, workers (us):  10, ---, ---, ---, ---, ---, ---, ---, ---, ---, ---, ---, ---, ---, ---, ---, ---, ---, ---, ---, ---, ---, ---, ---, ---, ---, ---, ---, ---, ---, ---, ---, ---, ---, ---, ---, ---, ---, ---, ---, ---, ---, ---, ---, ---, ---, ---, ---, ---, ---, ---, ---, ---, ---, ---, ---, 
[2021-10-16T00:43:27.616+0400][gc,stats      ]     S: CLDG Roots                160870 us, workers (us): 5798, 5794, 5913, 5788, 5785, 5774, 5885, 5762, 5749, 5743, 5743, 5728, 5727, 5726, 5727, 5726, 5726, 5725, 5725, 5726, 5725, 5724, 5724, 5703, 5748, 5659, 5659, ---, ---, 5658, ---, ---, ---, ---, ---, ---, ---, ---, ---, ---, ---, ---, ---, ---, ---, ---, ---, ---, ---, ---, ---, ---, ---, ---, ---, ---, 
[2021-10-16T00:43:27.616+0400][gc,stats      ]     S: JVMTI Roots                    1 us, workers (us): ---,   1, ---, ---, ---, ---, ---, ---, ---, ---, ---, ---, ---, ---, ---, ---, ---, ---, ---, ---, ---, ---, ---, ---, ---, ---, ---, ---, ---, ---, ---, ---, ---, ---, ---, ---, ---, ---, ---, ---, ---, ---, ---, ---, ---, ---, ---, ---, ---, ---, ---, ---, ---, ---, ---, ---, 
[2021-10-16T00:43:27.616+0400][gc,stats      ]   Resize TLABs                        7 us
[2021-10-16T00:43:27.616+0400][gc,stats      ] Concurrent Marking                14451 us
[2021-10-16T00:43:27.616+0400][gc,stats      ] Pause Final Mark (G)               1221 us
[2021-10-16T00:43:27.616+0400][gc,stats      ] Pause Final Mark (N)                991 us
[2021-10-16T00:43:27.616+0400][gc,stats      ]   Finish Queues                     502 us
[2021-10-16T00:43:27.616+0400][gc,stats      ]   System Purge                      158 us
[2021-10-16T00:43:27.616+0400][gc,stats      ]     Weak Roots                      157 us
[2021-10-16T00:43:27.616+0400][gc,stats      ]   Update Region States              122 us
[2021-10-16T00:43:27.616+0400][gc,stats      ]   Retire TLABs                       20 us
[2021-10-16T00:43:27.616+0400][gc,stats      ]   Choose Collection Set             127 us
[2021-10-16T00:43:27.616+0400][gc,stats      ]   Rebuild Free Set                   43 us
[2021-10-16T00:43:27.616+0400][gc,stats      ] Concurrent Cleanup                  241 us
[2021-10-16T00:43:27.616+0400][gc,stats      ] 
[2021-10-16T00:43:27.616+0400][gc,stats      ] Allocation pacing accrued:
[2021-10-16T00:43:27.616+0400][gc,stats      ]       0 of  1584 ms (  0.0%): <total>
[2021-10-16T00:43:27.616+0400][gc,stats      ]       0 of  1584 ms (  0.0%): <average total>
[2021-10-16T00:43:27.616+0400][gc,stats      ] 
[2021-10-16T00:43:27.616+0400][gc,metaspace  ] Metaspace: 93242K->93242K(1142784K)
[2021-10-16T00:43:27.616+0400][gc,ergo       ] Pacer for Idle. Initial: 204M, Alloc Tax Rate: 1.0x
[2021-10-16T00:43:29.192+0400][gc            ] Trigger: Free (1017M) is below minimum threshold (1023M)
[2021-10-16T00:43:29.192+0400][gc,ergo       ] Free: 1017M, Max: 4096K regular, 928M humongous, Frag: 8% external, 1% internal; Reserve: 512M, Max: 4096K
[2021-10-16T00:43:29.192+0400][gc,start      ] GC(39) Concurrent reset
[2021-10-16T00:43:29.192+0400][gc,task       ] GC(39) Using 28 of 56 workers for concurrent reset
[2021-10-16T00:43:29.192+0400][gc,ergo       ] GC(39) Pacer for Reset. Non-Taxable: 10240M
[2021-10-16T00:43:29.192+0400][gc            ] GC(39) Concurrent reset 0.638ms
[2021-10-16T00:43:29.193+0400][gc,start      ] GC(39) Pause Init Mark
[2021-10-16T00:43:29.193+0400][gc,task       ] GC(39) Using 56 of 56 workers for init marking
[2021-10-16T00:43:29.200+0400][gc,ergo       ] GC(39) Pacer for Mark. Expected Live: 102M, Free: 1013M, Non-Taxable: 101M, Alloc Tax Rate: 0.1x
[2021-10-16T00:43:29.200+0400][gc            ] GC(39) Pause Init Mark 7.263ms
[2021-10-16T00:43:29.200+0400][gc,start      ] GC(39) Concurrent marking
[2021-10-16T00:43:29.200+0400][gc,task       ] GC(39) Using 28 of 56 workers for concurrent marking
[2021-10-16T00:43:29.215+0400][gc            ] GC(39) Concurrent marking 15.266ms
[2021-10-16T00:43:29.215+0400][gc,start      ] GC(39) Pause Final Mark
[2021-10-16T00:43:29.215+0400][gc,task       ] GC(39) Using 56 of 56 workers for final marking
[2021-10-16T00:43:29.216+0400][gc,ergo       ] GC(39) Collectable Garbage: 8100M (94%), Immediate: 8100M (94%), CSet: 0B (0%)
[2021-10-16T00:43:29.216+0400][gc            ] GC(39) Pause Final Mark 0.651ms
[2021-10-16T00:43:29.216+0400][gc,start      ] GC(39) Concurrent cleanup
[2021-10-16T00:43:29.216+0400][gc            ] GC(39) Concurrent cleanup 8790M->734M(10240M) 0.248ms
[2021-10-16T00:43:29.216+0400][gc,ergo       ] GC(39) Free: 8993M, Max: 4096K regular, 2616M humongous, Frag: 71% external, 0% internal; Reserve: 512M, Max: 4096K
[2021-10-16T00:43:29.216+0400][gc,ergo       ] Free: 8993M, Max: 4096K regular, 2616M humongous, Frag: 71% external, 0% internal; Reserve: 512M, Max: 4096K
[2021-10-16T00:43:29.216+0400][gc,stats      ] 
[2021-10-16T00:43:29.216+0400][gc,stats      ] All times are wall-clock times, except per-root-class counters, that are sum over
[2021-10-16T00:43:29.216+0400][gc,stats      ] all workers. Dividing the <total> over the root stage time estimates parallelism.
[2021-10-16T00:43:29.216+0400][gc,stats      ] 
[2021-10-16T00:43:29.217+0400][gc,stats      ] Concurrent Reset                    618 us
[2021-10-16T00:43:29.217+0400][gc,stats      ] Pause Init Mark (G)                7543 us
[2021-10-16T00:43:29.217+0400][gc,stats      ] Pause Init Mark (N)                7205 us
[2021-10-16T00:43:29.217+0400][gc,stats      ]   Accumulate Stats                    6 us
[2021-10-16T00:43:29.217+0400][gc,stats      ]   Make Parsable                      21 us
[2021-10-16T00:43:29.217+0400][gc,stats      ]   Update Region States              160 us
[2021-10-16T00:43:29.217+0400][gc,stats      ]   Scan Roots                       6950 us, parallelism: 21.67x
[2021-10-16T00:43:29.217+0400][gc,stats      ]     S: <total>                   150573 us
[2021-10-16T00:43:29.217+0400][gc,stats      ]     S: Thread Roots                 985 us, workers (us):   3,   2,   3,   2,   3,   3,   3,   2,   2,   1,   1,   3,  11,   3,   0,   3,   2,   1,   8,   3,   2,   3,  29,  10,   7,   8,   2,   8,   8,  63,  63,  64,  41,  72,  35,  67,  67,  72,  24,  65,   6,  56,  15,  56,  56,  12,  12,   3,   0,   0,   0,   0,   0,   0,   0,   0, 
[2021-10-16T00:43:29.217+0400][gc,stats      ]     S: Universe Roots                 2 us, workers (us):   2, ---, ---, ---, ---, ---, ---, ---, ---, ---, ---, ---, ---, ---, ---, ---, ---, ---, ---, ---, ---, ---, ---, ---, ---, ---, ---, ---, ---, ---, ---, ---, ---, ---, ---, ---, ---, ---, ---, ---, ---, ---, ---, ---, ---, ---, ---, ---, ---, ---, ---, ---, ---, ---, ---, ---, 
[2021-10-16T00:43:29.217+0400][gc,stats      ]     S: JNI Handles Roots              6 us, workers (us):   6, ---, ---, ---, ---, ---, ---, ---, ---, ---, ---, ---, ---, ---, ---, ---, ---, ---, ---, ---, ---, ---, ---, ---, ---, ---, ---, ---, ---, ---, ---, ---, ---, ---, ---, ---, ---, ---, ---, ---, ---, ---, ---, ---, ---, ---, ---, ---, ---, ---, ---, ---, ---, ---, ---, ---, 
[2021-10-16T00:43:29.217+0400][gc,stats      ]     S: Synchronizer Roots             0 us, workers (us):   0, ---, ---, ---, ---, ---, ---, ---, ---, ---, ---, ---, ---, ---, ---, ---, ---, ---, ---, ---, ---, ---, ---, ---, ---, ---, ---, ---, ---, ---, ---, ---, ---, ---, ---, ---, ---, ---, ---, ---, ---, ---, ---, ---, ---, ---, ---, ---, ---, ---, ---, ---, ---, ---, ---, ---, 
[2021-10-16T00:43:29.217+0400][gc,stats      ]     S: Management Roots               1 us, workers (us):   1, ---, ---, ---, ---, ---, ---, ---, ---, ---, ---, ---, ---, ---, ---, ---, ---, ---, ---, ---, ---, ---, ---, ---, ---, ---, ---, ---, ---, ---, ---, ---, ---, ---, ---, ---, ---, ---, ---, ---, ---, ---, ---, ---, ---, ---, ---, ---, ---, ---, ---, ---, ---, ---, ---, ---, 
[2021-10-16T00:43:29.217+0400][gc,stats      ]     S: System Dict Roots              4 us, workers (us):   4, ---, ---, ---, ---, ---, ---, ---, ---, ---, ---, ---, ---, ---, ---, ---, ---, ---, ---, ---, ---, ---, ---, ---, ---, ---, ---, ---, ---, ---, ---, ---, ---, ---, ---, ---, ---, ---, ---, ---, ---, ---, ---, ---, ---, ---, ---, ---, ---, ---, ---, ---, ---, ---, ---, ---, 
[2021-10-16T00:43:29.217+0400][gc,stats      ]     S: CLDG Roots                149576 us, workers (us): 5409, 5414, 5397, 5393, 5386, 5386, 5383, 5372, 5407, 5357, 5358, 5342, 5341, 5341, 5380, 5325, 5658, 5293, 5267, 5265, 5266, 5264, ---, 5264, 5264, 5262, 5262, 5259, 5259, ---, ---, ---, ---, ---, ---, ---, ---, ---, ---, ---, ---, ---, ---, ---, ---, ---, ---, ---, ---, ---, ---, ---, ---, ---, ---, ---, 
[2021-10-16T00:43:29.217+0400][gc,stats      ]     S: JVMTI Roots                    0 us, workers (us):   0, ---, ---, ---, ---, ---, ---, ---, ---, ---, ---, ---, ---, ---, ---, ---, ---, ---, ---, ---, ---, ---, ---, ---, ---, ---, ---, ---, ---, ---, ---, ---, ---, ---, ---, ---, ---, ---, ---, ---, ---, ---, ---, ---, ---, ---, ---, ---, ---, ---, ---, ---, ---, ---, ---, ---, 
[2021-10-16T00:43:29.217+0400][gc,stats      ]   Resize TLABs                        5 us
[2021-10-16T00:43:29.217+0400][gc,stats      ] Concurrent Marking                15230 us
[2021-10-16T00:43:29.217+0400][gc,stats      ] Pause Final Mark (G)                766 us
[2021-10-16T00:43:29.217+0400][gc,stats      ] Pause Final Mark (N)                635 us
[2021-10-16T00:43:29.217+0400][gc,stats      ]   Finish Queues                     363 us
[2021-10-16T00:43:29.217+0400][gc,stats      ]   System Purge                      108 us
[2021-10-16T00:43:29.217+0400][gc,stats      ]     Weak Roots                      108 us
[2021-10-16T00:43:29.217+0400][gc,stats      ]   Update Region States               80 us
[2021-10-16T00:43:29.217+0400][gc,stats      ]   Retire TLABs                       14 us
[2021-10-16T00:43:29.217+0400][gc,stats      ]   Choose Collection Set              51 us
[2021-10-16T00:43:29.217+0400][gc,stats      ]   Rebuild Free Set                   12 us
[2021-10-16T00:43:29.217+0400][gc,stats      ] Concurrent Cleanup                  235 us
[2021-10-16T00:43:29.217+0400][gc,stats      ] 
[2021-10-16T00:43:29.217+0400][gc,stats      ] Allocation pacing accrued:
[2021-10-16T00:43:29.217+0400][gc,stats      ]       0 of  1600 ms (  0.0%): <total>
[2021-10-16T00:43:29.217+0400][gc,stats      ]       0 of  1600 ms (  0.0%): <average total>
[2021-10-16T00:43:29.217+0400][gc,stats      ] 
[2021-10-16T00:43:29.217+0400][gc,metaspace  ] Metaspace: 93249K->93249K(1142784K)
[2021-10-16T00:43:29.217+0400][gc,ergo       ] Pacer for Idle. Initial: 204M, Alloc Tax Rate: 1.0x
[2021-10-16T00:43:30.791+0400][gc            ] Trigger: Free (1021M) is below minimum threshold (1023M)
[2021-10-16T00:43:30.791+0400][gc,ergo       ] Free: 1021M, Max: 4096K regular, 924M humongous, Frag: 9% external, 1% internal; Reserve: 512M, Max: 4096K
[2021-10-16T00:43:30.791+0400][gc,start      ] GC(40) Concurrent reset
[2021-10-16T00:43:30.791+0400][gc,task       ] GC(40) Using 28 of 56 workers for concurrent reset
[2021-10-16T00:43:30.791+0400][gc,ergo       ] GC(40) Pacer for Reset. Non-Taxable: 10240M
[2021-10-16T00:43:30.792+0400][gc            ] GC(40) Concurrent reset 0.708ms
[2021-10-16T00:43:30.792+0400][gc,start      ] GC(40) Pause Init Mark (process weakrefs)
[2021-10-16T00:43:30.792+0400][gc,task       ] GC(40) Using 56 of 56 workers for init marking
[2021-10-16T00:43:30.799+0400][gc,ergo       ] GC(40) Pacer for Mark. Expected Live: 102M, Free: 1013M, Non-Taxable: 101M, Alloc Tax Rate: 0.1x
[2021-10-16T00:43:30.799+0400][gc            ] GC(40) Pause Init Mark (process weakrefs) 6.816ms
[2021-10-16T00:43:30.799+0400][gc,start      ] GC(40) Concurrent marking (process weakrefs)
[2021-10-16T00:43:30.799+0400][gc,task       ] GC(40) Using 28 of 56 workers for concurrent marking
[2021-10-16T00:43:30.817+0400][gc            ] GC(40) Concurrent marking (process weakrefs) 17.567ms
[2021-10-16T00:43:30.817+0400][gc,start      ] GC(40) Concurrent precleaning
[2021-10-16T00:43:30.817+0400][gc,task       ] GC(40) Using 1 of 56 workers for concurrent preclean
[2021-10-16T00:43:30.817+0400][gc,ergo       ] GC(40) Pacer for Precleaning. Non-Taxable: 10240M
[2021-10-16T00:43:30.818+0400][gc            ] GC(40) Concurrent precleaning 1.216ms
[2021-10-16T00:43:30.818+0400][gc,start      ] GC(40) Pause Final Mark (process weakrefs)
[2021-10-16T00:43:30.818+0400][gc,task       ] GC(40) Using 56 of 56 workers for final marking
[2021-10-16T00:43:30.819+0400][gc,ergo       ] GC(40) Collectable Garbage: 8088M (93%), Immediate: 8088M (93%), CSet: 0B (0%)
[2021-10-16T00:43:30.819+0400][gc            ] GC(40) Pause Final Mark (process weakrefs) 0.838ms
[2021-10-16T00:43:30.819+0400][gc,start      ] GC(40) Concurrent cleanup
[2021-10-16T00:43:30.820+0400][gc            ] GC(40) Concurrent cleanup 8814M->766M(10240M) 0.648ms
[2021-10-16T00:43:30.820+0400][gc,ergo       ] GC(40) Free: 8961M, Max: 4096K regular, 2616M humongous, Frag: 71% external, 0% internal; Reserve: 512M, Max: 4096K
[2021-10-16T00:43:30.820+0400][gc,ergo       ] Free: 8961M, Max: 4096K regular, 2616M humongous, Frag: 71% external, 0% internal; Reserve: 512M, Max: 4096K
[2021-10-16T00:43:30.820+0400][gc,stats      ] 
[2021-10-16T00:43:30.820+0400][gc,stats      ] All times are wall-clock times, except per-root-class counters, that are sum over
[2021-10-16T00:43:30.820+0400][gc,stats      ] all workers. Dividing the <total> over the root stage time estimates parallelism.
[2021-10-16T00:43:30.820+0400][gc,stats      ] 
[2021-10-16T00:43:30.820+0400][gc,stats      ] Concurrent Reset                    690 us
[2021-10-16T00:43:30.820+0400][gc,stats      ] Pause Init Mark (G)                7059 us
[2021-10-16T00:43:30.820+0400][gc,stats      ] Pause Init Mark (N)                6772 us
[2021-10-16T00:43:30.820+0400][gc,stats      ]   Accumulate Stats                    6 us
[2021-10-16T00:43:30.820+0400][gc,stats      ]   Make Parsable                      20 us
[2021-10-16T00:43:30.820+0400][gc,stats      ]   Update Region States              146 us
[2021-10-16T00:43:30.820+0400][gc,stats      ]   Scan Roots                       6528 us, parallelism: 21.19x
[2021-10-16T00:43:30.820+0400][gc,stats      ]     S: <total>                   138308 us
[2021-10-16T00:43:30.820+0400][gc,stats      ]     S: Thread Roots                 750 us, workers (us):   3,   2,   2,   3,   2,   2,   1,   1,   2,   2,   3,   3,   2,   2,   1,   2,   2,   2,   2,   3,   3,   3,   1,   3,   2,   1,  51,   1,   1,  63,  63,  42,  57,  53,  52,  60,  60,  60,  60,  55,   1,   2,   2,   2,   2,   0,   2,   2,   0,   0,   0,   0,   0,   0,   0,   0, 
[2021-10-16T00:43:30.820+0400][gc,stats      ]     S: Universe Roots                 4 us, workers (us):   4, ---, ---, ---, ---, ---, ---, ---, ---, ---, ---, ---, ---, ---, ---, ---, ---, ---, ---, ---, ---, ---, ---, ---, ---, ---, ---, ---, ---, ---, ---, ---, ---, ---, ---, ---, ---, ---, ---, ---, ---, ---, ---, ---, ---, ---, ---, ---, ---, ---, ---, ---, ---, ---, ---, ---, 
[2021-10-16T00:43:30.820+0400][gc,stats      ]     S: JNI Handles Roots              3 us, workers (us):   3, ---, ---, ---, ---, ---, ---, ---, ---, ---, ---, ---, ---, ---, ---, ---, ---, ---, ---, ---, ---, ---, ---, ---, ---, ---, ---, ---, ---, ---, ---, ---, ---, ---, ---, ---, ---, ---, ---, ---, ---, ---, ---, ---, ---, ---, ---, ---, ---, ---, ---, ---, ---, ---, ---, ---, 
[2021-10-16T00:43:30.820+0400][gc,stats      ]     S: Synchronizer Roots             0 us, workers (us): ---,   0, ---, ---, ---, ---, ---, ---, ---, ---, ---, ---, ---, ---, ---, ---, ---, ---, ---, ---, ---, ---, ---, ---, ---, ---, ---, ---, ---, ---, ---, ---, ---, ---, ---, ---, ---, ---, ---, ---, ---, ---, ---, ---, ---, ---, ---, ---, ---, ---, ---, ---, ---, ---, ---, ---, 
[2021-10-16T00:43:30.820+0400][gc,stats      ]     S: Management Roots               2 us, workers (us):   2, ---, ---, ---, ---, ---, ---, ---, ---, ---, ---, ---, ---, ---, ---, ---, ---, ---, ---, ---, ---, ---, ---, ---, ---, ---, ---, ---, ---, ---, ---, ---, ---, ---, ---, ---, ---, ---, ---, ---, ---, ---, ---, ---, ---, ---, ---, ---, ---, ---, ---, ---, ---, ---, ---, ---, 
[2021-10-16T00:43:30.820+0400][gc,stats      ]     S: System Dict Roots             11 us, workers (us): ---,  11, ---, ---, ---, ---, ---, ---, ---, ---, ---, ---, ---, ---, ---, ---, ---, ---, ---, ---, ---, ---, ---, ---, ---, ---, ---, ---, ---, ---, ---, ---, ---, ---, ---, ---, ---, ---, ---, ---, ---, ---, ---, ---, ---, ---, ---, ---, ---, ---, ---, ---, ---, ---, ---, ---, 
[2021-10-16T00:43:30.820+0400][gc,stats      ]     S: CLDG Roots                137535 us, workers (us): 4980, 4974, 4974, 4965, 4939, 4937, 4914, 4995, 4881, 4876, 4877, 4875, 4875, 4873, 5254, 4874, 4874, 4872, 4872, 4872, 4872, 4870, 5001, 4870, 4870, 4834, ---, 4832, 4832, ---, ---, ---, ---, ---, ---, ---, ---, ---, ---, ---, ---, ---, ---, ---, ---, ---, ---, ---, ---, ---, ---, ---, ---, ---, ---, ---, 
[2021-10-16T00:43:30.820+0400][gc,stats      ]     S: JVMTI Roots                    1 us, workers (us):   1, ---, ---, ---, ---, ---, ---, ---, ---, ---, ---, ---, ---, ---, ---, ---, ---, ---, ---, ---, ---, ---, ---, ---, ---, ---, ---, ---, ---, ---, ---, ---, ---, ---, ---, ---, ---, ---, ---, ---, ---, ---, ---, ---, ---, ---, ---, ---, ---, ---, ---, ---, ---, ---, ---, ---, 
[2021-10-16T00:43:30.820+0400][gc,stats      ]   Resize TLABs                        6 us
[2021-10-16T00:43:30.820+0400][gc,stats      ] Concurrent Marking                17514 us
[2021-10-16T00:43:30.820+0400][gc,stats      ] Concurrent Precleaning             1196 us
[2021-10-16T00:43:30.820+0400][gc,stats      ] Pause Final Mark (G)               1098 us
[2021-10-16T00:43:30.820+0400][gc,stats      ] Pause Final Mark (N)                817 us
[2021-10-16T00:43:30.820+0400][gc,stats      ]   Finish Queues                     517 us
[2021-10-16T00:43:30.820+0400][gc,stats      ]   Weak References                    25 us
[2021-10-16T00:43:30.820+0400][gc,stats      ]     Process                          21 us
[2021-10-16T00:43:30.820+0400][gc,stats      ]   System Purge                      108 us
[2021-10-16T00:43:30.820+0400][gc,stats      ]     Weak Roots                      108 us
[2021-10-16T00:43:30.820+0400][gc,stats      ]   Update Region States               79 us
[2021-10-16T00:43:30.820+0400][gc,stats      ]   Retire TLABs                       12 us
[2021-10-16T00:43:30.820+0400][gc,stats      ]   Choose Collection Set              55 us
[2021-10-16T00:43:30.820+0400][gc,stats      ]   Rebuild Free Set                   15 us
[2021-10-16T00:43:30.820+0400][gc,stats      ] Concurrent Cleanup                  615 us
[2021-10-16T00:43:30.821+0400][gc,stats      ] 
[2021-10-16T00:43:30.821+0400][gc,stats      ] Allocation pacing accrued:
[2021-10-16T00:43:30.821+0400][gc,stats      ]       0 of  1604 ms (  0.0%): <total>
[2021-10-16T00:43:30.821+0400][gc,stats      ]       0 of  1604 ms (  0.0%): <average total>
[2021-10-16T00:43:30.821+0400][gc,stats      ] 
[2021-10-16T00:43:30.821+0400][gc,metaspace  ] Metaspace: 93256K->93256K(1142784K)
[2021-10-16T00:43:30.821+0400][gc,ergo       ] Pacer for Idle. Initial: 204M, Alloc Tax Rate: 1.0x
[2021-10-16T00:43:32.381+0400][gc            ] Trigger: Free (1021M) is below minimum threshold (1023M)
[2021-10-16T00:43:32.381+0400][gc,ergo       ] Free: 1021M, Max: 4096K regular, 904M humongous, Frag: 11% external, 1% internal; Reserve: 512M, Max: 4096K
[2021-10-16T00:43:32.381+0400][gc,start      ] GC(41) Concurrent reset
[2021-10-16T00:43:32.381+0400][gc,task       ] GC(41) Using 28 of 56 workers for concurrent reset
[2021-10-16T00:43:32.381+0400][gc,ergo       ] GC(41) Pacer for Reset. Non-Taxable: 10240M
[2021-10-16T00:43:32.382+0400][gc            ] GC(41) Concurrent reset 0.660ms
[2021-10-16T00:43:32.382+0400][gc,start      ] GC(41) Pause Init Mark
[2021-10-16T00:43:32.382+0400][gc,task       ] GC(41) Using 56 of 56 workers for init marking
[2021-10-16T00:43:32.390+0400][gc,ergo       ] GC(41) Pacer for Mark. Expected Live: 102M, Free: 1017M, Non-Taxable: 101M, Alloc Tax Rate: 0.1x
[2021-10-16T00:43:32.390+0400][gc            ] GC(41) Pause Init Mark 7.807ms
[2021-10-16T00:43:32.390+0400][gc,start      ] GC(41) Concurrent marking
[2021-10-16T00:43:32.390+0400][gc,task       ] GC(41) Using 28 of 56 workers for concurrent marking
[2021-10-16T00:43:32.405+0400][gc            ] GC(41) Concurrent marking 14.401ms
[2021-10-16T00:43:32.405+0400][gc,start      ] GC(41) Pause Final Mark
[2021-10-16T00:43:32.405+0400][gc,task       ] GC(41) Using 56 of 56 workers for final marking
[2021-10-16T00:43:32.406+0400][gc,ergo       ] GC(41) Collectable Garbage: 8092M (93%), Immediate: 8092M (93%), CSet: 0B (0%)
[2021-10-16T00:43:32.406+0400][gc            ] GC(41) Pause Final Mark 0.813ms
[2021-10-16T00:43:32.406+0400][gc,start      ] GC(41) Concurrent cleanup
[2021-10-16T00:43:32.406+0400][gc            ] GC(41) Concurrent cleanup 8774M->722M(10240M) 0.448ms
[2021-10-16T00:43:32.406+0400][gc,ergo       ] GC(41) Free: 9005M, Max: 4096K regular, 2616M humongous, Frag: 71% external, 0% internal; Reserve: 512M, Max: 4096K
[2021-10-16T00:43:32.406+0400][gc,ergo       ] Free: 9005M, Max: 4096K regular, 2616M humongous, Frag: 71% external, 0% internal; Reserve: 512M, Max: 4096K
[2021-10-16T00:43:32.406+0400][gc,stats      ] 
[2021-10-16T00:43:32.406+0400][gc,stats      ] All times are wall-clock times, except per-root-class counters, that are sum over
[2021-10-16T00:43:32.406+0400][gc,stats      ] all workers. Dividing the <total> over the root stage time estimates parallelism.
[2021-10-16T00:43:32.406+0400][gc,stats      ] 
[2021-10-16T00:43:32.406+0400][gc,stats      ] Concurrent Reset                    641 us
[2021-10-16T00:43:32.406+0400][gc,stats      ] Pause Init Mark (G)                8178 us
[2021-10-16T00:43:32.406+0400][gc,stats      ] Pause Init Mark (N)                7760 us
[2021-10-16T00:43:32.406+0400][gc,stats      ]   Accumulate Stats                    6 us
[2021-10-16T00:43:32.406+0400][gc,stats      ]   Make Parsable                      21 us
[2021-10-16T00:43:32.406+0400][gc,stats      ]   Update Region States              161 us
[2021-10-16T00:43:32.406+0400][gc,stats      ]   Scan Roots                       7505 us, parallelism: 21.93x
[2021-10-16T00:43:32.406+0400][gc,stats      ]     S: <total>                   164553 us
[2021-10-16T00:43:32.406+0400][gc,stats      ]     S: Thread Roots                 676 us, workers (us):   1,   2,   2,   1,   1,   2,   3,   2,   1,   2,   1,   2,   2,   2,   2,   2,   2,   2,   2,   2,   2,   3,   2,   2,   1,  62,   2,   2,   2,  81,  82,  90,  72,  58,  50,  41,  24,  23,  23,   4,   0,   0,   2,   2,   2,   0,   2,   0,   0,   0,   2,   0,   0,   0,   0,   0, 
[2021-10-16T00:43:32.406+0400][gc,stats      ]     S: Universe Roots                 3 us, workers (us):   3, ---, ---, ---, ---, ---, ---, ---, ---, ---, ---, ---, ---, ---, ---, ---, ---, ---, ---, ---, ---, ---, ---, ---, ---, ---, ---, ---, ---, ---, ---, ---, ---, ---, ---, ---, ---, ---, ---, ---, ---, ---, ---, ---, ---, ---, ---, ---, ---, ---, ---, ---, ---, ---, ---, ---, 
[2021-10-16T00:43:32.407+0400][gc,stats      ]     S: JNI Handles Roots              2 us, workers (us):   2, ---, ---, ---, ---, ---, ---, ---, ---, ---, ---, ---, ---, ---, ---, ---, ---, ---, ---, ---, ---, ---, ---, ---, ---, ---, ---, ---, ---, ---, ---, ---, ---, ---, ---, ---, ---, ---, ---, ---, ---, ---, ---, ---, ---, ---, ---, ---, ---, ---, ---, ---, ---, ---, ---, ---, 
[2021-10-16T00:43:32.407+0400][gc,stats      ]     S: Synchronizer Roots             0 us, workers (us):   0, ---, ---, ---, ---, ---, ---, ---, ---, ---, ---, ---, ---, ---, ---, ---, ---, ---, ---, ---, ---, ---, ---, ---, ---, ---, ---, ---, ---, ---, ---, ---, ---, ---, ---, ---, ---, ---, ---, ---, ---, ---, ---, ---, ---, ---, ---, ---, ---, ---, ---, ---, ---, ---, ---, ---, 
[2021-10-16T00:43:32.407+0400][gc,stats      ]     S: Management Roots               1 us, workers (us):   1, ---, ---, ---, ---, ---, ---, ---, ---, ---, ---, ---, ---, ---, ---, ---, ---, ---, ---, ---, ---, ---, ---, ---, ---, ---, ---, ---, ---, ---, ---, ---, ---, ---, ---, ---, ---, ---, ---, ---, ---, ---, ---, ---, ---, ---, ---, ---, ---, ---, ---, ---, ---, ---, ---, ---, 
[2021-10-16T00:43:32.407+0400][gc,stats      ]     S: System Dict Roots              3 us, workers (us):   3, ---, ---, ---, ---, ---, ---, ---, ---, ---, ---, ---, ---, ---, ---, ---, ---, ---, ---, ---, ---, ---, ---, ---, ---, ---, ---, ---, ---, ---, ---, ---, ---, ---, ---, ---, ---, ---, ---, ---, ---, ---, ---, ---, ---, ---, ---, ---, ---, ---, ---, ---, ---, ---, ---, ---, 
[2021-10-16T00:43:32.407+0400][gc,stats      ]     S: CLDG Roots                163868 us, workers (us): 5951, 5939, 5938, 5932, 5919, 5896, 5884, 5853, 6232, 5961, 5809, 5808, 5792, 5792, 5791, 5790, 5791, 5790, 5791, 5790, 5789, 5789, 5786, 5786, 5913, ---, 5786, 5786, 5785, ---, ---, ---, ---, ---, ---, ---, ---, ---, ---, ---, ---, ---, ---, ---, ---, ---, ---, ---, ---, ---, ---, ---, ---, ---, ---, ---, 
[2021-10-16T00:43:32.407+0400][gc,stats      ]     S: JVMTI Roots                    1 us, workers (us):   1, ---, ---, ---, ---, ---, ---, ---, ---, ---, ---, ---, ---, ---, ---, ---, ---, ---, ---, ---, ---, ---, ---, ---, ---, ---, ---, ---, ---, ---, ---, ---, ---, ---, ---, ---, ---, ---, ---, ---, ---, ---, ---, ---, ---, ---, ---, ---, ---, ---, ---, ---, ---, ---, ---, ---, 
[2021-10-16T00:43:32.407+0400][gc,stats      ]   Resize TLABs                        4 us
[2021-10-16T00:43:32.407+0400][gc,stats      ] Concurrent Marking                14352 us
[2021-10-16T00:43:32.407+0400][gc,stats      ] Pause Final Mark (G)                987 us
[2021-10-16T00:43:32.407+0400][gc,stats      ] Pause Final Mark (N)                785 us
[2021-10-16T00:43:32.407+0400][gc,stats      ]   Finish Queues                     407 us
[2021-10-16T00:43:32.407+0400][gc,stats      ]   System Purge                      148 us
[2021-10-16T00:43:32.407+0400][gc,stats      ]     Weak Roots                      147 us
[2021-10-16T00:43:32.407+0400][gc,stats      ]   Update Region States               98 us
[2021-10-16T00:43:32.407+0400][gc,stats      ]   Retire TLABs                       16 us
[2021-10-16T00:43:32.407+0400][gc,stats      ]   Choose Collection Set              80 us
[2021-10-16T00:43:32.407+0400][gc,stats      ]   Rebuild Free Set                   24 us
[2021-10-16T00:43:32.407+0400][gc,stats      ] Concurrent Cleanup                  428 us
[2021-10-16T00:43:32.407+0400][gc,stats      ] 
[2021-10-16T00:43:32.407+0400][gc,stats      ] Allocation pacing accrued:
[2021-10-16T00:43:32.407+0400][gc,stats      ]       0 of  1586 ms (  0.0%): <total>
[2021-10-16T00:43:32.407+0400][gc,stats      ]       0 of  1586 ms (  0.0%): <average total>
[2021-10-16T00:43:32.407+0400][gc,stats      ] 
[2021-10-16T00:43:32.407+0400][gc,metaspace  ] Metaspace: 93289K->93289K(1142784K)
[2021-10-16T00:43:32.407+0400][gc,ergo       ] Pacer for Idle. Initial: 204M, Alloc Tax Rate: 1.0x
[2021-10-16T00:43:33.973+0400][gc            ] Trigger: Free (1017M) is below minimum threshold (1023M)
[2021-10-16T00:43:33.973+0400][gc,ergo       ] Free: 1013M, Max: 4096K regular, 1004M humongous, Frag: 0% external, 1% internal; Reserve: 512M, Max: 4096K
[2021-10-16T00:43:33.973+0400][gc,start      ] GC(42) Concurrent reset
[2021-10-16T00:43:33.973+0400][gc,task       ] GC(42) Using 28 of 56 workers for concurrent reset
[2021-10-16T00:43:33.973+0400][gc,ergo       ] GC(42) Pacer for Reset. Non-Taxable: 10240M
[2021-10-16T00:43:33.973+0400][gc            ] GC(42) Concurrent reset 0.654ms
[2021-10-16T00:43:33.974+0400][gc,start      ] GC(42) Pause Init Mark
[2021-10-16T00:43:33.974+0400][gc,task       ] GC(42) Using 56 of 56 workers for init marking
[2021-10-16T00:43:33.980+0400][gc,ergo       ] GC(42) Pacer for Mark. Expected Live: 102M, Free: 1005M, Non-Taxable: 100M, Alloc Tax Rate: 0.1x
[2021-10-16T00:43:33.981+0400][gc            ] GC(42) Pause Init Mark 6.748ms
[2021-10-16T00:43:33.981+0400][gc,start      ] GC(42) Concurrent marking
[2021-10-16T00:43:33.981+0400][gc,task       ] GC(42) Using 28 of 56 workers for concurrent marking
[2021-10-16T00:43:33.995+0400][gc            ] GC(42) Concurrent marking 14.599ms
[2021-10-16T00:43:33.995+0400][gc,start      ] GC(42) Pause Final Mark
[2021-10-16T00:43:33.995+0400][gc,task       ] GC(42) Using 56 of 56 workers for final marking
[2021-10-16T00:43:33.996+0400][gc,ergo       ] GC(42) Collectable Garbage: 8104M (94%), Immediate: 8104M (94%), CSet: 0B (0%)
[2021-10-16T00:43:33.996+0400][gc            ] GC(42) Pause Final Mark 0.743ms
[2021-10-16T00:43:33.996+0400][gc,start      ] GC(42) Concurrent cleanup
[2021-10-16T00:43:33.996+0400][gc            ] GC(42) Concurrent cleanup 8802M->738M(10240M) 0.329ms
[2021-10-16T00:43:33.996+0400][gc,ergo       ] GC(42) Free: 8989M, Max: 4096K regular, 2616M humongous, Frag: 71% external, 0% internal; Reserve: 512M, Max: 4096K
[2021-10-16T00:43:33.996+0400][gc,ergo       ] Free: 8989M, Max: 4096K regular, 2616M humongous, Frag: 71% external, 0% internal; Reserve: 512M, Max: 4096K
[2021-10-16T00:43:33.996+0400][gc,stats      ] 
[2021-10-16T00:43:33.996+0400][gc,stats      ] All times are wall-clock times, except per-root-class counters, that are sum over
[2021-10-16T00:43:33.997+0400][gc,stats      ] all workers. Dividing the <total> over the root stage time estimates parallelism.
[2021-10-16T00:43:33.997+0400][gc,stats      ] 
[2021-10-16T00:43:33.997+0400][gc,stats      ] Concurrent Reset                    635 us
[2021-10-16T00:43:33.997+0400][gc,stats      ] Pause Init Mark (G)                7073 us
[2021-10-16T00:43:33.997+0400][gc,stats      ] Pause Init Mark (N)                6685 us
[2021-10-16T00:43:33.997+0400][gc,stats      ]   Accumulate Stats                    6 us
[2021-10-16T00:43:33.997+0400][gc,stats      ]   Make Parsable                      22 us
[2021-10-16T00:43:33.997+0400][gc,stats      ]   Update Region States              149 us
[2021-10-16T00:43:33.997+0400][gc,stats      ]   Scan Roots                       6438 us, parallelism: 20.90x
[2021-10-16T00:43:33.997+0400][gc,stats      ]     S: <total>                   134525 us
[2021-10-16T00:43:33.997+0400][gc,stats      ]     S: Thread Roots                 634 us, workers (us):   1,   2,   2,   1,   0,   1,   3,   2,   2,   2,   1,   3,   3,   3,   2,   1,   2,   2,   3,   3,   3,   2,   3,   3,   3,   3,   3, 104,   2,  80,  37,  37,  44,  44,  36,  57,  57,   5,  46,   2,   3,   4,   2,   2,   2,   2,   2,   2,   2,   0,   0,   0,   0,   0,   0,   0, 
[2021-10-16T00:43:33.997+0400][gc,stats      ]     S: Universe Roots                 2 us, workers (us):   2, ---, ---, ---, ---, ---, ---, ---, ---, ---, ---, ---, ---, ---, ---, ---, ---, ---, ---, ---, ---, ---, ---, ---, ---, ---, ---, ---, ---, ---, ---, ---, ---, ---, ---, ---, ---, ---, ---, ---, ---, ---, ---, ---, ---, ---, ---, ---, ---, ---, ---, ---, ---, ---, ---, ---, 
[2021-10-16T00:43:33.997+0400][gc,stats      ]     S: JNI Handles Roots              2 us, workers (us):   2, ---, ---, ---, ---, ---, ---, ---, ---, ---, ---, ---, ---, ---, ---, ---, ---, ---, ---, ---, ---, ---, ---, ---, ---, ---, ---, ---, ---, ---, ---, ---, ---, ---, ---, ---, ---, ---, ---, ---, ---, ---, ---, ---, ---, ---, ---, ---, ---, ---, ---, ---, ---, ---, ---, ---, 
[2021-10-16T00:43:33.997+0400][gc,stats      ]     S: Synchronizer Roots             0 us, workers (us):   0, ---, ---, ---, ---, ---, ---, ---, ---, ---, ---, ---, ---, ---, ---, ---, ---, ---, ---, ---, ---, ---, ---, ---, ---, ---, ---, ---, ---, ---, ---, ---, ---, ---, ---, ---, ---, ---, ---, ---, ---, ---, ---, ---, ---, ---, ---, ---, ---, ---, ---, ---, ---, ---, ---, ---, 
[2021-10-16T00:43:33.997+0400][gc,stats      ]     S: Management Roots               1 us, workers (us):   1, ---, ---, ---, ---, ---, ---, ---, ---, ---, ---, ---, ---, ---, ---, ---, ---, ---, ---, ---, ---, ---, ---, ---, ---, ---, ---, ---, ---, ---, ---, ---, ---, ---, ---, ---, ---, ---, ---, ---, ---, ---, ---, ---, ---, ---, ---, ---, ---, ---, ---, ---, ---, ---, ---, ---, 
[2021-10-16T00:43:33.997+0400][gc,stats      ]     S: System Dict Roots              3 us, workers (us):   3, ---, ---, ---, ---, ---, ---, ---, ---, ---, ---, ---, ---, ---, ---, ---, ---, ---, ---, ---, ---, ---, ---, ---, ---, ---, ---, ---, ---, ---, ---, ---, ---, ---, ---, ---, ---, ---, ---, ---, ---, ---, ---, ---, ---, ---, ---, ---, ---, ---, ---, ---, ---, ---, ---, ---, 
[2021-10-16T00:43:33.997+0400][gc,stats      ]     S: CLDG Roots                133882 us, workers (us): 4832, 4807, 4784, 4775, 4823, 4773, 4759, 4759, 4757, 4758, 4894, 4757, 4757, 4753, 4752, 5147, 4750, 4753, 4752, 4749, 4750, 4749, 4748, 4750, 4749, 4749, 4749, ---, 4747, ---, ---, ---, ---, ---, ---, ---, ---, ---, ---, ---, ---, ---, ---, ---, ---, ---, ---, ---, ---, ---, ---, ---, ---, ---, ---, ---, 
[2021-10-16T00:43:33.997+0400][gc,stats      ]     S: JVMTI Roots                    0 us, workers (us):   0, ---, ---, ---, ---, ---, ---, ---, ---, ---, ---, ---, ---, ---, ---, ---, ---, ---, ---, ---, ---, ---, ---, ---, ---, ---, ---, ---, ---, ---, ---, ---, ---, ---, ---, ---, ---, ---, ---, ---, ---, ---, ---, ---, ---, ---, ---, ---, ---, ---, ---, ---, ---, ---, ---, ---, 
[2021-10-16T00:43:33.997+0400][gc,stats      ]   Resize TLABs                        5 us
[2021-10-16T00:43:33.997+0400][gc,stats      ] Concurrent Marking                14542 us
[2021-10-16T00:43:33.997+0400][gc,stats      ] Pause Final Mark (G)                827 us
[2021-10-16T00:43:33.997+0400][gc,stats      ] Pause Final Mark (N)                724 us
[2021-10-16T00:43:33.997+0400][gc,stats      ]   Finish Queues                     407 us
[2021-10-16T00:43:33.997+0400][gc,stats      ]   System Purge                      129 us
[2021-10-16T00:43:33.997+0400][gc,stats      ]     Weak Roots                      129 us
[2021-10-16T00:43:33.997+0400][gc,stats      ]   Update Region States               89 us
[2021-10-16T00:43:33.997+0400][gc,stats      ]   Retire TLABs                       13 us
[2021-10-16T00:43:33.997+0400][gc,stats      ]   Choose Collection Set              62 us
[2021-10-16T00:43:33.997+0400][gc,stats      ]   Rebuild Free Set                   15 us
[2021-10-16T00:43:33.997+0400][gc,stats      ] Concurrent Cleanup                  316 us
[2021-10-16T00:43:33.997+0400][gc,stats      ] 
[2021-10-16T00:43:33.997+0400][gc,stats      ] Allocation pacing accrued:
[2021-10-16T00:43:33.997+0400][gc,stats      ]       0 of  1590 ms (  0.0%): <total>
[2021-10-16T00:43:33.997+0400][gc,stats      ]       0 of  1590 ms (  0.0%): <average total>
[2021-10-16T00:43:33.997+0400][gc,stats      ] 
[2021-10-16T00:43:33.997+0400][gc,metaspace  ] Metaspace: 93295K->93295K(1142784K)
[2021-10-16T00:43:33.997+0400][gc,ergo       ] Pacer for Idle. Initial: 204M, Alloc Tax Rate: 1.0x
[2021-10-16T00:43:35.563+0400][gc            ] Trigger: Free (1017M) is below minimum threshold (1023M)
[2021-10-16T00:43:35.563+0400][gc,ergo       ] Free: 1017M, Max: 4096K regular, 916M humongous, Frag: 10% external, 1% internal; Reserve: 512M, Max: 4096K
[2021-10-16T00:43:35.563+0400][gc,start      ] GC(43) Concurrent reset
[2021-10-16T00:43:35.563+0400][gc,task       ] GC(43) Using 28 of 56 workers for concurrent reset
[2021-10-16T00:43:35.563+0400][gc,ergo       ] GC(43) Pacer for Reset. Non-Taxable: 10240M
[2021-10-16T00:43:35.564+0400][gc            ] GC(43) Concurrent reset 0.616ms
[2021-10-16T00:43:35.564+0400][gc,start      ] GC(43) Pause Init Mark
[2021-10-16T00:43:35.564+0400][gc,task       ] GC(43) Using 56 of 56 workers for init marking
[2021-10-16T00:43:35.571+0400][gc,ergo       ] GC(43) Pacer for Mark. Expected Live: 102M, Free: 1017M, Non-Taxable: 101M, Alloc Tax Rate: 0.1x
[2021-10-16T00:43:35.571+0400][gc            ] GC(43) Pause Init Mark 7.039ms
[2021-10-16T00:43:35.571+0400][gc,start      ] GC(43) Concurrent marking
[2021-10-16T00:43:35.571+0400][gc,task       ] GC(43) Using 28 of 56 workers for concurrent marking
[2021-10-16T00:43:35.587+0400][gc            ] GC(43) Concurrent marking 16.283ms
[2021-10-16T00:43:35.587+0400][gc,start      ] GC(43) Pause Final Mark
[2021-10-16T00:43:35.587+0400][gc,task       ] GC(43) Using 56 of 56 workers for final marking
[2021-10-16T00:43:35.588+0400][gc,ergo       ] GC(43) Collectable Garbage: 8052M (93%), Immediate: 8052M (93%), CSet: 0B (0%)
[2021-10-16T00:43:35.588+0400][gc            ] GC(43) Pause Final Mark 1.017ms
[2021-10-16T00:43:35.588+0400][gc,start      ] GC(43) Concurrent cleanup
[2021-10-16T00:43:35.589+0400][gc            ] GC(43) Concurrent cleanup 8798M->786M(10240M) 0.661ms
[2021-10-16T00:43:35.589+0400][gc,ergo       ] GC(43) Free: 8941M, Max: 4096K regular, 3132M humongous, Frag: 65% external, 0% internal; Reserve: 512M, Max: 4096K
[2021-10-16T00:43:35.589+0400][gc,ergo       ] Free: 8941M, Max: 4096K regular, 3132M humongous, Frag: 65% external, 0% internal; Reserve: 512M, Max: 4096K
[2021-10-16T00:43:35.589+0400][gc,stats      ] 
[2021-10-16T00:43:35.589+0400][gc,stats      ] All times are wall-clock times, except per-root-class counters, that are sum over
[2021-10-16T00:43:35.589+0400][gc,stats      ] all workers. Dividing the <total> over the root stage time estimates parallelism.
[2021-10-16T00:43:35.589+0400][gc,stats      ] 
[2021-10-16T00:43:35.589+0400][gc,stats      ] Concurrent Reset                    597 us
[2021-10-16T00:43:35.589+0400][gc,stats      ] Pause Init Mark (G)                7348 us
[2021-10-16T00:43:35.589+0400][gc,stats      ] Pause Init Mark (N)                6969 us
[2021-10-16T00:43:35.589+0400][gc,stats      ]   Accumulate Stats                    6 us
[2021-10-16T00:43:35.589+0400][gc,stats      ]   Make Parsable                      21 us
[2021-10-16T00:43:35.589+0400][gc,stats      ]   Update Region States              151 us
[2021-10-16T00:43:35.589+0400][gc,stats      ]   Scan Roots                       6723 us, parallelism: 22.19x
[2021-10-16T00:43:35.589+0400][gc,stats      ]     S: <total>                   149213 us
[2021-10-16T00:43:35.590+0400][gc,stats      ]     S: Thread Roots                 734 us, workers (us):   1,   1,   2,   1,   3,   1,   1,   1,   2,   2,   2,   2,   2,   2,   2,   3,   3,   3,   1,   2,   2,   2,   3,   2,   3,   1,   3,  72,   2,  75,  59,  86,  72,  72,  72,  69,  27,  56,  17,   3,   0,   0,   0,   0,   0,   0,   0,   0,   0,   0,   0,   0,   0,   0,   0,   0, 
[2021-10-16T00:43:35.590+0400][gc,stats      ]     S: Universe Roots                 2 us, workers (us):   2, ---, ---, ---, ---, ---, ---, ---, ---, ---, ---, ---, ---, ---, ---, ---, ---, ---, ---, ---, ---, ---, ---, ---, ---, ---, ---, ---, ---, ---, ---, ---, ---, ---, ---, ---, ---, ---, ---, ---, ---, ---, ---, ---, ---, ---, ---, ---, ---, ---, ---, ---, ---, ---, ---, ---, 
[2021-10-16T00:43:35.590+0400][gc,stats      ]     S: JNI Handles Roots              2 us, workers (us): ---,   2, ---, ---, ---, ---, ---, ---, ---, ---, ---, ---, ---, ---, ---, ---, ---, ---, ---, ---, ---, ---, ---, ---, ---, ---, ---, ---, ---, ---, ---, ---, ---, ---, ---, ---, ---, ---, ---, ---, ---, ---, ---, ---, ---, ---, ---, ---, ---, ---, ---, ---, ---, ---, ---, ---, 
[2021-10-16T00:43:35.590+0400][gc,stats      ]     S: Synchronizer Roots             0 us, workers (us): ---,   0, ---, ---, ---, ---, ---, ---, ---, ---, ---, ---, ---, ---, ---, ---, ---, ---, ---, ---, ---, ---, ---, ---, ---, ---, ---, ---, ---, ---, ---, ---, ---, ---, ---, ---, ---, ---, ---, ---, ---, ---, ---, ---, ---, ---, ---, ---, ---, ---, ---, ---, ---, ---, ---, ---, 
[2021-10-16T00:43:35.590+0400][gc,stats      ]     S: Management Roots               1 us, workers (us): ---,   1, ---, ---, ---, ---, ---, ---, ---, ---, ---, ---, ---, ---, ---, ---, ---, ---, ---, ---, ---, ---, ---, ---, ---, ---, ---, ---, ---, ---, ---, ---, ---, ---, ---, ---, ---, ---, ---, ---, ---, ---, ---, ---, ---, ---, ---, ---, ---, ---, ---, ---, ---, ---, ---, ---, 
[2021-10-16T00:43:35.590+0400][gc,stats      ]     S: System Dict Roots              4 us, workers (us):   4, ---, ---, ---, ---, ---, ---, ---, ---, ---, ---, ---, ---, ---, ---, ---, ---, ---, ---, ---, ---, ---, ---, ---, ---, ---, ---, ---, ---, ---, ---, ---, ---, ---, ---, ---, ---, ---, ---, ---, ---, ---, ---, ---, ---, ---, ---, ---, ---, ---, ---, ---, ---, ---, ---, ---, 
[2021-10-16T00:43:35.590+0400][gc,stats      ]     S: CLDG Roots                148468 us, workers (us): 5367, 5367, 5312, 5312, 5313, 5298, 5376, 5293, 5284, 5393, 5284, 5282, 5282, 5282, 5281, 5279, 5280, 5279, 5278, 5280, 5277, 5277, 5275, 5275, 5273, 5424, 5273, ---, 5272, ---, ---, ---, ---, ---, ---, ---, ---, ---, ---, ---, ---, ---, ---, ---, ---, ---, ---, ---, ---, ---, ---, ---, ---, ---, ---, ---, 
[2021-10-16T00:43:35.590+0400][gc,stats      ]     S: JVMTI Roots                    0 us, workers (us): ---,   0, ---, ---, ---, ---, ---, ---, ---, ---, ---, ---, ---, ---, ---, ---, ---, ---, ---, ---, ---, ---, ---, ---, ---, ---, ---, ---, ---, ---, ---, ---, ---, ---, ---, ---, ---, ---, ---, ---, ---, ---, ---, ---, ---, ---, ---, ---, ---, ---, ---, ---, ---, ---, ---, ---, 
[2021-10-16T00:43:35.590+0400][gc,stats      ]   Resize TLABs                        5 us
[2021-10-16T00:43:35.590+0400][gc,stats      ] Concurrent Marking                16231 us
[2021-10-16T00:43:35.590+0400][gc,stats      ] Pause Final Mark (G)               1192 us
[2021-10-16T00:43:35.590+0400][gc,stats      ] Pause Final Mark (N)                967 us
[2021-10-16T00:43:35.590+0400][gc,stats      ]   Finish Queues                     507 us
[2021-10-16T00:43:35.590+0400][gc,stats      ]   System Purge                      135 us
[2021-10-16T00:43:35.590+0400][gc,stats      ]     Weak Roots                      135 us
[2021-10-16T00:43:35.590+0400][gc,stats      ]   Update Region States              122 us
[2021-10-16T00:43:35.590+0400][gc,stats      ]   Retire TLABs                       18 us
[2021-10-16T00:43:35.590+0400][gc,stats      ]   Choose Collection Set             123 us
[2021-10-16T00:43:35.590+0400][gc,stats      ]   Rebuild Free Set                   42 us
[2021-10-16T00:43:35.590+0400][gc,stats      ] Concurrent Cleanup                  632 us
[2021-10-16T00:43:35.590+0400][gc,stats      ] 
[2021-10-16T00:43:35.590+0400][gc,stats      ] Allocation pacing accrued:
[2021-10-16T00:43:35.590+0400][gc,stats      ]       0 of  1593 ms (  0.0%): <total>
[2021-10-16T00:43:35.590+0400][gc,stats      ]       0 of  1593 ms (  0.0%): <average total>
[2021-10-16T00:43:35.590+0400][gc,stats      ] 
[2021-10-16T00:43:35.590+0400][gc,metaspace  ] Metaspace: 93298K->93298K(1142784K)
[2021-10-16T00:43:35.590+0400][gc,ergo       ] Pacer for Idle. Initial: 204M, Alloc Tax Rate: 1.0x
[2021-10-16T00:43:37.142+0400][gc            ] Trigger: Free (1017M) is below minimum threshold (1023M)
[2021-10-16T00:43:37.142+0400][gc,ergo       ] Free: 1017M, Max: 4096K regular, 1008M humongous, Frag: 0% external, 1% internal; Reserve: 512M, Max: 4096K
[2021-10-16T00:43:37.143+0400][gc,start      ] GC(44) Concurrent reset
[2021-10-16T00:43:37.143+0400][gc,task       ] GC(44) Using 28 of 56 workers for concurrent reset
[2021-10-16T00:43:37.143+0400][gc,ergo       ] GC(44) Pacer for Reset. Non-Taxable: 10240M
[2021-10-16T00:43:37.143+0400][gc            ] GC(44) Concurrent reset 0.691ms
[2021-10-16T00:43:37.143+0400][gc,start      ] GC(44) Pause Init Mark
[2021-10-16T00:43:37.144+0400][gc,task       ] GC(44) Using 56 of 56 workers for init marking
[2021-10-16T00:43:37.151+0400][gc,ergo       ] GC(44) Pacer for Mark. Expected Live: 102M, Free: 1009M, Non-Taxable: 100M, Alloc Tax Rate: 0.1x
[2021-10-16T00:43:37.151+0400][gc            ] GC(44) Pause Init Mark 7.614ms
[2021-10-16T00:43:37.151+0400][gc,start      ] GC(44) Concurrent marking
[2021-10-16T00:43:37.151+0400][gc,task       ] GC(44) Using 28 of 56 workers for concurrent marking
[2021-10-16T00:43:37.166+0400][gc            ] GC(44) Concurrent marking 14.722ms
[2021-10-16T00:43:37.166+0400][gc,start      ] GC(44) Pause Final Mark
[2021-10-16T00:43:37.166+0400][gc,task       ] GC(44) Using 56 of 56 workers for final marking
[2021-10-16T00:43:37.167+0400][gc,ergo       ] GC(44) Collectable Garbage: 8060M (93%), Immediate: 8060M (93%), CSet: 0B (0%)
[2021-10-16T00:43:37.167+0400][gc            ] GC(44) Pause Final Mark 0.643ms
[2021-10-16T00:43:37.167+0400][gc,start      ] GC(44) Concurrent cleanup
[2021-10-16T00:43:37.167+0400][gc            ] GC(44) Concurrent cleanup 8798M->778M(10240M) 0.293ms
[2021-10-16T00:43:37.167+0400][gc,ergo       ] GC(44) Free: 8949M, Max: 4096K regular, 3132M humongous, Frag: 65% external, 0% internal; Reserve: 512M, Max: 4096K
[2021-10-16T00:43:37.167+0400][gc,ergo       ] Free: 8949M, Max: 4096K regular, 3132M humongous, Frag: 65% external, 0% internal; Reserve: 512M, Max: 4096K
[2021-10-16T00:43:37.167+0400][gc,stats      ] 
[2021-10-16T00:43:37.167+0400][gc,stats      ] All times are wall-clock times, except per-root-class counters, that are sum over
[2021-10-16T00:43:37.167+0400][gc,stats      ] all workers. Dividing the <total> over the root stage time estimates parallelism.
[2021-10-16T00:43:37.167+0400][gc,stats      ] 
[2021-10-16T00:43:37.167+0400][gc,stats      ] Concurrent Reset                    672 us
[2021-10-16T00:43:37.167+0400][gc,stats      ] Pause Init Mark (G)                7974 us
[2021-10-16T00:43:37.167+0400][gc,stats      ] Pause Init Mark (N)                7565 us
[2021-10-16T00:43:37.167+0400][gc,stats      ]   Accumulate Stats                    6 us
[2021-10-16T00:43:37.167+0400][gc,stats      ]   Make Parsable                      23 us
[2021-10-16T00:43:37.167+0400][gc,stats      ]   Update Region States              237 us
[2021-10-16T00:43:37.167+0400][gc,stats      ]   Scan Roots                       7230 us, parallelism: 21.66x
[2021-10-16T00:43:37.167+0400][gc,stats      ]     S: <total>                   156589 us
[2021-10-16T00:43:37.167+0400][gc,stats      ]     S: Thread Roots                 621 us, workers (us):   2,   1,   2,   1,   1,   2,   2,   2,   2,   2,   2,   2,   1,   2,   1,   3,   1,   3,   3,   3,   2,   2,   1,   3,   2,   2,   3,   3,  62,  53,  52,  53,  15,  41,  55,  46,  45,  54,  54,  33,   0,   0,   0,   0,   0,   0,   0,   0,   0,   0,   2,   0,   0,   0,   0,   1, 
[2021-10-16T00:43:37.167+0400][gc,stats      ]     S: Universe Roots                 4 us, workers (us):   4, ---, ---, ---, ---, ---, ---, ---, ---, ---, ---, ---, ---, ---, ---, ---, ---, ---, ---, ---, ---, ---, ---, ---, ---, ---, ---, ---, ---, ---, ---, ---, ---, ---, ---, ---, ---, ---, ---, ---, ---, ---, ---, ---, ---, ---, ---, ---, ---, ---, ---, ---, ---, ---, ---, ---, 
[2021-10-16T00:43:37.167+0400][gc,stats      ]     S: JNI Handles Roots              2 us, workers (us): ---,   2, ---, ---, ---, ---, ---, ---, ---, ---, ---, ---, ---, ---, ---, ---, ---, ---, ---, ---, ---, ---, ---, ---, ---, ---, ---, ---, ---, ---, ---, ---, ---, ---, ---, ---, ---, ---, ---, ---, ---, ---, ---, ---, ---, ---, ---, ---, ---, ---, ---, ---, ---, ---, ---, ---, 
[2021-10-16T00:43:37.167+0400][gc,stats      ]     S: Synchronizer Roots             0 us, workers (us):   0, ---, ---, ---, ---, ---, ---, ---, ---, ---, ---, ---, ---, ---, ---, ---, ---, ---, ---, ---, ---, ---, ---, ---, ---, ---, ---, ---, ---, ---, ---, ---, ---, ---, ---, ---, ---, ---, ---, ---, ---, ---, ---, ---, ---, ---, ---, ---, ---, ---, ---, ---, ---, ---, ---, ---, 
[2021-10-16T00:43:37.167+0400][gc,stats      ]     S: Management Roots               2 us, workers (us):   2, ---, ---, ---, ---, ---, ---, ---, ---, ---, ---, ---, ---, ---, ---, ---, ---, ---, ---, ---, ---, ---, ---, ---, ---, ---, ---, ---, ---, ---, ---, ---, ---, ---, ---, ---, ---, ---, ---, ---, ---, ---, ---, ---, ---, ---, ---, ---, ---, ---, ---, ---, ---, ---, ---, ---, 
[2021-10-16T00:43:37.167+0400][gc,stats      ]     S: System Dict Roots              8 us, workers (us):   8, ---, ---, ---, ---, ---, ---, ---, ---, ---, ---, ---, ---, ---, ---, ---, ---, ---, ---, ---, ---, ---, ---, ---, ---, ---, ---, ---, ---, ---, ---, ---, ---, ---, ---, ---, ---, ---, ---, ---, ---, ---, ---, ---, ---, ---, ---, ---, ---, ---, ---, ---, ---, ---, ---, ---, 
[2021-10-16T00:43:37.167+0400][gc,stats      ]     S: CLDG Roots                155951 us, workers (us): 5645, 5692, 5622, 5606, 5606, 5591, 5591, 5531, 5531, 5531, 5531, 5532, 5530, 5529, 5664, 5527, 5918, 5526, 5526, 5526, 5527, 5526, 5525, 5524, 5524, 5524, 5524, 5524, ---, ---, ---, ---, ---, ---, ---, ---, ---, ---, ---, ---, ---, ---, ---, ---, ---, ---, ---, ---, ---, ---, ---, ---, ---, ---, ---, ---, 
[2021-10-16T00:43:37.167+0400][gc,stats      ]     S: JVMTI Roots                    1 us, workers (us): ---,   1, ---, ---, ---, ---, ---, ---, ---, ---, ---, ---, ---, ---, ---, ---, ---, ---, ---, ---, ---, ---, ---, ---, ---, ---, ---, ---, ---, ---, ---, ---, ---, ---, ---, ---, ---, ---, ---, ---, ---, ---, ---, ---, ---, ---, ---, ---, ---, ---, ---, ---, ---, ---, ---, ---, 
[2021-10-16T00:43:37.167+0400][gc,stats      ]   Resize TLABs                        4 us
[2021-10-16T00:43:37.167+0400][gc,stats      ] Concurrent Marking                14674 us
[2021-10-16T00:43:37.167+0400][gc,stats      ] Pause Final Mark (G)                753 us
[2021-10-16T00:43:37.167+0400][gc,stats      ] Pause Final Mark (N)                625 us
[2021-10-16T00:43:37.167+0400][gc,stats      ]   Finish Queues                     363 us
[2021-10-16T00:43:37.167+0400][gc,stats      ]   System Purge                      104 us
[2021-10-16T00:43:37.167+0400][gc,stats      ]     Weak Roots                      104 us
[2021-10-16T00:43:37.167+0400][gc,stats      ]   Update Region States               75 us
[2021-10-16T00:43:37.167+0400][gc,stats      ]   Retire TLABs                       13 us
[2021-10-16T00:43:37.167+0400][gc,stats      ]   Choose Collection Set              50 us
[2021-10-16T00:43:37.167+0400][gc,stats      ]   Rebuild Free Set                   12 us
[2021-10-16T00:43:37.167+0400][gc,stats      ] Concurrent Cleanup                  280 us
[2021-10-16T00:43:37.167+0400][gc,stats      ] 
[2021-10-16T00:43:37.167+0400][gc,stats      ] Allocation pacing accrued:
[2021-10-16T00:43:37.167+0400][gc,stats      ]       0 of  1577 ms (  0.0%): <total>
[2021-10-16T00:43:37.167+0400][gc,stats      ]       0 of  1577 ms (  0.0%): <average total>
[2021-10-16T00:43:37.167+0400][gc,stats      ] 
[2021-10-16T00:43:37.167+0400][gc,metaspace  ] Metaspace: 93315K->93315K(1142784K)
[2021-10-16T00:43:37.167+0400][gc,ergo       ] Pacer for Idle. Initial: 204M, Alloc Tax Rate: 1.0x
[2021-10-16T00:43:38.725+0400][gc            ] Trigger: Free (1017M) is below minimum threshold (1023M)
[2021-10-16T00:43:38.725+0400][gc,ergo       ] Free: 1017M, Max: 4096K regular, 920M humongous, Frag: 9% external, 1% internal; Reserve: 512M, Max: 4096K
[2021-10-16T00:43:38.725+0400][gc,start      ] GC(45) Concurrent reset
[2021-10-16T00:43:38.725+0400][gc,task       ] GC(45) Using 28 of 56 workers for concurrent reset
[2021-10-16T00:43:38.725+0400][gc,ergo       ] GC(45) Pacer for Reset. Non-Taxable: 10240M
[2021-10-16T00:43:38.726+0400][gc            ] GC(45) Concurrent reset 0.648ms
[2021-10-16T00:43:38.726+0400][gc,start      ] GC(45) Pause Init Mark (process weakrefs)
[2021-10-16T00:43:38.726+0400][gc,task       ] GC(45) Using 56 of 56 workers for init marking
[2021-10-16T00:43:38.733+0400][gc,ergo       ] GC(45) Pacer for Mark. Expected Live: 102M, Free: 1009M, Non-Taxable: 100M, Alloc Tax Rate: 0.1x
[2021-10-16T00:43:38.733+0400][gc            ] GC(45) Pause Init Mark (process weakrefs) 7.218ms
[2021-10-16T00:43:38.733+0400][gc,start      ] GC(45) Concurrent marking (process weakrefs)
[2021-10-16T00:43:38.733+0400][gc,task       ] GC(45) Using 28 of 56 workers for concurrent marking
[2021-10-16T00:43:38.750+0400][gc            ] GC(45) Concurrent marking (process weakrefs) 16.537ms
[2021-10-16T00:43:38.750+0400][gc,start      ] GC(45) Concurrent precleaning
[2021-10-16T00:43:38.750+0400][gc,task       ] GC(45) Using 1 of 56 workers for concurrent preclean
[2021-10-16T00:43:38.750+0400][gc,ergo       ] GC(45) Pacer for Precleaning. Non-Taxable: 10240M
[2021-10-16T00:43:38.751+0400][gc            ] GC(45) Concurrent precleaning 1.383ms
[2021-10-16T00:43:38.751+0400][gc,start      ] GC(45) Pause Final Mark (process weakrefs)
[2021-10-16T00:43:38.751+0400][gc,task       ] GC(45) Using 56 of 56 workers for final marking
[2021-10-16T00:43:38.752+0400][gc,ergo       ] GC(45) Collectable Garbage: 8056M (93%), Immediate: 8056M (93%), CSet: 0B (0%)
[2021-10-16T00:43:38.752+0400][gc            ] GC(45) Pause Final Mark (process weakrefs) 0.965ms
[2021-10-16T00:43:38.752+0400][gc,start      ] GC(45) Concurrent cleanup
[2021-10-16T00:43:38.753+0400][gc            ] GC(45) Concurrent cleanup 8814M->782M(10240M) 0.207ms
[2021-10-16T00:43:38.753+0400][gc,ergo       ] GC(45) Free: 8945M, Max: 4096K regular, 3132M humongous, Frag: 65% external, 0% internal; Reserve: 512M, Max: 4096K
[2021-10-16T00:43:38.753+0400][gc,ergo       ] Free: 8941M, Max: 4096K regular, 3132M humongous, Frag: 65% external, 0% internal; Reserve: 512M, Max: 4096K
[2021-10-16T00:43:38.753+0400][gc,stats      ] 
[2021-10-16T00:43:38.753+0400][gc,stats      ] All times are wall-clock times, except per-root-class counters, that are sum over
[2021-10-16T00:43:38.753+0400][gc,stats      ] all workers. Dividing the <total> over the root stage time estimates parallelism.
[2021-10-16T00:43:38.753+0400][gc,stats      ] 
[2021-10-16T00:43:38.753+0400][gc,stats      ] Concurrent Reset                    628 us
[2021-10-16T00:43:38.753+0400][gc,stats      ] Pause Init Mark (G)                7591 us
[2021-10-16T00:43:38.753+0400][gc,stats      ] Pause Init Mark (N)                7159 us
[2021-10-16T00:43:38.753+0400][gc,stats      ]   Accumulate Stats                    6 us
[2021-10-16T00:43:38.753+0400][gc,stats      ]   Make Parsable                      22 us
[2021-10-16T00:43:38.753+0400][gc,stats      ]   Update Region States              143 us
[2021-10-16T00:43:38.753+0400][gc,stats      ]   Scan Roots                       6909 us, parallelism: 21.18x
[2021-10-16T00:43:38.753+0400][gc,stats      ]     S: <total>                   146318 us
[2021-10-16T00:43:38.753+0400][gc,stats      ]     S: Thread Roots                 715 us, workers (us):   1,   2,   2,   2,   2,   2,   3,   2,   2,   1,   1,   3,   3,   2,   2,   1,   3,   3,   2,   3,   3,   3,   2,   3,   3,   1,   2,   2,  71,  68,  72,  74,  71,  74,  52,  55,  25,  21,  43,   3,   5,   3,   5,   3,   2,   2,   2,   2,   2,   0,   0,   0,   0,   0,   0,   0, 
[2021-10-16T00:43:38.753+0400][gc,stats      ]     S: Universe Roots                 2 us, workers (us):   2, ---, ---, ---, ---, ---, ---, ---, ---, ---, ---, ---, ---, ---, ---, ---, ---, ---, ---, ---, ---, ---, ---, ---, ---, ---, ---, ---, ---, ---, ---, ---, ---, ---, ---, ---, ---, ---, ---, ---, ---, ---, ---, ---, ---, ---, ---, ---, ---, ---, ---, ---, ---, ---, ---, ---, 
[2021-10-16T00:43:38.753+0400][gc,stats      ]     S: JNI Handles Roots              2 us, workers (us):   2, ---, ---, ---, ---, ---, ---, ---, ---, ---, ---, ---, ---, ---, ---, ---, ---, ---, ---, ---, ---, ---, ---, ---, ---, ---, ---, ---, ---, ---, ---, ---, ---, ---, ---, ---, ---, ---, ---, ---, ---, ---, ---, ---, ---, ---, ---, ---, ---, ---, ---, ---, ---, ---, ---, ---, 
[2021-10-16T00:43:38.753+0400][gc,stats      ]     S: Synchronizer Roots             0 us, workers (us):   0, ---, ---, ---, ---, ---, ---, ---, ---, ---, ---, ---, ---, ---, ---, ---, ---, ---, ---, ---, ---, ---, ---, ---, ---, ---, ---, ---, ---, ---, ---, ---, ---, ---, ---, ---, ---, ---, ---, ---, ---, ---, ---, ---, ---, ---, ---, ---, ---, ---, ---, ---, ---, ---, ---, ---, 
[2021-10-16T00:43:38.753+0400][gc,stats      ]     S: Management Roots               1 us, workers (us):   1, ---, ---, ---, ---, ---, ---, ---, ---, ---, ---, ---, ---, ---, ---, ---, ---, ---, ---, ---, ---, ---, ---, ---, ---, ---, ---, ---, ---, ---, ---, ---, ---, ---, ---, ---, ---, ---, ---, ---, ---, ---, ---, ---, ---, ---, ---, ---, ---, ---, ---, ---, ---, ---, ---, ---, 
[2021-10-16T00:43:38.753+0400][gc,stats      ]     S: System Dict Roots              4 us, workers (us):   4, ---, ---, ---, ---, ---, ---, ---, ---, ---, ---, ---, ---, ---, ---, ---, ---, ---, ---, ---, ---, ---, ---, ---, ---, ---, ---, ---, ---, ---, ---, ---, ---, ---, ---, ---, ---, ---, ---, ---, ---, ---, ---, ---, ---, ---, ---, ---, ---, ---, ---, ---, ---, ---, ---, ---, 
[2021-10-16T00:43:38.753+0400][gc,stats      ]     S: CLDG Roots                145595 us, workers (us): 5251, 5256, 5251, 5225, 5226, 5335, 5212, 5205, 5179, 5219, 5177, 5160, 5160, 5159, 5159, 5161, 5157, 5158, 5155, 5158, 5156, 5156, 5156, 5154, 5156, 5550, 5152, 5154, ---, ---, ---, ---, ---, ---, ---, ---, ---, ---, ---, ---, ---, ---, ---, ---, ---, ---, ---, ---, ---, ---, ---, ---, ---, ---, ---, ---, 
[2021-10-16T00:43:38.753+0400][gc,stats      ]     S: JVMTI Roots                    0 us, workers (us):   0, ---, ---, ---, ---, ---, ---, ---, ---, ---, ---, ---, ---, ---, ---, ---, ---, ---, ---, ---, ---, ---, ---, ---, ---, ---, ---, ---, ---, ---, ---, ---, ---, ---, ---, ---, ---, ---, ---, ---, ---, ---, ---, ---, ---, ---, ---, ---, ---, ---, ---, ---, ---, ---, ---, ---, 
[2021-10-16T00:43:38.753+0400][gc,stats      ]   Resize TLABs                        5 us
[2021-10-16T00:43:38.753+0400][gc,stats      ] Concurrent Marking                16502 us
[2021-10-16T00:43:38.753+0400][gc,stats      ] Concurrent Precleaning             1375 us
[2021-10-16T00:43:38.753+0400][gc,stats      ] Pause Final Mark (G)               1129 us
[2021-10-16T00:43:38.753+0400][gc,stats      ] Pause Final Mark (N)                946 us
[2021-10-16T00:43:38.753+0400][gc,stats      ]   Finish Queues                     627 us
[2021-10-16T00:43:38.753+0400][gc,stats      ]   Weak References                    22 us
[2021-10-16T00:43:38.753+0400][gc,stats      ]     Process                          18 us
[2021-10-16T00:43:38.753+0400][gc,stats      ]   System Purge                      116 us
[2021-10-16T00:43:38.753+0400][gc,stats      ]     Weak Roots                      116 us
[2021-10-16T00:43:38.753+0400][gc,stats      ]   Update Region States               91 us
[2021-10-16T00:43:38.753+0400][gc,stats      ]   Retire TLABs                       14 us
[2021-10-16T00:43:38.753+0400][gc,stats      ]   Choose Collection Set              55 us
[2021-10-16T00:43:38.753+0400][gc,stats      ]   Rebuild Free Set                   14 us
[2021-10-16T00:43:38.753+0400][gc,stats      ] Concurrent Cleanup                  196 us
[2021-10-16T00:43:38.753+0400][gc,stats      ] 
[2021-10-16T00:43:38.753+0400][gc,stats      ] Allocation pacing accrued:
[2021-10-16T00:43:38.753+0400][gc,stats      ]       0 of  1586 ms (  0.0%): <total>
[2021-10-16T00:43:38.753+0400][gc,stats      ]       0 of  1586 ms (  0.0%): <average total>
[2021-10-16T00:43:38.753+0400][gc,stats      ] 
[2021-10-16T00:43:38.753+0400][gc,metaspace  ] Metaspace: 93328K->93328K(1142784K)
[2021-10-16T00:43:38.753+0400][gc,ergo       ] Pacer for Idle. Initial: 204M, Alloc Tax Rate: 1.0x
[2021-10-16T00:43:40.298+0400][gc            ] Trigger: Free (1021M) is below minimum threshold (1023M)
[2021-10-16T00:43:40.299+0400][gc,ergo       ] Free: 1021M, Max: 4096K regular, 904M humongous, Frag: 11% external, 1% internal; Reserve: 512M, Max: 4096K
[2021-10-16T00:43:40.299+0400][gc,start      ] GC(46) Concurrent reset
[2021-10-16T00:43:40.299+0400][gc,task       ] GC(46) Using 28 of 56 workers for concurrent reset
[2021-10-16T00:43:40.299+0400][gc,ergo       ] GC(46) Pacer for Reset. Non-Taxable: 10240M
[2021-10-16T00:43:40.299+0400][gc            ] GC(46) Concurrent reset 0.604ms
[2021-10-16T00:43:40.300+0400][gc,start      ] GC(46) Pause Init Mark
[2021-10-16T00:43:40.300+0400][gc,task       ] GC(46) Using 56 of 56 workers for init marking
[2021-10-16T00:43:40.306+0400][gc,ergo       ] GC(46) Pacer for Mark. Expected Live: 102M, Free: 1021M, Non-Taxable: 102M, Alloc Tax Rate: 0.1x
[2021-10-16T00:43:40.306+0400][gc            ] GC(46) Pause Init Mark 6.272ms
[2021-10-16T00:43:40.306+0400][gc,start      ] GC(46) Concurrent marking
[2021-10-16T00:43:40.306+0400][gc,task       ] GC(46) Using 28 of 56 workers for concurrent marking
[2021-10-16T00:43:40.324+0400][gc            ] GC(46) Concurrent marking 18.505ms
[2021-10-16T00:43:40.325+0400][gc,start      ] GC(46) Pause Final Mark
[2021-10-16T00:43:40.325+0400][gc,task       ] GC(46) Using 56 of 56 workers for final marking
[2021-10-16T00:43:40.325+0400][gc,ergo       ] GC(46) Collectable Garbage: 8048M (93%), Immediate: 8048M (93%), CSet: 0B (0%)
[2021-10-16T00:43:40.326+0400][gc            ] GC(46) Pause Final Mark 1.013ms
[2021-10-16T00:43:40.326+0400][gc,start      ] GC(46) Concurrent cleanup
[2021-10-16T00:43:40.326+0400][gc            ] GC(46) Concurrent cleanup 8822M->814M(10240M) 0.666ms
[2021-10-16T00:43:40.326+0400][gc,ergo       ] GC(46) Free: 8913M, Max: 4096K regular, 3132M humongous, Frag: 65% external, 0% internal; Reserve: 512M, Max: 4096K
[2021-10-16T00:43:40.326+0400][gc,ergo       ] Free: 8913M, Max: 4096K regular, 3132M humongous, Frag: 65% external, 0% internal; Reserve: 512M, Max: 4096K
[2021-10-16T00:43:40.327+0400][gc,stats      ] 
[2021-10-16T00:43:40.327+0400][gc,stats      ] All times are wall-clock times, except per-root-class counters, that are sum over
[2021-10-16T00:43:40.327+0400][gc,stats      ] all workers. Dividing the <total> over the root stage time estimates parallelism.
[2021-10-16T00:43:40.327+0400][gc,stats      ] 
[2021-10-16T00:43:40.327+0400][gc,stats      ] Concurrent Reset                    585 us
[2021-10-16T00:43:40.327+0400][gc,stats      ] Pause Init Mark (G)                6597 us
[2021-10-16T00:43:40.327+0400][gc,stats      ] Pause Init Mark (N)                6224 us
[2021-10-16T00:43:40.327+0400][gc,stats      ]   Accumulate Stats                    6 us
[2021-10-16T00:43:40.327+0400][gc,stats      ]   Make Parsable                      21 us
[2021-10-16T00:43:40.327+0400][gc,stats      ]   Update Region States              178 us
[2021-10-16T00:43:40.327+0400][gc,stats      ]   Scan Roots                       5949 us, parallelism: 21.62x
[2021-10-16T00:43:40.327+0400][gc,stats      ]     S: <total>                   128642 us
[2021-10-16T00:43:40.327+0400][gc,stats      ]     S: Thread Roots                 761 us, workers (us):   2,   2,   2,   2,   1,   1,   0,   1,   2,   2,   3,   3,   3,   3,   3,   3,   1,   1,   1,   1,   2,   2,   2,   2,   3,   2,   2,   2,  30,  71,  68,  54,  31,  57,  47,  57,  62,  47,  55,  30,  55,  32,   1,   0,   0,   0,   0,   0,   0,   0,   0,   0,   2,   2,   0,   2, 
[2021-10-16T00:43:40.327+0400][gc,stats      ]     S: Universe Roots                 4 us, workers (us):   4, ---, ---, ---, ---, ---, ---, ---, ---, ---, ---, ---, ---, ---, ---, ---, ---, ---, ---, ---, ---, ---, ---, ---, ---, ---, ---, ---, ---, ---, ---, ---, ---, ---, ---, ---, ---, ---, ---, ---, ---, ---, ---, ---, ---, ---, ---, ---, ---, ---, ---, ---, ---, ---, ---, ---, 
[2021-10-16T00:43:40.327+0400][gc,stats      ]     S: JNI Handles Roots              3 us, workers (us):   3, ---, ---, ---, ---, ---, ---, ---, ---, ---, ---, ---, ---, ---, ---, ---, ---, ---, ---, ---, ---, ---, ---, ---, ---, ---, ---, ---, ---, ---, ---, ---, ---, ---, ---, ---, ---, ---, ---, ---, ---, ---, ---, ---, ---, ---, ---, ---, ---, ---, ---, ---, ---, ---, ---, ---, 
[2021-10-16T00:43:40.327+0400][gc,stats      ]     S: Synchronizer Roots             0 us, workers (us):   0, ---, ---, ---, ---, ---, ---, ---, ---, ---, ---, ---, ---, ---, ---, ---, ---, ---, ---, ---, ---, ---, ---, ---, ---, ---, ---, ---, ---, ---, ---, ---, ---, ---, ---, ---, ---, ---, ---, ---, ---, ---, ---, ---, ---, ---, ---, ---, ---, ---, ---, ---, ---, ---, ---, ---, 
[2021-10-16T00:43:40.327+0400][gc,stats      ]     S: Management Roots               1 us, workers (us):   1, ---, ---, ---, ---, ---, ---, ---, ---, ---, ---, ---, ---, ---, ---, ---, ---, ---, ---, ---, ---, ---, ---, ---, ---, ---, ---, ---, ---, ---, ---, ---, ---, ---, ---, ---, ---, ---, ---, ---, ---, ---, ---, ---, ---, ---, ---, ---, ---, ---, ---, ---, ---, ---, ---, ---, 
[2021-10-16T00:43:40.327+0400][gc,stats      ]     S: System Dict Roots              8 us, workers (us):   8, ---, ---, ---, ---, ---, ---, ---, ---, ---, ---, ---, ---, ---, ---, ---, ---, ---, ---, ---, ---, ---, ---, ---, ---, ---, ---, ---, ---, ---, ---, ---, ---, ---, ---, ---, ---, ---, ---, ---, ---, ---, ---, ---, ---, ---, ---, ---, ---, ---, ---, ---, ---, ---, ---, ---, 
[2021-10-16T00:43:40.327+0400][gc,stats      ]     S: CLDG Roots                127864 us, workers (us): 4658, 4660, 4607, 4607, 4595, 4693, 4643, 4594, 4577, 4577, 4577, 4577, 4575, 4575, 4575, 4575, 4526, 4582, 4526, 4510, 4509, 4509, 4507, 4507, 4507, 4505, 4506, 4506, ---, ---, ---, ---, ---, ---, ---, ---, ---, ---, ---, ---, ---, ---, ---, ---, ---, ---, ---, ---, ---, ---, ---, ---, ---, ---, ---, ---, 
[2021-10-16T00:43:40.327+0400][gc,stats      ]     S: JVMTI Roots                    1 us, workers (us): ---,   1, ---, ---, ---, ---, ---, ---, ---, ---, ---, ---, ---, ---, ---, ---, ---, ---, ---, ---, ---, ---, ---, ---, ---, ---, ---, ---, ---, ---, ---, ---, ---, ---, ---, ---, ---, ---, ---, ---, ---, ---, ---, ---, ---, ---, ---, ---, ---, ---, ---, ---, ---, ---, ---, ---, 
[2021-10-16T00:43:40.327+0400][gc,stats      ]   Resize TLABs                        4 us
[2021-10-16T00:43:40.327+0400][gc,stats      ] Concurrent Marking                18460 us
[2021-10-16T00:43:40.327+0400][gc,stats      ] Pause Final Mark (G)               1181 us
[2021-10-16T00:43:40.327+0400][gc,stats      ] Pause Final Mark (N)                968 us
[2021-10-16T00:43:40.327+0400][gc,stats      ]   Finish Queues                     500 us
[2021-10-16T00:43:40.327+0400][gc,stats      ]   System Purge                      148 us
[2021-10-16T00:43:40.327+0400][gc,stats      ]     Weak Roots                      147 us
[2021-10-16T00:43:40.327+0400][gc,stats      ]   Update Region States              119 us
[2021-10-16T00:43:40.327+0400][gc,stats      ]   Retire TLABs                       19 us
[2021-10-16T00:43:40.327+0400][gc,stats      ]   Choose Collection Set             121 us
[2021-10-16T00:43:40.327+0400][gc,stats      ]   Rebuild Free Set                   42 us
[2021-10-16T00:43:40.327+0400][gc,stats      ] Concurrent Cleanup                  634 us
[2021-10-16T00:43:40.327+0400][gc,stats      ] 
[2021-10-16T00:43:40.327+0400][gc,stats      ] Allocation pacing accrued:
[2021-10-16T00:43:40.327+0400][gc,stats      ]       0 of  1574 ms (  0.0%): <total>
[2021-10-16T00:43:40.327+0400][gc,stats      ]       0 of  1574 ms (  0.0%): <average total>
[2021-10-16T00:43:40.327+0400][gc,stats      ] 
[2021-10-16T00:43:40.327+0400][gc,metaspace  ] Metaspace: 93329K->93329K(1142784K)
[2021-10-16T00:43:40.327+0400][gc,ergo       ] Pacer for Idle. Initial: 204M, Alloc Tax Rate: 1.0x
[2021-10-16T00:43:41.883+0400][gc            ] Trigger: Free (1017M) is below minimum threshold (1023M)
[2021-10-16T00:43:41.883+0400][gc,ergo       ] Free: 1017M, Max: 4096K regular, 896M humongous, Frag: 12% external, 1% internal; Reserve: 512M, Max: 4096K
[2021-10-16T00:43:41.883+0400][gc,start      ] GC(47) Concurrent reset
[2021-10-16T00:43:41.883+0400][gc,task       ] GC(47) Using 28 of 56 workers for concurrent reset
[2021-10-16T00:43:41.883+0400][gc,ergo       ] GC(47) Pacer for Reset. Non-Taxable: 10240M
[2021-10-16T00:43:41.883+0400][gc            ] GC(47) Concurrent reset 0.638ms
[2021-10-16T00:43:41.884+0400][gc,start      ] GC(47) Pause Init Mark
[2021-10-16T00:43:41.884+0400][gc,task       ] GC(47) Using 56 of 56 workers for init marking
[2021-10-16T00:43:41.891+0400][gc,ergo       ] GC(47) Pacer for Mark. Expected Live: 102M, Free: 1017M, Non-Taxable: 101M, Alloc Tax Rate: 0.1x
[2021-10-16T00:43:41.891+0400][gc            ] GC(47) Pause Init Mark 7.455ms
[2021-10-16T00:43:41.891+0400][gc,start      ] GC(47) Concurrent marking
[2021-10-16T00:43:41.891+0400][gc,task       ] GC(47) Using 28 of 56 workers for concurrent marking
[2021-10-16T00:43:41.907+0400][gc            ] GC(47) Concurrent marking 15.233ms
[2021-10-16T00:43:41.907+0400][gc,start      ] GC(47) Pause Final Mark
[2021-10-16T00:43:41.907+0400][gc,task       ] GC(47) Using 56 of 56 workers for final marking
[2021-10-16T00:43:41.907+0400][gc,ergo       ] GC(47) Collectable Garbage: 8052M (93%), Immediate: 8052M (93%), CSet: 0B (0%)
[2021-10-16T00:43:41.908+0400][gc            ] GC(47) Pause Final Mark 0.884ms
[2021-10-16T00:43:41.908+0400][gc,start      ] GC(47) Concurrent cleanup
[2021-10-16T00:43:41.908+0400][gc            ] GC(47) Concurrent cleanup 8802M->790M(10240M) 0.451ms
[2021-10-16T00:43:41.908+0400][gc,ergo       ] GC(47) Free: 8937M, Max: 4096K regular, 3132M humongous, Frag: 65% external, 0% internal; Reserve: 512M, Max: 4096K
[2021-10-16T00:43:41.908+0400][gc,ergo       ] Free: 8937M, Max: 4096K regular, 3132M humongous, Frag: 65% external, 0% internal; Reserve: 512M, Max: 4096K
[2021-10-16T00:43:41.908+0400][gc,stats      ] 
[2021-10-16T00:43:41.908+0400][gc,stats      ] All times are wall-clock times, except per-root-class counters, that are sum over
[2021-10-16T00:43:41.908+0400][gc,stats      ] all workers. Dividing the <total> over the root stage time estimates parallelism.
[2021-10-16T00:43:41.908+0400][gc,stats      ] 
[2021-10-16T00:43:41.908+0400][gc,stats      ] Concurrent Reset                    609 us
[2021-10-16T00:43:41.908+0400][gc,stats      ] Pause Init Mark (G)                7807 us
[2021-10-16T00:43:41.908+0400][gc,stats      ] Pause Init Mark (N)                7389 us
[2021-10-16T00:43:41.908+0400][gc,stats      ]   Accumulate Stats                    6 us
[2021-10-16T00:43:41.908+0400][gc,stats      ]   Make Parsable                      21 us
[2021-10-16T00:43:41.908+0400][gc,stats      ]   Update Region States              145 us
[2021-10-16T00:43:41.908+0400][gc,stats      ]   Scan Roots                       7143 us, parallelism: 21.56x
[2021-10-16T00:43:41.908+0400][gc,stats      ]     S: <total>                   153971 us
[2021-10-16T00:43:41.908+0400][gc,stats      ]     S: Thread Roots                 815 us, workers (us):   2,   2,   3,   1,   1,   1,   3,   3,   2,   1,   1,   1,   2,   2,   2,   2,   1,   2,   2,   2,   2,   2,   2,   1,   2,  61,   2,  72,   2,   2,  72,  61,  31,  50,  61,  30,  68,  69,  69,  53,  52,   4,   1,   0,   1,   0,   0,   0,   2,   0,   0,   0,   0,   2,   2,   2, 
[2021-10-16T00:43:41.908+0400][gc,stats      ]     S: Universe Roots                 5 us, workers (us):   5, ---, ---, ---, ---, ---, ---, ---, ---, ---, ---, ---, ---, ---, ---, ---, ---, ---, ---, ---, ---, ---, ---, ---, ---, ---, ---, ---, ---, ---, ---, ---, ---, ---, ---, ---, ---, ---, ---, ---, ---, ---, ---, ---, ---, ---, ---, ---, ---, ---, ---, ---, ---, ---, ---, ---, 
[2021-10-16T00:43:41.908+0400][gc,stats      ]     S: JNI Handles Roots              5 us, workers (us): ---,   5, ---, ---, ---, ---, ---, ---, ---, ---, ---, ---, ---, ---, ---, ---, ---, ---, ---, ---, ---, ---, ---, ---, ---, ---, ---, ---, ---, ---, ---, ---, ---, ---, ---, ---, ---, ---, ---, ---, ---, ---, ---, ---, ---, ---, ---, ---, ---, ---, ---, ---, ---, ---, ---, ---, 
[2021-10-16T00:43:41.908+0400][gc,stats      ]     S: Synchronizer Roots             0 us, workers (us):   0, ---, ---, ---, ---, ---, ---, ---, ---, ---, ---, ---, ---, ---, ---, ---, ---, ---, ---, ---, ---, ---, ---, ---, ---, ---, ---, ---, ---, ---, ---, ---, ---, ---, ---, ---, ---, ---, ---, ---, ---, ---, ---, ---, ---, ---, ---, ---, ---, ---, ---, ---, ---, ---, ---, ---, 
[2021-10-16T00:43:41.908+0400][gc,stats      ]     S: Management Roots               2 us, workers (us):   2, ---, ---, ---, ---, ---, ---, ---, ---, ---, ---, ---, ---, ---, ---, ---, ---, ---, ---, ---, ---, ---, ---, ---, ---, ---, ---, ---, ---, ---, ---, ---, ---, ---, ---, ---, ---, ---, ---, ---, ---, ---, ---, ---, ---, ---, ---, ---, ---, ---, ---, ---, ---, ---, ---, ---, 
[2021-10-16T00:43:41.908+0400][gc,stats      ]     S: System Dict Roots             10 us, workers (us):  10, ---, ---, ---, ---, ---, ---, ---, ---, ---, ---, ---, ---, ---, ---, ---, ---, ---, ---, ---, ---, ---, ---, ---, ---, ---, ---, ---, ---, ---, ---, ---, ---, ---, ---, ---, ---, ---, ---, ---, ---, ---, ---, ---, ---, ---, ---, ---, ---, ---, ---, ---, ---, ---, ---, ---, 
[2021-10-16T00:43:41.908+0400][gc,stats      ]     S: CLDG Roots                153132 us, workers (us): 5514, 5513, 5515, 5507, 5500, 5499, 5482, 5482, 5481, 5483, 5434, 5435, 5419, 5419, 5538, 5418, 5811, 5417, 5414, 5415, 5416, 5411, 5412, 5559, 5412, ---, 5410, ---, 5409, 5409, ---, ---, ---, ---, ---, ---, ---, ---, ---, ---, ---, ---, ---, ---, ---, ---, ---, ---, ---, ---, ---, ---, ---, ---, ---, ---, 
[2021-10-16T00:43:41.908+0400][gc,stats      ]     S: JVMTI Roots                    1 us, workers (us): ---,   1, ---, ---, ---, ---, ---, ---, ---, ---, ---, ---, ---, ---, ---, ---, ---, ---, ---, ---, ---, ---, ---, ---, ---, ---, ---, ---, ---, ---, ---, ---, ---, ---, ---, ---, ---, ---, ---, ---, ---, ---, ---, ---, ---, ---, ---, ---, ---, ---, ---, ---, ---, ---, ---, ---, 
[2021-10-16T00:43:41.908+0400][gc,stats      ]   Resize TLABs                        5 us
[2021-10-16T00:43:41.908+0400][gc,stats      ] Concurrent Marking                15184 us
[2021-10-16T00:43:41.908+0400][gc,stats      ] Pause Final Mark (G)               1001 us
[2021-10-16T00:43:41.908+0400][gc,stats      ] Pause Final Mark (N)                856 us
[2021-10-16T00:43:41.908+0400][gc,stats      ]   Finish Queues                     497 us
[2021-10-16T00:43:41.908+0400][gc,stats      ]   System Purge                      122 us
[2021-10-16T00:43:41.908+0400][gc,stats      ]     Weak Roots                      121 us
[2021-10-16T00:43:41.908+0400][gc,stats      ]   Update Region States               99 us
[2021-10-16T00:43:41.909+0400][gc,stats      ]   Retire TLABs                       16 us
[2021-10-16T00:43:41.909+0400][gc,stats      ]   Choose Collection Set              86 us
[2021-10-16T00:43:41.909+0400][gc,stats      ]   Rebuild Free Set                   24 us
[2021-10-16T00:43:41.909+0400][gc,stats      ] Concurrent Cleanup                  429 us
[2021-10-16T00:43:41.909+0400][gc,stats      ] 
[2021-10-16T00:43:41.909+0400][gc,stats      ] Allocation pacing accrued:
[2021-10-16T00:43:41.909+0400][gc,stats      ]       0 of  1581 ms (  0.0%): <total>
[2021-10-16T00:43:41.909+0400][gc,stats      ]       0 of  1581 ms (  0.0%): <average total>
[2021-10-16T00:43:41.909+0400][gc,stats      ] 
[2021-10-16T00:43:41.909+0400][gc,metaspace  ] Metaspace: 93330K->93330K(1142784K)
[2021-10-16T00:43:41.909+0400][gc,ergo       ] Pacer for Idle. Initial: 204M, Alloc Tax Rate: 1.0x
[2021-10-16T00:43:43.471+0400][gc            ] Trigger: Free (1017M) is below minimum threshold (1023M)
[2021-10-16T00:43:43.471+0400][gc,ergo       ] Free: 1017M, Max: 4096K regular, 1008M humongous, Frag: 0% external, 1% internal; Reserve: 512M, Max: 4096K
[2021-10-16T00:43:43.471+0400][gc,start      ] GC(48) Concurrent reset
[2021-10-16T00:43:43.471+0400][gc,task       ] GC(48) Using 28 of 56 workers for concurrent reset
[2021-10-16T00:43:43.471+0400][gc,ergo       ] GC(48) Pacer for Reset. Non-Taxable: 10240M
[2021-10-16T00:43:43.472+0400][gc            ] GC(48) Concurrent reset 0.671ms
[2021-10-16T00:43:43.472+0400][gc,start      ] GC(48) Pause Init Mark
[2021-10-16T00:43:43.472+0400][gc,task       ] GC(48) Using 56 of 56 workers for init marking
[2021-10-16T00:43:43.479+0400][gc,ergo       ] GC(48) Pacer for Mark. Expected Live: 102M, Free: 1013M, Non-Taxable: 101M, Alloc Tax Rate: 0.1x
[2021-10-16T00:43:43.479+0400][gc            ] GC(48) Pause Init Mark 6.277ms
[2021-10-16T00:43:43.479+0400][gc,start      ] GC(48) Concurrent marking
[2021-10-16T00:43:43.479+0400][gc,task       ] GC(48) Using 28 of 56 workers for concurrent marking
[2021-10-16T00:43:43.495+0400][gc            ] GC(48) Concurrent marking 16.325ms
[2021-10-16T00:43:43.495+0400][gc,start      ] GC(48) Pause Final Mark
[2021-10-16T00:43:43.495+0400][gc,task       ] GC(48) Using 56 of 56 workers for final marking
[2021-10-16T00:43:43.496+0400][gc,ergo       ] GC(48) Collectable Garbage: 8052M (93%), Immediate: 8052M (93%), CSet: 0B (0%)
[2021-10-16T00:43:43.496+0400][gc            ] GC(48) Pause Final Mark 0.707ms
[2021-10-16T00:43:43.496+0400][gc,start      ] GC(48) Concurrent cleanup
[2021-10-16T00:43:43.496+0400][gc            ] GC(48) Concurrent cleanup 8818M->806M(10240M) 0.290ms
[2021-10-16T00:43:43.496+0400][gc,ergo       ] GC(48) Free: 8921M, Max: 4096K regular, 3132M humongous, Frag: 65% external, 0% internal; Reserve: 512M, Max: 4096K
[2021-10-16T00:43:43.496+0400][gc,ergo       ] Free: 8921M, Max: 4096K regular, 3132M humongous, Frag: 65% external, 0% internal; Reserve: 512M, Max: 4096K
[2021-10-16T00:43:43.496+0400][gc,stats      ] 
[2021-10-16T00:43:43.496+0400][gc,stats      ] All times are wall-clock times, except per-root-class counters, that are sum over
[2021-10-16T00:43:43.496+0400][gc,stats      ] all workers. Dividing the <total> over the root stage time estimates parallelism.
[2021-10-16T00:43:43.496+0400][gc,stats      ] 
[2021-10-16T00:43:43.496+0400][gc,stats      ] Concurrent Reset                    651 us
[2021-10-16T00:43:43.496+0400][gc,stats      ] Pause Init Mark (G)                6636 us
[2021-10-16T00:43:43.496+0400][gc,stats      ] Pause Init Mark (N)                6225 us
[2021-10-16T00:43:43.496+0400][gc,stats      ]   Accumulate Stats                    6 us
[2021-10-16T00:43:43.496+0400][gc,stats      ]   Make Parsable                      21 us
[2021-10-16T00:43:43.496+0400][gc,stats      ]   Update Region States              163 us
[2021-10-16T00:43:43.496+0400][gc,stats      ]   Scan Roots                       5962 us, parallelism: 21.63x
[2021-10-16T00:43:43.496+0400][gc,stats      ]     S: <total>                   128989 us
[2021-10-16T00:43:43.496+0400][gc,stats      ]     S: Thread Roots                 741 us, workers (us):   1,   1,   3,   1,   2,   2,   2,   1,   0,   2,   2,   3,   2,   1,   2,   3,   2,   2,   2,   2,   2,   3,   2,   3,   2,   3,   3,   1,  45,  27,  21,  21,  57,  58,  57,  58,  56,  56,  55,  55,  54,  54,   5,   0,   1,   0,   0,   0,   0,   1,   0,   0,   0,   1,   0,   1, 
[2021-10-16T00:43:43.496+0400][gc,stats      ]     S: Universe Roots                 2 us, workers (us):   2, ---, ---, ---, ---, ---, ---, ---, ---, ---, ---, ---, ---, ---, ---, ---, ---, ---, ---, ---, ---, ---, ---, ---, ---, ---, ---, ---, ---, ---, ---, ---, ---, ---, ---, ---, ---, ---, ---, ---, ---, ---, ---, ---, ---, ---, ---, ---, ---, ---, ---, ---, ---, ---, ---, ---, 
[2021-10-16T00:43:43.496+0400][gc,stats      ]     S: JNI Handles Roots              2 us, workers (us):   2, ---, ---, ---, ---, ---, ---, ---, ---, ---, ---, ---, ---, ---, ---, ---, ---, ---, ---, ---, ---, ---, ---, ---, ---, ---, ---, ---, ---, ---, ---, ---, ---, ---, ---, ---, ---, ---, ---, ---, ---, ---, ---, ---, ---, ---, ---, ---, ---, ---, ---, ---, ---, ---, ---, ---, 
[2021-10-16T00:43:43.496+0400][gc,stats      ]     S: Synchronizer Roots             0 us, workers (us):   0, ---, ---, ---, ---, ---, ---, ---, ---, ---, ---, ---, ---, ---, ---, ---, ---, ---, ---, ---, ---, ---, ---, ---, ---, ---, ---, ---, ---, ---, ---, ---, ---, ---, ---, ---, ---, ---, ---, ---, ---, ---, ---, ---, ---, ---, ---, ---, ---, ---, ---, ---, ---, ---, ---, ---, 
[2021-10-16T00:43:43.496+0400][gc,stats      ]     S: Management Roots               1 us, workers (us):   1, ---, ---, ---, ---, ---, ---, ---, ---, ---, ---, ---, ---, ---, ---, ---, ---, ---, ---, ---, ---, ---, ---, ---, ---, ---, ---, ---, ---, ---, ---, ---, ---, ---, ---, ---, ---, ---, ---, ---, ---, ---, ---, ---, ---, ---, ---, ---, ---, ---, ---, ---, ---, ---, ---, ---, 
[2021-10-16T00:43:43.496+0400][gc,stats      ]     S: System Dict Roots              4 us, workers (us):   4, ---, ---, ---, ---, ---, ---, ---, ---, ---, ---, ---, ---, ---, ---, ---, ---, ---, ---, ---, ---, ---, ---, ---, ---, ---, ---, ---, ---, ---, ---, ---, ---, ---, ---, ---, ---, ---, ---, ---, ---, ---, ---, ---, ---, ---, ---, ---, ---, ---, ---, ---, ---, ---, ---, ---, 
[2021-10-16T00:43:43.497+0400][gc,stats      ]     S: CLDG Roots                128238 us, workers (us): 4666, 4660, 4645, 4751, 4625, 4591, 4581, 4577, 4633, 4562, 4561, 4561, 4562, 4561, 4558, 4559, 4558, 4558, 4558, 4557, 4558, 4558, 4558, 4548, 4537, 4533, 4505, 4557, ---, ---, ---, ---, ---, ---, ---, ---, ---, ---, ---, ---, ---, ---, ---, ---, ---, ---, ---, ---, ---, ---, ---, ---, ---, ---, ---, ---, 
[2021-10-16T00:43:43.497+0400][gc,stats      ]     S: JVMTI Roots                    1 us, workers (us):   1, ---, ---, ---, ---, ---, ---, ---, ---, ---, ---, ---, ---, ---, ---, ---, ---, ---, ---, ---, ---, ---, ---, ---, ---, ---, ---, ---, ---, ---, ---, ---, ---, ---, ---, ---, ---, ---, ---, ---, ---, ---, ---, ---, ---, ---, ---, ---, ---, ---, ---, ---, ---, ---, ---, ---, 
[2021-10-16T00:43:43.497+0400][gc,stats      ]   Resize TLABs                        5 us
[2021-10-16T00:43:43.497+0400][gc,stats      ] Concurrent Marking                16265 us
[2021-10-16T00:43:43.497+0400][gc,stats      ] Pause Final Mark (G)                800 us
[2021-10-16T00:43:43.497+0400][gc,stats      ] Pause Final Mark (N)                689 us
[2021-10-16T00:43:43.497+0400][gc,stats      ]   Finish Queues                     412 us
[2021-10-16T00:43:43.497+0400][gc,stats      ]   System Purge                      110 us
[2021-10-16T00:43:43.497+0400][gc,stats      ]     Weak Roots                      109 us
[2021-10-16T00:43:43.497+0400][gc,stats      ]   Update Region States               79 us
[2021-10-16T00:43:43.497+0400][gc,stats      ]   Retire TLABs                       13 us
[2021-10-16T00:43:43.497+0400][gc,stats      ]   Choose Collection Set              57 us
[2021-10-16T00:43:43.497+0400][gc,stats      ]   Rebuild Free Set                   12 us
[2021-10-16T00:43:43.497+0400][gc,stats      ] Concurrent Cleanup                  279 us
[2021-10-16T00:43:43.497+0400][gc,stats      ] 
[2021-10-16T00:43:43.497+0400][gc,stats      ] Allocation pacing accrued:
[2021-10-16T00:43:43.497+0400][gc,stats      ]       0 of  1588 ms (  0.0%): <total>
[2021-10-16T00:43:43.497+0400][gc,stats      ]       0 of  1588 ms (  0.0%): <average total>
[2021-10-16T00:43:43.497+0400][gc,stats      ] 
[2021-10-16T00:43:43.497+0400][gc,metaspace  ] Metaspace: 93333K->93333K(1142784K)
[2021-10-16T00:43:43.497+0400][gc,ergo       ] Pacer for Idle. Initial: 204M, Alloc Tax Rate: 1.0x
[2021-10-16T00:43:45.080+0400][gc            ] Trigger: Free (1021M) is below minimum threshold (1023M)
[2021-10-16T00:43:45.080+0400][gc,ergo       ] Free: 1021M, Max: 4096K regular, 900M humongous, Frag: 12% external, 1% internal; Reserve: 512M, Max: 4096K
[2021-10-16T00:43:45.080+0400][gc,start      ] GC(49) Concurrent reset
[2021-10-16T00:43:45.080+0400][gc,task       ] GC(49) Using 28 of 56 workers for concurrent reset
[2021-10-16T00:43:45.080+0400][gc,ergo       ] GC(49) Pacer for Reset. Non-Taxable: 10240M
[2021-10-16T00:43:45.080+0400][gc            ] GC(49) Concurrent reset 0.677ms
[2021-10-16T00:43:45.081+0400][gc,start      ] GC(49) Pause Init Mark
[2021-10-16T00:43:45.081+0400][gc,task       ] GC(49) Using 56 of 56 workers for init marking
[2021-10-16T00:43:45.087+0400][gc,ergo       ] GC(49) Pacer for Mark. Expected Live: 102M, Free: 1009M, Non-Taxable: 100M, Alloc Tax Rate: 0.1x
[2021-10-16T00:43:45.087+0400][gc            ] GC(49) Pause Init Mark 6.710ms
[2021-10-16T00:43:45.087+0400][gc,start      ] GC(49) Concurrent marking
[2021-10-16T00:43:45.087+0400][gc,task       ] GC(49) Using 28 of 56 workers for concurrent marking
[2021-10-16T00:43:45.104+0400][gc            ] GC(49) Concurrent marking 16.591ms
[2021-10-16T00:43:45.104+0400][gc,start      ] GC(49) Pause Final Mark
[2021-10-16T00:43:45.104+0400][gc,task       ] GC(49) Using 56 of 56 workers for final marking
[2021-10-16T00:43:45.105+0400][gc,ergo       ] GC(49) Collectable Garbage: 8016M (93%), Immediate: 8016M (93%), CSet: 0B (0%)
[2021-10-16T00:43:45.105+0400][gc            ] GC(49) Pause Final Mark 0.907ms
[2021-10-16T00:43:45.105+0400][gc,start      ] GC(49) Concurrent cleanup
[2021-10-16T00:43:45.106+0400][gc            ] GC(49) Concurrent cleanup 8802M->826M(10240M) 0.649ms
[2021-10-16T00:43:45.106+0400][gc,ergo       ] GC(49) Free: 8901M, Max: 4096K regular, 3264M humongous, Frag: 64% external, 0% internal; Reserve: 512M, Max: 4096K
[2021-10-16T00:43:45.106+0400][gc,ergo       ] Free: 8901M, Max: 4096K regular, 3264M humongous, Frag: 64% external, 0% internal; Reserve: 512M, Max: 4096K
[2021-10-16T00:43:45.106+0400][gc,stats      ] 
[2021-10-16T00:43:45.106+0400][gc,stats      ] All times are wall-clock times, except per-root-class counters, that are sum over
[2021-10-16T00:43:45.106+0400][gc,stats      ] all workers. Dividing the <total> over the root stage time estimates parallelism.
[2021-10-16T00:43:45.106+0400][gc,stats      ] 
[2021-10-16T00:43:45.106+0400][gc,stats      ] Concurrent Reset                    657 us
[2021-10-16T00:43:45.106+0400][gc,stats      ] Pause Init Mark (G)                6987 us
[2021-10-16T00:43:45.106+0400][gc,stats      ] Pause Init Mark (N)                6662 us
[2021-10-16T00:43:45.106+0400][gc,stats      ]   Accumulate Stats                    6 us
[2021-10-16T00:43:45.106+0400][gc,stats      ]   Make Parsable                      20 us
[2021-10-16T00:43:45.106+0400][gc,stats      ]   Update Region States              179 us
[2021-10-16T00:43:45.106+0400][gc,stats      ]   Scan Roots                       6377 us, parallelism: 21.02x
[2021-10-16T00:43:45.106+0400][gc,stats      ]     S: <total>                   134005 us
[2021-10-16T00:43:45.106+0400][gc,stats      ]     S: Thread Roots                 809 us, workers (us):   2,   2,   1,   1,   2,   3,   3,   2,   2,   1,   1,   1,   1,   1,   1,   1,   2,   2,   2,   3,   2,   2,   2,   3,   2,   2,  73,   2,   2,  67,  67,  67,  66,  67,  66,  70,  66,  66,  56,   2,   2,   2,   2,   2,   2,   2,   2,   2,   2,   2,   2,   0,   0,   0,   0,   0, 
[2021-10-16T00:43:45.106+0400][gc,stats      ]     S: Universe Roots                 4 us, workers (us):   4, ---, ---, ---, ---, ---, ---, ---, ---, ---, ---, ---, ---, ---, ---, ---, ---, ---, ---, ---, ---, ---, ---, ---, ---, ---, ---, ---, ---, ---, ---, ---, ---, ---, ---, ---, ---, ---, ---, ---, ---, ---, ---, ---, ---, ---, ---, ---, ---, ---, ---, ---, ---, ---, ---, ---, 
[2021-10-16T00:43:45.106+0400][gc,stats      ]     S: JNI Handles Roots              3 us, workers (us):   3, ---, ---, ---, ---, ---, ---, ---, ---, ---, ---, ---, ---, ---, ---, ---, ---, ---, ---, ---, ---, ---, ---, ---, ---, ---, ---, ---, ---, ---, ---, ---, ---, ---, ---, ---, ---, ---, ---, ---, ---, ---, ---, ---, ---, ---, ---, ---, ---, ---, ---, ---, ---, ---, ---, ---, 
[2021-10-16T00:43:45.106+0400][gc,stats      ]     S: Synchronizer Roots             1 us, workers (us):   1, ---, ---, ---, ---, ---, ---, ---, ---, ---, ---, ---, ---, ---, ---, ---, ---, ---, ---, ---, ---, ---, ---, ---, ---, ---, ---, ---, ---, ---, ---, ---, ---, ---, ---, ---, ---, ---, ---, ---, ---, ---, ---, ---, ---, ---, ---, ---, ---, ---, ---, ---, ---, ---, ---, ---, 
[2021-10-16T00:43:45.106+0400][gc,stats      ]     S: Management Roots               2 us, workers (us):   2, ---, ---, ---, ---, ---, ---, ---, ---, ---, ---, ---, ---, ---, ---, ---, ---, ---, ---, ---, ---, ---, ---, ---, ---, ---, ---, ---, ---, ---, ---, ---, ---, ---, ---, ---, ---, ---, ---, ---, ---, ---, ---, ---, ---, ---, ---, ---, ---, ---, ---, ---, ---, ---, ---, ---, 
[2021-10-16T00:43:45.106+0400][gc,stats      ]     S: System Dict Roots              8 us, workers (us):   8, ---, ---, ---, ---, ---, ---, ---, ---, ---, ---, ---, ---, ---, ---, ---, ---, ---, ---, ---, ---, ---, ---, ---, ---, ---, ---, ---, ---, ---, ---, ---, ---, ---, ---, ---, ---, ---, ---, ---, ---, ---, ---, ---, ---, ---, ---, ---, ---, ---, ---, ---, ---, ---, ---, ---, 
[2021-10-16T00:43:45.106+0400][gc,stats      ]     S: CLDG Roots                133177 us, workers (us): 4798, 4798, 4933, 4791, 4780, 4775, 4774, 4766, 4754, 4727, 4725, 4726, 4726, 4726, 4716, 4712, 5068, 4811, 4709, 4708, 4708, 4709, 4708, 4706, 4707, 4707, ---, 4706, 4704, ---, ---, ---, ---, ---, ---, ---, ---, ---, ---, ---, ---, ---, ---, ---, ---, ---, ---, ---, ---, ---, ---, ---, ---, ---, ---, ---, 
[2021-10-16T00:43:45.106+0400][gc,stats      ]     S: JVMTI Roots                    1 us, workers (us):   1, ---, ---, ---, ---, ---, ---, ---, ---, ---, ---, ---, ---, ---, ---, ---, ---, ---, ---, ---, ---, ---, ---, ---, ---, ---, ---, ---, ---, ---, ---, ---, ---, ---, ---, ---, ---, ---, ---, ---, ---, ---, ---, ---, ---, ---, ---, ---, ---, ---, ---, ---, ---, ---, ---, ---, 
[2021-10-16T00:43:45.106+0400][gc,stats      ]   Resize TLABs                        4 us
[2021-10-16T00:43:45.106+0400][gc,stats      ] Concurrent Marking                16539 us
[2021-10-16T00:43:45.106+0400][gc,stats      ] Pause Final Mark (G)               1104 us
[2021-10-16T00:43:45.106+0400][gc,stats      ] Pause Final Mark (N)                882 us
[2021-10-16T00:43:45.106+0400][gc,stats      ]   Finish Queues                     510 us
[2021-10-16T00:43:45.106+0400][gc,stats      ]   System Purge                      158 us
[2021-10-16T00:43:45.106+0400][gc,stats      ]     Weak Roots                      158 us
[2021-10-16T00:43:45.106+0400][gc,stats      ]   Update Region States              112 us
[2021-10-16T00:43:45.106+0400][gc,stats      ]   Retire TLABs                       13 us
[2021-10-16T00:43:45.106+0400][gc,stats      ]   Choose Collection Set              63 us
[2021-10-16T00:43:45.106+0400][gc,stats      ]   Rebuild Free Set                   16 us
[2021-10-16T00:43:45.106+0400][gc,stats      ] Concurrent Cleanup                  621 us
[2021-10-16T00:43:45.107+0400][gc,stats      ] 
[2021-10-16T00:43:45.107+0400][gc,stats      ] Allocation pacing accrued:
[2021-10-16T00:43:45.107+0400][gc,stats      ]       0 of  1610 ms (  0.0%): <total>
[2021-10-16T00:43:45.107+0400][gc,stats      ]       0 of  1610 ms (  0.0%): <average total>
[2021-10-16T00:43:45.107+0400][gc,stats      ] 
[2021-10-16T00:43:45.107+0400][gc,metaspace  ] Metaspace: 93344K->93344K(1142784K)
[2021-10-16T00:43:45.107+0400][gc,ergo       ] Pacer for Idle. Initial: 204M, Alloc Tax Rate: 1.0x
[2021-10-16T00:43:46.669+0400][gc            ] Trigger: Free (1021M) is below minimum threshold (1023M)
[2021-10-16T00:43:46.670+0400][gc,ergo       ] Free: 1021M, Max: 4096K regular, 1012M humongous, Frag: 0% external, 1% internal; Reserve: 512M, Max: 4096K
[2021-10-16T00:43:46.670+0400][gc,start      ] GC(50) Concurrent reset
[2021-10-16T00:43:46.670+0400][gc,task       ] GC(50) Using 28 of 56 workers for concurrent reset
[2021-10-16T00:43:46.670+0400][gc,ergo       ] GC(50) Pacer for Reset. Non-Taxable: 10240M
[2021-10-16T00:43:46.670+0400][gc            ] GC(50) Concurrent reset 0.654ms
[2021-10-16T00:43:46.671+0400][gc,start      ] GC(50) Pause Init Mark (process weakrefs)
[2021-10-16T00:43:46.671+0400][gc,task       ] GC(50) Using 56 of 56 workers for init marking
[2021-10-16T00:43:46.677+0400][gc,ergo       ] GC(50) Pacer for Mark. Expected Live: 102M, Free: 1013M, Non-Taxable: 101M, Alloc Tax Rate: 0.1x
[2021-10-16T00:43:46.677+0400][gc            ] GC(50) Pause Init Mark (process weakrefs) 6.774ms
[2021-10-16T00:43:46.677+0400][gc,start      ] GC(50) Concurrent marking (process weakrefs)
[2021-10-16T00:43:46.677+0400][gc,task       ] GC(50) Using 28 of 56 workers for concurrent marking
[2021-10-16T00:43:46.698+0400][gc            ] GC(50) Concurrent marking (process weakrefs) 20.509ms
[2021-10-16T00:43:46.698+0400][gc,start      ] GC(50) Concurrent precleaning
[2021-10-16T00:43:46.698+0400][gc,task       ] GC(50) Using 1 of 56 workers for concurrent preclean
[2021-10-16T00:43:46.698+0400][gc,ergo       ] GC(50) Pacer for Precleaning. Non-Taxable: 10240M
[2021-10-16T00:43:46.699+0400][gc            ] GC(50) Concurrent precleaning 0.973ms
[2021-10-16T00:43:46.699+0400][gc,start      ] GC(50) Pause Final Mark (process weakrefs)
[2021-10-16T00:43:46.699+0400][gc,task       ] GC(50) Using 56 of 56 workers for final marking
[2021-10-16T00:43:46.700+0400][gc,ergo       ] GC(50) Collectable Garbage: 8008M (92%), Immediate: 8008M (92%), CSet: 0B (0%)
[2021-10-16T00:43:46.700+0400][gc            ] GC(50) Pause Final Mark (process weakrefs) 1.221ms
[2021-10-16T00:43:46.700+0400][gc,start      ] GC(50) Concurrent cleanup
[2021-10-16T00:43:46.701+0400][gc            ] GC(50) Concurrent cleanup 8810M->842M(10240M) 0.216ms
[2021-10-16T00:43:46.701+0400][gc,ergo       ] GC(50) Free: 8885M, Max: 4096K regular, 3264M humongous, Frag: 64% external, 0% internal; Reserve: 512M, Max: 4096K
[2021-10-16T00:43:46.701+0400][gc,ergo       ] Free: 8885M, Max: 4096K regular, 3264M humongous, Frag: 64% external, 0% internal; Reserve: 512M, Max: 4096K
[2021-10-16T00:43:46.701+0400][gc,stats      ] 
[2021-10-16T00:43:46.701+0400][gc,stats      ] All times are wall-clock times, except per-root-class counters, that are sum over
[2021-10-16T00:43:46.701+0400][gc,stats      ] all workers. Dividing the <total> over the root stage time estimates parallelism.
[2021-10-16T00:43:46.701+0400][gc,stats      ] 
[2021-10-16T00:43:46.701+0400][gc,stats      ] Concurrent Reset                    634 us
[2021-10-16T00:43:46.701+0400][gc,stats      ] Pause Init Mark (G)                7114 us
[2021-10-16T00:43:46.701+0400][gc,stats      ] Pause Init Mark (N)                6726 us
[2021-10-16T00:43:46.701+0400][gc,stats      ]   Accumulate Stats                    6 us
[2021-10-16T00:43:46.701+0400][gc,stats      ]   Make Parsable                      21 us
[2021-10-16T00:43:46.701+0400][gc,stats      ]   Update Region States              163 us
[2021-10-16T00:43:46.701+0400][gc,stats      ]   Scan Roots                       6466 us, parallelism: 22.06x
[2021-10-16T00:43:46.701+0400][gc,stats      ]     S: <total>                   142647 us
[2021-10-16T00:43:46.701+0400][gc,stats      ]     S: Thread Roots                 717 us, workers (us):   1,   2,   2,   1,   2,   2,   1,   1,   2,   1,   1,   2,   3,   3,   3,   2,   3,   2,   3,   3,   1,   2,   3,   3,   3,   3,   2,   2,  65,  75,  65,  50,  64,  64,  64,  64,  41,  53,  47,   2,   1,   0,   0,   0,   0,   0,   0,   0,   0,   0,   0,   0,   2,   0,   0,   1, 
[2021-10-16T00:43:46.701+0400][gc,stats      ]     S: Universe Roots                 2 us, workers (us):   2, ---, ---, ---, ---, ---, ---, ---, ---, ---, ---, ---, ---, ---, ---, ---, ---, ---, ---, ---, ---, ---, ---, ---, ---, ---, ---, ---, ---, ---, ---, ---, ---, ---, ---, ---, ---, ---, ---, ---, ---, ---, ---, ---, ---, ---, ---, ---, ---, ---, ---, ---, ---, ---, ---, ---, 
[2021-10-16T00:43:46.701+0400][gc,stats      ]     S: JNI Handles Roots              1 us, workers (us):   1, ---, ---, ---, ---, ---, ---, ---, ---, ---, ---, ---, ---, ---, ---, ---, ---, ---, ---, ---, ---, ---, ---, ---, ---, ---, ---, ---, ---, ---, ---, ---, ---, ---, ---, ---, ---, ---, ---, ---, ---, ---, ---, ---, ---, ---, ---, ---, ---, ---, ---, ---, ---, ---, ---, ---, 
[2021-10-16T00:43:46.701+0400][gc,stats      ]     S: Synchronizer Roots             0 us, workers (us):   0, ---, ---, ---, ---, ---, ---, ---, ---, ---, ---, ---, ---, ---, ---, ---, ---, ---, ---, ---, ---, ---, ---, ---, ---, ---, ---, ---, ---, ---, ---, ---, ---, ---, ---, ---, ---, ---, ---, ---, ---, ---, ---, ---, ---, ---, ---, ---, ---, ---, ---, ---, ---, ---, ---, ---, 
[2021-10-16T00:43:46.701+0400][gc,stats      ]     S: Management Roots               1 us, workers (us):   1, ---, ---, ---, ---, ---, ---, ---, ---, ---, ---, ---, ---, ---, ---, ---, ---, ---, ---, ---, ---, ---, ---, ---, ---, ---, ---, ---, ---, ---, ---, ---, ---, ---, ---, ---, ---, ---, ---, ---, ---, ---, ---, ---, ---, ---, ---, ---, ---, ---, ---, ---, ---, ---, ---, ---, 
[2021-10-16T00:43:46.701+0400][gc,stats      ]     S: System Dict Roots              3 us, workers (us):   3, ---, ---, ---, ---, ---, ---, ---, ---, ---, ---, ---, ---, ---, ---, ---, ---, ---, ---, ---, ---, ---, ---, ---, ---, ---, ---, ---, ---, ---, ---, ---, ---, ---, ---, ---, ---, ---, ---, ---, ---, ---, ---, ---, ---, ---, ---, ---, ---, ---, ---, ---, ---, ---, ---, ---, 
[2021-10-16T00:43:46.701+0400][gc,stats      ]     S: CLDG Roots                141923 us, workers (us): 5224, 5276, 5148, 5120, 5103, 5099, 5083, 5080, 5079, 5080, 5070, 5064, 5064, 5064, 5063, 5062, 5063, 5062, 5058, 5036, 5053, 4997, 4996, 4996, 4996, 4996, 4995, 4995, ---, ---, ---, ---, ---, ---, ---, ---, ---, ---, ---, ---, ---, ---, ---, ---, ---, ---, ---, ---, ---, ---, ---, ---, ---, ---, ---, ---, 
[2021-10-16T00:43:46.701+0400][gc,stats      ]     S: JVMTI Roots                    0 us, workers (us):   0, ---, ---, ---, ---, ---, ---, ---, ---, ---, ---, ---, ---, ---, ---, ---, ---, ---, ---, ---, ---, ---, ---, ---, ---, ---, ---, ---, ---, ---, ---, ---, ---, ---, ---, ---, ---, ---, ---, ---, ---, ---, ---, ---, ---, ---, ---, ---, ---, ---, ---, ---, ---, ---, ---, ---, 
[2021-10-16T00:43:46.701+0400][gc,stats      ]   Resize TLABs                        4 us
[2021-10-16T00:43:46.701+0400][gc,stats      ] Concurrent Marking                20442 us
[2021-10-16T00:43:46.701+0400][gc,stats      ] Concurrent Precleaning              967 us
[2021-10-16T00:43:46.701+0400][gc,stats      ] Pause Final Mark (G)               1494 us
[2021-10-16T00:43:46.701+0400][gc,stats      ] Pause Final Mark (N)               1179 us
[2021-10-16T00:43:46.701+0400][gc,stats      ]   Finish Queues                     643 us
[2021-10-16T00:43:46.701+0400][gc,stats      ]   Weak References                    50 us
[2021-10-16T00:43:46.701+0400][gc,stats      ]     Process                          42 us
[2021-10-16T00:43:46.701+0400][gc,stats      ]   System Purge                      162 us
[2021-10-16T00:43:46.701+0400][gc,stats      ]     Weak Roots                      161 us
[2021-10-16T00:43:46.701+0400][gc,stats      ]   Update Region States              123 us
[2021-10-16T00:43:46.701+0400][gc,stats      ]   Retire TLABs                       19 us
[2021-10-16T00:43:46.701+0400][gc,stats      ]   Choose Collection Set             122 us
[2021-10-16T00:43:46.701+0400][gc,stats      ]   Rebuild Free Set                   41 us
[2021-10-16T00:43:46.701+0400][gc,stats      ] Concurrent Cleanup                  208 us
[2021-10-16T00:43:46.701+0400][gc,stats      ] 
[2021-10-16T00:43:46.701+0400][gc,stats      ] Allocation pacing accrued:
[2021-10-16T00:43:46.701+0400][gc,stats      ]       0 of  1594 ms (  0.0%): <total>
[2021-10-16T00:43:46.701+0400][gc,stats      ]       0 of  1594 ms (  0.0%): <average total>
[2021-10-16T00:43:46.701+0400][gc,stats      ] 
[2021-10-16T00:43:46.701+0400][gc,metaspace  ] Metaspace: 93345K->93345K(1142784K)
[2021-10-16T00:43:46.701+0400][gc,ergo       ] Pacer for Idle. Initial: 204M, Alloc Tax Rate: 1.0x
[2021-10-16T00:43:48.259+0400][gc            ] Trigger: Free (1013M) is below minimum threshold (1023M)
[2021-10-16T00:43:48.259+0400][gc,ergo       ] Free: 1013M, Max: 4096K regular, 908M humongous, Frag: 10% external, 1% internal; Reserve: 512M, Max: 4096K
[2021-10-16T00:43:48.260+0400][gc,start      ] GC(51) Concurrent reset
[2021-10-16T00:43:48.260+0400][gc,task       ] GC(51) Using 28 of 56 workers for concurrent reset
[2021-10-16T00:43:48.260+0400][gc,ergo       ] GC(51) Pacer for Reset. Non-Taxable: 10240M
[2021-10-16T00:43:48.260+0400][gc            ] GC(51) Concurrent reset 0.662ms
[2021-10-16T00:43:48.260+0400][gc,start      ] GC(51) Pause Init Mark
[2021-10-16T00:43:48.261+0400][gc,task       ] GC(51) Using 56 of 56 workers for init marking
[2021-10-16T00:43:48.266+0400][gc,ergo       ] GC(51) Pacer for Mark. Expected Live: 102M, Free: 1005M, Non-Taxable: 100M, Alloc Tax Rate: 0.1x
[2021-10-16T00:43:48.266+0400][gc            ] GC(51) Pause Init Mark 5.658ms
[2021-10-16T00:43:48.266+0400][gc,start      ] GC(51) Concurrent marking
[2021-10-16T00:43:48.266+0400][gc,task       ] GC(51) Using 28 of 56 workers for concurrent marking
[2021-10-16T00:43:48.285+0400][gc            ] GC(51) Concurrent marking 18.593ms
[2021-10-16T00:43:48.285+0400][gc,start      ] GC(51) Pause Final Mark
[2021-10-16T00:43:48.285+0400][gc,task       ] GC(51) Using 56 of 56 workers for final marking
[2021-10-16T00:43:48.286+0400][gc,ergo       ] GC(51) Collectable Garbage: 8016M (92%), Immediate: 8016M (92%), CSet: 0B (0%)
[2021-10-16T00:43:48.286+0400][gc            ] GC(51) Pause Final Mark 0.727ms
[2021-10-16T00:43:48.286+0400][gc,start      ] GC(51) Concurrent cleanup
[2021-10-16T00:43:48.286+0400][gc            ] GC(51) Concurrent cleanup 8834M->858M(10240M) 0.301ms
[2021-10-16T00:43:48.286+0400][gc,ergo       ] GC(51) Free: 8869M, Max: 4096K regular, 3264M humongous, Frag: 64% external, 0% internal; Reserve: 512M, Max: 4096K
[2021-10-16T00:43:48.286+0400][gc,ergo       ] Free: 8869M, Max: 4096K regular, 3264M humongous, Frag: 64% external, 0% internal; Reserve: 512M, Max: 4096K
[2021-10-16T00:43:48.286+0400][gc,stats      ] 
[2021-10-16T00:43:48.286+0400][gc,stats      ] All times are wall-clock times, except per-root-class counters, that are sum over
[2021-10-16T00:43:48.286+0400][gc,stats      ] all workers. Dividing the <total> over the root stage time estimates parallelism.
[2021-10-16T00:43:48.286+0400][gc,stats      ] 
[2021-10-16T00:43:48.286+0400][gc,stats      ] Concurrent Reset                    643 us
[2021-10-16T00:43:48.286+0400][gc,stats      ] Pause Init Mark (G)                6009 us
[2021-10-16T00:43:48.286+0400][gc,stats      ] Pause Init Mark (N)                5594 us
[2021-10-16T00:43:48.286+0400][gc,stats      ]   Accumulate Stats                    6 us
[2021-10-16T00:43:48.286+0400][gc,stats      ]   Make Parsable                      20 us
[2021-10-16T00:43:48.286+0400][gc,stats      ]   Update Region States              150 us
[2021-10-16T00:43:48.286+0400][gc,stats      ]   Scan Roots                       5349 us, parallelism: 20.84x
[2021-10-16T00:43:48.286+0400][gc,stats      ]     S: <total>                   111487 us
[2021-10-16T00:43:48.286+0400][gc,stats      ]     S: Thread Roots                 826 us, workers (us):   3,   1,   1,   1,   1,   1,   2,   2,   3,   2,   2,   2,   3,   2,   3,   3,   2,   3,   2,   1,   3,   2,   3,   3,   1,   1,   1,   2,  22,  47,  26,  27,  14,  13,  61,   5,  67,  60,  59,  59,  58,  58,  58,  58,   2,   9,   2,  58,   2,   2,   2,   2,   0,   0,   0,   0, 
[2021-10-16T00:43:48.286+0400][gc,stats      ]     S: Universe Roots                 4 us, workers (us):   4, ---, ---, ---, ---, ---, ---, ---, ---, ---, ---, ---, ---, ---, ---, ---, ---, ---, ---, ---, ---, ---, ---, ---, ---, ---, ---, ---, ---, ---, ---, ---, ---, ---, ---, ---, ---, ---, ---, ---, ---, ---, ---, ---, ---, ---, ---, ---, ---, ---, ---, ---, ---, ---, ---, ---, 
[2021-10-16T00:43:48.286+0400][gc,stats      ]     S: JNI Handles Roots              2 us, workers (us): ---,   2, ---, ---, ---, ---, ---, ---, ---, ---, ---, ---, ---, ---, ---, ---, ---, ---, ---, ---, ---, ---, ---, ---, ---, ---, ---, ---, ---, ---, ---, ---, ---, ---, ---, ---, ---, ---, ---, ---, ---, ---, ---, ---, ---, ---, ---, ---, ---, ---, ---, ---, ---, ---, ---, ---, 
[2021-10-16T00:43:48.286+0400][gc,stats      ]     S: Synchronizer Roots             0 us, workers (us):   0, ---, ---, ---, ---, ---, ---, ---, ---, ---, ---, ---, ---, ---, ---, ---, ---, ---, ---, ---, ---, ---, ---, ---, ---, ---, ---, ---, ---, ---, ---, ---, ---, ---, ---, ---, ---, ---, ---, ---, ---, ---, ---, ---, ---, ---, ---, ---, ---, ---, ---, ---, ---, ---, ---, ---, 
[2021-10-16T00:43:48.286+0400][gc,stats      ]     S: Management Roots               2 us, workers (us):   2, ---, ---, ---, ---, ---, ---, ---, ---, ---, ---, ---, ---, ---, ---, ---, ---, ---, ---, ---, ---, ---, ---, ---, ---, ---, ---, ---, ---, ---, ---, ---, ---, ---, ---, ---, ---, ---, ---, ---, ---, ---, ---, ---, ---, ---, ---, ---, ---, ---, ---, ---, ---, ---, ---, ---, 
[2021-10-16T00:43:48.286+0400][gc,stats      ]     S: System Dict Roots              8 us, workers (us):   8, ---, ---, ---, ---, ---, ---, ---, ---, ---, ---, ---, ---, ---, ---, ---, ---, ---, ---, ---, ---, ---, ---, ---, ---, ---, ---, ---, ---, ---, ---, ---, ---, ---, ---, ---, ---, ---, ---, ---, ---, ---, ---, ---, ---, ---, ---, ---, ---, ---, ---, ---, ---, ---, ---, ---, 
[2021-10-16T00:43:48.286+0400][gc,stats      ]     S: CLDG Roots                110643 us, workers (us): 4018, 4017, 4107, 4018, 4016, 4063, 3992, 3988, 3972, 3941, 3926, 3927, 3925, 3925, 3925, 3924, 3925, 3922, 3923, 4055, 3923, 3922, 3921, 3921, 3910, 3852, 3852, 3836, ---, ---, ---, ---, ---, ---, ---, ---, ---, ---, ---, ---, ---, ---, ---, ---, ---, ---, ---, ---, ---, ---, ---, ---, ---, ---, ---, ---, 
[2021-10-16T00:43:48.286+0400][gc,stats      ]     S: JVMTI Roots                    1 us, workers (us): ---, ---,   1, ---, ---, ---, ---, ---, ---, ---, ---, ---, ---, ---, ---, ---, ---, ---, ---, ---, ---, ---, ---, ---, ---, ---, ---, ---, ---, ---, ---, ---, ---, ---, ---, ---, ---, ---, ---, ---, ---, ---, ---, ---, ---, ---, ---, ---, ---, ---, ---, ---, ---, ---, ---, ---, 
[2021-10-16T00:43:48.286+0400][gc,stats      ]   Resize TLABs                        4 us
[2021-10-16T00:43:48.286+0400][gc,stats      ] Concurrent Marking                18545 us
[2021-10-16T00:43:48.286+0400][gc,stats      ] Pause Final Mark (G)                806 us
[2021-10-16T00:43:48.286+0400][gc,stats      ] Pause Final Mark (N)                707 us
[2021-10-16T00:43:48.286+0400][gc,stats      ]   Finish Queues                     410 us
[2021-10-16T00:43:48.286+0400][gc,stats      ]   System Purge                      131 us
[2021-10-16T00:43:48.286+0400][gc,stats      ]     Weak Roots                      130 us
[2021-10-16T00:43:48.286+0400][gc,stats      ]   Update Region States               85 us
[2021-10-16T00:43:48.286+0400][gc,stats      ]   Retire TLABs                       13 us
[2021-10-16T00:43:48.286+0400][gc,stats      ]   Choose Collection Set              50 us
[2021-10-16T00:43:48.286+0400][gc,stats      ]   Rebuild Free Set                   12 us
[2021-10-16T00:43:48.286+0400][gc,stats      ] Concurrent Cleanup                  290 us
[2021-10-16T00:43:48.286+0400][gc,stats      ] 
[2021-10-16T00:43:48.286+0400][gc,stats      ] Allocation pacing accrued:
[2021-10-16T00:43:48.286+0400][gc,stats      ]       0 of  1585 ms (  0.0%): <total>
[2021-10-16T00:43:48.286+0400][gc,stats      ]       0 of  1585 ms (  0.0%): <average total>
[2021-10-16T00:43:48.286+0400][gc,stats      ] 
[2021-10-16T00:43:48.286+0400][gc,metaspace  ] Metaspace: 93347K->93347K(1142784K)
[2021-10-16T00:43:48.286+0400][gc,ergo       ] Pacer for Idle. Initial: 204M, Alloc Tax Rate: 1.0x
[2021-10-16T00:43:49.833+0400][gc            ] Trigger: Free (1013M) is below minimum threshold (1023M)
[2021-10-16T00:43:49.833+0400][gc,ergo       ] Free: 1013M, Max: 4096K regular, 884M humongous, Frag: 12% external, 1% internal; Reserve: 512M, Max: 4096K
[2021-10-16T00:43:49.833+0400][gc,start      ] GC(52) Concurrent reset
[2021-10-16T00:43:49.833+0400][gc,task       ] GC(52) Using 28 of 56 workers for concurrent reset
[2021-10-16T00:43:49.833+0400][gc,ergo       ] GC(52) Pacer for Reset. Non-Taxable: 10240M
[2021-10-16T00:43:49.834+0400][gc            ] GC(52) Concurrent reset 0.710ms
[2021-10-16T00:43:49.834+0400][gc,start      ] GC(52) Pause Init Mark
[2021-10-16T00:43:49.834+0400][gc,task       ] GC(52) Using 56 of 56 workers for init marking
[2021-10-16T00:43:49.842+0400][gc,ergo       ] GC(52) Pacer for Mark. Expected Live: 102M, Free: 1009M, Non-Taxable: 100M, Alloc Tax Rate: 0.1x
[2021-10-16T00:43:49.842+0400][gc            ] GC(52) Pause Init Mark 7.388ms
[2021-10-16T00:43:49.842+0400][gc,start      ] GC(52) Concurrent marking
[2021-10-16T00:43:49.842+0400][gc,task       ] GC(52) Using 28 of 56 workers for concurrent marking
[2021-10-16T00:43:49.858+0400][gc            ] GC(52) Concurrent marking 16.122ms
[2021-10-16T00:43:49.858+0400][gc,start      ] GC(52) Pause Final Mark
[2021-10-16T00:43:49.858+0400][gc,task       ] GC(52) Using 56 of 56 workers for final marking
[2021-10-16T00:43:49.859+0400][gc,ergo       ] GC(52) Collectable Garbage: 8012M (92%), Immediate: 8012M (92%), CSet: 0B (0%)
[2021-10-16T00:43:49.859+0400][gc            ] GC(52) Pause Final Mark 0.681ms
[2021-10-16T00:43:49.859+0400][gc,start      ] GC(52) Concurrent cleanup
[2021-10-16T00:43:49.860+0400][gc            ] GC(52) Concurrent cleanup 8822M->850M(10240M) 0.637ms
[2021-10-16T00:43:49.860+0400][gc,ergo       ] GC(52) Free: 8877M, Max: 4096K regular, 3264M humongous, Frag: 64% external, 0% internal; Reserve: 512M, Max: 4096K
[2021-10-16T00:43:49.860+0400][gc,ergo       ] Free: 8877M, Max: 4096K regular, 3264M humongous, Frag: 64% external, 0% internal; Reserve: 512M, Max: 4096K
[2021-10-16T00:43:49.860+0400][gc,stats      ] 
[2021-10-16T00:43:49.860+0400][gc,stats      ] All times are wall-clock times, except per-root-class counters, that are sum over
[2021-10-16T00:43:49.860+0400][gc,stats      ] all workers. Dividing the <total> over the root stage time estimates parallelism.
[2021-10-16T00:43:49.860+0400][gc,stats      ] 
[2021-10-16T00:43:49.860+0400][gc,stats      ] Concurrent Reset                    691 us
[2021-10-16T00:43:49.860+0400][gc,stats      ] Pause Init Mark (G)                7695 us
[2021-10-16T00:43:49.860+0400][gc,stats      ] Pause Init Mark (N)                7339 us
[2021-10-16T00:43:49.860+0400][gc,stats      ]   Accumulate Stats                    6 us
[2021-10-16T00:43:49.860+0400][gc,stats      ]   Make Parsable                      19 us
[2021-10-16T00:43:49.860+0400][gc,stats      ]   Update Region States              148 us
[2021-10-16T00:43:49.860+0400][gc,stats      ]   Scan Roots                       7067 us, parallelism: 22.55x
[2021-10-16T00:43:49.860+0400][gc,stats      ]     S: <total>                   159362 us
[2021-10-16T00:43:49.860+0400][gc,stats      ]     S: Thread Roots                 781 us, workers (us):   1,   2,   2,   1,   1,   1,   2,   3,   3,   1,   2,   2,   1,   1,   1,   2,   2,   2,   3,   2,   2,   2,   2,   2,   2,   2,   2,   1,  51,  68,  72,  67,  74,  66,  55,  73,  25,  54,  50,  55,   2,   2,   0,   3,   3,   3,   0,   3,   2,   3,   0,   0,   0,   0,   0,   0, 
[2021-10-16T00:43:49.860+0400][gc,stats      ]     S: Universe Roots                 2 us, workers (us):   2, ---, ---, ---, ---, ---, ---, ---, ---, ---, ---, ---, ---, ---, ---, ---, ---, ---, ---, ---, ---, ---, ---, ---, ---, ---, ---, ---, ---, ---, ---, ---, ---, ---, ---, ---, ---, ---, ---, ---, ---, ---, ---, ---, ---, ---, ---, ---, ---, ---, ---, ---, ---, ---, ---, ---, 
[2021-10-16T00:43:49.860+0400][gc,stats      ]     S: JNI Handles Roots              2 us, workers (us):   2, ---, ---, ---, ---, ---, ---, ---, ---, ---, ---, ---, ---, ---, ---, ---, ---, ---, ---, ---, ---, ---, ---, ---, ---, ---, ---, ---, ---, ---, ---, ---, ---, ---, ---, ---, ---, ---, ---, ---, ---, ---, ---, ---, ---, ---, ---, ---, ---, ---, ---, ---, ---, ---, ---, ---, 
[2021-10-16T00:43:49.860+0400][gc,stats      ]     S: Synchronizer Roots             0 us, workers (us):   0, ---, ---, ---, ---, ---, ---, ---, ---, ---, ---, ---, ---, ---, ---, ---, ---, ---, ---, ---, ---, ---, ---, ---, ---, ---, ---, ---, ---, ---, ---, ---, ---, ---, ---, ---, ---, ---, ---, ---, ---, ---, ---, ---, ---, ---, ---, ---, ---, ---, ---, ---, ---, ---, ---, ---, 
[2021-10-16T00:43:49.860+0400][gc,stats      ]     S: Management Roots               1 us, workers (us):   1, ---, ---, ---, ---, ---, ---, ---, ---, ---, ---, ---, ---, ---, ---, ---, ---, ---, ---, ---, ---, ---, ---, ---, ---, ---, ---, ---, ---, ---, ---, ---, ---, ---, ---, ---, ---, ---, ---, ---, ---, ---, ---, ---, ---, ---, ---, ---, ---, ---, ---, ---, ---, ---, ---, ---, 
[2021-10-16T00:43:49.860+0400][gc,stats      ]     S: System Dict Roots              3 us, workers (us):   3, ---, ---, ---, ---, ---, ---, ---, ---, ---, ---, ---, ---, ---, ---, ---, ---, ---, ---, ---, ---, ---, ---, ---, ---, ---, ---, ---, ---, ---, ---, ---, ---, ---, ---, ---, ---, ---, ---, ---, ---, ---, ---, ---, ---, ---, ---, ---, ---, ---, ---, ---, ---, ---, ---, ---, 
[2021-10-16T00:43:49.860+0400][gc,stats      ]     S: CLDG Roots                158572 us, workers (us): 5852, 5748, 5835, 5699, 5697, 5684, 5679, 5679, 5679, 5676, 5671, 5663, 5641, 5633, 5633, 5619, 5618, 5617, 5616, 5617, 5616, 5616, 5612, 5610, 5612, 5612, 5613, 5725, ---, ---, ---, ---, ---, ---, ---, ---, ---, ---, ---, ---, ---, ---, ---, ---, ---, ---, ---, ---, ---, ---, ---, ---, ---, ---, ---, ---, 
[2021-10-16T00:43:49.860+0400][gc,stats      ]     S: JVMTI Roots                    0 us, workers (us):   0, ---, ---, ---, ---, ---, ---, ---, ---, ---, ---, ---, ---, ---, ---, ---, ---, ---, ---, ---, ---, ---, ---, ---, ---, ---, ---, ---, ---, ---, ---, ---, ---, ---, ---, ---, ---, ---, ---, ---, ---, ---, ---, ---, ---, ---, ---, ---, ---, ---, ---, ---, ---, ---, ---, ---, 
[2021-10-16T00:43:49.860+0400][gc,stats      ]   Resize TLABs                       16 us
[2021-10-16T00:43:49.860+0400][gc,stats      ] Concurrent Marking                16071 us
[2021-10-16T00:43:49.860+0400][gc,stats      ] Pause Final Mark (G)                815 us
[2021-10-16T00:43:49.860+0400][gc,stats      ] Pause Final Mark (N)                659 us
[2021-10-16T00:43:49.860+0400][gc,stats      ]   Finish Queues                     381 us
[2021-10-16T00:43:49.860+0400][gc,stats      ]   System Purge                      107 us
[2021-10-16T00:43:49.860+0400][gc,stats      ]     Weak Roots                      107 us
[2021-10-16T00:43:49.860+0400][gc,stats      ]   Update Region States               80 us
[2021-10-16T00:43:49.860+0400][gc,stats      ]   Retire TLABs                       15 us
[2021-10-16T00:43:49.860+0400][gc,stats      ]   Choose Collection Set              54 us
[2021-10-16T00:43:49.860+0400][gc,stats      ]   Rebuild Free Set                   14 us
[2021-10-16T00:43:49.860+0400][gc,stats      ] Concurrent Cleanup                  609 us
[2021-10-16T00:43:49.860+0400][gc,stats      ] 
[2021-10-16T00:43:49.860+0400][gc,stats      ] Allocation pacing accrued:
[2021-10-16T00:43:49.860+0400][gc,stats      ]       0 of  1574 ms (  0.0%): <total>
[2021-10-16T00:43:49.860+0400][gc,stats      ]       0 of  1574 ms (  0.0%): <average total>
[2021-10-16T00:43:49.860+0400][gc,stats      ] 
[2021-10-16T00:43:49.860+0400][gc,metaspace  ] Metaspace: 93347K->93347K(1142784K)
[2021-10-16T00:43:49.860+0400][gc,ergo       ] Pacer for Idle. Initial: 204M, Alloc Tax Rate: 1.0x
[2021-10-16T00:43:51.405+0400][gc            ] Trigger: Free (1017M) is below minimum threshold (1023M)
[2021-10-16T00:43:51.405+0400][gc,ergo       ] Free: 1017M, Max: 4096K regular, 920M humongous, Frag: 9% external, 1% internal; Reserve: 512M, Max: 4096K
[2021-10-16T00:43:51.405+0400][gc,start      ] GC(53) Concurrent reset
[2021-10-16T00:43:51.405+0400][gc,task       ] GC(53) Using 28 of 56 workers for concurrent reset
[2021-10-16T00:43:51.405+0400][gc,ergo       ] GC(53) Pacer for Reset. Non-Taxable: 10240M
[2021-10-16T00:43:51.406+0400][gc            ] GC(53) Concurrent reset 0.648ms
[2021-10-16T00:43:51.406+0400][gc,start      ] GC(53) Pause Init Mark
[2021-10-16T00:43:51.406+0400][gc,task       ] GC(53) Using 56 of 56 workers for init marking
[2021-10-16T00:43:51.413+0400][gc,ergo       ] GC(53) Pacer for Mark. Expected Live: 102M, Free: 1017M, Non-Taxable: 101M, Alloc Tax Rate: 0.1x
[2021-10-16T00:43:51.413+0400][gc            ] GC(53) Pause Init Mark 6.516ms
[2021-10-16T00:43:51.413+0400][gc,start      ] GC(53) Concurrent marking
[2021-10-16T00:43:51.413+0400][gc,task       ] GC(53) Using 28 of 56 workers for concurrent marking
[2021-10-16T00:43:51.429+0400][gc            ] GC(53) Concurrent marking 16.214ms
[2021-10-16T00:43:51.429+0400][gc,start      ] GC(53) Pause Final Mark
[2021-10-16T00:43:51.429+0400][gc,task       ] GC(53) Using 56 of 56 workers for final marking
[2021-10-16T00:43:51.430+0400][gc,ergo       ] GC(53) Collectable Garbage: 8000M (92%), Immediate: 8000M (92%), CSet: 0B (0%)
[2021-10-16T00:43:51.430+0400][gc            ] GC(53) Pause Final Mark 0.858ms
[2021-10-16T00:43:51.430+0400][gc,start      ] GC(53) Concurrent cleanup
[2021-10-16T00:43:51.430+0400][gc            ] GC(53) Concurrent cleanup 8814M->854M(10240M) 0.224ms
[2021-10-16T00:43:51.430+0400][gc,ergo       ] GC(53) Free: 8873M, Max: 4096K regular, 2660M humongous, Frag: 70% external, 0% internal; Reserve: 512M, Max: 4096K
[2021-10-16T00:43:51.430+0400][gc,ergo       ] Free: 8873M, Max: 4096K regular, 2660M humongous, Frag: 70% external, 0% internal; Reserve: 512M, Max: 4096K
[2021-10-16T00:43:51.431+0400][gc,stats      ] 
[2021-10-16T00:43:51.431+0400][gc,stats      ] All times are wall-clock times, except per-root-class counters, that are sum over
[2021-10-16T00:43:51.431+0400][gc,stats      ] all workers. Dividing the <total> over the root stage time estimates parallelism.
[2021-10-16T00:43:51.431+0400][gc,stats      ] 
[2021-10-16T00:43:51.431+0400][gc,stats      ] Concurrent Reset                    629 us
[2021-10-16T00:43:51.431+0400][gc,stats      ] Pause Init Mark (G)                6875 us
[2021-10-16T00:43:51.431+0400][gc,stats      ] Pause Init Mark (N)                6464 us
[2021-10-16T00:43:51.431+0400][gc,stats      ]   Accumulate Stats                    6 us
[2021-10-16T00:43:51.431+0400][gc,stats      ]   Make Parsable                      20 us
[2021-10-16T00:43:51.431+0400][gc,stats      ]   Update Region States              154 us
[2021-10-16T00:43:51.431+0400][gc,stats      ]   Scan Roots                       6209 us, parallelism: 22.12x
[2021-10-16T00:43:51.431+0400][gc,stats      ]     S: <total>                   137377 us
[2021-10-16T00:43:51.431+0400][gc,stats      ]     S: Thread Roots                 752 us, workers (us):   1,   2,   1,   2,   2,   3,   1,   2,   2,   3,   2,   1,   0,   1,   1,   1,   2,   2,   2,   3,   2,   2,   3,   3,   3,   1,   2,   2,  47,  59,  22,  18,  57,  61,  24,  56,  56,  55,  56,  54,  55,  60,   5,   5,   3,   3,   0,   0,   0,   0,   0,   0,   0,   0,   0,   2, 
[2021-10-16T00:43:51.431+0400][gc,stats      ]     S: Universe Roots                 2 us, workers (us):   2, ---, ---, ---, ---, ---, ---, ---, ---, ---, ---, ---, ---, ---, ---, ---, ---, ---, ---, ---, ---, ---, ---, ---, ---, ---, ---, ---, ---, ---, ---, ---, ---, ---, ---, ---, ---, ---, ---, ---, ---, ---, ---, ---, ---, ---, ---, ---, ---, ---, ---, ---, ---, ---, ---, ---, 
[2021-10-16T00:43:51.431+0400][gc,stats      ]     S: JNI Handles Roots              2 us, workers (us):   2, ---, ---, ---, ---, ---, ---, ---, ---, ---, ---, ---, ---, ---, ---, ---, ---, ---, ---, ---, ---, ---, ---, ---, ---, ---, ---, ---, ---, ---, ---, ---, ---, ---, ---, ---, ---, ---, ---, ---, ---, ---, ---, ---, ---, ---, ---, ---, ---, ---, ---, ---, ---, ---, ---, ---, 
[2021-10-16T00:43:51.431+0400][gc,stats      ]     S: Synchronizer Roots             0 us, workers (us):   0, ---, ---, ---, ---, ---, ---, ---, ---, ---, ---, ---, ---, ---, ---, ---, ---, ---, ---, ---, ---, ---, ---, ---, ---, ---, ---, ---, ---, ---, ---, ---, ---, ---, ---, ---, ---, ---, ---, ---, ---, ---, ---, ---, ---, ---, ---, ---, ---, ---, ---, ---, ---, ---, ---, ---, 
[2021-10-16T00:43:51.431+0400][gc,stats      ]     S: Management Roots               1 us, workers (us):   1, ---, ---, ---, ---, ---, ---, ---, ---, ---, ---, ---, ---, ---, ---, ---, ---, ---, ---, ---, ---, ---, ---, ---, ---, ---, ---, ---, ---, ---, ---, ---, ---, ---, ---, ---, ---, ---, ---, ---, ---, ---, ---, ---, ---, ---, ---, ---, ---, ---, ---, ---, ---, ---, ---, ---, 
[2021-10-16T00:43:51.431+0400][gc,stats      ]     S: System Dict Roots              4 us, workers (us):   4, ---, ---, ---, ---, ---, ---, ---, ---, ---, ---, ---, ---, ---, ---, ---, ---, ---, ---, ---, ---, ---, ---, ---, ---, ---, ---, ---, ---, ---, ---, ---, ---, ---, ---, ---, ---, ---, ---, ---, ---, ---, ---, ---, ---, ---, ---, ---, ---, ---, ---, ---, ---, ---, ---, ---, 
[2021-10-16T00:43:51.431+0400][gc,stats      ]     S: CLDG Roots                136617 us, workers (us): 4960, 4961, 5075, 4952, 5054, 4938, 4928, 4902, 4882, 4881, 4862, 4852, 4972, 4851, 4848, 4836, 4835, 4833, 4834, 4835, 4835, 4834, 4833, 4833, 4833, 4813, 4777, 4768, ---, ---, ---, ---, ---, ---, ---, ---, ---, ---, ---, ---, ---, ---, ---, ---, ---, ---, ---, ---, ---, ---, ---, ---, ---, ---, ---, ---, 
[2021-10-16T00:43:51.431+0400][gc,stats      ]     S: JVMTI Roots                    0 us, workers (us):   0, ---, ---, ---, ---, ---, ---, ---, ---, ---, ---, ---, ---, ---, ---, ---, ---, ---, ---, ---, ---, ---, ---, ---, ---, ---, ---, ---, ---, ---, ---, ---, ---, ---, ---, ---, ---, ---, ---, ---, ---, ---, ---, ---, ---, ---, ---, ---, ---, ---, ---, ---, ---, ---, ---, ---, 
[2021-10-16T00:43:51.431+0400][gc,stats      ]   Resize TLABs                        5 us
[2021-10-16T00:43:51.431+0400][gc,stats      ] Concurrent Marking                16165 us
[2021-10-16T00:43:51.431+0400][gc,stats      ] Pause Final Mark (G)               1002 us
[2021-10-16T00:43:51.431+0400][gc,stats      ] Pause Final Mark (N)                839 us
[2021-10-16T00:43:51.431+0400][gc,stats      ]   Finish Queues                     554 us
[2021-10-16T00:43:51.431+0400][gc,stats      ]   System Purge                      115 us
[2021-10-16T00:43:51.431+0400][gc,stats      ]     Weak Roots                      115 us
[2021-10-16T00:43:51.431+0400][gc,stats      ]   Update Region States               84 us
[2021-10-16T00:43:51.431+0400][gc,stats      ]   Retire TLABs                       13 us
[2021-10-16T00:43:51.431+0400][gc,stats      ]   Choose Collection Set              54 us
[2021-10-16T00:43:51.431+0400][gc,stats      ]   Rebuild Free Set                   12 us
[2021-10-16T00:43:51.431+0400][gc,stats      ] Concurrent Cleanup                  213 us
[2021-10-16T00:43:51.431+0400][gc,stats      ] 
[2021-10-16T00:43:51.431+0400][gc,stats      ] Allocation pacing accrued:
[2021-10-16T00:43:51.431+0400][gc,stats      ]       0 of  1570 ms (  0.0%): <total>
[2021-10-16T00:43:51.431+0400][gc,stats      ]       0 of  1570 ms (  0.0%): <average total>
[2021-10-16T00:43:51.431+0400][gc,stats      ] 
[2021-10-16T00:43:51.431+0400][gc,metaspace  ] Metaspace: 93348K->93349K(1142784K)
[2021-10-16T00:43:51.431+0400][gc,ergo       ] Pacer for Idle. Initial: 204M, Alloc Tax Rate: 1.0x
[2021-10-16T00:43:52.951+0400][gc            ] Trigger: Free (1021M) is below minimum threshold (1023M)
[2021-10-16T00:43:52.951+0400][gc,ergo       ] Free: 1021M, Max: 4096K regular, 904M humongous, Frag: 11% external, 1% internal; Reserve: 512M, Max: 4096K
[2021-10-16T00:43:52.951+0400][gc,start      ] GC(54) Concurrent reset
[2021-10-16T00:43:52.951+0400][gc,task       ] GC(54) Using 28 of 56 workers for concurrent reset
[2021-10-16T00:43:52.951+0400][gc,ergo       ] GC(54) Pacer for Reset. Non-Taxable: 10240M
[2021-10-16T00:43:52.952+0400][gc            ] GC(54) Concurrent reset 0.676ms
[2021-10-16T00:43:52.952+0400][gc,start      ] GC(54) Pause Init Mark
[2021-10-16T00:43:52.952+0400][gc,task       ] GC(54) Using 56 of 56 workers for init marking
[2021-10-16T00:43:52.959+0400][gc,ergo       ] GC(54) Pacer for Mark. Expected Live: 102M, Free: 1017M, Non-Taxable: 101M, Alloc Tax Rate: 0.1x
[2021-10-16T00:43:52.959+0400][gc            ] GC(54) Pause Init Mark 6.596ms
[2021-10-16T00:43:52.959+0400][gc,start      ] GC(54) Concurrent marking
[2021-10-16T00:43:52.959+0400][gc,task       ] GC(54) Using 28 of 56 workers for concurrent marking
[2021-10-16T00:43:52.975+0400][gc            ] GC(54) Concurrent marking 16.389ms
[2021-10-16T00:43:52.975+0400][gc,start      ] GC(54) Pause Final Mark
[2021-10-16T00:43:52.975+0400][gc,task       ] GC(54) Using 56 of 56 workers for final marking
[2021-10-16T00:43:52.976+0400][gc,ergo       ] GC(54) Collectable Garbage: 7996M (92%), Immediate: 7996M (92%), CSet: 0B (0%)
[2021-10-16T00:43:52.976+0400][gc            ] GC(54) Pause Final Mark 0.718ms
[2021-10-16T00:43:52.976+0400][gc,start      ] GC(54) Concurrent cleanup
[2021-10-16T00:43:52.977+0400][gc            ] GC(54) Concurrent cleanup 8814M->862M(10240M) 0.649ms
[2021-10-16T00:43:52.977+0400][gc,ergo       ] GC(54) Free: 8865M, Max: 4096K regular, 2660M humongous, Frag: 70% external, 0% internal; Reserve: 512M, Max: 4096K
[2021-10-16T00:43:52.977+0400][gc,ergo       ] Free: 8865M, Max: 4096K regular, 2660M humongous, Frag: 70% external, 0% internal; Reserve: 512M, Max: 4096K
[2021-10-16T00:43:52.977+0400][gc,stats      ] 
[2021-10-16T00:43:52.977+0400][gc,stats      ] All times are wall-clock times, except per-root-class counters, that are sum over
[2021-10-16T00:43:52.977+0400][gc,stats      ] all workers. Dividing the <total> over the root stage time estimates parallelism.
[2021-10-16T00:43:52.977+0400][gc,stats      ] 
[2021-10-16T00:43:52.977+0400][gc,stats      ] Concurrent Reset                    657 us
[2021-10-16T00:43:52.977+0400][gc,stats      ] Pause Init Mark (G)                6839 us
[2021-10-16T00:43:52.977+0400][gc,stats      ] Pause Init Mark (N)                6544 us
[2021-10-16T00:43:52.977+0400][gc,stats      ]   Accumulate Stats                    6 us
[2021-10-16T00:43:52.977+0400][gc,stats      ]   Make Parsable                      20 us
[2021-10-16T00:43:52.977+0400][gc,stats      ]   Update Region States              163 us
[2021-10-16T00:43:52.977+0400][gc,stats      ]   Scan Roots                       6289 us, parallelism: 22.29x
[2021-10-16T00:43:52.977+0400][gc,stats      ]     S: <total>                   140182 us
[2021-10-16T00:43:52.977+0400][gc,stats      ]     S: Thread Roots                 735 us, workers (us):   1,   1,   2,   1,   2,   3,   3,   2,   1,   1,   2,   2,   2,   3,   3,   2,   2,   2,   2,   3,   2,   3,   2,   3,   2,   3,   3,   2,  66,  65,  66,  65,  88,  88,  65,  65,  53,  42,   3,   0,   0,   0,   0,   0,   0,   1,   0,   1,   0,   1,   0,   0,   2,   0,   0,   3, 
[2021-10-16T00:43:52.977+0400][gc,stats      ]     S: Universe Roots                 2 us, workers (us):   2, ---, ---, ---, ---, ---, ---, ---, ---, ---, ---, ---, ---, ---, ---, ---, ---, ---, ---, ---, ---, ---, ---, ---, ---, ---, ---, ---, ---, ---, ---, ---, ---, ---, ---, ---, ---, ---, ---, ---, ---, ---, ---, ---, ---, ---, ---, ---, ---, ---, ---, ---, ---, ---, ---, ---, 
[2021-10-16T00:43:52.977+0400][gc,stats      ]     S: JNI Handles Roots              2 us, workers (us):   2, ---, ---, ---, ---, ---, ---, ---, ---, ---, ---, ---, ---, ---, ---, ---, ---, ---, ---, ---, ---, ---, ---, ---, ---, ---, ---, ---, ---, ---, ---, ---, ---, ---, ---, ---, ---, ---, ---, ---, ---, ---, ---, ---, ---, ---, ---, ---, ---, ---, ---, ---, ---, ---, ---, ---, 
[2021-10-16T00:43:52.977+0400][gc,stats      ]     S: Synchronizer Roots             0 us, workers (us):   0, ---, ---, ---, ---, ---, ---, ---, ---, ---, ---, ---, ---, ---, ---, ---, ---, ---, ---, ---, ---, ---, ---, ---, ---, ---, ---, ---, ---, ---, ---, ---, ---, ---, ---, ---, ---, ---, ---, ---, ---, ---, ---, ---, ---, ---, ---, ---, ---, ---, ---, ---, ---, ---, ---, ---, 
[2021-10-16T00:43:52.977+0400][gc,stats      ]     S: Management Roots               1 us, workers (us):   1, ---, ---, ---, ---, ---, ---, ---, ---, ---, ---, ---, ---, ---, ---, ---, ---, ---, ---, ---, ---, ---, ---, ---, ---, ---, ---, ---, ---, ---, ---, ---, ---, ---, ---, ---, ---, ---, ---, ---, ---, ---, ---, ---, ---, ---, ---, ---, ---, ---, ---, ---, ---, ---, ---, ---, 
[2021-10-16T00:43:52.977+0400][gc,stats      ]     S: System Dict Roots              3 us, workers (us):   3, ---, ---, ---, ---, ---, ---, ---, ---, ---, ---, ---, ---, ---, ---, ---, ---, ---, ---, ---, ---, ---, ---, ---, ---, ---, ---, ---, ---, ---, ---, ---, ---, ---, ---, ---, ---, ---, ---, ---, ---, ---, ---, ---, ---, ---, ---, ---, ---, ---, ---, ---, ---, ---, ---, ---, 
[2021-10-16T00:43:52.977+0400][gc,stats      ]     S: CLDG Roots                139439 us, workers (us): 5147, 5111, 5070, 5070, 5025, 5025, 5021, 5013, 5057, 5003, 5001, 4979, 4959, 4934, 4934, 4932, 4934, 4933, 4933, 4930, 4929, 4931, 4929, 4929, 4928, 4927, 4927, 4927, ---, ---, ---, ---, ---, ---, ---, ---, ---, ---, ---, ---, ---, ---, ---, ---, ---, ---, ---, ---, ---, ---, ---, ---, ---, ---, ---, ---, 
[2021-10-16T00:43:52.977+0400][gc,stats      ]     S: JVMTI Roots                    0 us, workers (us):   0, ---, ---, ---, ---, ---, ---, ---, ---, ---, ---, ---, ---, ---, ---, ---, ---, ---, ---, ---, ---, ---, ---, ---, ---, ---, ---, ---, ---, ---, ---, ---, ---, ---, ---, ---, ---, ---, ---, ---, ---, ---, ---, ---, ---, ---, ---, ---, ---, ---, ---, ---, ---, ---, ---, ---, 
[2021-10-16T00:43:52.977+0400][gc,stats      ]   Resize TLABs                        4 us
[2021-10-16T00:43:52.978+0400][gc,stats      ] Concurrent Marking                16338 us
[2021-10-16T00:43:52.978+0400][gc,stats      ] Pause Final Mark (G)                865 us
[2021-10-16T00:43:52.978+0400][gc,stats      ] Pause Final Mark (N)                698 us
[2021-10-16T00:43:52.978+0400][gc,stats      ]   Finish Queues                     421 us
[2021-10-16T00:43:52.978+0400][gc,stats      ]   System Purge                      105 us
[2021-10-16T00:43:52.978+0400][gc,stats      ]     Weak Roots                      104 us
[2021-10-16T00:43:52.978+0400][gc,stats      ]   Update Region States               77 us
[2021-10-16T00:43:52.978+0400][gc,stats      ]   Retire TLABs                       13 us
[2021-10-16T00:43:52.978+0400][gc,stats      ]   Choose Collection Set              62 us
[2021-10-16T00:43:52.978+0400][gc,stats      ]   Rebuild Free Set                   12 us
[2021-10-16T00:43:52.978+0400][gc,stats      ] Concurrent Cleanup                  615 us
[2021-10-16T00:43:52.978+0400][gc,stats      ] 
[2021-10-16T00:43:52.978+0400][gc,stats      ] Allocation pacing accrued:
[2021-10-16T00:43:52.978+0400][gc,stats      ]       0 of  1547 ms (  0.0%): <total>
[2021-10-16T00:43:52.978+0400][gc,stats      ]       0 of  1547 ms (  0.0%): <average total>
[2021-10-16T00:43:52.978+0400][gc,stats      ] 
[2021-10-16T00:43:52.978+0400][gc,metaspace  ] Metaspace: 93352K->93352K(1142784K)
[2021-10-16T00:43:52.978+0400][gc,ergo       ] Pacer for Idle. Initial: 204M, Alloc Tax Rate: 1.0x
[2021-10-16T00:43:54.530+0400][gc            ] Trigger: Free (1013M) is below minimum threshold (1023M)
[2021-10-16T00:43:54.530+0400][gc,ergo       ] Free: 1013M, Max: 4096K regular, 900M humongous, Frag: 11% external, 1% internal; Reserve: 512M, Max: 4096K
[2021-10-16T00:43:54.530+0400][gc,start      ] GC(55) Concurrent reset
[2021-10-16T00:43:54.530+0400][gc,task       ] GC(55) Using 28 of 56 workers for concurrent reset
[2021-10-16T00:43:54.530+0400][gc,ergo       ] GC(55) Pacer for Reset. Non-Taxable: 10240M
[2021-10-16T00:43:54.531+0400][gc            ] GC(55) Concurrent reset 0.675ms
[2021-10-16T00:43:54.531+0400][gc,start      ] GC(55) Pause Init Mark (process weakrefs)
[2021-10-16T00:43:54.531+0400][gc,task       ] GC(55) Using 56 of 56 workers for init marking
[2021-10-16T00:43:54.538+0400][gc,ergo       ] GC(55) Pacer for Mark. Expected Live: 102M, Free: 1013M, Non-Taxable: 101M, Alloc Tax Rate: 0.1x
[2021-10-16T00:43:54.538+0400][gc            ] GC(55) Pause Init Mark (process weakrefs) 7.127ms
[2021-10-16T00:43:54.538+0400][gc,start      ] GC(55) Concurrent marking (process weakrefs)
[2021-10-16T00:43:54.538+0400][gc,task       ] GC(55) Using 28 of 56 workers for concurrent marking
[2021-10-16T00:43:54.554+0400][gc            ] GC(55) Concurrent marking (process weakrefs) 15.715ms
[2021-10-16T00:43:54.554+0400][gc,start      ] GC(55) Concurrent precleaning
[2021-10-16T00:43:54.554+0400][gc,task       ] GC(55) Using 1 of 56 workers for concurrent preclean
[2021-10-16T00:43:54.554+0400][gc,ergo       ] GC(55) Pacer for Precleaning. Non-Taxable: 10240M
[2021-10-16T00:43:54.555+0400][gc            ] GC(55) Concurrent precleaning 1.397ms
[2021-10-16T00:43:54.556+0400][gc,start      ] GC(55) Pause Final Mark (process weakrefs)
[2021-10-16T00:43:54.556+0400][gc,task       ] GC(55) Using 56 of 56 workers for final marking
[2021-10-16T00:43:54.557+0400][gc,ergo       ] GC(55) Collectable Garbage: 7968M (92%), Immediate: 7968M (92%), CSet: 0B (0%)
[2021-10-16T00:43:54.557+0400][gc            ] GC(55) Pause Final Mark (process weakrefs) 1.193ms
[2021-10-16T00:43:54.557+0400][gc,start      ] GC(55) Concurrent cleanup
[2021-10-16T00:43:54.557+0400][gc            ] GC(55) Concurrent cleanup 8802M->858M(10240M) 0.271ms
[2021-10-16T00:43:54.557+0400][gc,ergo       ] GC(55) Free: 8869M, Max: 4096K regular, 2712M humongous, Frag: 70% external, 0% internal; Reserve: 512M, Max: 4096K
[2021-10-16T00:43:54.557+0400][gc,ergo       ] Free: 8869M, Max: 4096K regular, 2712M humongous, Frag: 70% external, 0% internal; Reserve: 512M, Max: 4096K
[2021-10-16T00:43:54.557+0400][gc,stats      ] 
[2021-10-16T00:43:54.557+0400][gc,stats      ] All times are wall-clock times, except per-root-class counters, that are sum over
[2021-10-16T00:43:54.557+0400][gc,stats      ] all workers. Dividing the <total> over the root stage time estimates parallelism.
[2021-10-16T00:43:54.557+0400][gc,stats      ] 
[2021-10-16T00:43:54.557+0400][gc,stats      ] Concurrent Reset                    655 us
[2021-10-16T00:43:54.557+0400][gc,stats      ] Pause Init Mark (G)                7493 us
[2021-10-16T00:43:54.557+0400][gc,stats      ] Pause Init Mark (N)                7080 us
[2021-10-16T00:43:54.557+0400][gc,stats      ]   Accumulate Stats                    6 us
[2021-10-16T00:43:54.557+0400][gc,stats      ]   Make Parsable                      19 us
[2021-10-16T00:43:54.557+0400][gc,stats      ]   Update Region States              146 us
[2021-10-16T00:43:54.557+0400][gc,stats      ]   Scan Roots                       6819 us, parallelism: 22.47x
[2021-10-16T00:43:54.557+0400][gc,stats      ]     S: <total>                   153242 us
[2021-10-16T00:43:54.557+0400][gc,stats      ]     S: Thread Roots                8866 us, workers (us):   2,   1,   1,   1,   1,   1,   1,   1,   2,   3,   2,   3,   3,   3,   3,   2,   2,   3,   3,   1,   3,   1,   3, 746,   3,   3,   3,   1,   2, 718, 761, 1026, 1023, 953, 965, 724, 738, 570, 554,   4,   4,   2,   2,   2,   2,   2,   2,   2,   2,   2,   2,   0,   0,   0,   0,   0, 
[2021-10-16T00:43:54.557+0400][gc,stats      ]     S: Universe Roots                13 us, workers (us):  13, ---, ---, ---, ---, ---, ---, ---, ---, ---, ---, ---, ---, ---, ---, ---, ---, ---, ---, ---, ---, ---, ---, ---, ---, ---, ---, ---, ---, ---, ---, ---, ---, ---, ---, ---, ---, ---, ---, ---, ---, ---, ---, ---, ---, ---, ---, ---, ---, ---, ---, ---, ---, ---, ---, ---, 
[2021-10-16T00:43:54.557+0400][gc,stats      ]     S: JNI Handles Roots              2 us, workers (us): ---, ---, ---, ---,   2, ---, ---, ---, ---, ---, ---, ---, ---, ---, ---, ---, ---, ---, ---, ---, ---, ---, ---, ---, ---, ---, ---, ---, ---, ---, ---, ---, ---, ---, ---, ---, ---, ---, ---, ---, ---, ---, ---, ---, ---, ---, ---, ---, ---, ---, ---, ---, ---, ---, ---, ---, 
[2021-10-16T00:43:54.557+0400][gc,stats      ]     S: Synchronizer Roots             1 us, workers (us): ---,   1, ---, ---, ---, ---, ---, ---, ---, ---, ---, ---, ---, ---, ---, ---, ---, ---, ---, ---, ---, ---, ---, ---, ---, ---, ---, ---, ---, ---, ---, ---, ---, ---, ---, ---, ---, ---, ---, ---, ---, ---, ---, ---, ---, ---, ---, ---, ---, ---, ---, ---, ---, ---, ---, ---, 
[2021-10-16T00:43:54.557+0400][gc,stats      ]     S: Management Roots               2 us, workers (us):   2, ---, ---, ---, ---, ---, ---, ---, ---, ---, ---, ---, ---, ---, ---, ---, ---, ---, ---, ---, ---, ---, ---, ---, ---, ---, ---, ---, ---, ---, ---, ---, ---, ---, ---, ---, ---, ---, ---, ---, ---, ---, ---, ---, ---, ---, ---, ---, ---, ---, ---, ---, ---, ---, ---, ---, 
[2021-10-16T00:43:54.557+0400][gc,stats      ]     S: System Dict Roots              4 us, workers (us): ---, ---,   4, ---, ---, ---, ---, ---, ---, ---, ---, ---, ---, ---, ---, ---, ---, ---, ---, ---, ---, ---, ---, ---, ---, ---, ---, ---, ---, ---, ---, ---, ---, ---, ---, ---, ---, ---, ---, ---, ---, ---, ---, ---, ---, ---, ---, ---, ---, ---, ---, ---, ---, ---, ---, ---, 
[2021-10-16T00:43:54.558+0400][gc,stats      ]     S: CLDG Roots                144352 us, workers (us): 5259, 5354, 5256, 5259, 5303, 5128, 5128, 5114, 5112, 5112, 5111, 5111, 5107, 5107, 5108, 5110, 5107, 5107, 5108, 5106, 5106, 5515, 5106, ---, 5104, 5104, 5104, 5103, 5103, ---, ---, ---, ---, ---, ---, ---, ---, ---, ---, ---, ---, ---, ---, ---, ---, ---, ---, ---, ---, ---, ---, ---, ---, ---, ---, ---, 
[2021-10-16T00:43:54.558+0400][gc,stats      ]     S: JVMTI Roots                    1 us, workers (us): ---,   1, ---, ---, ---, ---, ---, ---, ---, ---, ---, ---, ---, ---, ---, ---, ---, ---, ---, ---, ---, ---, ---, ---, ---, ---, ---, ---, ---, ---, ---, ---, ---, ---, ---, ---, ---, ---, ---, ---, ---, ---, ---, ---, ---, ---, ---, ---, ---, ---, ---, ---, ---, ---, ---, ---, 
[2021-10-16T00:43:54.558+0400][gc,stats      ]   Resize TLABs                        5 us
[2021-10-16T00:43:54.558+0400][gc,stats      ] Concurrent Marking                15659 us
[2021-10-16T00:43:54.558+0400][gc,stats      ] Concurrent Precleaning             1370 us
[2021-10-16T00:43:54.558+0400][gc,stats      ] Pause Final Mark (G)               1505 us
[2021-10-16T00:43:54.558+0400][gc,stats      ] Pause Final Mark (N)               1132 us
[2021-10-16T00:43:54.558+0400][gc,stats      ]   Finish Queues                     615 us
[2021-10-16T00:43:54.558+0400][gc,stats      ]   Weak References                    51 us
[2021-10-16T00:43:54.558+0400][gc,stats      ]     Process                          42 us
[2021-10-16T00:43:54.558+0400][gc,stats      ]   System Purge                      133 us
[2021-10-16T00:43:54.558+0400][gc,stats      ]     Weak Roots                      133 us
[2021-10-16T00:43:54.558+0400][gc,stats      ]   Update Region States              134 us
[2021-10-16T00:43:54.558+0400][gc,stats      ]   Retire TLABs                       20 us
[2021-10-16T00:43:54.558+0400][gc,stats      ]   Choose Collection Set             120 us
[2021-10-16T00:43:54.558+0400][gc,stats      ]   Rebuild Free Set                   41 us
[2021-10-16T00:43:54.558+0400][gc,stats      ] Concurrent Cleanup                  257 us
[2021-10-16T00:43:54.558+0400][gc,stats      ] 
[2021-10-16T00:43:54.558+0400][gc,stats      ] Allocation pacing accrued:
[2021-10-16T00:43:54.558+0400][gc,stats      ]       0 of  1580 ms (  0.0%): <total>
[2021-10-16T00:43:54.558+0400][gc,stats      ]       0 of  1580 ms (  0.0%): <average total>
[2021-10-16T00:43:54.558+0400][gc,stats      ] 
[2021-10-16T00:43:54.558+0400][gc,metaspace  ] Metaspace: 93359K->93359K(1142784K)
[2021-10-16T00:43:54.558+0400][gc,ergo       ] Pacer for Idle. Initial: 204M, Alloc Tax Rate: 1.0x
[2021-10-16T00:43:56.120+0400][gc            ] Trigger: Free (1021M) is below minimum threshold (1023M)
[2021-10-16T00:43:56.120+0400][gc,ergo       ] Free: 1021M, Max: 4096K regular, 1012M humongous, Frag: 0% external, 1% internal; Reserve: 512M, Max: 4096K
[2021-10-16T00:43:56.120+0400][gc,start      ] GC(56) Concurrent reset
[2021-10-16T00:43:56.121+0400][gc,task       ] GC(56) Using 28 of 56 workers for concurrent reset
[2021-10-16T00:43:56.121+0400][gc,ergo       ] GC(56) Pacer for Reset. Non-Taxable: 10240M
[2021-10-16T00:43:56.121+0400][gc            ] GC(56) Concurrent reset 0.669ms
[2021-10-16T00:43:56.121+0400][gc,start      ] GC(56) Pause Init Mark
[2021-10-16T00:43:56.121+0400][gc,task       ] GC(56) Using 56 of 56 workers for init marking
[2021-10-16T00:43:56.128+0400][gc,ergo       ] GC(56) Pacer for Mark. Expected Live: 102M, Free: 1017M, Non-Taxable: 101M, Alloc Tax Rate: 0.1x
[2021-10-16T00:43:56.129+0400][gc            ] GC(56) Pause Init Mark 7.109ms
[2021-10-16T00:43:56.129+0400][gc,start      ] GC(56) Concurrent marking
[2021-10-16T00:43:56.129+0400][gc,task       ] GC(56) Using 28 of 56 workers for concurrent marking
[2021-10-16T00:43:56.144+0400][gc            ] GC(56) Concurrent marking 15.239ms
[2021-10-16T00:43:56.144+0400][gc,start      ] GC(56) Pause Final Mark
[2021-10-16T00:43:56.144+0400][gc,task       ] GC(56) Using 56 of 56 workers for final marking
[2021-10-16T00:43:56.145+0400][gc,ergo       ] GC(56) Collectable Garbage: 7964M (92%), Immediate: 7964M (92%), CSet: 0B (0%)
[2021-10-16T00:43:56.145+0400][gc            ] GC(56) Pause Final Mark 0.997ms
[2021-10-16T00:43:56.145+0400][gc,start      ] GC(56) Concurrent cleanup
[2021-10-16T00:43:56.146+0400][gc            ] GC(56) Concurrent cleanup 8790M->866M(10240M) 0.653ms
[2021-10-16T00:43:56.146+0400][gc,ergo       ] GC(56) Free: 8861M, Max: 4096K regular, 2712M humongous, Frag: 70% external, 0% internal; Reserve: 512M, Max: 4096K
[2021-10-16T00:43:56.146+0400][gc,ergo       ] Free: 8861M, Max: 4096K regular, 2712M humongous, Frag: 70% external, 0% internal; Reserve: 512M, Max: 4096K
[2021-10-16T00:43:56.146+0400][gc,stats      ] 
[2021-10-16T00:43:56.146+0400][gc,stats      ] All times are wall-clock times, except per-root-class counters, that are sum over
[2021-10-16T00:43:56.146+0400][gc,stats      ] all workers. Dividing the <total> over the root stage time estimates parallelism.
[2021-10-16T00:43:56.146+0400][gc,stats      ] 
[2021-10-16T00:43:56.146+0400][gc,stats      ] Concurrent Reset                    649 us
[2021-10-16T00:43:56.146+0400][gc,stats      ] Pause Init Mark (G)                7411 us
[2021-10-16T00:43:56.146+0400][gc,stats      ] Pause Init Mark (N)                7060 us
[2021-10-16T00:43:56.146+0400][gc,stats      ]   Accumulate Stats                    6 us
[2021-10-16T00:43:56.146+0400][gc,stats      ]   Make Parsable                      20 us
[2021-10-16T00:43:56.146+0400][gc,stats      ]   Update Region States              148 us
[2021-10-16T00:43:56.146+0400][gc,stats      ]   Scan Roots                       6818 us, parallelism: 22.44x
[2021-10-16T00:43:56.146+0400][gc,stats      ]     S: <total>                   152959 us
[2021-10-16T00:43:56.146+0400][gc,stats      ]     S: Thread Roots                 689 us, workers (us):   2,   2,   2,   2,   1,   3,   3,   1,   1,   1,   1,   2,   2,   2,   2,   2,   3,   2,   1,   2,   2,   3,   3,   2,   2,   2,   2,  75,  75,   2,  91,  76,  79,  71,  55,  38,  23,  23,   4,   4,   2,   2,   2,   2,   2,   2,   2,   2,   0,   0,   0,   0,   0,   1,   0,   0, 
[2021-10-16T00:43:56.146+0400][gc,stats      ]     S: Universe Roots                 4 us, workers (us):   4, ---, ---, ---, ---, ---, ---, ---, ---, ---, ---, ---, ---, ---, ---, ---, ---, ---, ---, ---, ---, ---, ---, ---, ---, ---, ---, ---, ---, ---, ---, ---, ---, ---, ---, ---, ---, ---, ---, ---, ---, ---, ---, ---, ---, ---, ---, ---, ---, ---, ---, ---, ---, ---, ---, ---, 
[2021-10-16T00:43:56.146+0400][gc,stats      ]     S: JNI Handles Roots              3 us, workers (us):   3, ---, ---, ---, ---, ---, ---, ---, ---, ---, ---, ---, ---, ---, ---, ---, ---, ---, ---, ---, ---, ---, ---, ---, ---, ---, ---, ---, ---, ---, ---, ---, ---, ---, ---, ---, ---, ---, ---, ---, ---, ---, ---, ---, ---, ---, ---, ---, ---, ---, ---, ---, ---, ---, ---, ---, 
[2021-10-16T00:43:56.146+0400][gc,stats      ]     S: Synchronizer Roots             0 us, workers (us):   0, ---, ---, ---, ---, ---, ---, ---, ---, ---, ---, ---, ---, ---, ---, ---, ---, ---, ---, ---, ---, ---, ---, ---, ---, ---, ---, ---, ---, ---, ---, ---, ---, ---, ---, ---, ---, ---, ---, ---, ---, ---, ---, ---, ---, ---, ---, ---, ---, ---, ---, ---, ---, ---, ---, ---, 
[2021-10-16T00:43:56.146+0400][gc,stats      ]     S: Management Roots               2 us, workers (us):   2, ---, ---, ---, ---, ---, ---, ---, ---, ---, ---, ---, ---, ---, ---, ---, ---, ---, ---, ---, ---, ---, ---, ---, ---, ---, ---, ---, ---, ---, ---, ---, ---, ---, ---, ---, ---, ---, ---, ---, ---, ---, ---, ---, ---, ---, ---, ---, ---, ---, ---, ---, ---, ---, ---, ---, 
[2021-10-16T00:43:56.146+0400][gc,stats      ]     S: System Dict Roots             10 us, workers (us): ---,  10, ---, ---, ---, ---, ---, ---, ---, ---, ---, ---, ---, ---, ---, ---, ---, ---, ---, ---, ---, ---, ---, ---, ---, ---, ---, ---, ---, ---, ---, ---, ---, ---, ---, ---, ---, ---, ---, ---, ---, ---, ---, ---, ---, ---, ---, ---, ---, ---, ---, ---, ---, ---, ---, ---, 
[2021-10-16T00:43:56.146+0400][gc,stats      ]     S: CLDG Roots                152248 us, workers (us): 5529, 5521, 5519, 5517, 5510, 5453, 5446, 5415, 5512, 5416, 5415, 5401, 5399, 5507, 5400, 5399, 5399, 5398, 5535, 5398, 5398, 5397, 5394, 5394, 5394, 5395, 5395, ---, ---, 5393, ---, ---, ---, ---, ---, ---, ---, ---, ---, ---, ---, ---, ---, ---, ---, ---, ---, ---, ---, ---, ---, ---, ---, ---, ---, ---, 
[2021-10-16T00:43:56.146+0400][gc,stats      ]     S: JVMTI Roots                    1 us, workers (us):   1, ---, ---, ---, ---, ---, ---, ---, ---, ---, ---, ---, ---, ---, ---, ---, ---, ---, ---, ---, ---, ---, ---, ---, ---, ---, ---, ---, ---, ---, ---, ---, ---, ---, ---, ---, ---, ---, ---, ---, ---, ---, ---, ---, ---, ---, ---, ---, ---, ---, ---, ---, ---, ---, ---, ---, 
[2021-10-16T00:43:56.146+0400][gc,stats      ]   Resize TLABs                        5 us
[2021-10-16T00:43:56.146+0400][gc,stats      ] Concurrent Marking                15188 us
[2021-10-16T00:43:56.146+0400][gc,stats      ] Pause Final Mark (G)               1172 us
[2021-10-16T00:43:56.146+0400][gc,stats      ] Pause Final Mark (N)                953 us
[2021-10-16T00:43:56.146+0400][gc,stats      ]   Finish Queues                     470 us
[2021-10-16T00:43:56.146+0400][gc,stats      ]   System Purge                      157 us
[2021-10-16T00:43:56.146+0400][gc,stats      ]     Weak Roots                      146 us
[2021-10-16T00:43:56.146+0400][gc,stats      ]   Update Region States              123 us
[2021-10-16T00:43:56.146+0400][gc,stats      ]   Retire TLABs                       18 us
[2021-10-16T00:43:56.146+0400][gc,stats      ]   Choose Collection Set             123 us
[2021-10-16T00:43:56.146+0400][gc,stats      ]   Rebuild Free Set                   42 us
[2021-10-16T00:43:56.147+0400][gc,stats      ] Concurrent Cleanup                  624 us
[2021-10-16T00:43:56.147+0400][gc,stats      ] 
[2021-10-16T00:43:56.147+0400][gc,stats      ] Allocation pacing accrued:
[2021-10-16T00:43:56.147+0400][gc,stats      ]       0 of  1589 ms (  0.0%): <total>
[2021-10-16T00:43:56.147+0400][gc,stats      ]       0 of  1589 ms (  0.0%): <average total>
[2021-10-16T00:43:56.147+0400][gc,stats      ] 
[2021-10-16T00:43:56.147+0400][gc,metaspace  ] Metaspace: 93359K->93359K(1142784K)
[2021-10-16T00:43:56.147+0400][gc,ergo       ] Pacer for Idle. Initial: 204M, Alloc Tax Rate: 1.0x
[2021-10-16T00:43:57.693+0400][gc            ] Trigger: Free (1021M) is below minimum threshold (1023M)
[2021-10-16T00:43:57.693+0400][gc,ergo       ] Free: 1021M, Max: 4096K regular, 928M humongous, Frag: 9% external, 1% internal; Reserve: 512M, Max: 4096K
[2021-10-16T00:43:57.693+0400][gc,start      ] GC(57) Concurrent reset
[2021-10-16T00:43:57.693+0400][gc,task       ] GC(57) Using 28 of 56 workers for concurrent reset
[2021-10-16T00:43:57.693+0400][gc,ergo       ] GC(57) Pacer for Reset. Non-Taxable: 10240M
[2021-10-16T00:43:57.693+0400][gc            ] GC(57) Concurrent reset 0.676ms
[2021-10-16T00:43:57.694+0400][gc,start      ] GC(57) Pause Init Mark
[2021-10-16T00:43:57.694+0400][gc,task       ] GC(57) Using 56 of 56 workers for init marking
[2021-10-16T00:43:57.700+0400][gc,ergo       ] GC(57) Pacer for Mark. Expected Live: 102M, Free: 1005M, Non-Taxable: 100M, Alloc Tax Rate: 0.1x
[2021-10-16T00:43:57.700+0400][gc            ] GC(57) Pause Init Mark 5.980ms
[2021-10-16T00:43:57.700+0400][gc,start      ] GC(57) Concurrent marking
[2021-10-16T00:43:57.700+0400][gc,task       ] GC(57) Using 28 of 56 workers for concurrent marking
[2021-10-16T00:43:57.719+0400][gc            ] GC(57) Concurrent marking 19.401ms
[2021-10-16T00:43:57.719+0400][gc,start      ] GC(57) Pause Final Mark
[2021-10-16T00:43:57.719+0400][gc,task       ] GC(57) Using 56 of 56 workers for final marking
[2021-10-16T00:43:57.720+0400][gc,ergo       ] GC(57) Collectable Garbage: 7968M (92%), Immediate: 7968M (92%), CSet: 0B (0%)
[2021-10-16T00:43:57.720+0400][gc            ] GC(57) Pause Final Mark 0.717ms
[2021-10-16T00:43:57.720+0400][gc,start      ] GC(57) Concurrent cleanup
[2021-10-16T00:43:57.721+0400][gc            ] GC(57) Concurrent cleanup 8838M->910M(10240M) 0.629ms
[2021-10-16T00:43:57.721+0400][gc,ergo       ] GC(57) Free: 8817M, Max: 4096K regular, 2712M humongous, Frag: 70% external, 0% internal; Reserve: 512M, Max: 4096K
[2021-10-16T00:43:57.721+0400][gc,ergo       ] Free: 8817M, Max: 4096K regular, 2712M humongous, Frag: 70% external, 0% internal; Reserve: 512M, Max: 4096K
[2021-10-16T00:43:57.721+0400][gc,stats      ] 
[2021-10-16T00:43:57.721+0400][gc,stats      ] All times are wall-clock times, except per-root-class counters, that are sum over
[2021-10-16T00:43:57.721+0400][gc,stats      ] all workers. Dividing the <total> over the root stage time estimates parallelism.
[2021-10-16T00:43:57.721+0400][gc,stats      ] 
[2021-10-16T00:43:57.721+0400][gc,stats      ] Concurrent Reset                    658 us
[2021-10-16T00:43:57.721+0400][gc,stats      ] Pause Init Mark (G)                6269 us
[2021-10-16T00:43:57.721+0400][gc,stats      ] Pause Init Mark (N)                5921 us
[2021-10-16T00:43:57.721+0400][gc,stats      ]   Accumulate Stats                    6 us
[2021-10-16T00:43:57.721+0400][gc,stats      ]   Make Parsable                      20 us
[2021-10-16T00:43:57.721+0400][gc,stats      ]   Update Region States              163 us
[2021-10-16T00:43:57.721+0400][gc,stats      ]   Scan Roots                       5656 us, parallelism: 21.58x
[2021-10-16T00:43:57.721+0400][gc,stats      ]     S: <total>                   122066 us
[2021-10-16T00:43:57.721+0400][gc,stats      ]     S: Thread Roots                 761 us, workers (us):   1,   2,   2,   1,   2,   1,   1,   1,   2,   2,   3,   3,   2,   3,   2,   3,   3,   2,   2,   3,   3,   3,   1,   1,   2,   1,   1,  47,   1,  18,  25,  56,  64,  19,  63,  56,  64,   7,  53,   3,  53,  52,   5,  52,  54,   3,   3,   2,   3,   2,   2,   0,   0,   0,   1,   0, 
[2021-10-16T00:43:57.721+0400][gc,stats      ]     S: Universe Roots                 2 us, workers (us):   2, ---, ---, ---, ---, ---, ---, ---, ---, ---, ---, ---, ---, ---, ---, ---, ---, ---, ---, ---, ---, ---, ---, ---, ---, ---, ---, ---, ---, ---, ---, ---, ---, ---, ---, ---, ---, ---, ---, ---, ---, ---, ---, ---, ---, ---, ---, ---, ---, ---, ---, ---, ---, ---, ---, ---, 
[2021-10-16T00:43:57.721+0400][gc,stats      ]     S: JNI Handles Roots              2 us, workers (us):   2, ---, ---, ---, ---, ---, ---, ---, ---, ---, ---, ---, ---, ---, ---, ---, ---, ---, ---, ---, ---, ---, ---, ---, ---, ---, ---, ---, ---, ---, ---, ---, ---, ---, ---, ---, ---, ---, ---, ---, ---, ---, ---, ---, ---, ---, ---, ---, ---, ---, ---, ---, ---, ---, ---, ---, 
[2021-10-16T00:43:57.721+0400][gc,stats      ]     S: Synchronizer Roots             0 us, workers (us):   0, ---, ---, ---, ---, ---, ---, ---, ---, ---, ---, ---, ---, ---, ---, ---, ---, ---, ---, ---, ---, ---, ---, ---, ---, ---, ---, ---, ---, ---, ---, ---, ---, ---, ---, ---, ---, ---, ---, ---, ---, ---, ---, ---, ---, ---, ---, ---, ---, ---, ---, ---, ---, ---, ---, ---, 
[2021-10-16T00:43:57.721+0400][gc,stats      ]     S: Management Roots               1 us, workers (us):   1, ---, ---, ---, ---, ---, ---, ---, ---, ---, ---, ---, ---, ---, ---, ---, ---, ---, ---, ---, ---, ---, ---, ---, ---, ---, ---, ---, ---, ---, ---, ---, ---, ---, ---, ---, ---, ---, ---, ---, ---, ---, ---, ---, ---, ---, ---, ---, ---, ---, ---, ---, ---, ---, ---, ---, 
[2021-10-16T00:43:57.721+0400][gc,stats      ]     S: System Dict Roots              4 us, workers (us):   4, ---, ---, ---, ---, ---, ---, ---, ---, ---, ---, ---, ---, ---, ---, ---, ---, ---, ---, ---, ---, ---, ---, ---, ---, ---, ---, ---, ---, ---, ---, ---, ---, ---, ---, ---, ---, ---, ---, ---, ---, ---, ---, ---, ---, ---, ---, ---, ---, ---, ---, ---, ---, ---, ---, ---, 
[2021-10-16T00:43:57.721+0400][gc,stats      ]     S: CLDG Roots                121297 us, workers (us): 4423, 4386, 4365, 4359, 4345, 4433, 4340, 4397, 4328, 4326, 4323, 4322, 4322, 4323, 4320, 4322, 4321, 4321, 4320, 4319, 4320, 4320, 4303, 4300, 4275, 4263, 4263, ---, 4338, ---, ---, ---, ---, ---, ---, ---, ---, ---, ---, ---, ---, ---, ---, ---, ---, ---, ---, ---, ---, ---, ---, ---, ---, ---, ---, ---, 
[2021-10-16T00:43:57.721+0400][gc,stats      ]     S: JVMTI Roots                    0 us, workers (us):   0, ---, ---, ---, ---, ---, ---, ---, ---, ---, ---, ---, ---, ---, ---, ---, ---, ---, ---, ---, ---, ---, ---, ---, ---, ---, ---, ---, ---, ---, ---, ---, ---, ---, ---, ---, ---, ---, ---, ---, ---, ---, ---, ---, ---, ---, ---, ---, ---, ---, ---, ---, ---, ---, ---, ---, 
[2021-10-16T00:43:57.721+0400][gc,stats      ]   Resize TLABs                        4 us
[2021-10-16T00:43:57.721+0400][gc,stats      ] Concurrent Marking                19358 us
[2021-10-16T00:43:57.721+0400][gc,stats      ] Pause Final Mark (G)                863 us
[2021-10-16T00:43:57.721+0400][gc,stats      ] Pause Final Mark (N)                693 us
[2021-10-16T00:43:57.721+0400][gc,stats      ]   Finish Queues                     405 us
[2021-10-16T00:43:57.721+0400][gc,stats      ]   System Purge                      107 us
[2021-10-16T00:43:57.721+0400][gc,stats      ]     Weak Roots                      107 us
[2021-10-16T00:43:57.721+0400][gc,stats      ]   Update Region States               80 us
[2021-10-16T00:43:57.721+0400][gc,stats      ]   Retire TLABs                       12 us
[2021-10-16T00:43:57.721+0400][gc,stats      ]   Choose Collection Set              66 us
[2021-10-16T00:43:57.721+0400][gc,stats      ]   Rebuild Free Set                   14 us
[2021-10-16T00:43:57.721+0400][gc,stats      ] Concurrent Cleanup                  601 us
[2021-10-16T00:43:57.721+0400][gc,stats      ] 
[2021-10-16T00:43:57.721+0400][gc,stats      ] Allocation pacing accrued:
[2021-10-16T00:43:57.721+0400][gc,stats      ]       0 of  1575 ms (  0.0%): <total>
[2021-10-16T00:43:57.721+0400][gc,stats      ]       0 of  1575 ms (  0.0%): <average total>
[2021-10-16T00:43:57.722+0400][gc,stats      ] 
[2021-10-16T00:43:57.722+0400][gc,metaspace  ] Metaspace: 93360K->93360K(1142784K)
[2021-10-16T00:43:57.722+0400][gc,ergo       ] Pacer for Idle. Initial: 204M, Alloc Tax Rate: 1.0x
[2021-10-16T00:43:59.254+0400][gc            ] Trigger: Free (1013M) is below minimum threshold (1023M)
[2021-10-16T00:43:59.254+0400][gc,ergo       ] Free: 1013M, Max: 4096K regular, 880M humongous, Frag: 13% external, 1% internal; Reserve: 512M, Max: 4096K
[2021-10-16T00:43:59.254+0400][gc,start      ] GC(58) Concurrent reset
[2021-10-16T00:43:59.254+0400][gc,task       ] GC(58) Using 28 of 56 workers for concurrent reset
[2021-10-16T00:43:59.254+0400][gc,ergo       ] GC(58) Pacer for Reset. Non-Taxable: 10240M
[2021-10-16T00:43:59.254+0400][gc            ] GC(58) Concurrent reset 0.691ms
[2021-10-16T00:43:59.255+0400][gc,start      ] GC(58) Pause Init Mark
[2021-10-16T00:43:59.255+0400][gc,task       ] GC(58) Using 56 of 56 workers for init marking
[2021-10-16T00:43:59.262+0400][gc,ergo       ] GC(58) Pacer for Mark. Expected Live: 102M, Free: 1013M, Non-Taxable: 101M, Alloc Tax Rate: 0.1x
[2021-10-16T00:43:59.262+0400][gc            ] GC(58) Pause Init Mark 7.565ms
[2021-10-16T00:43:59.262+0400][gc,start      ] GC(58) Concurrent marking
[2021-10-16T00:43:59.262+0400][gc,task       ] GC(58) Using 28 of 56 workers for concurrent marking
[2021-10-16T00:43:59.276+0400][gc            ] GC(58) Concurrent marking 13.953ms
[2021-10-16T00:43:59.276+0400][gc,start      ] GC(58) Pause Final Mark
[2021-10-16T00:43:59.276+0400][gc,task       ] GC(58) Using 56 of 56 workers for final marking
[2021-10-16T00:43:59.277+0400][gc,ergo       ] GC(58) Collectable Garbage: 7968M (92%), Immediate: 7968M (92%), CSet: 0B (0%)
[2021-10-16T00:43:59.277+0400][gc            ] GC(58) Pause Final Mark 0.665ms
[2021-10-16T00:43:59.277+0400][gc,start      ] GC(58) Concurrent cleanup
[2021-10-16T00:43:59.277+0400][gc            ] GC(58) Concurrent cleanup 8790M->866M(10240M) 0.280ms
[2021-10-16T00:43:59.277+0400][gc,ergo       ] GC(58) Free: 8861M, Max: 4096K regular, 2712M humongous, Frag: 70% external, 0% internal; Reserve: 512M, Max: 4096K
[2021-10-16T00:43:59.277+0400][gc,ergo       ] Free: 8861M, Max: 4096K regular, 2712M humongous, Frag: 70% external, 0% internal; Reserve: 512M, Max: 4096K
[2021-10-16T00:43:59.278+0400][gc,stats      ] 
[2021-10-16T00:43:59.278+0400][gc,stats      ] All times are wall-clock times, except per-root-class counters, that are sum over
[2021-10-16T00:43:59.278+0400][gc,stats      ] all workers. Dividing the <total> over the root stage time estimates parallelism.
[2021-10-16T00:43:59.278+0400][gc,stats      ] 
[2021-10-16T00:43:59.278+0400][gc,stats      ] Concurrent Reset                    671 us
[2021-10-16T00:43:59.278+0400][gc,stats      ] Pause Init Mark (G)                7884 us
[2021-10-16T00:43:59.278+0400][gc,stats      ] Pause Init Mark (N)                7533 us
[2021-10-16T00:43:59.278+0400][gc,stats      ]   Accumulate Stats                    3 us
[2021-10-16T00:43:59.278+0400][gc,stats      ]   Make Parsable                      15 us
[2021-10-16T00:43:59.278+0400][gc,stats      ]   Update Region States              113 us
[2021-10-16T00:43:59.278+0400][gc,stats      ]   Scan Roots                       7356 us, parallelism: 23.12x
[2021-10-16T00:43:59.278+0400][gc,stats      ]     S: <total>                   170080 us
[2021-10-16T00:43:59.278+0400][gc,stats      ]     S: Thread Roots                 542 us, workers (us):   2,   2,   2,   2,   3,   3,   1,   1,   2,   2,   2,   2,   3,   2,   2,   2,   2,   2,   3,   3,   3,   2,   3,   1,   1,   3,   3,   2,  53,  58,  32,  55,  34,  29,  45,  44,  41,  42,  34,   5,   2,   2,   0,   0,   0,   1,   1,   0,   2,   0,   0,   1,   0,   0,   2,   0, 
[2021-10-16T00:43:59.278+0400][gc,stats      ]     S: Universe Roots                 5 us, workers (us):   5, ---, ---, ---, ---, ---, ---, ---, ---, ---, ---, ---, ---, ---, ---, ---, ---, ---, ---, ---, ---, ---, ---, ---, ---, ---, ---, ---, ---, ---, ---, ---, ---, ---, ---, ---, ---, ---, ---, ---, ---, ---, ---, ---, ---, ---, ---, ---, ---, ---, ---, ---, ---, ---, ---, ---, 
[2021-10-16T00:43:59.278+0400][gc,stats      ]     S: JNI Handles Roots              4 us, workers (us): ---, ---,   4, ---, ---, ---, ---, ---, ---, ---, ---, ---, ---, ---, ---, ---, ---, ---, ---, ---, ---, ---, ---, ---, ---, ---, ---, ---, ---, ---, ---, ---, ---, ---, ---, ---, ---, ---, ---, ---, ---, ---, ---, ---, ---, ---, ---, ---, ---, ---, ---, ---, ---, ---, ---, ---, 
[2021-10-16T00:43:59.278+0400][gc,stats      ]     S: Synchronizer Roots             1 us, workers (us): ---,   1, ---, ---, ---, ---, ---, ---, ---, ---, ---, ---, ---, ---, ---, ---, ---, ---, ---, ---, ---, ---, ---, ---, ---, ---, ---, ---, ---, ---, ---, ---, ---, ---, ---, ---, ---, ---, ---, ---, ---, ---, ---, ---, ---, ---, ---, ---, ---, ---, ---, ---, ---, ---, ---, ---, 
[2021-10-16T00:43:59.278+0400][gc,stats      ]     S: Management Roots               2 us, workers (us): ---, ---,   2, ---, ---, ---, ---, ---, ---, ---, ---, ---, ---, ---, ---, ---, ---, ---, ---, ---, ---, ---, ---, ---, ---, ---, ---, ---, ---, ---, ---, ---, ---, ---, ---, ---, ---, ---, ---, ---, ---, ---, ---, ---, ---, ---, ---, ---, ---, ---, ---, ---, ---, ---, ---, ---, 
[2021-10-16T00:43:59.278+0400][gc,stats      ]     S: System Dict Roots              9 us, workers (us): ---,   9, ---, ---, ---, ---, ---, ---, ---, ---, ---, ---, ---, ---, ---, ---, ---, ---, ---, ---, ---, ---, ---, ---, ---, ---, ---, ---, ---, ---, ---, ---, ---, ---, ---, ---, ---, ---, ---, ---, ---, ---, ---, ---, ---, ---, ---, ---, ---, ---, ---, ---, ---, ---, ---, ---, 
[2021-10-16T00:43:59.278+0400][gc,stats      ]     S: CLDG Roots                169517 us, workers (us): 6045, 6038, 6041, 6042, 6045, 6044, 6043, 6408, 6040, 6156, 6036, 6036, 6034, 6034, 6034, 6034, 6030, 6026, 6025, 6025, 6023, 6024, 6022, 6024, 6152, 6020, 6018, 6018, ---, ---, ---, ---, ---, ---, ---, ---, ---, ---, ---, ---, ---, ---, ---, ---, ---, ---, ---, ---, ---, ---, ---, ---, ---, ---, ---, ---, 
[2021-10-16T00:43:59.278+0400][gc,stats      ]     S: JVMTI Roots                    1 us, workers (us): ---, ---, ---,   1, ---, ---, ---, ---, ---, ---, ---, ---, ---, ---, ---, ---, ---, ---, ---, ---, ---, ---, ---, ---, ---, ---, ---, ---, ---, ---, ---, ---, ---, ---, ---, ---, ---, ---, ---, ---, ---, ---, ---, ---, ---, ---, ---, ---, ---, ---, ---, ---, ---, ---, ---, ---, 
[2021-10-16T00:43:59.278+0400][gc,stats      ]   Resize TLABs                        3 us
[2021-10-16T00:43:59.278+0400][gc,stats      ] Concurrent Marking                13906 us
[2021-10-16T00:43:59.278+0400][gc,stats      ] Pause Final Mark (G)                745 us
[2021-10-16T00:43:59.278+0400][gc,stats      ] Pause Final Mark (N)                649 us
[2021-10-16T00:43:59.278+0400][gc,stats      ]   Finish Queues                     389 us
[2021-10-16T00:43:59.278+0400][gc,stats      ]   System Purge                      103 us
[2021-10-16T00:43:59.278+0400][gc,stats      ]     Weak Roots                      102 us
[2021-10-16T00:43:59.278+0400][gc,stats      ]   Update Region States               73 us
[2021-10-16T00:43:59.278+0400][gc,stats      ]   Retire TLABs                       14 us
[2021-10-16T00:43:59.278+0400][gc,stats      ]   Choose Collection Set              52 us
[2021-10-16T00:43:59.278+0400][gc,stats      ]   Rebuild Free Set                   12 us
[2021-10-16T00:43:59.278+0400][gc,stats      ] Concurrent Cleanup                  269 us
[2021-10-16T00:43:59.278+0400][gc,stats      ] 
[2021-10-16T00:43:59.278+0400][gc,stats      ] Allocation pacing accrued:
[2021-10-16T00:43:59.278+0400][gc,stats      ]       0 of  1556 ms (  0.0%): <total>
[2021-10-16T00:43:59.278+0400][gc,stats      ]       0 of  1556 ms (  0.0%): <average total>
[2021-10-16T00:43:59.278+0400][gc,stats      ] 
[2021-10-16T00:43:59.278+0400][gc,metaspace  ] Metaspace: 93360K->93360K(1142784K)
[2021-10-16T00:43:59.278+0400][gc,ergo       ] Pacer for Idle. Initial: 204M, Alloc Tax Rate: 1.0x
[2021-10-16T00:44:00.831+0400][gc            ] Trigger: Free (1013M) is below minimum threshold (1023M)
[2021-10-16T00:44:00.831+0400][gc,ergo       ] Free: 1013M, Max: 4096K regular, 972M humongous, Frag: 4% external, 1% internal; Reserve: 512M, Max: 4096K
[2021-10-16T00:44:00.831+0400][gc,start      ] GC(59) Concurrent reset
[2021-10-16T00:44:00.831+0400][gc,task       ] GC(59) Using 28 of 56 workers for concurrent reset
[2021-10-16T00:44:00.831+0400][gc,ergo       ] GC(59) Pacer for Reset. Non-Taxable: 10240M
[2021-10-16T00:44:00.832+0400][gc            ] GC(59) Concurrent reset 0.707ms
[2021-10-16T00:44:00.832+0400][gc,start      ] GC(59) Pause Init Mark
[2021-10-16T00:44:00.832+0400][gc,task       ] GC(59) Using 56 of 56 workers for init marking
[2021-10-16T00:44:00.838+0400][gc,ergo       ] GC(59) Pacer for Mark. Expected Live: 102M, Free: 1013M, Non-Taxable: 101M, Alloc Tax Rate: 0.1x
[2021-10-16T00:44:00.838+0400][gc            ] GC(59) Pause Init Mark 6.054ms
[2021-10-16T00:44:00.838+0400][gc,start      ] GC(59) Concurrent marking
[2021-10-16T00:44:00.838+0400][gc,task       ] GC(59) Using 28 of 56 workers for concurrent marking
[2021-10-16T00:44:00.855+0400][gc            ] GC(59) Concurrent marking 16.944ms
[2021-10-16T00:44:00.855+0400][gc,start      ] GC(59) Pause Final Mark
[2021-10-16T00:44:00.855+0400][gc,task       ] GC(59) Using 56 of 56 workers for final marking
[2021-10-16T00:44:00.856+0400][gc,ergo       ] GC(59) Collectable Garbage: 7968M (92%), Immediate: 7968M (92%), CSet: 0B (0%)
[2021-10-16T00:44:00.857+0400][gc            ] GC(59) Pause Final Mark 1.103ms
[2021-10-16T00:44:00.857+0400][gc,start      ] GC(59) Concurrent cleanup
[2021-10-16T00:44:00.857+0400][gc            ] GC(59) Concurrent cleanup 8822M->894M(10240M) 0.669ms
[2021-10-16T00:44:00.857+0400][gc,ergo       ] GC(59) Free: 8833M, Max: 4096K regular, 2712M humongous, Frag: 70% external, 0% internal; Reserve: 512M, Max: 4096K
[2021-10-16T00:44:00.857+0400][gc,ergo       ] Free: 8833M, Max: 4096K regular, 2712M humongous, Frag: 70% external, 0% internal; Reserve: 512M, Max: 4096K
[2021-10-16T00:44:00.858+0400][gc,stats      ] 
[2021-10-16T00:44:00.858+0400][gc,stats      ] All times are wall-clock times, except per-root-class counters, that are sum over
[2021-10-16T00:44:00.858+0400][gc,stats      ] all workers. Dividing the <total> over the root stage time estimates parallelism.
[2021-10-16T00:44:00.858+0400][gc,stats      ] 
[2021-10-16T00:44:00.858+0400][gc,stats      ] Concurrent Reset                    688 us
[2021-10-16T00:44:00.858+0400][gc,stats      ] Pause Init Mark (G)                6343 us
[2021-10-16T00:44:00.858+0400][gc,stats      ] Pause Init Mark (N)                6007 us
[2021-10-16T00:44:00.858+0400][gc,stats      ]   Accumulate Stats                    6 us
[2021-10-16T00:44:00.858+0400][gc,stats      ]   Make Parsable                      20 us
[2021-10-16T00:44:00.858+0400][gc,stats      ]   Update Region States              149 us
[2021-10-16T00:44:00.858+0400][gc,stats      ]   Scan Roots                       5761 us, parallelism: 20.25x
[2021-10-16T00:44:00.858+0400][gc,stats      ]     S: <total>                   116661 us
[2021-10-16T00:44:00.858+0400][gc,stats      ]     S: Thread Roots                 738 us, workers (us):   1,   1,   1,   2,   1,   1,   1,   2,   1,   2,   3,   3,   1,   1,   2,   3,   2,   2,   3,   2,   3,   1,   3,   3,   1,   2,   1,   1,  33,  18,  17,  59,  59,  57,  59,  24,  56,  56,   7,  55,   3,  55,  55,   2,   5,  55,   3,   2,   2,   2,   2,   0,   0,   0,   0,   0, 
[2021-10-16T00:44:00.858+0400][gc,stats      ]     S: Universe Roots                 2 us, workers (us):   2, ---, ---, ---, ---, ---, ---, ---, ---, ---, ---, ---, ---, ---, ---, ---, ---, ---, ---, ---, ---, ---, ---, ---, ---, ---, ---, ---, ---, ---, ---, ---, ---, ---, ---, ---, ---, ---, ---, ---, ---, ---, ---, ---, ---, ---, ---, ---, ---, ---, ---, ---, ---, ---, ---, ---, 
[2021-10-16T00:44:00.858+0400][gc,stats      ]     S: JNI Handles Roots              2 us, workers (us): ---,   2, ---, ---, ---, ---, ---, ---, ---, ---, ---, ---, ---, ---, ---, ---, ---, ---, ---, ---, ---, ---, ---, ---, ---, ---, ---, ---, ---, ---, ---, ---, ---, ---, ---, ---, ---, ---, ---, ---, ---, ---, ---, ---, ---, ---, ---, ---, ---, ---, ---, ---, ---, ---, ---, ---, 
[2021-10-16T00:44:00.858+0400][gc,stats      ]     S: Synchronizer Roots             0 us, workers (us):   0, ---, ---, ---, ---, ---, ---, ---, ---, ---, ---, ---, ---, ---, ---, ---, ---, ---, ---, ---, ---, ---, ---, ---, ---, ---, ---, ---, ---, ---, ---, ---, ---, ---, ---, ---, ---, ---, ---, ---, ---, ---, ---, ---, ---, ---, ---, ---, ---, ---, ---, ---, ---, ---, ---, ---, 
[2021-10-16T00:44:00.858+0400][gc,stats      ]     S: Management Roots               1 us, workers (us): ---,   1, ---, ---, ---, ---, ---, ---, ---, ---, ---, ---, ---, ---, ---, ---, ---, ---, ---, ---, ---, ---, ---, ---, ---, ---, ---, ---, ---, ---, ---, ---, ---, ---, ---, ---, ---, ---, ---, ---, ---, ---, ---, ---, ---, ---, ---, ---, ---, ---, ---, ---, ---, ---, ---, ---, 
[2021-10-16T00:44:00.858+0400][gc,stats      ]     S: System Dict Roots              3 us, workers (us):   3, ---, ---, ---, ---, ---, ---, ---, ---, ---, ---, ---, ---, ---, ---, ---, ---, ---, ---, ---, ---, ---, ---, ---, ---, ---, ---, ---, ---, ---, ---, ---, ---, ---, ---, ---, ---, ---, ---, ---, ---, ---, ---, ---, ---, ---, ---, ---, ---, ---, ---, ---, ---, ---, ---, ---, 
[2021-10-16T00:44:00.858+0400][gc,stats      ]     S: CLDG Roots                115913 us, workers (us): 4216, 4215, 4171, 4156, 4128, 4124, 4124, 4110, 4484, 4108, 4108, 4108, 4240, 4245, 4107, 4106, 4107, 4105, 4106, 4104, 4104, 4104, 4103, 4103, 4104, 4086, 4086, 4050, ---, ---, ---, ---, ---, ---, ---, ---, ---, ---, ---, ---, ---, ---, ---, ---, ---, ---, ---, ---, ---, ---, ---, ---, ---, ---, ---, ---, 
[2021-10-16T00:44:00.858+0400][gc,stats      ]     S: JVMTI Roots                    1 us, workers (us): ---,   1, ---, ---, ---, ---, ---, ---, ---, ---, ---, ---, ---, ---, ---, ---, ---, ---, ---, ---, ---, ---, ---, ---, ---, ---, ---, ---, ---, ---, ---, ---, ---, ---, ---, ---, ---, ---, ---, ---, ---, ---, ---, ---, ---, ---, ---, ---, ---, ---, ---, ---, ---, ---, ---, ---, 
[2021-10-16T00:44:00.858+0400][gc,stats      ]   Resize TLABs                        4 us
[2021-10-16T00:44:00.858+0400][gc,stats      ] Concurrent Marking                16893 us
[2021-10-16T00:44:00.858+0400][gc,stats      ] Pause Final Mark (G)               1281 us
[2021-10-16T00:44:00.858+0400][gc,stats      ] Pause Final Mark (N)               1061 us
[2021-10-16T00:44:00.858+0400][gc,stats      ]   Finish Queues                     591 us
[2021-10-16T00:44:00.858+0400][gc,stats      ]   System Purge                      139 us
[2021-10-16T00:44:00.858+0400][gc,stats      ]     Weak Roots                      138 us
[2021-10-16T00:44:00.858+0400][gc,stats      ]   Update Region States              121 us
[2021-10-16T00:44:00.858+0400][gc,stats      ]   Retire TLABs                       18 us
[2021-10-16T00:44:00.858+0400][gc,stats      ]   Choose Collection Set             129 us
[2021-10-16T00:44:00.858+0400][gc,stats      ]   Rebuild Free Set                   43 us
[2021-10-16T00:44:00.858+0400][gc,stats      ] Concurrent Cleanup                  639 us
[2021-10-16T00:44:00.858+0400][gc,stats      ] 
[2021-10-16T00:44:00.858+0400][gc,stats      ] Allocation pacing accrued:
[2021-10-16T00:44:00.858+0400][gc,stats      ]       0 of  1580 ms (  0.0%): <total>
[2021-10-16T00:44:00.858+0400][gc,stats      ]       0 of  1580 ms (  0.0%): <average total>
[2021-10-16T00:44:00.858+0400][gc,stats      ] 
[2021-10-16T00:44:00.858+0400][gc,metaspace  ] Metaspace: 93360K->93360K(1142784K)
[2021-10-16T00:44:00.858+0400][gc,ergo       ] Pacer for Idle. Initial: 204M, Alloc Tax Rate: 1.0x
[2021-10-16T00:44:02.391+0400][gc            ] Trigger: Free (1021M) is below minimum threshold (1023M)
[2021-10-16T00:44:02.391+0400][gc,ergo       ] Free: 1021M, Max: 4096K regular, 896M humongous, Frag: 12% external, 1% internal; Reserve: 512M, Max: 4096K
[2021-10-16T00:44:02.391+0400][gc,start      ] GC(60) Concurrent reset
[2021-10-16T00:44:02.391+0400][gc,task       ] GC(60) Using 28 of 56 workers for concurrent reset
[2021-10-16T00:44:02.391+0400][gc,ergo       ] GC(60) Pacer for Reset. Non-Taxable: 10240M
[2021-10-16T00:44:02.392+0400][gc            ] GC(60) Concurrent reset 0.670ms
[2021-10-16T00:44:02.392+0400][gc,start      ] GC(60) Pause Init Mark (process weakrefs)
[2021-10-16T00:44:02.392+0400][gc,task       ] GC(60) Using 56 of 56 workers for init marking
[2021-10-16T00:44:02.399+0400][gc,ergo       ] GC(60) Pacer for Mark. Expected Live: 102M, Free: 1021M, Non-Taxable: 102M, Alloc Tax Rate: 0.1x
[2021-10-16T00:44:02.399+0400][gc            ] GC(60) Pause Init Mark (process weakrefs) 6.669ms
[2021-10-16T00:44:02.399+0400][gc,start      ] GC(60) Concurrent marking (process weakrefs)
[2021-10-16T00:44:02.399+0400][gc,task       ] GC(60) Using 28 of 56 workers for concurrent marking
[2021-10-16T00:44:02.415+0400][gc            ] GC(60) Concurrent marking (process weakrefs) 16.320ms
[2021-10-16T00:44:02.416+0400][gc,start      ] GC(60) Concurrent precleaning
[2021-10-16T00:44:02.416+0400][gc,task       ] GC(60) Using 1 of 56 workers for concurrent preclean
[2021-10-16T00:44:02.416+0400][gc,ergo       ] GC(60) Pacer for Precleaning. Non-Taxable: 10240M
[2021-10-16T00:44:02.417+0400][gc            ] GC(60) Concurrent precleaning 1.777ms
[2021-10-16T00:44:02.418+0400][gc,start      ] GC(60) Pause Final Mark (process weakrefs)
[2021-10-16T00:44:02.418+0400][gc,task       ] GC(60) Using 56 of 56 workers for final marking
[2021-10-16T00:44:02.418+0400][gc,ergo       ] GC(60) Collectable Garbage: 7960M (92%), Immediate: 7960M (92%), CSet: 0B (0%)
[2021-10-16T00:44:02.418+0400][gc            ] GC(60) Pause Final Mark (process weakrefs) 0.973ms
[2021-10-16T00:44:02.419+0400][gc,start      ] GC(60) Concurrent cleanup
[2021-10-16T00:44:02.419+0400][gc            ] GC(60) Concurrent cleanup 8810M->890M(10240M) 0.343ms
[2021-10-16T00:44:02.419+0400][gc,ergo       ] GC(60) Free: 8837M, Max: 4096K regular, 2712M humongous, Frag: 70% external, 0% internal; Reserve: 512M, Max: 4096K
[2021-10-16T00:44:02.419+0400][gc,ergo       ] Free: 8837M, Max: 4096K regular, 2712M humongous, Frag: 70% external, 0% internal; Reserve: 512M, Max: 4096K
[2021-10-16T00:44:02.419+0400][gc,stats      ] 
[2021-10-16T00:44:02.419+0400][gc,stats      ] All times are wall-clock times, except per-root-class counters, that are sum over
[2021-10-16T00:44:02.419+0400][gc,stats      ] all workers. Dividing the <total> over the root stage time estimates parallelism.
[2021-10-16T00:44:02.419+0400][gc,stats      ] 
[2021-10-16T00:44:02.419+0400][gc,stats      ] Concurrent Reset                    651 us
[2021-10-16T00:44:02.419+0400][gc,stats      ] Pause Init Mark (G)                7024 us
[2021-10-16T00:44:02.419+0400][gc,stats      ] Pause Init Mark (N)                6618 us
[2021-10-16T00:44:02.419+0400][gc,stats      ]   Accumulate Stats                    6 us
[2021-10-16T00:44:02.419+0400][gc,stats      ]   Make Parsable                      20 us
[2021-10-16T00:44:02.419+0400][gc,stats      ]   Update Region States              162 us
[2021-10-16T00:44:02.419+0400][gc,stats      ]   Scan Roots                       6356 us, parallelism: 20.94x
[2021-10-16T00:44:02.419+0400][gc,stats      ]     S: <total>                   133088 us
[2021-10-16T00:44:02.419+0400][gc,stats      ]     S: Thread Roots                 730 us, workers (us):   1,   1,   3,   1,   2,   2,   2,   2,   2,   2,   3,   2,   2,   2,   2,   2,   2,   1,   3,   2,   2,   3,   2,   2,   2,   2,   1,  79,  75,   1,  62,  68,  62,  61,  24,  71,  61,  54,  53,   3,   0,   0,   0,   0,   0,   0,   0,   0,   0,   0,   0,   0,   0,   0,   0,   0, 
[2021-10-16T00:44:02.419+0400][gc,stats      ]     S: Universe Roots                 2 us, workers (us):   2, ---, ---, ---, ---, ---, ---, ---, ---, ---, ---, ---, ---, ---, ---, ---, ---, ---, ---, ---, ---, ---, ---, ---, ---, ---, ---, ---, ---, ---, ---, ---, ---, ---, ---, ---, ---, ---, ---, ---, ---, ---, ---, ---, ---, ---, ---, ---, ---, ---, ---, ---, ---, ---, ---, ---, 
[2021-10-16T00:44:02.419+0400][gc,stats      ]     S: JNI Handles Roots              2 us, workers (us):   2, ---, ---, ---, ---, ---, ---, ---, ---, ---, ---, ---, ---, ---, ---, ---, ---, ---, ---, ---, ---, ---, ---, ---, ---, ---, ---, ---, ---, ---, ---, ---, ---, ---, ---, ---, ---, ---, ---, ---, ---, ---, ---, ---, ---, ---, ---, ---, ---, ---, ---, ---, ---, ---, ---, ---, 
[2021-10-16T00:44:02.419+0400][gc,stats      ]     S: Synchronizer Roots             0 us, workers (us):   0, ---, ---, ---, ---, ---, ---, ---, ---, ---, ---, ---, ---, ---, ---, ---, ---, ---, ---, ---, ---, ---, ---, ---, ---, ---, ---, ---, ---, ---, ---, ---, ---, ---, ---, ---, ---, ---, ---, ---, ---, ---, ---, ---, ---, ---, ---, ---, ---, ---, ---, ---, ---, ---, ---, ---, 
[2021-10-16T00:44:02.419+0400][gc,stats      ]     S: Management Roots               1 us, workers (us):   1, ---, ---, ---, ---, ---, ---, ---, ---, ---, ---, ---, ---, ---, ---, ---, ---, ---, ---, ---, ---, ---, ---, ---, ---, ---, ---, ---, ---, ---, ---, ---, ---, ---, ---, ---, ---, ---, ---, ---, ---, ---, ---, ---, ---, ---, ---, ---, ---, ---, ---, ---, ---, ---, ---, ---, 
[2021-10-16T00:44:02.419+0400][gc,stats      ]     S: System Dict Roots              4 us, workers (us):   4, ---, ---, ---, ---, ---, ---, ---, ---, ---, ---, ---, ---, ---, ---, ---, ---, ---, ---, ---, ---, ---, ---, ---, ---, ---, ---, ---, ---, ---, ---, ---, ---, ---, ---, ---, ---, ---, ---, ---, ---, ---, ---, ---, ---, ---, ---, ---, ---, ---, ---, ---, ---, ---, ---, ---, 
[2021-10-16T00:44:02.419+0400][gc,stats      ]     S: CLDG Roots                132348 us, workers (us): 4809, 4803, 4788, 4833, 4724, 4703, 4703, 4702, 4702, 4700, 4701, 4702, 4699, 4698, 4699, 4697, 4697, 5062, 4698, 4695, 4696, 4694, 4694, 4694, 4694, 4768, 4647, ---, ---, 4645, ---, ---, ---, ---, ---, ---, ---, ---, ---, ---, ---, ---, ---, ---, ---, ---, ---, ---, ---, ---, ---, ---, ---, ---, ---, ---, 
[2021-10-16T00:44:02.419+0400][gc,stats      ]     S: JVMTI Roots                    0 us, workers (us):   0, ---, ---, ---, ---, ---, ---, ---, ---, ---, ---, ---, ---, ---, ---, ---, ---, ---, ---, ---, ---, ---, ---, ---, ---, ---, ---, ---, ---, ---, ---, ---, ---, ---, ---, ---, ---, ---, ---, ---, ---, ---, ---, ---, ---, ---, ---, ---, ---, ---, ---, ---, ---, ---, ---, ---, 
[2021-10-16T00:44:02.419+0400][gc,stats      ]   Resize TLABs                        5 us
[2021-10-16T00:44:02.419+0400][gc,stats      ] Concurrent Marking                16272 us
[2021-10-16T00:44:02.419+0400][gc,stats      ] Concurrent Precleaning             1765 us
[2021-10-16T00:44:02.419+0400][gc,stats      ] Pause Final Mark (G)               1193 us
[2021-10-16T00:44:02.419+0400][gc,stats      ] Pause Final Mark (N)                952 us
[2021-10-16T00:44:02.419+0400][gc,stats      ]   Finish Queues                     612 us
[2021-10-16T00:44:02.419+0400][gc,stats      ]   Weak References                    27 us
[2021-10-16T00:44:02.419+0400][gc,stats      ]     Process                          22 us
[2021-10-16T00:44:02.419+0400][gc,stats      ]   System Purge                      119 us
[2021-10-16T00:44:02.419+0400][gc,stats      ]     Weak Roots                      119 us
[2021-10-16T00:44:02.419+0400][gc,stats      ]   Update Region States               83 us
[2021-10-16T00:44:02.419+0400][gc,stats      ]   Retire TLABs                       15 us
[2021-10-16T00:44:02.419+0400][gc,stats      ]   Choose Collection Set              67 us
[2021-10-16T00:44:02.419+0400][gc,stats      ]   Rebuild Free Set                   20 us
[2021-10-16T00:44:02.419+0400][gc,stats      ] Concurrent Cleanup                  325 us
[2021-10-16T00:44:02.419+0400][gc,stats      ] 
[2021-10-16T00:44:02.419+0400][gc,stats      ] Allocation pacing accrued:
[2021-10-16T00:44:02.419+0400][gc,stats      ]       0 of  1561 ms (  0.0%): <total>
[2021-10-16T00:44:02.419+0400][gc,stats      ]       0 of  1561 ms (  0.0%): <average total>
[2021-10-16T00:44:02.419+0400][gc,stats      ] 
[2021-10-16T00:44:02.419+0400][gc,metaspace  ] Metaspace: 93360K->93360K(1142784K)
[2021-10-16T00:44:02.419+0400][gc,ergo       ] Pacer for Idle. Initial: 204M, Alloc Tax Rate: 1.0x
[2021-10-16T00:44:03.967+0400][gc            ] Trigger: Free (1005M) is below minimum threshold (1023M)
[2021-10-16T00:44:03.967+0400][gc,ergo       ] Free: 1005M, Max: 4096K regular, 984M humongous, Frag: 2% external, 1% internal; Reserve: 512M, Max: 4096K
[2021-10-16T00:44:03.967+0400][gc,start      ] GC(61) Concurrent reset
[2021-10-16T00:44:03.967+0400][gc,task       ] GC(61) Using 28 of 56 workers for concurrent reset
[2021-10-16T00:44:03.967+0400][gc,ergo       ] GC(61) Pacer for Reset. Non-Taxable: 10240M
[2021-10-16T00:44:03.968+0400][gc            ] GC(61) Concurrent reset 0.754ms
[2021-10-16T00:44:03.969+0400][gc,start      ] GC(61) Pause Init Mark
[2021-10-16T00:44:03.969+0400][gc,task       ] GC(61) Using 56 of 56 workers for init marking
[2021-10-16T00:44:03.985+0400][gc,ergo       ] GC(61) Pacer for Mark. Expected Live: 102M, Free: 1005M, Non-Taxable: 100M, Alloc Tax Rate: 0.1x
[2021-10-16T00:44:03.985+0400][gc            ] GC(61) Pause Init Mark 16.292ms
[2021-10-16T00:44:03.985+0400][gc,start      ] GC(61) Concurrent marking
[2021-10-16T00:44:03.985+0400][gc,task       ] GC(61) Using 28 of 56 workers for concurrent marking
[2021-10-16T00:44:04.000+0400][gc            ] GC(61) Concurrent marking 15.084ms
[2021-10-16T00:44:04.000+0400][gc,start      ] GC(61) Pause Final Mark
[2021-10-16T00:44:04.000+0400][gc,task       ] GC(61) Using 56 of 56 workers for final marking
[2021-10-16T00:44:04.001+0400][gc,ergo       ] GC(61) Collectable Garbage: 7976M (92%), Immediate: 7976M (92%), CSet: 0B (0%)
[2021-10-16T00:44:04.001+0400][gc            ] GC(61) Pause Final Mark 0.914ms
[2021-10-16T00:44:04.001+0400][gc,start      ] GC(61) Concurrent cleanup
[2021-10-16T00:44:04.002+0400][gc            ] GC(61) Concurrent cleanup 8794M->862M(10240M) 0.655ms
[2021-10-16T00:44:04.002+0400][gc,ergo       ] GC(61) Free: 8865M, Max: 4096K regular, 2712M humongous, Frag: 70% external, 0% internal; Reserve: 512M, Max: 4096K
[2021-10-16T00:44:04.002+0400][gc,ergo       ] Free: 8865M, Max: 4096K regular, 2712M humongous, Frag: 70% external, 0% internal; Reserve: 512M, Max: 4096K
[2021-10-16T00:44:04.002+0400][gc,stats      ] 
[2021-10-16T00:44:04.002+0400][gc,stats      ] All times are wall-clock times, except per-root-class counters, that are sum over
[2021-10-16T00:44:04.002+0400][gc,stats      ] all workers. Dividing the <total> over the root stage time estimates parallelism.
[2021-10-16T00:44:04.002+0400][gc,stats      ] 
[2021-10-16T00:44:04.002+0400][gc,stats      ] Concurrent Reset                    719 us
[2021-10-16T00:44:04.002+0400][gc,stats      ] Pause Init Mark (G)               16706 us
[2021-10-16T00:44:04.002+0400][gc,stats      ] Pause Init Mark (N)               16239 us
[2021-10-16T00:44:04.002+0400][gc,stats      ]   Accumulate Stats                    6 us
[2021-10-16T00:44:04.002+0400][gc,stats      ]   Make Parsable                      59 us
[2021-10-16T00:44:04.002+0400][gc,stats      ]   Update Region States              169 us
[2021-10-16T00:44:04.002+0400][gc,stats      ]   Scan Roots                      15960 us, parallelism: 9.37x
[2021-10-16T00:44:04.002+0400][gc,stats      ]     S: <total>                   149521 us
[2021-10-16T00:44:04.002+0400][gc,stats      ]     S: Thread Roots                 955 us, workers (us):   1,   1,   2,   2,   3,   1,   1,   2,   5,   2,   3,   2,   6,   2,   6,   2,   2,   2,   5,   3,   3,   2,   2,   1,   3,   1,   1,  62,   1,  46,  82,  74,  74,  73,  82,  73,  73,  73,  71,  45,  49,  10,   0,   0,   0,   0,   0,   0,   0,   0,   0,   0,   0,   0,   0,   2, 
[2021-10-16T00:44:04.002+0400][gc,stats      ]     S: Universe Roots                11 us, workers (us):  11, ---, ---, ---, ---, ---, ---, ---, ---, ---, ---, ---, ---, ---, ---, ---, ---, ---, ---, ---, ---, ---, ---, ---, ---, ---, ---, ---, ---, ---, ---, ---, ---, ---, ---, ---, ---, ---, ---, ---, ---, ---, ---, ---, ---, ---, ---, ---, ---, ---, ---, ---, ---, ---, ---, ---, 
[2021-10-16T00:44:04.002+0400][gc,stats      ]     S: JNI Handles Roots             18 us, workers (us):  18, ---, ---, ---, ---, ---, ---, ---, ---, ---, ---, ---, ---, ---, ---, ---, ---, ---, ---, ---, ---, ---, ---, ---, ---, ---, ---, ---, ---, ---, ---, ---, ---, ---, ---, ---, ---, ---, ---, ---, ---, ---, ---, ---, ---, ---, ---, ---, ---, ---, ---, ---, ---, ---, ---, ---, 
[2021-10-16T00:44:04.002+0400][gc,stats      ]     S: Synchronizer Roots             0 us, workers (us): ---,   0, ---, ---, ---, ---, ---, ---, ---, ---, ---, ---, ---, ---, ---, ---, ---, ---, ---, ---, ---, ---, ---, ---, ---, ---, ---, ---, ---, ---, ---, ---, ---, ---, ---, ---, ---, ---, ---, ---, ---, ---, ---, ---, ---, ---, ---, ---, ---, ---, ---, ---, ---, ---, ---, ---, 
[2021-10-16T00:44:04.002+0400][gc,stats      ]     S: Management Roots               1 us, workers (us): ---,   1, ---, ---, ---, ---, ---, ---, ---, ---, ---, ---, ---, ---, ---, ---, ---, ---, ---, ---, ---, ---, ---, ---, ---, ---, ---, ---, ---, ---, ---, ---, ---, ---, ---, ---, ---, ---, ---, ---, ---, ---, ---, ---, ---, ---, ---, ---, ---, ---, ---, ---, ---, ---, ---, ---, 
[2021-10-16T00:44:04.002+0400][gc,stats      ]     S: System Dict Roots             10 us, workers (us): ---,  10, ---, ---, ---, ---, ---, ---, ---, ---, ---, ---, ---, ---, ---, ---, ---, ---, ---, ---, ---, ---, ---, ---, ---, ---, ---, ---, ---, ---, ---, ---, ---, ---, ---, ---, ---, ---, ---, ---, ---, ---, ---, ---, ---, ---, ---, ---, ---, ---, ---, ---, ---, ---, ---, ---, 
[2021-10-16T00:44:04.002+0400][gc,stats      ]     S: CLDG Roots                148524 us, workers (us): 5325, 5336, 5336, 5306, 5292, 5291, 5617, 5277, 5277, 5275, 5276, 5274, 5274, 5275, 5275, 5273, 5275, 5273, 5532, 5273, 5271, 5273, 5272, 5485, 5230, 5221, 5221, ---, 5220, ---, ---, ---, ---, ---, ---, ---, ---, ---, ---, ---, ---, ---, ---, ---, ---, ---, ---, ---, ---, ---, ---, ---, ---, ---, ---, ---, 
[2021-10-16T00:44:04.002+0400][gc,stats      ]     S: JVMTI Roots                    1 us, workers (us): ---, ---,   1, ---, ---, ---, ---, ---, ---, ---, ---, ---, ---, ---, ---, ---, ---, ---, ---, ---, ---, ---, ---, ---, ---, ---, ---, ---, ---, ---, ---, ---, ---, ---, ---, ---, ---, ---, ---, ---, ---, ---, ---, ---, ---, ---, ---, ---, ---, ---, ---, ---, ---, ---, ---, ---, 
[2021-10-16T00:44:04.002+0400][gc,stats      ]   Resize TLABs                        3 us
[2021-10-16T00:44:04.002+0400][gc,stats      ] Concurrent Marking                15033 us
[2021-10-16T00:44:04.002+0400][gc,stats      ] Pause Final Mark (G)               1050 us
[2021-10-16T00:44:04.003+0400][gc,stats      ] Pause Final Mark (N)                893 us
[2021-10-16T00:44:04.003+0400][gc,stats      ]   Finish Queues                     566 us
[2021-10-16T00:44:04.003+0400][gc,stats      ]   System Purge                      150 us
[2021-10-16T00:44:04.003+0400][gc,stats      ]     Weak Roots                      150 us
[2021-10-16T00:44:04.003+0400][gc,stats      ]   Update Region States               84 us
[2021-10-16T00:44:04.003+0400][gc,stats      ]   Retire TLABs                       13 us
[2021-10-16T00:44:04.003+0400][gc,stats      ]   Choose Collection Set              61 us
[2021-10-16T00:44:04.003+0400][gc,stats      ]   Rebuild Free Set                   12 us
[2021-10-16T00:44:04.003+0400][gc,stats      ] Concurrent Cleanup                  620 us
[2021-10-16T00:44:04.003+0400][gc,stats      ] 
[2021-10-16T00:44:04.003+0400][gc,stats      ] Allocation pacing accrued:
[2021-10-16T00:44:04.003+0400][gc,stats      ]       0 of  1583 ms (  0.0%): <total>
[2021-10-16T00:44:04.003+0400][gc,stats      ]       0 of  1583 ms (  0.0%): <average total>
[2021-10-16T00:44:04.003+0400][gc,stats      ] 
[2021-10-16T00:44:04.003+0400][gc,metaspace  ] Metaspace: 93360K->93360K(1142784K)
[2021-10-16T00:44:04.003+0400][gc,ergo       ] Pacer for Idle. Initial: 204M, Alloc Tax Rate: 1.0x
[2021-10-16T00:44:05.576+0400][gc            ] Trigger: Free (1021M) is below minimum threshold (1023M)
[2021-10-16T00:44:05.576+0400][gc,ergo       ] Free: 1021M, Max: 4096K regular, 920M humongous, Frag: 10% external, 1% internal; Reserve: 512M, Max: 4096K
[2021-10-16T00:44:05.576+0400][gc,start      ] GC(62) Concurrent reset
[2021-10-16T00:44:05.576+0400][gc,task       ] GC(62) Using 28 of 56 workers for concurrent reset
[2021-10-16T00:44:05.576+0400][gc,ergo       ] GC(62) Pacer for Reset. Non-Taxable: 10240M
[2021-10-16T00:44:05.577+0400][gc            ] GC(62) Concurrent reset 0.608ms
[2021-10-16T00:44:05.577+0400][gc,start      ] GC(62) Pause Init Mark
[2021-10-16T00:44:05.577+0400][gc,task       ] GC(62) Using 56 of 56 workers for init marking
[2021-10-16T00:44:05.584+0400][gc,ergo       ] GC(62) Pacer for Mark. Expected Live: 102M, Free: 1017M, Non-Taxable: 101M, Alloc Tax Rate: 0.1x
[2021-10-16T00:44:05.584+0400][gc            ] GC(62) Pause Init Mark 6.356ms
[2021-10-16T00:44:05.584+0400][gc,start      ] GC(62) Concurrent marking
[2021-10-16T00:44:05.584+0400][gc,task       ] GC(62) Using 28 of 56 workers for concurrent marking
[2021-10-16T00:44:05.600+0400][gc            ] GC(62) Concurrent marking 16.084ms
[2021-10-16T00:44:05.600+0400][gc,start      ] GC(62) Pause Final Mark
[2021-10-16T00:44:05.600+0400][gc,task       ] GC(62) Using 56 of 56 workers for final marking
[2021-10-16T00:44:05.600+0400][gc,ergo       ] GC(62) Collectable Garbage: 7920M (91%), Immediate: 7920M (91%), CSet: 0B (0%)
[2021-10-16T00:44:05.601+0400][gc            ] GC(62) Pause Final Mark 0.671ms
[2021-10-16T00:44:05.601+0400][gc,start      ] GC(62) Concurrent cleanup
[2021-10-16T00:44:05.601+0400][gc            ] GC(62) Concurrent cleanup 8806M->926M(10240M) 0.310ms
[2021-10-16T00:44:05.601+0400][gc,ergo       ] GC(62) Free: 8801M, Max: 4096K regular, 2712M humongous, Frag: 70% external, 0% internal; Reserve: 512M, Max: 4096K
[2021-10-16T00:44:05.601+0400][gc,ergo       ] Free: 8801M, Max: 4096K regular, 2712M humongous, Frag: 70% external, 0% internal; Reserve: 512M, Max: 4096K
[2021-10-16T00:44:05.601+0400][gc,stats      ] 
[2021-10-16T00:44:05.601+0400][gc,stats      ] All times are wall-clock times, except per-root-class counters, that are sum over
[2021-10-16T00:44:05.601+0400][gc,stats      ] all workers. Dividing the <total> over the root stage time estimates parallelism.
[2021-10-16T00:44:05.601+0400][gc,stats      ] 
[2021-10-16T00:44:05.601+0400][gc,stats      ] Concurrent Reset                    588 us
[2021-10-16T00:44:05.601+0400][gc,stats      ] Pause Init Mark (G)                6698 us
[2021-10-16T00:44:05.601+0400][gc,stats      ] Pause Init Mark (N)                6308 us
[2021-10-16T00:44:05.601+0400][gc,stats      ]   Accumulate Stats                    6 us
[2021-10-16T00:44:05.601+0400][gc,stats      ]   Make Parsable                      18 us
[2021-10-16T00:44:05.601+0400][gc,stats      ]   Update Region States              169 us
[2021-10-16T00:44:05.601+0400][gc,stats      ]   Scan Roots                       6048 us, parallelism: 21.75x
[2021-10-16T00:44:05.601+0400][gc,stats      ]     S: <total>                   131556 us
[2021-10-16T00:44:05.601+0400][gc,stats      ]     S: Thread Roots                 765 us, workers (us):   1,   2,   1,   2,   2,   2,   2,   2,   1,   2,   1,   1,   1,   0,   1,   2,   2,   2,   1,   2,   2,   2,   2,   2,   3,   2,   2,   2,  62,  46,  33,  62,  57,  57,  63,  67,  32,  60,  67,  58,  49,   0,   1,   0,   0,   0,   0,   0,   0,   0,   0,   0,   0,   0,   0,   0, 
[2021-10-16T00:44:05.601+0400][gc,stats      ]     S: Universe Roots                 2 us, workers (us):   2, ---, ---, ---, ---, ---, ---, ---, ---, ---, ---, ---, ---, ---, ---, ---, ---, ---, ---, ---, ---, ---, ---, ---, ---, ---, ---, ---, ---, ---, ---, ---, ---, ---, ---, ---, ---, ---, ---, ---, ---, ---, ---, ---, ---, ---, ---, ---, ---, ---, ---, ---, ---, ---, ---, ---, 
[2021-10-16T00:44:05.601+0400][gc,stats      ]     S: JNI Handles Roots              1 us, workers (us):   1, ---, ---, ---, ---, ---, ---, ---, ---, ---, ---, ---, ---, ---, ---, ---, ---, ---, ---, ---, ---, ---, ---, ---, ---, ---, ---, ---, ---, ---, ---, ---, ---, ---, ---, ---, ---, ---, ---, ---, ---, ---, ---, ---, ---, ---, ---, ---, ---, ---, ---, ---, ---, ---, ---, ---, 
[2021-10-16T00:44:05.601+0400][gc,stats      ]     S: Synchronizer Roots             0 us, workers (us): ---,   0, ---, ---, ---, ---, ---, ---, ---, ---, ---, ---, ---, ---, ---, ---, ---, ---, ---, ---, ---, ---, ---, ---, ---, ---, ---, ---, ---, ---, ---, ---, ---, ---, ---, ---, ---, ---, ---, ---, ---, ---, ---, ---, ---, ---, ---, ---, ---, ---, ---, ---, ---, ---, ---, ---, 
[2021-10-16T00:44:05.601+0400][gc,stats      ]     S: Management Roots               1 us, workers (us):   1, ---, ---, ---, ---, ---, ---, ---, ---, ---, ---, ---, ---, ---, ---, ---, ---, ---, ---, ---, ---, ---, ---, ---, ---, ---, ---, ---, ---, ---, ---, ---, ---, ---, ---, ---, ---, ---, ---, ---, ---, ---, ---, ---, ---, ---, ---, ---, ---, ---, ---, ---, ---, ---, ---, ---, 
[2021-10-16T00:44:05.601+0400][gc,stats      ]     S: System Dict Roots              9 us, workers (us): ---,   9, ---, ---, ---, ---, ---, ---, ---, ---, ---, ---, ---, ---, ---, ---, ---, ---, ---, ---, ---, ---, ---, ---, ---, ---, ---, ---, ---, ---, ---, ---, ---, ---, ---, ---, ---, ---, ---, ---, ---, ---, ---, ---, ---, ---, ---, ---, ---, ---, ---, ---, ---, ---, ---, ---, 
[2021-10-16T00:44:05.601+0400][gc,stats      ]     S: CLDG Roots                130776 us, workers (us): 4806, 4762, 4882, 4758, 4700, 4699, 4699, 4694, 4685, 4664, 4652, 4652, 4652, 4708, 4652, 4627, 4625, 4626, 4626, 4625, 4624, 4624, 4624, 4623, 4621, 4622, 4623, 4621, ---, ---, ---, ---, ---, ---, ---, ---, ---, ---, ---, ---, ---, ---, ---, ---, ---, ---, ---, ---, ---, ---, ---, ---, ---, ---, ---, ---, 
[2021-10-16T00:44:05.601+0400][gc,stats      ]     S: JVMTI Roots                    1 us, workers (us): ---, ---,   1, ---, ---, ---, ---, ---, ---, ---, ---, ---, ---, ---, ---, ---, ---, ---, ---, ---, ---, ---, ---, ---, ---, ---, ---, ---, ---, ---, ---, ---, ---, ---, ---, ---, ---, ---, ---, ---, ---, ---, ---, ---, ---, ---, ---, ---, ---, ---, ---, ---, ---, ---, ---, ---, 
[2021-10-16T00:44:05.601+0400][gc,stats      ]   Resize TLABs                        4 us
[2021-10-16T00:44:05.601+0400][gc,stats      ] Concurrent Marking                16035 us
[2021-10-16T00:44:05.601+0400][gc,stats      ] Pause Final Mark (G)                754 us
[2021-10-16T00:44:05.601+0400][gc,stats      ] Pause Final Mark (N)                653 us
[2021-10-16T00:44:05.601+0400][gc,stats      ]   Finish Queues                     392 us
[2021-10-16T00:44:05.601+0400][gc,stats      ]   System Purge                      103 us
[2021-10-16T00:44:05.601+0400][gc,stats      ]     Weak Roots                      102 us
[2021-10-16T00:44:05.601+0400][gc,stats      ]   Update Region States               74 us
[2021-10-16T00:44:05.601+0400][gc,stats      ]   Retire TLABs                       13 us
[2021-10-16T00:44:05.601+0400][gc,stats      ]   Choose Collection Set              50 us
[2021-10-16T00:44:05.601+0400][gc,stats      ]   Rebuild Free Set                   13 us
[2021-10-16T00:44:05.601+0400][gc,stats      ] Concurrent Cleanup                  298 us
[2021-10-16T00:44:05.601+0400][gc,stats      ] 
[2021-10-16T00:44:05.601+0400][gc,stats      ] Allocation pacing accrued:
[2021-10-16T00:44:05.601+0400][gc,stats      ]       0 of  1599 ms (  0.0%): <total>
[2021-10-16T00:44:05.601+0400][gc,stats      ]       0 of  1599 ms (  0.0%): <average total>
[2021-10-16T00:44:05.601+0400][gc,stats      ] 
[2021-10-16T00:44:05.601+0400][gc,metaspace  ] Metaspace: 93365K->93365K(1142784K)
[2021-10-16T00:44:05.601+0400][gc,ergo       ] Pacer for Idle. Initial: 204M, Alloc Tax Rate: 1.0x
[2021-10-16T00:44:07.179+0400][gc            ] Trigger: Free (1009M) is below minimum threshold (1023M)
[2021-10-16T00:44:07.179+0400][gc,ergo       ] Free: 1009M, Max: 4096K regular, 912M humongous, Frag: 9% external, 1% internal; Reserve: 512M, Max: 4096K
[2021-10-16T00:44:07.179+0400][gc,start      ] GC(63) Concurrent reset
[2021-10-16T00:44:07.179+0400][gc,task       ] GC(63) Using 28 of 56 workers for concurrent reset
[2021-10-16T00:44:07.179+0400][gc,ergo       ] GC(63) Pacer for Reset. Non-Taxable: 10240M
[2021-10-16T00:44:07.180+0400][gc            ] GC(63) Concurrent reset 0.739ms
[2021-10-16T00:44:07.180+0400][gc,start      ] GC(63) Pause Init Mark
[2021-10-16T00:44:07.180+0400][gc,task       ] GC(63) Using 56 of 56 workers for init marking
[2021-10-16T00:44:07.187+0400][gc,ergo       ] GC(63) Pacer for Mark. Expected Live: 102M, Free: 997M, Non-Taxable: 102101K, Alloc Tax Rate: 0.1x
[2021-10-16T00:44:07.187+0400][gc            ] GC(63) Pause Init Mark 7.321ms
[2021-10-16T00:44:07.187+0400][gc,start      ] GC(63) Concurrent marking
[2021-10-16T00:44:07.187+0400][gc,task       ] GC(63) Using 28 of 56 workers for concurrent marking
[2021-10-16T00:44:07.204+0400][gc            ] GC(63) Concurrent marking 16.627ms
[2021-10-16T00:44:07.204+0400][gc,start      ] GC(63) Pause Final Mark
[2021-10-16T00:44:07.204+0400][gc,task       ] GC(63) Using 56 of 56 workers for final marking
[2021-10-16T00:44:07.205+0400][gc,ergo       ] GC(63) Collectable Garbage: 7944M (92%), Immediate: 7944M (92%), CSet: 0B (0%)
[2021-10-16T00:44:07.205+0400][gc            ] GC(63) Pause Final Mark 0.682ms
[2021-10-16T00:44:07.205+0400][gc,start      ] GC(63) Concurrent cleanup
[2021-10-16T00:44:07.205+0400][gc            ] GC(63) Concurrent cleanup 8810M->910M(10240M) 0.225ms
[2021-10-16T00:44:07.205+0400][gc,ergo       ] GC(63) Free: 8817M, Max: 4096K regular, 2712M humongous, Frag: 70% external, 0% internal; Reserve: 512M, Max: 4096K
[2021-10-16T00:44:07.205+0400][gc,ergo       ] Free: 8817M, Max: 4096K regular, 2712M humongous, Frag: 70% external, 0% internal; Reserve: 512M, Max: 4096K
[2021-10-16T00:44:07.205+0400][gc,stats      ] 
[2021-10-16T00:44:07.205+0400][gc,stats      ] All times are wall-clock times, except per-root-class counters, that are sum over
[2021-10-16T00:44:07.205+0400][gc,stats      ] all workers. Dividing the <total> over the root stage time estimates parallelism.
[2021-10-16T00:44:07.205+0400][gc,stats      ] 
[2021-10-16T00:44:07.205+0400][gc,stats      ] Concurrent Reset                    720 us
[2021-10-16T00:44:07.205+0400][gc,stats      ] Pause Init Mark (G)                7704 us
[2021-10-16T00:44:07.205+0400][gc,stats      ] Pause Init Mark (N)                7261 us
[2021-10-16T00:44:07.205+0400][gc,stats      ]   Accumulate Stats                    6 us
[2021-10-16T00:44:07.205+0400][gc,stats      ]   Make Parsable                      19 us
[2021-10-16T00:44:07.205+0400][gc,stats      ]   Update Region States              145 us
[2021-10-16T00:44:07.205+0400][gc,stats      ]   Scan Roots                       7015 us, parallelism: 21.73x
[2021-10-16T00:44:07.205+0400][gc,stats      ]     S: <total>                   152467 us
[2021-10-16T00:44:07.205+0400][gc,stats      ]     S: Thread Roots                 732 us, workers (us):   1,   1,   3,   3,   2,   2,   1,   2,   2,   1,   1,   1,   1,   1,   2,   2,   2,   2,   2,   2,   3,   3,   2,   2,  73,   2,  58,   2,   2,   3,  73,  75,  74,  72,  61,  51,  47,  41,  48,   2,   2,   2,   0,   0,   0,   0,   0,   0,   0,   0,   0,   0,   0,   0,   0,   2, 
[2021-10-16T00:44:07.205+0400][gc,stats      ]     S: Universe Roots                 2 us, workers (us):   2, ---, ---, ---, ---, ---, ---, ---, ---, ---, ---, ---, ---, ---, ---, ---, ---, ---, ---, ---, ---, ---, ---, ---, ---, ---, ---, ---, ---, ---, ---, ---, ---, ---, ---, ---, ---, ---, ---, ---, ---, ---, ---, ---, ---, ---, ---, ---, ---, ---, ---, ---, ---, ---, ---, ---, 
[2021-10-16T00:44:07.205+0400][gc,stats      ]     S: JNI Handles Roots              2 us, workers (us): ---,   2, ---, ---, ---, ---, ---, ---, ---, ---, ---, ---, ---, ---, ---, ---, ---, ---, ---, ---, ---, ---, ---, ---, ---, ---, ---, ---, ---, ---, ---, ---, ---, ---, ---, ---, ---, ---, ---, ---, ---, ---, ---, ---, ---, ---, ---, ---, ---, ---, ---, ---, ---, ---, ---, ---, 
[2021-10-16T00:44:07.205+0400][gc,stats      ]     S: Synchronizer Roots             0 us, workers (us):   0, ---, ---, ---, ---, ---, ---, ---, ---, ---, ---, ---, ---, ---, ---, ---, ---, ---, ---, ---, ---, ---, ---, ---, ---, ---, ---, ---, ---, ---, ---, ---, ---, ---, ---, ---, ---, ---, ---, ---, ---, ---, ---, ---, ---, ---, ---, ---, ---, ---, ---, ---, ---, ---, ---, ---, 
[2021-10-16T00:44:07.205+0400][gc,stats      ]     S: Management Roots              12 us, workers (us): ---,  12, ---, ---, ---, ---, ---, ---, ---, ---, ---, ---, ---, ---, ---, ---, ---, ---, ---, ---, ---, ---, ---, ---, ---, ---, ---, ---, ---, ---, ---, ---, ---, ---, ---, ---, ---, ---, ---, ---, ---, ---, ---, ---, ---, ---, ---, ---, ---, ---, ---, ---, ---, ---, ---, ---, 
[2021-10-16T00:44:07.205+0400][gc,stats      ]     S: System Dict Roots              4 us, workers (us):   4, ---, ---, ---, ---, ---, ---, ---, ---, ---, ---, ---, ---, ---, ---, ---, ---, ---, ---, ---, ---, ---, ---, ---, ---, ---, ---, ---, ---, ---, ---, ---, ---, ---, ---, ---, ---, ---, ---, ---, ---, ---, ---, ---, ---, ---, ---, ---, ---, ---, ---, ---, ---, ---, ---, ---, 
[2021-10-16T00:44:07.205+0400][gc,stats      ]     S: CLDG Roots                151713 us, workers (us): 5467, 5468, 5471, 5470, 5456, 5456, 5449, 5422, 5395, 5439, 5395, 5393, 5393, 5442, 5379, 5379, 5377, 5377, 5376, 5376, 5375, 5375, 5375, 5374, ---, 5374, ---, 5711, 5373, 5375, ---, ---, ---, ---, ---, ---, ---, ---, ---, ---, ---, ---, ---, ---, ---, ---, ---, ---, ---, ---, ---, ---, ---, ---, ---, ---, 
[2021-10-16T00:44:07.205+0400][gc,stats      ]     S: JVMTI Roots                    1 us, workers (us): ---, ---,   1, ---, ---, ---, ---, ---, ---, ---, ---, ---, ---, ---, ---, ---, ---, ---, ---, ---, ---, ---, ---, ---, ---, ---, ---, ---, ---, ---, ---, ---, ---, ---, ---, ---, ---, ---, ---, ---, ---, ---, ---, ---, ---, ---, ---, ---, ---, ---, ---, ---, ---, ---, ---, ---, 
[2021-10-16T00:44:07.205+0400][gc,stats      ]   Resize TLABs                        5 us
[2021-10-16T00:44:07.205+0400][gc,stats      ] Concurrent Marking                16572 us
[2021-10-16T00:44:07.205+0400][gc,stats      ] Pause Final Mark (G)                848 us
[2021-10-16T00:44:07.205+0400][gc,stats      ] Pause Final Mark (N)                654 us
[2021-10-16T00:44:07.205+0400][gc,stats      ]   Finish Queues                     388 us
[2021-10-16T00:44:07.205+0400][gc,stats      ]   System Purge                      104 us
[2021-10-16T00:44:07.205+0400][gc,stats      ]     Weak Roots                      104 us
[2021-10-16T00:44:07.205+0400][gc,stats      ]   Update Region States               75 us
[2021-10-16T00:44:07.205+0400][gc,stats      ]   Retire TLABs                       12 us
[2021-10-16T00:44:07.205+0400][gc,stats      ]   Choose Collection Set              51 us
[2021-10-16T00:44:07.205+0400][gc,stats      ]   Rebuild Free Set                   12 us
[2021-10-16T00:44:07.205+0400][gc,stats      ] Concurrent Cleanup                  216 us
[2021-10-16T00:44:07.205+0400][gc,stats      ] 
[2021-10-16T00:44:07.205+0400][gc,stats      ] Allocation pacing accrued:
[2021-10-16T00:44:07.205+0400][gc,stats      ]       0 of  1604 ms (  0.0%): <total>
[2021-10-16T00:44:07.205+0400][gc,stats      ]       0 of  1604 ms (  0.0%): <average total>
[2021-10-16T00:44:07.205+0400][gc,stats      ] 
[2021-10-16T00:44:07.205+0400][gc,metaspace  ] Metaspace: 93365K->93365K(1142784K)
[2021-10-16T00:44:07.205+0400][gc,ergo       ] Pacer for Idle. Initial: 204M, Alloc Tax Rate: 1.0x
[2021-10-16T00:44:08.815+0400][gc            ] Trigger: Free (1021M) is below minimum threshold (1023M)
[2021-10-16T00:44:08.815+0400][gc,ergo       ] Free: 1021M, Max: 4096K regular, 904M humongous, Frag: 11% external, 1% internal; Reserve: 512M, Max: 4096K
[2021-10-16T00:44:08.815+0400][gc,start      ] GC(64) Concurrent reset
[2021-10-16T00:44:08.815+0400][gc,task       ] GC(64) Using 28 of 56 workers for concurrent reset
[2021-10-16T00:44:08.815+0400][gc,ergo       ] GC(64) Pacer for Reset. Non-Taxable: 10240M
[2021-10-16T00:44:08.815+0400][gc            ] GC(64) Concurrent reset 0.669ms
[2021-10-16T00:44:08.816+0400][gc,start      ] GC(64) Pause Init Mark
[2021-10-16T00:44:08.816+0400][gc,task       ] GC(64) Using 56 of 56 workers for init marking
[2021-10-16T00:44:08.822+0400][gc,ergo       ] GC(64) Pacer for Mark. Expected Live: 102M, Free: 1017M, Non-Taxable: 101M, Alloc Tax Rate: 0.1x
[2021-10-16T00:44:08.822+0400][gc            ] GC(64) Pause Init Mark 6.597ms
[2021-10-16T00:44:08.822+0400][gc,start      ] GC(64) Concurrent marking
[2021-10-16T00:44:08.822+0400][gc,task       ] GC(64) Using 28 of 56 workers for concurrent marking
[2021-10-16T00:44:08.840+0400][gc            ] GC(64) Concurrent marking 17.604ms
[2021-10-16T00:44:08.840+0400][gc,start      ] GC(64) Pause Final Mark
[2021-10-16T00:44:08.840+0400][gc,task       ] GC(64) Using 56 of 56 workers for final marking
[2021-10-16T00:44:08.841+0400][gc,ergo       ] GC(64) Collectable Garbage: 7920M (92%), Immediate: 7920M (92%), CSet: 0B (0%)
[2021-10-16T00:44:08.841+0400][gc            ] GC(64) Pause Final Mark 0.682ms
[2021-10-16T00:44:08.841+0400][gc,start      ] GC(64) Concurrent cleanup
[2021-10-16T00:44:08.841+0400][gc            ] GC(64) Concurrent cleanup 8802M->922M(10240M) 0.624ms
[2021-10-16T00:44:08.841+0400][gc,ergo       ] GC(64) Free: 8805M, Max: 4096K regular, 2176M humongous, Frag: 76% external, 0% internal; Reserve: 512M, Max: 4096K
[2021-10-16T00:44:08.842+0400][gc,ergo       ] Free: 8805M, Max: 4096K regular, 2176M humongous, Frag: 76% external, 0% internal; Reserve: 512M, Max: 4096K
[2021-10-16T00:44:08.842+0400][gc,stats      ] 
[2021-10-16T00:44:08.842+0400][gc,stats      ] All times are wall-clock times, except per-root-class counters, that are sum over
[2021-10-16T00:44:08.842+0400][gc,stats      ] all workers. Dividing the <total> over the root stage time estimates parallelism.
[2021-10-16T00:44:08.842+0400][gc,stats      ] 
[2021-10-16T00:44:08.842+0400][gc,stats      ] Concurrent Reset                    651 us
[2021-10-16T00:44:08.842+0400][gc,stats      ] Pause Init Mark (G)                6893 us
[2021-10-16T00:44:08.842+0400][gc,stats      ] Pause Init Mark (N)                6529 us
[2021-10-16T00:44:08.842+0400][gc,stats      ]   Accumulate Stats                    7 us
[2021-10-16T00:44:08.842+0400][gc,stats      ]   Make Parsable                      20 us
[2021-10-16T00:44:08.842+0400][gc,stats      ]   Update Region States              152 us
[2021-10-16T00:44:08.842+0400][gc,stats      ]   Scan Roots                       6267 us, parallelism: 21.17x
[2021-10-16T00:44:08.842+0400][gc,stats      ]     S: <total>                   132646 us
[2021-10-16T00:44:08.842+0400][gc,stats      ]     S: Thread Roots                 825 us, workers (us):   1,   2,   3,   3,   2,   2,   1,   2,   2,   3,   3,   3,   2,   2,   1,   1,   1,   1,   1,   2,   2,   2,   2,   2,   2,   1,   2,  39,   1,  27,  25,  12,  12,  10,  57,  66,   9,  59,  63,  28,  57,  59,  57,  63,   2,  56,   2,   2,   2,   4,  54,   0,   0,   0,   0,   1, 
[2021-10-16T00:44:08.842+0400][gc,stats      ]     S: Universe Roots                 4 us, workers (us):   4, ---, ---, ---, ---, ---, ---, ---, ---, ---, ---, ---, ---, ---, ---, ---, ---, ---, ---, ---, ---, ---, ---, ---, ---, ---, ---, ---, ---, ---, ---, ---, ---, ---, ---, ---, ---, ---, ---, ---, ---, ---, ---, ---, ---, ---, ---, ---, ---, ---, ---, ---, ---, ---, ---, ---, 
[2021-10-16T00:44:08.842+0400][gc,stats      ]     S: JNI Handles Roots              4 us, workers (us): ---,   4, ---, ---, ---, ---, ---, ---, ---, ---, ---, ---, ---, ---, ---, ---, ---, ---, ---, ---, ---, ---, ---, ---, ---, ---, ---, ---, ---, ---, ---, ---, ---, ---, ---, ---, ---, ---, ---, ---, ---, ---, ---, ---, ---, ---, ---, ---, ---, ---, ---, ---, ---, ---, ---, ---, 
[2021-10-16T00:44:08.842+0400][gc,stats      ]     S: Synchronizer Roots             0 us, workers (us): ---,   0, ---, ---, ---, ---, ---, ---, ---, ---, ---, ---, ---, ---, ---, ---, ---, ---, ---, ---, ---, ---, ---, ---, ---, ---, ---, ---, ---, ---, ---, ---, ---, ---, ---, ---, ---, ---, ---, ---, ---, ---, ---, ---, ---, ---, ---, ---, ---, ---, ---, ---, ---, ---, ---, ---, 
[2021-10-16T00:44:08.842+0400][gc,stats      ]     S: Management Roots               2 us, workers (us): ---,   2, ---, ---, ---, ---, ---, ---, ---, ---, ---, ---, ---, ---, ---, ---, ---, ---, ---, ---, ---, ---, ---, ---, ---, ---, ---, ---, ---, ---, ---, ---, ---, ---, ---, ---, ---, ---, ---, ---, ---, ---, ---, ---, ---, ---, ---, ---, ---, ---, ---, ---, ---, ---, ---, ---, 
[2021-10-16T00:44:08.842+0400][gc,stats      ]     S: System Dict Roots              9 us, workers (us):   9, ---, ---, ---, ---, ---, ---, ---, ---, ---, ---, ---, ---, ---, ---, ---, ---, ---, ---, ---, ---, ---, ---, ---, ---, ---, ---, ---, ---, ---, ---, ---, ---, ---, ---, ---, ---, ---, ---, ---, ---, ---, ---, ---, ---, ---, ---, ---, ---, ---, ---, ---, ---, ---, ---, ---, 
[2021-10-16T00:44:08.842+0400][gc,stats      ]     S: CLDG Roots                131800 us, workers (us): 4898, 4769, 4766, 4760, 4754, 4741, 5087, 4728, 4712, 4708, 4708, 4707, 4690, 4668, 4657, 4657, 4656, 4657, 4657, 4643, 4642, 4642, 4641, 4641, 4639, 4767, 4620, ---, 4587, ---, ---, ---, ---, ---, ---, ---, ---, ---, ---, ---, ---, ---, ---, ---, ---, ---, ---, ---, ---, ---, ---, ---, ---, ---, ---, ---, 
[2021-10-16T00:44:08.842+0400][gc,stats      ]     S: JVMTI Roots                    1 us, workers (us): ---,   1, ---, ---, ---, ---, ---, ---, ---, ---, ---, ---, ---, ---, ---, ---, ---, ---, ---, ---, ---, ---, ---, ---, ---, ---, ---, ---, ---, ---, ---, ---, ---, ---, ---, ---, ---, ---, ---, ---, ---, ---, ---, ---, ---, ---, ---, ---, ---, ---, ---, ---, ---, ---, ---, ---, 
[2021-10-16T00:44:08.842+0400][gc,stats      ]   Resize TLABs                        6 us
[2021-10-16T00:44:08.842+0400][gc,stats      ] Concurrent Marking                17552 us
[2021-10-16T00:44:08.842+0400][gc,stats      ] Pause Final Mark (G)                796 us
[2021-10-16T00:44:08.842+0400][gc,stats      ] Pause Final Mark (N)                658 us
[2021-10-16T00:44:08.842+0400][gc,stats      ]   Finish Queues                     384 us
[2021-10-16T00:44:08.842+0400][gc,stats      ]   System Purge                      107 us
[2021-10-16T00:44:08.842+0400][gc,stats      ]     Weak Roots                      106 us
[2021-10-16T00:44:08.842+0400][gc,stats      ]   Update Region States               77 us
[2021-10-16T00:44:08.842+0400][gc,stats      ]   Retire TLABs                       11 us
[2021-10-16T00:44:08.842+0400][gc,stats      ]   Choose Collection Set              61 us
[2021-10-16T00:44:08.842+0400][gc,stats      ]   Rebuild Free Set                   12 us
[2021-10-16T00:44:08.842+0400][gc,stats      ] Concurrent Cleanup                  596 us
[2021-10-16T00:44:08.842+0400][gc,stats      ] 
[2021-10-16T00:44:08.842+0400][gc,stats      ] Allocation pacing accrued:
[2021-10-16T00:44:08.842+0400][gc,stats      ]       0 of  1637 ms (  0.0%): <total>
[2021-10-16T00:44:08.842+0400][gc,stats      ]       0 of  1637 ms (  0.0%): <average total>
[2021-10-16T00:44:08.842+0400][gc,stats      ] 
[2021-10-16T00:44:08.842+0400][gc,metaspace  ] Metaspace: 93365K->93365K(1142784K)
[2021-10-16T00:44:08.842+0400][gc,ergo       ] Pacer for Idle. Initial: 204M, Alloc Tax Rate: 1.0x
[2021-10-16T00:44:10.452+0400][gc            ] Trigger: Free (1017M) is below minimum threshold (1023M)
[2021-10-16T00:44:10.452+0400][gc,ergo       ] Free: 1013M, Max: 4096K regular, 988M humongous, Frag: 2% external, 1% internal; Reserve: 512M, Max: 4096K
[2021-10-16T00:44:10.452+0400][gc,start      ] GC(65) Concurrent reset
[2021-10-16T00:44:10.452+0400][gc,task       ] GC(65) Using 28 of 56 workers for concurrent reset
[2021-10-16T00:44:10.452+0400][gc,ergo       ] GC(65) Pacer for Reset. Non-Taxable: 10240M
[2021-10-16T00:44:10.453+0400][gc            ] GC(65) Concurrent reset 0.696ms
[2021-10-16T00:44:10.453+0400][gc,start      ] GC(65) Pause Init Mark (process weakrefs)
[2021-10-16T00:44:10.453+0400][gc,task       ] GC(65) Using 56 of 56 workers for init marking
[2021-10-16T00:44:10.459+0400][gc,ergo       ] GC(65) Pacer for Mark. Expected Live: 102M, Free: 1013M, Non-Taxable: 101M, Alloc Tax Rate: 0.1x
[2021-10-16T00:44:10.459+0400][gc            ] GC(65) Pause Init Mark (process weakrefs) 6.356ms
[2021-10-16T00:44:10.459+0400][gc,start      ] GC(65) Concurrent marking (process weakrefs)
[2021-10-16T00:44:10.459+0400][gc,task       ] GC(65) Using 28 of 56 workers for concurrent marking
[2021-10-16T00:44:10.477+0400][gc            ] GC(65) Concurrent marking (process weakrefs) 17.291ms
[2021-10-16T00:44:10.477+0400][gc,start      ] GC(65) Concurrent precleaning
[2021-10-16T00:44:10.477+0400][gc,task       ] GC(65) Using 1 of 56 workers for concurrent preclean
[2021-10-16T00:44:10.477+0400][gc,ergo       ] GC(65) Pacer for Precleaning. Non-Taxable: 10240M
[2021-10-16T00:44:10.478+0400][gc            ] GC(65) Concurrent precleaning 1.295ms
[2021-10-16T00:44:10.478+0400][gc,start      ] GC(65) Pause Final Mark (process weakrefs)
[2021-10-16T00:44:10.478+0400][gc,task       ] GC(65) Using 56 of 56 workers for final marking
[2021-10-16T00:44:10.479+0400][gc,ergo       ] GC(65) Collectable Garbage: 7924M (92%), Immediate: 7924M (92%), CSet: 0B (0%)
[2021-10-16T00:44:10.479+0400][gc            ] GC(65) Pause Final Mark (process weakrefs) 0.884ms
[2021-10-16T00:44:10.479+0400][gc,start      ] GC(65) Concurrent cleanup
[2021-10-16T00:44:10.479+0400][gc            ] GC(65) Concurrent cleanup 8830M->950M(10240M) 0.249ms
[2021-10-16T00:44:10.479+0400][gc,ergo       ] GC(65) Free: 8777M, Max: 4096K regular, 2176M humongous, Frag: 76% external, 0% internal; Reserve: 512M, Max: 4096K
[2021-10-16T00:44:10.479+0400][gc,ergo       ] Free: 8777M, Max: 4096K regular, 2176M humongous, Frag: 76% external, 0% internal; Reserve: 512M, Max: 4096K
[2021-10-16T00:44:10.479+0400][gc,stats      ] 
[2021-10-16T00:44:10.479+0400][gc,stats      ] All times are wall-clock times, except per-root-class counters, that are sum over
[2021-10-16T00:44:10.479+0400][gc,stats      ] all workers. Dividing the <total> over the root stage time estimates parallelism.
[2021-10-16T00:44:10.479+0400][gc,stats      ] 
[2021-10-16T00:44:10.479+0400][gc,stats      ] Concurrent Reset                    674 us
[2021-10-16T00:44:10.479+0400][gc,stats      ] Pause Init Mark (G)                6720 us
[2021-10-16T00:44:10.479+0400][gc,stats      ] Pause Init Mark (N)                6298 us
[2021-10-16T00:44:10.479+0400][gc,stats      ]   Accumulate Stats                    6 us
[2021-10-16T00:44:10.479+0400][gc,stats      ]   Make Parsable                      21 us
[2021-10-16T00:44:10.479+0400][gc,stats      ]   Update Region States              168 us
[2021-10-16T00:44:10.479+0400][gc,stats      ]   Scan Roots                       6034 us, parallelism: 21.90x
[2021-10-16T00:44:10.479+0400][gc,stats      ]     S: <total>                   132159 us
[2021-10-16T00:44:10.479+0400][gc,stats      ]     S: Thread Roots                 886 us, workers (us):   3,   1,   3,   2,   2,   1,   3,   3,   3,   1,   1,   3,   1,   0,   1,   1,   3,   3,   2,   2,   3,   3,   2,   2,   2,   2,   2,   2,  67,  22,  61,  19,  15,  24,  76,  68,  15,  68,  65,  67,  65,  65,  65,  63,   0,   2,   1,   0,   0,   0,   0,   0,   0,   0,   0,   0, 
[2021-10-16T00:44:10.480+0400][gc,stats      ]     S: Universe Roots                 4 us, workers (us):   4, ---, ---, ---, ---, ---, ---, ---, ---, ---, ---, ---, ---, ---, ---, ---, ---, ---, ---, ---, ---, ---, ---, ---, ---, ---, ---, ---, ---, ---, ---, ---, ---, ---, ---, ---, ---, ---, ---, ---, ---, ---, ---, ---, ---, ---, ---, ---, ---, ---, ---, ---, ---, ---, ---, ---, 
[2021-10-16T00:44:10.480+0400][gc,stats      ]     S: JNI Handles Roots              3 us, workers (us):   3, ---, ---, ---, ---, ---, ---, ---, ---, ---, ---, ---, ---, ---, ---, ---, ---, ---, ---, ---, ---, ---, ---, ---, ---, ---, ---, ---, ---, ---, ---, ---, ---, ---, ---, ---, ---, ---, ---, ---, ---, ---, ---, ---, ---, ---, ---, ---, ---, ---, ---, ---, ---, ---, ---, ---, 
[2021-10-16T00:44:10.480+0400][gc,stats      ]     S: Synchronizer Roots             0 us, workers (us): ---,   0, ---, ---, ---, ---, ---, ---, ---, ---, ---, ---, ---, ---, ---, ---, ---, ---, ---, ---, ---, ---, ---, ---, ---, ---, ---, ---, ---, ---, ---, ---, ---, ---, ---, ---, ---, ---, ---, ---, ---, ---, ---, ---, ---, ---, ---, ---, ---, ---, ---, ---, ---, ---, ---, ---, 
[2021-10-16T00:44:10.480+0400][gc,stats      ]     S: Management Roots               2 us, workers (us):   2, ---, ---, ---, ---, ---, ---, ---, ---, ---, ---, ---, ---, ---, ---, ---, ---, ---, ---, ---, ---, ---, ---, ---, ---, ---, ---, ---, ---, ---, ---, ---, ---, ---, ---, ---, ---, ---, ---, ---, ---, ---, ---, ---, ---, ---, ---, ---, ---, ---, ---, ---, ---, ---, ---, ---, 
[2021-10-16T00:44:10.480+0400][gc,stats      ]     S: System Dict Roots              4 us, workers (us): ---,   4, ---, ---, ---, ---, ---, ---, ---, ---, ---, ---, ---, ---, ---, ---, ---, ---, ---, ---, ---, ---, ---, ---, ---, ---, ---, ---, ---, ---, ---, ---, ---, ---, ---, ---, ---, ---, ---, ---, ---, ---, ---, ---, ---, ---, ---, ---, ---, ---, ---, ---, ---, ---, ---, ---, 
[2021-10-16T00:44:10.480+0400][gc,stats      ]     S: CLDG Roots                131259 us, workers (us): 4784, 4785, 4787, 4769, 4767, 4841, 4726, 4707, 4707, 4664, 4665, 4660, 4658, 4712, 4708, 4657, 4640, 4641, 4640, 4640, 4640, 4640, 4639, 4639, 4638, 4634, 4635, 4635, ---, ---, ---, ---, ---, ---, ---, ---, ---, ---, ---, ---, ---, ---, ---, ---, ---, ---, ---, ---, ---, ---, ---, ---, ---, ---, ---, ---, 
[2021-10-16T00:44:10.480+0400][gc,stats      ]     S: JVMTI Roots                    1 us, workers (us): ---, ---,   1, ---, ---, ---, ---, ---, ---, ---, ---, ---, ---, ---, ---, ---, ---, ---, ---, ---, ---, ---, ---, ---, ---, ---, ---, ---, ---, ---, ---, ---, ---, ---, ---, ---, ---, ---, ---, ---, ---, ---, ---, ---, ---, ---, ---, ---, ---, ---, ---, ---, ---, ---, ---, ---, 
[2021-10-16T00:44:10.480+0400][gc,stats      ]   Resize TLABs                        5 us
[2021-10-16T00:44:10.480+0400][gc,stats      ] Concurrent Marking                17243 us
[2021-10-16T00:44:10.480+0400][gc,stats      ] Concurrent Precleaning             1286 us
[2021-10-16T00:44:10.480+0400][gc,stats      ] Pause Final Mark (G)               1077 us
[2021-10-16T00:44:10.480+0400][gc,stats      ] Pause Final Mark (N)                868 us
[2021-10-16T00:44:10.480+0400][gc,stats      ]   Finish Queues                     568 us
[2021-10-16T00:44:10.480+0400][gc,stats      ]   Weak References                    23 us
[2021-10-16T00:44:10.480+0400][gc,stats      ]     Process                          16 us
[2021-10-16T00:44:10.480+0400][gc,stats      ]   System Purge                      119 us
[2021-10-16T00:44:10.480+0400][gc,stats      ]     Weak Roots                      119 us
[2021-10-16T00:44:10.480+0400][gc,stats      ]   Update Region States               75 us
[2021-10-16T00:44:10.480+0400][gc,stats      ]   Retire TLABs                       13 us
[2021-10-16T00:44:10.480+0400][gc,stats      ]   Choose Collection Set              50 us
[2021-10-16T00:44:10.480+0400][gc,stats      ]   Rebuild Free Set                   14 us
[2021-10-16T00:44:10.480+0400][gc,stats      ] Concurrent Cleanup                  236 us
[2021-10-16T00:44:10.480+0400][gc,stats      ] 
[2021-10-16T00:44:10.480+0400][gc,stats      ] Allocation pacing accrued:
[2021-10-16T00:44:10.480+0400][gc,stats      ]       0 of  1637 ms (  0.0%): <total>
[2021-10-16T00:44:10.480+0400][gc,stats      ]       0 of  1637 ms (  0.0%): <average total>
[2021-10-16T00:44:10.480+0400][gc,stats      ] 
[2021-10-16T00:44:10.480+0400][gc,metaspace  ] Metaspace: 93365K->93365K(1142784K)
[2021-10-16T00:44:10.480+0400][gc,ergo       ] Pacer for Idle. Initial: 204M, Alloc Tax Rate: 1.0x
[2021-10-16T00:44:12.085+0400][gc            ] Trigger: Free (1017M) is below minimum threshold (1023M)
[2021-10-16T00:44:12.085+0400][gc,ergo       ] Free: 1017M, Max: 4096K regular, 884M humongous, Frag: 13% external, 1% internal; Reserve: 512M, Max: 4096K
[2021-10-16T00:44:12.085+0400][gc,start      ] GC(66) Concurrent reset
[2021-10-16T00:44:12.085+0400][gc,task       ] GC(66) Using 28 of 56 workers for concurrent reset
[2021-10-16T00:44:12.085+0400][gc,ergo       ] GC(66) Pacer for Reset. Non-Taxable: 10240M
[2021-10-16T00:44:12.086+0400][gc            ] GC(66) Concurrent reset 0.646ms
[2021-10-16T00:44:12.086+0400][gc,start      ] GC(66) Pause Init Mark
[2021-10-16T00:44:12.086+0400][gc,task       ] GC(66) Using 56 of 56 workers for init marking
[2021-10-16T00:44:12.092+0400][gc,ergo       ] GC(66) Pacer for Mark. Expected Live: 102M, Free: 1009M, Non-Taxable: 100M, Alloc Tax Rate: 0.1x
[2021-10-16T00:44:12.093+0400][gc            ] GC(66) Pause Init Mark 6.712ms
[2021-10-16T00:44:12.093+0400][gc,start      ] GC(66) Concurrent marking
[2021-10-16T00:44:12.093+0400][gc,task       ] GC(66) Using 28 of 56 workers for concurrent marking
[2021-10-16T00:44:12.109+0400][gc            ] GC(66) Concurrent marking 16.517ms
[2021-10-16T00:44:12.109+0400][gc,start      ] GC(66) Pause Final Mark
[2021-10-16T00:44:12.109+0400][gc,task       ] GC(66) Using 56 of 56 workers for final marking
[2021-10-16T00:44:12.110+0400][gc,ergo       ] GC(66) Collectable Garbage: 7924M (91%), Immediate: 7924M (91%), CSet: 0B (0%)
[2021-10-16T00:44:12.110+0400][gc            ] GC(66) Pause Final Mark 0.942ms
[2021-10-16T00:44:12.110+0400][gc,start      ] GC(66) Concurrent cleanup
[2021-10-16T00:44:12.111+0400][gc            ] GC(66) Concurrent cleanup 8798M->914M(10240M) 0.654ms
[2021-10-16T00:44:12.111+0400][gc,ergo       ] GC(66) Free: 8813M, Max: 4096K regular, 2176M humongous, Frag: 76% external, 0% internal; Reserve: 512M, Max: 4096K
[2021-10-16T00:44:12.111+0400][gc,ergo       ] Free: 8813M, Max: 4096K regular, 2176M humongous, Frag: 76% external, 0% internal; Reserve: 512M, Max: 4096K
[2021-10-16T00:44:12.111+0400][gc,stats      ] 
[2021-10-16T00:44:12.111+0400][gc,stats      ] All times are wall-clock times, except per-root-class counters, that are sum over
[2021-10-16T00:44:12.111+0400][gc,stats      ] all workers. Dividing the <total> over the root stage time estimates parallelism.
[2021-10-16T00:44:12.111+0400][gc,stats      ] 
[2021-10-16T00:44:12.111+0400][gc,stats      ] Concurrent Reset                    627 us
[2021-10-16T00:44:12.111+0400][gc,stats      ] Pause Init Mark (G)                7008 us
[2021-10-16T00:44:12.111+0400][gc,stats      ] Pause Init Mark (N)                6651 us
[2021-10-16T00:44:12.111+0400][gc,stats      ]   Accumulate Stats                    6 us
[2021-10-16T00:44:12.111+0400][gc,stats      ]   Make Parsable                      19 us
[2021-10-16T00:44:12.111+0400][gc,stats      ]   Update Region States              149 us
[2021-10-16T00:44:12.111+0400][gc,stats      ]   Scan Roots                       6409 us, parallelism: 21.25x
[2021-10-16T00:44:12.111+0400][gc,stats      ]     S: <total>                   136195 us
[2021-10-16T00:44:12.111+0400][gc,stats      ]     S: Thread Roots                 755 us, workers (us):   2,   1,   3,   3,   1,   2,   2,   2,   1,   1,   2,   2,   2,   2,   2,   1,   1,   1,   1,   1,   2,   3,   2,  36,   2,   2,   1,  48,   2,  66,  68,   2,  60,  67,  75,  60,  60,  36,  43,  44,  32,   0,   0,   0,   0,   0,   0,   0,   0,   2,   2,   2,   0,   2,   2,   2, 
[2021-10-16T00:44:12.111+0400][gc,stats      ]     S: Universe Roots                 4 us, workers (us):   4, ---, ---, ---, ---, ---, ---, ---, ---, ---, ---, ---, ---, ---, ---, ---, ---, ---, ---, ---, ---, ---, ---, ---, ---, ---, ---, ---, ---, ---, ---, ---, ---, ---, ---, ---, ---, ---, ---, ---, ---, ---, ---, ---, ---, ---, ---, ---, ---, ---, ---, ---, ---, ---, ---, ---, 
[2021-10-16T00:44:12.111+0400][gc,stats      ]     S: JNI Handles Roots              4 us, workers (us): ---,   4, ---, ---, ---, ---, ---, ---, ---, ---, ---, ---, ---, ---, ---, ---, ---, ---, ---, ---, ---, ---, ---, ---, ---, ---, ---, ---, ---, ---, ---, ---, ---, ---, ---, ---, ---, ---, ---, ---, ---, ---, ---, ---, ---, ---, ---, ---, ---, ---, ---, ---, ---, ---, ---, ---, 
[2021-10-16T00:44:12.111+0400][gc,stats      ]     S: Synchronizer Roots             1 us, workers (us): ---,   1, ---, ---, ---, ---, ---, ---, ---, ---, ---, ---, ---, ---, ---, ---, ---, ---, ---, ---, ---, ---, ---, ---, ---, ---, ---, ---, ---, ---, ---, ---, ---, ---, ---, ---, ---, ---, ---, ---, ---, ---, ---, ---, ---, ---, ---, ---, ---, ---, ---, ---, ---, ---, ---, ---, 
[2021-10-16T00:44:12.111+0400][gc,stats      ]     S: Management Roots               2 us, workers (us): ---,   2, ---, ---, ---, ---, ---, ---, ---, ---, ---, ---, ---, ---, ---, ---, ---, ---, ---, ---, ---, ---, ---, ---, ---, ---, ---, ---, ---, ---, ---, ---, ---, ---, ---, ---, ---, ---, ---, ---, ---, ---, ---, ---, ---, ---, ---, ---, ---, ---, ---, ---, ---, ---, ---, ---, 
[2021-10-16T00:44:12.111+0400][gc,stats      ]     S: System Dict Roots             10 us, workers (us):  10, ---, ---, ---, ---, ---, ---, ---, ---, ---, ---, ---, ---, ---, ---, ---, ---, ---, ---, ---, ---, ---, ---, ---, ---, ---, ---, ---, ---, ---, ---, ---, ---, ---, ---, ---, ---, ---, ---, ---, ---, ---, ---, ---, ---, ---, ---, ---, ---, ---, ---, ---, ---, ---, ---, ---, 
[2021-10-16T00:44:12.112+0400][gc,stats      ]     S: CLDG Roots                135419 us, workers (us): 4908, 5281, 4916, 4906, 5032, 4893, 4883, 4860, 4839, 4838, 4826, 4824, 4823, 4781, 4779, 4775, 4774, 4773, 4773, 4765, 4754, 4756, 4757, ---, 4755, 4755, 4887, ---, 4753, ---, ---, 4753, ---, ---, ---, ---, ---, ---, ---, ---, ---, ---, ---, ---, ---, ---, ---, ---, ---, ---, ---, ---, ---, ---, ---, ---, 
[2021-10-16T00:44:12.112+0400][gc,stats      ]     S: JVMTI Roots                    1 us, workers (us): ---, ---,   1, ---, ---, ---, ---, ---, ---, ---, ---, ---, ---, ---, ---, ---, ---, ---, ---, ---, ---, ---, ---, ---, ---, ---, ---, ---, ---, ---, ---, ---, ---, ---, ---, ---, ---, ---, ---, ---, ---, ---, ---, ---, ---, ---, ---, ---, ---, ---, ---, ---, ---, ---, ---, ---, 
[2021-10-16T00:44:12.112+0400][gc,stats      ]   Resize TLABs                        4 us
[2021-10-16T00:44:12.112+0400][gc,stats      ] Concurrent Marking                16466 us
[2021-10-16T00:44:12.112+0400][gc,stats      ] Pause Final Mark (G)               1095 us
[2021-10-16T00:44:12.112+0400][gc,stats      ] Pause Final Mark (N)                917 us
[2021-10-16T00:44:12.112+0400][gc,stats      ]   Finish Queues                     611 us
[2021-10-16T00:44:12.112+0400][gc,stats      ]   System Purge                      135 us
[2021-10-16T00:44:12.112+0400][gc,stats      ]     Weak Roots                      135 us
[2021-10-16T00:44:12.112+0400][gc,stats      ]   Update Region States               83 us
[2021-10-16T00:44:12.112+0400][gc,stats      ]   Retire TLABs                       12 us
[2021-10-16T00:44:12.112+0400][gc,stats      ]   Choose Collection Set              55 us
[2021-10-16T00:44:12.112+0400][gc,stats      ]   Rebuild Free Set                   12 us
[2021-10-16T00:44:12.112+0400][gc,stats      ] Concurrent Cleanup                  616 us
[2021-10-16T00:44:12.112+0400][gc,stats      ] 
[2021-10-16T00:44:12.112+0400][gc,stats      ] Allocation pacing accrued:
[2021-10-16T00:44:12.112+0400][gc,stats      ]       0 of  1632 ms (  0.0%): <total>
[2021-10-16T00:44:12.112+0400][gc,stats      ]       0 of  1632 ms (  0.0%): <average total>
[2021-10-16T00:44:12.112+0400][gc,stats      ] 
[2021-10-16T00:44:12.112+0400][gc,metaspace  ] Metaspace: 93365K->93365K(1142784K)
[2021-10-16T00:44:12.112+0400][gc,ergo       ] Pacer for Idle. Initial: 204M, Alloc Tax Rate: 1.0x
[2021-10-16T00:44:13.724+0400][gc            ] Trigger: Free (1009M) is below minimum threshold (1023M)
[2021-10-16T00:44:13.725+0400][gc,ergo       ] Free: 1009M, Max: 4096K regular, 1000M humongous, Frag: 0% external, 1% internal; Reserve: 512M, Max: 4096K
[2021-10-16T00:44:13.725+0400][gc,start      ] GC(67) Concurrent reset
[2021-10-16T00:44:13.725+0400][gc,task       ] GC(67) Using 28 of 56 workers for concurrent reset
[2021-10-16T00:44:13.725+0400][gc,ergo       ] GC(67) Pacer for Reset. Non-Taxable: 10240M
[2021-10-16T00:44:13.725+0400][gc            ] GC(67) Concurrent reset 0.691ms
[2021-10-16T00:44:13.726+0400][gc,start      ] GC(67) Pause Init Mark
[2021-10-16T00:44:13.726+0400][gc,task       ] GC(67) Using 56 of 56 workers for init marking
[2021-10-16T00:44:13.732+0400][gc,ergo       ] GC(67) Pacer for Mark. Expected Live: 102M, Free: 1009M, Non-Taxable: 100M, Alloc Tax Rate: 0.1x
[2021-10-16T00:44:13.732+0400][gc            ] GC(67) Pause Init Mark 6.046ms
[2021-10-16T00:44:13.732+0400][gc,start      ] GC(67) Concurrent marking
[2021-10-16T00:44:13.732+0400][gc,task       ] GC(67) Using 28 of 56 workers for concurrent marking
[2021-10-16T00:44:13.749+0400][gc            ] GC(67) Concurrent marking 16.838ms
[2021-10-16T00:44:13.749+0400][gc,start      ] GC(67) Pause Final Mark
[2021-10-16T00:44:13.749+0400][gc,task       ] GC(67) Using 56 of 56 workers for final marking
[2021-10-16T00:44:13.749+0400][gc,ergo       ] GC(67) Collectable Garbage: 7928M (92%), Immediate: 7928M (92%), CSet: 0B (0%)
[2021-10-16T00:44:13.749+0400][gc            ] GC(67) Pause Final Mark 0.700ms
[2021-10-16T00:44:13.749+0400][gc,start      ] GC(67) Concurrent cleanup
[2021-10-16T00:44:13.750+0400][gc            ] GC(67) Concurrent cleanup 8806M->922M(10240M) 0.643ms
[2021-10-16T00:44:13.750+0400][gc,ergo       ] GC(67) Free: 8805M, Max: 4096K regular, 2176M humongous, Frag: 76% external, 0% internal; Reserve: 512M, Max: 4096K
[2021-10-16T00:44:13.750+0400][gc,ergo       ] Free: 8805M, Max: 4096K regular, 2176M humongous, Frag: 76% external, 0% internal; Reserve: 512M, Max: 4096K
[2021-10-16T00:44:13.750+0400][gc,stats      ] 
[2021-10-16T00:44:13.750+0400][gc,stats      ] All times are wall-clock times, except per-root-class counters, that are sum over
[2021-10-16T00:44:13.750+0400][gc,stats      ] all workers. Dividing the <total> over the root stage time estimates parallelism.
[2021-10-16T00:44:13.750+0400][gc,stats      ] 
[2021-10-16T00:44:13.750+0400][gc,stats      ] Concurrent Reset                    672 us
[2021-10-16T00:44:13.750+0400][gc,stats      ] Pause Init Mark (G)                6392 us
[2021-10-16T00:44:13.750+0400][gc,stats      ] Pause Init Mark (N)                5994 us
[2021-10-16T00:44:13.750+0400][gc,stats      ]   Accumulate Stats                    5 us
[2021-10-16T00:44:13.750+0400][gc,stats      ]   Make Parsable                      20 us
[2021-10-16T00:44:13.750+0400][gc,stats      ]   Update Region States              179 us
[2021-10-16T00:44:13.750+0400][gc,stats      ]   Scan Roots                       5721 us, parallelism: 21.53x
[2021-10-16T00:44:13.750+0400][gc,stats      ]     S: <total>                   123192 us
[2021-10-16T00:44:13.750+0400][gc,stats      ]     S: Thread Roots                 884 us, workers (us):   3,   9,   9,   1,   1,   1,   1,   1,   1,   2,   8,   9,   3,   8,   3,   3,  12,   1,   3,  12,  11,   2,   3,   3,   3,   9,  11,   1, 101,  39,   6,  34,  72,   1,  54,   5,  54,   4,  55,  53,  55,   5,  54,   6,   5,  52,  59,  10,   2,  10,   2,  11,   1,   0,   0,   0, 
[2021-10-16T00:44:13.750+0400][gc,stats      ]     S: Universe Roots                 4 us, workers (us):   4, ---, ---, ---, ---, ---, ---, ---, ---, ---, ---, ---, ---, ---, ---, ---, ---, ---, ---, ---, ---, ---, ---, ---, ---, ---, ---, ---, ---, ---, ---, ---, ---, ---, ---, ---, ---, ---, ---, ---, ---, ---, ---, ---, ---, ---, ---, ---, ---, ---, ---, ---, ---, ---, ---, ---, 
[2021-10-16T00:44:13.751+0400][gc,stats      ]     S: JNI Handles Roots              4 us, workers (us): ---,   4, ---, ---, ---, ---, ---, ---, ---, ---, ---, ---, ---, ---, ---, ---, ---, ---, ---, ---, ---, ---, ---, ---, ---, ---, ---, ---, ---, ---, ---, ---, ---, ---, ---, ---, ---, ---, ---, ---, ---, ---, ---, ---, ---, ---, ---, ---, ---, ---, ---, ---, ---, ---, ---, ---, 
[2021-10-16T00:44:13.751+0400][gc,stats      ]     S: Synchronizer Roots             0 us, workers (us):   0, ---, ---, ---, ---, ---, ---, ---, ---, ---, ---, ---, ---, ---, ---, ---, ---, ---, ---, ---, ---, ---, ---, ---, ---, ---, ---, ---, ---, ---, ---, ---, ---, ---, ---, ---, ---, ---, ---, ---, ---, ---, ---, ---, ---, ---, ---, ---, ---, ---, ---, ---, ---, ---, ---, ---, 
[2021-10-16T00:44:13.751+0400][gc,stats      ]     S: Management Roots               2 us, workers (us):   2, ---, ---, ---, ---, ---, ---, ---, ---, ---, ---, ---, ---, ---, ---, ---, ---, ---, ---, ---, ---, ---, ---, ---, ---, ---, ---, ---, ---, ---, ---, ---, ---, ---, ---, ---, ---, ---, ---, ---, ---, ---, ---, ---, ---, ---, ---, ---, ---, ---, ---, ---, ---, ---, ---, ---, 
[2021-10-16T00:44:13.751+0400][gc,stats      ]     S: System Dict Roots             10 us, workers (us):  10, ---, ---, ---, ---, ---, ---, ---, ---, ---, ---, ---, ---, ---, ---, ---, ---, ---, ---, ---, ---, ---, ---, ---, ---, ---, ---, ---, ---, ---, ---, ---, ---, ---, ---, ---, ---, ---, ---, ---, ---, ---, ---, ---, ---, ---, ---, ---, ---, ---, ---, ---, ---, ---, ---, ---, 
[2021-10-16T00:44:13.751+0400][gc,stats      ]     S: CLDG Roots                122287 us, workers (us): 4442, 4441, 4431, 4451, 4364, 4364, 4364, 4412, 4363, 4349, 4350, 4349, 4347, 4346, 4346, 4346, 4344, 4473, 4346, 4343, 4344, 4344, 4342, 4334, 4341, 4340, 4341, 4332, ---, ---, ---, ---, ---, ---, ---, ---, ---, ---, ---, ---, ---, ---, ---, ---, ---, ---, ---, ---, ---, ---, ---, ---, ---, ---, ---, ---, 
[2021-10-16T00:44:13.751+0400][gc,stats      ]     S: JVMTI Roots                    1 us, workers (us): ---,   1, ---, ---, ---, ---, ---, ---, ---, ---, ---, ---, ---, ---, ---, ---, ---, ---, ---, ---, ---, ---, ---, ---, ---, ---, ---, ---, ---, ---, ---, ---, ---, ---, ---, ---, ---, ---, ---, ---, ---, ---, ---, ---, ---, ---, ---, ---, ---, ---, ---, ---, ---, ---, ---, ---, 
[2021-10-16T00:44:13.751+0400][gc,stats      ]   Resize TLABs                        4 us
[2021-10-16T00:44:13.751+0400][gc,stats      ] Concurrent Marking                16786 us
[2021-10-16T00:44:13.751+0400][gc,stats      ] Pause Final Mark (G)                813 us
[2021-10-16T00:44:13.751+0400][gc,stats      ] Pause Final Mark (N)                679 us
[2021-10-16T00:44:13.751+0400][gc,stats      ]   Finish Queues                     419 us
[2021-10-16T00:44:13.751+0400][gc,stats      ]   System Purge                      105 us
[2021-10-16T00:44:13.751+0400][gc,stats      ]     Weak Roots                      105 us
[2021-10-16T00:44:13.751+0400][gc,stats      ]   Update Region States               71 us
[2021-10-16T00:44:13.751+0400][gc,stats      ]   Retire TLABs                       13 us
[2021-10-16T00:44:13.751+0400][gc,stats      ]   Choose Collection Set              51 us
[2021-10-16T00:44:13.751+0400][gc,stats      ]   Rebuild Free Set                   12 us
[2021-10-16T00:44:13.751+0400][gc,stats      ] Concurrent Cleanup                  614 us
[2021-10-16T00:44:13.751+0400][gc,stats      ] 
[2021-10-16T00:44:13.751+0400][gc,stats      ] Allocation pacing accrued:
[2021-10-16T00:44:13.751+0400][gc,stats      ]       0 of  1639 ms (  0.0%): <total>
[2021-10-16T00:44:13.751+0400][gc,stats      ]       0 of  1639 ms (  0.0%): <average total>
[2021-10-16T00:44:13.751+0400][gc,stats      ] 
[2021-10-16T00:44:13.751+0400][gc,metaspace  ] Metaspace: 93365K->93365K(1142784K)
[2021-10-16T00:44:13.751+0400][gc,ergo       ] Pacer for Idle. Initial: 204M, Alloc Tax Rate: 1.0x
[2021-10-16T00:44:15.355+0400][gc            ] Trigger: Free (1021M) is below minimum threshold (1023M)
[2021-10-16T00:44:15.355+0400][gc,ergo       ] Free: 1021M, Max: 4096K regular, 908M humongous, Frag: 11% external, 1% internal; Reserve: 512M, Max: 4096K
[2021-10-16T00:44:15.355+0400][gc,start      ] GC(68) Concurrent reset
[2021-10-16T00:44:15.355+0400][gc,task       ] GC(68) Using 28 of 56 workers for concurrent reset
[2021-10-16T00:44:15.355+0400][gc,ergo       ] GC(68) Pacer for Reset. Non-Taxable: 10240M
[2021-10-16T00:44:15.356+0400][gc            ] GC(68) Concurrent reset 0.730ms
[2021-10-16T00:44:15.356+0400][gc,start      ] GC(68) Pause Init Mark
[2021-10-16T00:44:15.356+0400][gc,task       ] GC(68) Using 56 of 56 workers for init marking
[2021-10-16T00:44:15.363+0400][gc,ergo       ] GC(68) Pacer for Mark. Expected Live: 102M, Free: 1021M, Non-Taxable: 102M, Alloc Tax Rate: 0.1x
[2021-10-16T00:44:15.363+0400][gc            ] GC(68) Pause Init Mark 6.366ms
[2021-10-16T00:44:15.363+0400][gc,start      ] GC(68) Concurrent marking
[2021-10-16T00:44:15.363+0400][gc,task       ] GC(68) Using 28 of 56 workers for concurrent marking
[2021-10-16T00:44:15.379+0400][gc            ] GC(68) Concurrent marking 16.264ms
[2021-10-16T00:44:15.379+0400][gc,start      ] GC(68) Pause Final Mark
[2021-10-16T00:44:15.379+0400][gc,task       ] GC(68) Using 56 of 56 workers for final marking
[2021-10-16T00:44:15.380+0400][gc,ergo       ] GC(68) Collectable Garbage: 7876M (91%), Immediate: 7876M (91%), CSet: 0B (0%)
[2021-10-16T00:44:15.380+0400][gc            ] GC(68) Pause Final Mark 0.738ms
[2021-10-16T00:44:15.380+0400][gc,start      ] GC(68) Concurrent cleanup
[2021-10-16T00:44:15.380+0400][gc            ] GC(68) Concurrent cleanup 8790M->958M(10240M) 0.280ms
[2021-10-16T00:44:15.380+0400][gc,ergo       ] GC(68) Free: 8769M, Max: 4096K regular, 2712M humongous, Frag: 70% external, 0% internal; Reserve: 512M, Max: 4096K
[2021-10-16T00:44:15.380+0400][gc,ergo       ] Free: 8769M, Max: 4096K regular, 2712M humongous, Frag: 70% external, 0% internal; Reserve: 512M, Max: 4096K
[2021-10-16T00:44:15.380+0400][gc,stats      ] 
[2021-10-16T00:44:15.380+0400][gc,stats      ] All times are wall-clock times, except per-root-class counters, that are sum over
[2021-10-16T00:44:15.380+0400][gc,stats      ] all workers. Dividing the <total> over the root stage time estimates parallelism.
[2021-10-16T00:44:15.380+0400][gc,stats      ] 
[2021-10-16T00:44:15.380+0400][gc,stats      ] Concurrent Reset                    711 us
[2021-10-16T00:44:15.380+0400][gc,stats      ] Pause Init Mark (G)                6774 us
[2021-10-16T00:44:15.380+0400][gc,stats      ] Pause Init Mark (N)                6319 us
[2021-10-16T00:44:15.380+0400][gc,stats      ]   Accumulate Stats                    6 us
[2021-10-16T00:44:15.380+0400][gc,stats      ]   Make Parsable                      20 us
[2021-10-16T00:44:15.380+0400][gc,stats      ]   Update Region States              152 us
[2021-10-16T00:44:15.380+0400][gc,stats      ]   Scan Roots                       6057 us, parallelism: 23.72x
[2021-10-16T00:44:15.380+0400][gc,stats      ]     S: <total>                   143656 us
[2021-10-16T00:44:15.380+0400][gc,stats      ]     S: Thread Roots                9542 us, workers (us):   1,   2,   3,   2,   2,   3,   1,   3,   3,   2,   1,   1,   2,   1,   2,   2,   3,   2,   3,   3,   3,   3,   3,   2,   3, 726,   3,   3,   2, 533, 996, 996, 927, 927, 910, 954, 910, 954, 633,   2,   4,   2,   1,   2,   0,   0,   0,   0,   0,   0,   0,   0,   0,   0,   0,   0, 
[2021-10-16T00:44:15.380+0400][gc,stats      ]     S: Universe Roots                 2 us, workers (us):   2, ---, ---, ---, ---, ---, ---, ---, ---, ---, ---, ---, ---, ---, ---, ---, ---, ---, ---, ---, ---, ---, ---, ---, ---, ---, ---, ---, ---, ---, ---, ---, ---, ---, ---, ---, ---, ---, ---, ---, ---, ---, ---, ---, ---, ---, ---, ---, ---, ---, ---, ---, ---, ---, ---, ---, 
[2021-10-16T00:44:15.380+0400][gc,stats      ]     S: JNI Handles Roots              2 us, workers (us):   2, ---, ---, ---, ---, ---, ---, ---, ---, ---, ---, ---, ---, ---, ---, ---, ---, ---, ---, ---, ---, ---, ---, ---, ---, ---, ---, ---, ---, ---, ---, ---, ---, ---, ---, ---, ---, ---, ---, ---, ---, ---, ---, ---, ---, ---, ---, ---, ---, ---, ---, ---, ---, ---, ---, ---, 
[2021-10-16T00:44:15.380+0400][gc,stats      ]     S: Synchronizer Roots             0 us, workers (us):   0, ---, ---, ---, ---, ---, ---, ---, ---, ---, ---, ---, ---, ---, ---, ---, ---, ---, ---, ---, ---, ---, ---, ---, ---, ---, ---, ---, ---, ---, ---, ---, ---, ---, ---, ---, ---, ---, ---, ---, ---, ---, ---, ---, ---, ---, ---, ---, ---, ---, ---, ---, ---, ---, ---, ---, 
[2021-10-16T00:44:15.380+0400][gc,stats      ]     S: Management Roots               1 us, workers (us):   1, ---, ---, ---, ---, ---, ---, ---, ---, ---, ---, ---, ---, ---, ---, ---, ---, ---, ---, ---, ---, ---, ---, ---, ---, ---, ---, ---, ---, ---, ---, ---, ---, ---, ---, ---, ---, ---, ---, ---, ---, ---, ---, ---, ---, ---, ---, ---, ---, ---, ---, ---, ---, ---, ---, ---, 
[2021-10-16T00:44:15.380+0400][gc,stats      ]     S: System Dict Roots              4 us, workers (us):   4, ---, ---, ---, ---, ---, ---, ---, ---, ---, ---, ---, ---, ---, ---, ---, ---, ---, ---, ---, ---, ---, ---, ---, ---, ---, ---, ---, ---, ---, ---, ---, ---, ---, ---, ---, ---, ---, ---, ---, ---, ---, ---, ---, ---, ---, ---, ---, ---, ---, ---, ---, ---, ---, ---, ---, 
[2021-10-16T00:44:15.380+0400][gc,stats      ]     S: CLDG Roots                134104 us, workers (us): 4912, 4866, 4866, 4858, 4853, 4817, 4813, 4806, 4787, 4787, 4844, 4779, 4775, 4845, 4763, 4751, 4750, 4751, 4749, 4750, 4749, 4749, 4749, 4749, 4748, ---, 4746, 4746, 4745, ---, ---, ---, ---, ---, ---, ---, ---, ---, ---, ---, ---, ---, ---, ---, ---, ---, ---, ---, ---, ---, ---, ---, ---, ---, ---, ---, 
[2021-10-16T00:44:15.380+0400][gc,stats      ]     S: JVMTI Roots                    0 us, workers (us):   0, ---, ---, ---, ---, ---, ---, ---, ---, ---, ---, ---, ---, ---, ---, ---, ---, ---, ---, ---, ---, ---, ---, ---, ---, ---, ---, ---, ---, ---, ---, ---, ---, ---, ---, ---, ---, ---, ---, ---, ---, ---, ---, ---, ---, ---, ---, ---, ---, ---, ---, ---, ---, ---, ---, ---, 
[2021-10-16T00:44:15.380+0400][gc,stats      ]   Resize TLABs                        4 us
[2021-10-16T00:44:15.380+0400][gc,stats      ] Concurrent Marking                16200 us
[2021-10-16T00:44:15.380+0400][gc,stats      ] Pause Final Mark (G)                846 us
[2021-10-16T00:44:15.380+0400][gc,stats      ] Pause Final Mark (N)                718 us
[2021-10-16T00:44:15.380+0400][gc,stats      ]   Finish Queues                     441 us
[2021-10-16T00:44:15.380+0400][gc,stats      ]   System Purge                      105 us
[2021-10-16T00:44:15.380+0400][gc,stats      ]     Weak Roots                      105 us
[2021-10-16T00:44:15.380+0400][gc,stats      ]   Update Region States               81 us
[2021-10-16T00:44:15.380+0400][gc,stats      ]   Retire TLABs                       13 us
[2021-10-16T00:44:15.380+0400][gc,stats      ]   Choose Collection Set              56 us
[2021-10-16T00:44:15.380+0400][gc,stats      ]   Rebuild Free Set                   13 us
[2021-10-16T00:44:15.380+0400][gc,stats      ] Concurrent Cleanup                  269 us
[2021-10-16T00:44:15.380+0400][gc,stats      ] 
[2021-10-16T00:44:15.380+0400][gc,stats      ] Allocation pacing accrued:
[2021-10-16T00:44:15.381+0400][gc,stats      ]       0 of  1630 ms (  0.0%): <total>
[2021-10-16T00:44:15.381+0400][gc,stats      ]       0 of  1630 ms (  0.0%): <average total>
[2021-10-16T00:44:15.381+0400][gc,stats      ] 
[2021-10-16T00:44:15.381+0400][gc,metaspace  ] Metaspace: 93367K->93367K(1142784K)
[2021-10-16T00:44:15.381+0400][gc,ergo       ] Pacer for Idle. Initial: 204M, Alloc Tax Rate: 1.0x
[2021-10-16T00:44:16.979+0400][gc            ] Trigger: Free (1017M) is below minimum threshold (1023M)
[2021-10-16T00:44:16.979+0400][gc,ergo       ] Free: 1017M, Max: 4096K regular, 1008M humongous, Frag: 0% external, 1% internal; Reserve: 512M, Max: 4096K
[2021-10-16T00:44:16.979+0400][gc,start      ] GC(69) Concurrent reset
[2021-10-16T00:44:16.979+0400][gc,task       ] GC(69) Using 28 of 56 workers for concurrent reset
[2021-10-16T00:44:16.979+0400][gc,ergo       ] GC(69) Pacer for Reset. Non-Taxable: 10240M
[2021-10-16T00:44:16.980+0400][gc            ] GC(69) Concurrent reset 0.684ms
[2021-10-16T00:44:16.980+0400][gc,start      ] GC(69) Pause Init Mark
[2021-10-16T00:44:16.980+0400][gc,task       ] GC(69) Using 56 of 56 workers for init marking
[2021-10-16T00:44:16.987+0400][gc,ergo       ] GC(69) Pacer for Mark. Expected Live: 102M, Free: 1013M, Non-Taxable: 101M, Alloc Tax Rate: 0.1x
[2021-10-16T00:44:16.987+0400][gc            ] GC(69) Pause Init Mark 7.206ms
[2021-10-16T00:44:16.988+0400][gc,start      ] GC(69) Concurrent marking
[2021-10-16T00:44:16.988+0400][gc,task       ] GC(69) Using 28 of 56 workers for concurrent marking
[2021-10-16T00:44:17.002+0400][gc            ] GC(69) Concurrent marking 14.755ms
[2021-10-16T00:44:17.002+0400][gc,start      ] GC(69) Pause Final Mark
[2021-10-16T00:44:17.002+0400][gc,task       ] GC(69) Using 56 of 56 workers for final marking
[2021-10-16T00:44:17.003+0400][gc,ergo       ] GC(69) Collectable Garbage: 7884M (91%), Immediate: 7884M (91%), CSet: 0B (0%)
[2021-10-16T00:44:17.003+0400][gc            ] GC(69) Pause Final Mark 0.660ms
[2021-10-16T00:44:17.003+0400][gc,start      ] GC(69) Concurrent cleanup
[2021-10-16T00:44:17.003+0400][gc            ] GC(69) Concurrent cleanup 8794M->950M(10240M) 0.251ms
[2021-10-16T00:44:17.003+0400][gc,ergo       ] GC(69) Free: 8777M, Max: 4096K regular, 2712M humongous, Frag: 70% external, 0% internal; Reserve: 512M, Max: 4096K
[2021-10-16T00:44:17.003+0400][gc,ergo       ] Free: 8777M, Max: 4096K regular, 2712M humongous, Frag: 70% external, 0% internal; Reserve: 512M, Max: 4096K
[2021-10-16T00:44:17.003+0400][gc,stats      ] 
[2021-10-16T00:44:17.003+0400][gc,stats      ] All times are wall-clock times, except per-root-class counters, that are sum over
[2021-10-16T00:44:17.003+0400][gc,stats      ] all workers. Dividing the <total> over the root stage time estimates parallelism.
[2021-10-16T00:44:17.003+0400][gc,stats      ] 
[2021-10-16T00:44:17.003+0400][gc,stats      ] Concurrent Reset                    664 us
[2021-10-16T00:44:17.003+0400][gc,stats      ] Pause Init Mark (G)                7515 us
[2021-10-16T00:44:17.003+0400][gc,stats      ] Pause Init Mark (N)                7154 us
[2021-10-16T00:44:17.003+0400][gc,stats      ]   Accumulate Stats                    6 us
[2021-10-16T00:44:17.003+0400][gc,stats      ]   Make Parsable                      20 us
[2021-10-16T00:44:17.003+0400][gc,stats      ]   Update Region States              143 us
[2021-10-16T00:44:17.004+0400][gc,stats      ]   Scan Roots                       6918 us, parallelism: 22.60x
[2021-10-16T00:44:17.004+0400][gc,stats      ]     S: <total>                   156333 us
[2021-10-16T00:44:17.004+0400][gc,stats      ]     S: Thread Roots                 830 us, workers (us):   2,   2,   1,   0,   3,   1,   2,   1,   1,   2,   2,   2,   2,   2,   2,   2,   3,   2,   1,   2,   2,   2,   3,   2,   2,   3,  40,   1,  70,  53,   2,  70,  40,  70,  70,  66,  66,  58,  64,  56,  50,   1,   1,   1,   0,   0,   0,   0,   0,   0,   0,   0,   0,   0,   0,   2, 
[2021-10-16T00:44:17.004+0400][gc,stats      ]     S: Universe Roots                 4 us, workers (us):   4, ---, ---, ---, ---, ---, ---, ---, ---, ---, ---, ---, ---, ---, ---, ---, ---, ---, ---, ---, ---, ---, ---, ---, ---, ---, ---, ---, ---, ---, ---, ---, ---, ---, ---, ---, ---, ---, ---, ---, ---, ---, ---, ---, ---, ---, ---, ---, ---, ---, ---, ---, ---, ---, ---, ---, 
[2021-10-16T00:44:17.004+0400][gc,stats      ]     S: JNI Handles Roots             12 us, workers (us):  12, ---, ---, ---, ---, ---, ---, ---, ---, ---, ---, ---, ---, ---, ---, ---, ---, ---, ---, ---, ---, ---, ---, ---, ---, ---, ---, ---, ---, ---, ---, ---, ---, ---, ---, ---, ---, ---, ---, ---, ---, ---, ---, ---, ---, ---, ---, ---, ---, ---, ---, ---, ---, ---, ---, ---, 
[2021-10-16T00:44:17.004+0400][gc,stats      ]     S: Synchronizer Roots             0 us, workers (us):   0, ---, ---, ---, ---, ---, ---, ---, ---, ---, ---, ---, ---, ---, ---, ---, ---, ---, ---, ---, ---, ---, ---, ---, ---, ---, ---, ---, ---, ---, ---, ---, ---, ---, ---, ---, ---, ---, ---, ---, ---, ---, ---, ---, ---, ---, ---, ---, ---, ---, ---, ---, ---, ---, ---, ---, 
[2021-10-16T00:44:17.004+0400][gc,stats      ]     S: Management Roots               2 us, workers (us):   2, ---, ---, ---, ---, ---, ---, ---, ---, ---, ---, ---, ---, ---, ---, ---, ---, ---, ---, ---, ---, ---, ---, ---, ---, ---, ---, ---, ---, ---, ---, ---, ---, ---, ---, ---, ---, ---, ---, ---, ---, ---, ---, ---, ---, ---, ---, ---, ---, ---, ---, ---, ---, ---, ---, ---, 
[2021-10-16T00:44:17.004+0400][gc,stats      ]     S: System Dict Roots             10 us, workers (us): ---,  10, ---, ---, ---, ---, ---, ---, ---, ---, ---, ---, ---, ---, ---, ---, ---, ---, ---, ---, ---, ---, ---, ---, ---, ---, ---, ---, ---, ---, ---, ---, ---, ---, ---, ---, ---, ---, ---, ---, ---, ---, ---, ---, ---, ---, ---, ---, ---, ---, ---, ---, ---, ---, ---, ---, 
[2021-10-16T00:44:17.004+0400][gc,stats      ]     S: CLDG Roots                155473 us, workers (us): 5782, 5669, 5676, 5735, 5600, 5591, 5576, 5567, 5528, 5527, 5511, 5511, 5509, 5510, 5509, 5510, 5507, 5506, 5620, 5507, 5504, 5501, 5507, 5503, 5501, 5502, ---, 5502, ---, ---, 5502, ---, ---, ---, ---, ---, ---, ---, ---, ---, ---, ---, ---, ---, ---, ---, ---, ---, ---, ---, ---, ---, ---, ---, ---, ---, 
[2021-10-16T00:44:17.004+0400][gc,stats      ]     S: JVMTI Roots                    1 us, workers (us):   1, ---, ---, ---, ---, ---, ---, ---, ---, ---, ---, ---, ---, ---, ---, ---, ---, ---, ---, ---, ---, ---, ---, ---, ---, ---, ---, ---, ---, ---, ---, ---, ---, ---, ---, ---, ---, ---, ---, ---, ---, ---, ---, ---, ---, ---, ---, ---, ---, ---, ---, ---, ---, ---, ---, ---, 
[2021-10-16T00:44:17.004+0400][gc,stats      ]   Resize TLABs                        4 us
[2021-10-16T00:44:17.004+0400][gc,stats      ] Concurrent Marking                14707 us
[2021-10-16T00:44:17.004+0400][gc,stats      ] Pause Final Mark (G)                790 us
[2021-10-16T00:44:17.004+0400][gc,stats      ] Pause Final Mark (N)                642 us
[2021-10-16T00:44:17.004+0400][gc,stats      ]   Finish Queues                     376 us
[2021-10-16T00:44:17.004+0400][gc,stats      ]   System Purge                      109 us
[2021-10-16T00:44:17.004+0400][gc,stats      ]     Weak Roots                      109 us
[2021-10-16T00:44:17.004+0400][gc,stats      ]   Update Region States               74 us
[2021-10-16T00:44:17.004+0400][gc,stats      ]   Retire TLABs                       14 us
[2021-10-16T00:44:17.004+0400][gc,stats      ]   Choose Collection Set              52 us
[2021-10-16T00:44:17.004+0400][gc,stats      ]   Rebuild Free Set                   12 us
[2021-10-16T00:44:17.004+0400][gc,stats      ] Concurrent Cleanup                  240 us
[2021-10-16T00:44:17.004+0400][gc,stats      ] 
[2021-10-16T00:44:17.004+0400][gc,stats      ] Allocation pacing accrued:
[2021-10-16T00:44:17.004+0400][gc,stats      ]       0 of  1623 ms (  0.0%): <total>
[2021-10-16T00:44:17.004+0400][gc,stats      ]       0 of  1623 ms (  0.0%): <average total>
[2021-10-16T00:44:17.004+0400][gc,stats      ] 
[2021-10-16T00:44:17.004+0400][gc,metaspace  ] Metaspace: 93367K->93367K(1142784K)
[2021-10-16T00:44:17.004+0400][gc,ergo       ] Pacer for Idle. Initial: 204M, Alloc Tax Rate: 1.0x
[2021-10-16T00:44:18.611+0400][gc            ] Trigger: Free (1021M) is below minimum threshold (1023M)
[2021-10-16T00:44:18.612+0400][gc,ergo       ] Free: 1017M, Max: 4096K regular, 924M humongous, Frag: 9% external, 1% internal; Reserve: 512M, Max: 4096K
[2021-10-16T00:44:18.612+0400][gc,start      ] GC(70) Concurrent reset
[2021-10-16T00:44:18.612+0400][gc,task       ] GC(70) Using 28 of 56 workers for concurrent reset
[2021-10-16T00:44:18.612+0400][gc,ergo       ] GC(70) Pacer for Reset. Non-Taxable: 10240M
[2021-10-16T00:44:18.612+0400][gc            ] GC(70) Concurrent reset 0.638ms
[2021-10-16T00:44:18.612+0400][gc,start      ] GC(70) Pause Init Mark (process weakrefs)
[2021-10-16T00:44:18.613+0400][gc,task       ] GC(70) Using 56 of 56 workers for init marking
[2021-10-16T00:44:18.619+0400][gc,ergo       ] GC(70) Pacer for Mark. Expected Live: 102M, Free: 1017M, Non-Taxable: 101M, Alloc Tax Rate: 0.1x
[2021-10-16T00:44:18.619+0400][gc            ] GC(70) Pause Init Mark (process weakrefs) 6.190ms
[2021-10-16T00:44:18.619+0400][gc,start      ] GC(70) Concurrent marking (process weakrefs)
[2021-10-16T00:44:18.619+0400][gc,task       ] GC(70) Using 28 of 56 workers for concurrent marking
[2021-10-16T00:44:18.636+0400][gc            ] GC(70) Concurrent marking (process weakrefs) 17.037ms
[2021-10-16T00:44:18.636+0400][gc,start      ] GC(70) Concurrent precleaning
[2021-10-16T00:44:18.636+0400][gc,task       ] GC(70) Using 1 of 56 workers for concurrent preclean
[2021-10-16T00:44:18.636+0400][gc,ergo       ] GC(70) Pacer for Precleaning. Non-Taxable: 10240M
[2021-10-16T00:44:18.637+0400][gc            ] GC(70) Concurrent precleaning 1.391ms
[2021-10-16T00:44:18.638+0400][gc,start      ] GC(70) Pause Final Mark (process weakrefs)
[2021-10-16T00:44:18.638+0400][gc,task       ] GC(70) Using 56 of 56 workers for final marking
[2021-10-16T00:44:18.638+0400][gc,ergo       ] GC(70) Collectable Garbage: 7876M (91%), Immediate: 7876M (91%), CSet: 0B (0%)
[2021-10-16T00:44:18.638+0400][gc            ] GC(70) Pause Final Mark (process weakrefs) 0.981ms
[2021-10-16T00:44:18.639+0400][gc,start      ] GC(70) Concurrent cleanup
[2021-10-16T00:44:18.639+0400][gc            ] GC(70) Concurrent cleanup 8822M->986M(10240M) 0.260ms
[2021-10-16T00:44:18.639+0400][gc,ergo       ] GC(70) Free: 8741M, Max: 4096K regular, 2712M humongous, Frag: 69% external, 0% internal; Reserve: 512M, Max: 4096K
[2021-10-16T00:44:18.639+0400][gc,ergo       ] Free: 8741M, Max: 4096K regular, 2712M humongous, Frag: 69% external, 0% internal; Reserve: 512M, Max: 4096K
[2021-10-16T00:44:18.639+0400][gc,stats      ] 
[2021-10-16T00:44:18.639+0400][gc,stats      ] All times are wall-clock times, except per-root-class counters, that are sum over
[2021-10-16T00:44:18.639+0400][gc,stats      ] all workers. Dividing the <total> over the root stage time estimates parallelism.
[2021-10-16T00:44:18.639+0400][gc,stats      ] 
[2021-10-16T00:44:18.639+0400][gc,stats      ] Concurrent Reset                    630 us
[2021-10-16T00:44:18.639+0400][gc,stats      ] Pause Init Mark (G)                6530 us
[2021-10-16T00:44:18.639+0400][gc,stats      ] Pause Init Mark (N)                6146 us
[2021-10-16T00:44:18.639+0400][gc,stats      ]   Accumulate Stats                    6 us
[2021-10-16T00:44:18.639+0400][gc,stats      ]   Make Parsable                      19 us
[2021-10-16T00:44:18.639+0400][gc,stats      ]   Update Region States              162 us
[2021-10-16T00:44:18.639+0400][gc,stats      ]   Scan Roots                       5893 us, parallelism: 21.71x
[2021-10-16T00:44:18.639+0400][gc,stats      ]     S: <total>                   127955 us
[2021-10-16T00:44:18.639+0400][gc,stats      ]     S: Thread Roots                1032 us, workers (us):   1,   2,   2,   3,   2,   1,   3,   2,   2,   1,   1,   0,   2,   3,   2,   3,   3,   2,   2,   2,   2,   3,   2,   2,   2,   1,   1,   2,  56,  22,  37,  25,  35,  25,  77,  76,  87,  76,  76,  76,  75,  75,  74,  75,   4,   1,   0,   0,   0,   0,   0,   0,   0,   0,   0,   0, 
[2021-10-16T00:44:18.639+0400][gc,stats      ]     S: Universe Roots                 2 us, workers (us):   2, ---, ---, ---, ---, ---, ---, ---, ---, ---, ---, ---, ---, ---, ---, ---, ---, ---, ---, ---, ---, ---, ---, ---, ---, ---, ---, ---, ---, ---, ---, ---, ---, ---, ---, ---, ---, ---, ---, ---, ---, ---, ---, ---, ---, ---, ---, ---, ---, ---, ---, ---, ---, ---, ---, ---, 
[2021-10-16T00:44:18.639+0400][gc,stats      ]     S: JNI Handles Roots              2 us, workers (us):   2, ---, ---, ---, ---, ---, ---, ---, ---, ---, ---, ---, ---, ---, ---, ---, ---, ---, ---, ---, ---, ---, ---, ---, ---, ---, ---, ---, ---, ---, ---, ---, ---, ---, ---, ---, ---, ---, ---, ---, ---, ---, ---, ---, ---, ---, ---, ---, ---, ---, ---, ---, ---, ---, ---, ---, 
[2021-10-16T00:44:18.639+0400][gc,stats      ]     S: Synchronizer Roots             0 us, workers (us):   0, ---, ---, ---, ---, ---, ---, ---, ---, ---, ---, ---, ---, ---, ---, ---, ---, ---, ---, ---, ---, ---, ---, ---, ---, ---, ---, ---, ---, ---, ---, ---, ---, ---, ---, ---, ---, ---, ---, ---, ---, ---, ---, ---, ---, ---, ---, ---, ---, ---, ---, ---, ---, ---, ---, ---, 
[2021-10-16T00:44:18.639+0400][gc,stats      ]     S: Management Roots               1 us, workers (us):   1, ---, ---, ---, ---, ---, ---, ---, ---, ---, ---, ---, ---, ---, ---, ---, ---, ---, ---, ---, ---, ---, ---, ---, ---, ---, ---, ---, ---, ---, ---, ---, ---, ---, ---, ---, ---, ---, ---, ---, ---, ---, ---, ---, ---, ---, ---, ---, ---, ---, ---, ---, ---, ---, ---, ---, 
[2021-10-16T00:44:18.639+0400][gc,stats      ]     S: System Dict Roots              3 us, workers (us):   3, ---, ---, ---, ---, ---, ---, ---, ---, ---, ---, ---, ---, ---, ---, ---, ---, ---, ---, ---, ---, ---, ---, ---, ---, ---, ---, ---, ---, ---, ---, ---, ---, ---, ---, ---, ---, ---, ---, ---, ---, ---, ---, ---, ---, ---, ---, ---, ---, ---, ---, ---, ---, ---, ---, ---, 
[2021-10-16T00:44:18.639+0400][gc,stats      ]     S: CLDG Roots                126915 us, workers (us): 4627, 4626, 4627, 4614, 4611, 4606, 4596, 4567, 4556, 4528, 4528, 4653, 4522, 4512, 4513, 4512, 4512, 4513, 4445, 4444, 4445, 4443, 4443, 4441, 4442, 4570, 4581, 4441, ---, ---, ---, ---, ---, ---, ---, ---, ---, ---, ---, ---, ---, ---, ---, ---, ---, ---, ---, ---, ---, ---, ---, ---, ---, ---, ---, ---, 
[2021-10-16T00:44:18.639+0400][gc,stats      ]     S: JVMTI Roots                    1 us, workers (us):   1, ---, ---, ---, ---, ---, ---, ---, ---, ---, ---, ---, ---, ---, ---, ---, ---, ---, ---, ---, ---, ---, ---, ---, ---, ---, ---, ---, ---, ---, ---, ---, ---, ---, ---, ---, ---, ---, ---, ---, ---, ---, ---, ---, ---, ---, ---, ---, ---, ---, ---, ---, ---, ---, ---, ---, 
[2021-10-16T00:44:18.639+0400][gc,stats      ]   Resize TLABs                        4 us
[2021-10-16T00:44:18.639+0400][gc,stats      ] Concurrent Marking                16998 us
[2021-10-16T00:44:18.639+0400][gc,stats      ] Concurrent Precleaning             1383 us
[2021-10-16T00:44:18.639+0400][gc,stats      ] Pause Final Mark (G)               1280 us
[2021-10-16T00:44:18.639+0400][gc,stats      ] Pause Final Mark (N)                963 us
[2021-10-16T00:44:18.639+0400][gc,stats      ]   Finish Queues                     664 us
[2021-10-16T00:44:18.639+0400][gc,stats      ]   Weak References                    18 us
[2021-10-16T00:44:18.639+0400][gc,stats      ]     Process                          15 us
[2021-10-16T00:44:18.639+0400][gc,stats      ]   System Purge                      106 us
[2021-10-16T00:44:18.639+0400][gc,stats      ]     Weak Roots                      105 us
[2021-10-16T00:44:18.639+0400][gc,stats      ]   Update Region States               92 us
[2021-10-16T00:44:18.639+0400][gc,stats      ]   Retire TLABs                       13 us
[2021-10-16T00:44:18.639+0400][gc,stats      ]   Choose Collection Set              49 us
[2021-10-16T00:44:18.639+0400][gc,stats      ]   Rebuild Free Set                   16 us
[2021-10-16T00:44:18.639+0400][gc,stats      ] Concurrent Cleanup                  250 us
[2021-10-16T00:44:18.639+0400][gc,stats      ] 
[2021-10-16T00:44:18.639+0400][gc,stats      ] Allocation pacing accrued:
[2021-10-16T00:44:18.639+0400][gc,stats      ]       0 of  1635 ms (  0.0%): <total>
[2021-10-16T00:44:18.639+0400][gc,stats      ]       0 of  1635 ms (  0.0%): <average total>
[2021-10-16T00:44:18.639+0400][gc,stats      ] 
[2021-10-16T00:44:18.639+0400][gc,metaspace  ] Metaspace: 93367K->93367K(1142784K)
[2021-10-16T00:44:18.639+0400][gc,ergo       ] Pacer for Idle. Initial: 204M, Alloc Tax Rate: 1.0x
[2021-10-16T00:44:20.241+0400][gc            ] Trigger: Free (1013M) is below minimum threshold (1023M)
[2021-10-16T00:44:20.241+0400][gc,ergo       ] Free: 1013M, Max: 4096K regular, 896M humongous, Frag: 11% external, 1% internal; Reserve: 512M, Max: 4096K
[2021-10-16T00:44:20.241+0400][gc,start      ] GC(71) Concurrent reset
[2021-10-16T00:44:20.241+0400][gc,task       ] GC(71) Using 28 of 56 workers for concurrent reset
[2021-10-16T00:44:20.241+0400][gc,ergo       ] GC(71) Pacer for Reset. Non-Taxable: 10240M
[2021-10-16T00:44:20.241+0400][gc            ] GC(71) Concurrent reset 0.608ms
[2021-10-16T00:44:20.241+0400][gc,start      ] GC(71) Pause Init Mark
[2021-10-16T00:44:20.242+0400][gc,task       ] GC(71) Using 56 of 56 workers for init marking
[2021-10-16T00:44:20.248+0400][gc,ergo       ] GC(71) Pacer for Mark. Expected Live: 102M, Free: 1013M, Non-Taxable: 101M, Alloc Tax Rate: 0.1x
[2021-10-16T00:44:20.248+0400][gc            ] GC(71) Pause Init Mark 6.589ms
[2021-10-16T00:44:20.248+0400][gc,start      ] GC(71) Concurrent marking
[2021-10-16T00:44:20.248+0400][gc,task       ] GC(71) Using 28 of 56 workers for concurrent marking
[2021-10-16T00:44:20.264+0400][gc            ] GC(71) Concurrent marking 15.754ms
[2021-10-16T00:44:20.264+0400][gc,start      ] GC(71) Pause Final Mark
[2021-10-16T00:44:20.264+0400][gc,task       ] GC(71) Using 56 of 56 workers for final marking
[2021-10-16T00:44:20.265+0400][gc,ergo       ] GC(71) Collectable Garbage: 7880M (91%), Immediate: 7880M (91%), CSet: 0B (0%)
[2021-10-16T00:44:20.265+0400][gc            ] GC(71) Pause Final Mark 0.890ms
[2021-10-16T00:44:20.265+0400][gc,start      ] GC(71) Concurrent cleanup
[2021-10-16T00:44:20.265+0400][gc            ] GC(71) Concurrent cleanup 8790M->954M(10240M) 0.212ms
[2021-10-16T00:44:20.265+0400][gc,ergo       ] GC(71) Free: 8773M, Max: 4096K regular, 2712M humongous, Frag: 70% external, 0% internal; Reserve: 512M, Max: 4096K
[2021-10-16T00:44:20.265+0400][gc,ergo       ] Free: 8773M, Max: 4096K regular, 2712M humongous, Frag: 70% external, 0% internal; Reserve: 512M, Max: 4096K
[2021-10-16T00:44:20.265+0400][gc,stats      ] 
[2021-10-16T00:44:20.265+0400][gc,stats      ] All times are wall-clock times, except per-root-class counters, that are sum over
[2021-10-16T00:44:20.265+0400][gc,stats      ] all workers. Dividing the <total> over the root stage time estimates parallelism.
[2021-10-16T00:44:20.265+0400][gc,stats      ] 
[2021-10-16T00:44:20.265+0400][gc,stats      ] Concurrent Reset                    599 us
[2021-10-16T00:44:20.265+0400][gc,stats      ] Pause Init Mark (G)                6932 us
[2021-10-16T00:44:20.265+0400][gc,stats      ] Pause Init Mark (N)                6544 us
[2021-10-16T00:44:20.265+0400][gc,stats      ]   Accumulate Stats                    5 us
[2021-10-16T00:44:20.265+0400][gc,stats      ]   Make Parsable                      20 us
[2021-10-16T00:44:20.265+0400][gc,stats      ]   Update Region States              161 us
[2021-10-16T00:44:20.265+0400][gc,stats      ]   Scan Roots                       6280 us, parallelism: 21.19x
[2021-10-16T00:44:20.265+0400][gc,stats      ]     S: <total>                   133090 us
[2021-10-16T00:44:20.265+0400][gc,stats      ]     S: Thread Roots                 609 us, workers (us):   2,   1,   2,   2,   2,   3,   3,   2,   3,   3,   2,   1,   2,   1,   1,   2,   2,   1,   2,   1,   1,   2,   3,   2,   3,   2,  74,   3,  77,   2,  67,  66,  67,  66,  67,  22,  18,   2,   2,   2,   2,   2,   2,   2,   2,   2,   2,   2,   0,   2,   0,   0,   0,   0,   1,   0, 
[2021-10-16T00:44:20.265+0400][gc,stats      ]     S: Universe Roots                 4 us, workers (us):   4, ---, ---, ---, ---, ---, ---, ---, ---, ---, ---, ---, ---, ---, ---, ---, ---, ---, ---, ---, ---, ---, ---, ---, ---, ---, ---, ---, ---, ---, ---, ---, ---, ---, ---, ---, ---, ---, ---, ---, ---, ---, ---, ---, ---, ---, ---, ---, ---, ---, ---, ---, ---, ---, ---, ---, 
[2021-10-16T00:44:20.265+0400][gc,stats      ]     S: JNI Handles Roots             13 us, workers (us):  13, ---, ---, ---, ---, ---, ---, ---, ---, ---, ---, ---, ---, ---, ---, ---, ---, ---, ---, ---, ---, ---, ---, ---, ---, ---, ---, ---, ---, ---, ---, ---, ---, ---, ---, ---, ---, ---, ---, ---, ---, ---, ---, ---, ---, ---, ---, ---, ---, ---, ---, ---, ---, ---, ---, ---, 
[2021-10-16T00:44:20.265+0400][gc,stats      ]     S: Synchronizer Roots             0 us, workers (us): ---,   0, ---, ---, ---, ---, ---, ---, ---, ---, ---, ---, ---, ---, ---, ---, ---, ---, ---, ---, ---, ---, ---, ---, ---, ---, ---, ---, ---, ---, ---, ---, ---, ---, ---, ---, ---, ---, ---, ---, ---, ---, ---, ---, ---, ---, ---, ---, ---, ---, ---, ---, ---, ---, ---, ---, 
[2021-10-16T00:44:20.265+0400][gc,stats      ]     S: Management Roots               1 us, workers (us): ---,   1, ---, ---, ---, ---, ---, ---, ---, ---, ---, ---, ---, ---, ---, ---, ---, ---, ---, ---, ---, ---, ---, ---, ---, ---, ---, ---, ---, ---, ---, ---, ---, ---, ---, ---, ---, ---, ---, ---, ---, ---, ---, ---, ---, ---, ---, ---, ---, ---, ---, ---, ---, ---, ---, ---, 
[2021-10-16T00:44:20.265+0400][gc,stats      ]     S: System Dict Roots              4 us, workers (us): ---,   4, ---, ---, ---, ---, ---, ---, ---, ---, ---, ---, ---, ---, ---, ---, ---, ---, ---, ---, ---, ---, ---, ---, ---, ---, ---, ---, ---, ---, ---, ---, ---, ---, ---, ---, ---, ---, ---, ---, ---, ---, ---, ---, ---, ---, ---, ---, ---, ---, ---, ---, ---, ---, ---, ---, 
[2021-10-16T00:44:20.265+0400][gc,stats      ]     S: CLDG Roots                132458 us, workers (us): 4787, 4797, 4790, 4785, 4772, 4772, 4766, 4756, 4758, 4740, 4738, 4737, 4721, 4676, 4676, 4668, 4658, 5024, 4659, 4800, 4792, 4657, 4656, 4655, 4655, 4656, ---, 4654, ---, 4654, ---, ---, ---, ---, ---, ---, ---, ---, ---, ---, ---, ---, ---, ---, ---, ---, ---, ---, ---, ---, ---, ---, ---, ---, ---, ---, 
[2021-10-16T00:44:20.265+0400][gc,stats      ]     S: JVMTI Roots                    1 us, workers (us):   1, ---, ---, ---, ---, ---, ---, ---, ---, ---, ---, ---, ---, ---, ---, ---, ---, ---, ---, ---, ---, ---, ---, ---, ---, ---, ---, ---, ---, ---, ---, ---, ---, ---, ---, ---, ---, ---, ---, ---, ---, ---, ---, ---, ---, ---, ---, ---, ---, ---, ---, ---, ---, ---, ---, ---, 
[2021-10-16T00:44:20.265+0400][gc,stats      ]   Resize TLABs                        5 us
[2021-10-16T00:44:20.265+0400][gc,stats      ] Concurrent Marking                15730 us
[2021-10-16T00:44:20.265+0400][gc,stats      ] Pause Final Mark (G)               1001 us
[2021-10-16T00:44:20.265+0400][gc,stats      ] Pause Final Mark (N)                868 us
[2021-10-16T00:44:20.265+0400][gc,stats      ]   Finish Queues                     553 us
[2021-10-16T00:44:20.265+0400][gc,stats      ]   System Purge                      114 us
[2021-10-16T00:44:20.265+0400][gc,stats      ]     Weak Roots                      114 us
[2021-10-16T00:44:20.265+0400][gc,stats      ]   Update Region States               94 us
[2021-10-16T00:44:20.265+0400][gc,stats      ]   Retire TLABs                       13 us
[2021-10-16T00:44:20.265+0400][gc,stats      ]   Choose Collection Set              68 us
[2021-10-16T00:44:20.265+0400][gc,stats      ]   Rebuild Free Set                   17 us
[2021-10-16T00:44:20.265+0400][gc,stats      ] Concurrent Cleanup                  201 us
[2021-10-16T00:44:20.265+0400][gc,stats      ] 
[2021-10-16T00:44:20.265+0400][gc,stats      ] Allocation pacing accrued:
[2021-10-16T00:44:20.265+0400][gc,stats      ]       0 of  1626 ms (  0.0%): <total>
[2021-10-16T00:44:20.265+0400][gc,stats      ]       0 of  1626 ms (  0.0%): <average total>
[2021-10-16T00:44:20.265+0400][gc,stats      ] 
[2021-10-16T00:44:20.265+0400][gc,metaspace  ] Metaspace: 93367K->93367K(1142784K)
[2021-10-16T00:44:20.265+0400][gc,ergo       ] Pacer for Idle. Initial: 204M, Alloc Tax Rate: 1.0x
[2021-10-16T00:44:21.868+0400][gc            ] Trigger: Free (1021M) is below minimum threshold (1023M)
[2021-10-16T00:44:21.868+0400][gc,ergo       ] Free: 1021M, Max: 4096K regular, 952M humongous, Frag: 6% external, 1% internal; Reserve: 512M, Max: 4096K
[2021-10-16T00:44:21.869+0400][gc,start      ] GC(72) Concurrent reset
[2021-10-16T00:44:21.869+0400][gc,task       ] GC(72) Using 28 of 56 workers for concurrent reset
[2021-10-16T00:44:21.869+0400][gc,ergo       ] GC(72) Pacer for Reset. Non-Taxable: 10240M
[2021-10-16T00:44:21.869+0400][gc            ] GC(72) Concurrent reset 0.711ms
[2021-10-16T00:44:21.869+0400][gc,start      ] GC(72) Pause Init Mark
[2021-10-16T00:44:21.870+0400][gc,task       ] GC(72) Using 56 of 56 workers for init marking
[2021-10-16T00:44:21.876+0400][gc,ergo       ] GC(72) Pacer for Mark. Expected Live: 102M, Free: 1017M, Non-Taxable: 101M, Alloc Tax Rate: 0.1x
[2021-10-16T00:44:21.876+0400][gc            ] GC(72) Pause Init Mark 6.946ms
[2021-10-16T00:44:21.876+0400][gc,start      ] GC(72) Concurrent marking
[2021-10-16T00:44:21.876+0400][gc,task       ] GC(72) Using 28 of 56 workers for concurrent marking
[2021-10-16T00:44:21.892+0400][gc            ] GC(72) Concurrent marking 15.370ms
[2021-10-16T00:44:21.892+0400][gc,start      ] GC(72) Pause Final Mark
[2021-10-16T00:44:21.892+0400][gc,task       ] GC(72) Using 56 of 56 workers for final marking
[2021-10-16T00:44:21.893+0400][gc,ergo       ] GC(72) Collectable Garbage: 7876M (91%), Immediate: 7876M (91%), CSet: 0B (0%)
[2021-10-16T00:44:21.893+0400][gc            ] GC(72) Pause Final Mark 1.026ms
[2021-10-16T00:44:21.893+0400][gc,start      ] GC(72) Concurrent cleanup
[2021-10-16T00:44:21.893+0400][gc            ] GC(72) Concurrent cleanup 8790M->942M(10240M) 0.228ms
[2021-10-16T00:44:21.893+0400][gc,ergo       ] GC(72) Free: 8785M, Max: 4096K regular, 2712M humongous, Frag: 70% external, 0% internal; Reserve: 512M, Max: 4096K
[2021-10-16T00:44:21.893+0400][gc,ergo       ] Free: 8777M, Max: 4096K regular, 2712M humongous, Frag: 70% external, 0% internal; Reserve: 512M, Max: 4096K
[2021-10-16T00:44:21.894+0400][gc,stats      ] 
[2021-10-16T00:44:21.894+0400][gc,stats      ] All times are wall-clock times, except per-root-class counters, that are sum over
[2021-10-16T00:44:21.894+0400][gc,stats      ] all workers. Dividing the <total> over the root stage time estimates parallelism.
[2021-10-16T00:44:21.894+0400][gc,stats      ] 
[2021-10-16T00:44:21.894+0400][gc,stats      ] Concurrent Reset                    692 us
[2021-10-16T00:44:21.894+0400][gc,stats      ] Pause Init Mark (G)                7203 us
[2021-10-16T00:44:21.894+0400][gc,stats      ] Pause Init Mark (N)                6893 us
[2021-10-16T00:44:21.894+0400][gc,stats      ]   Accumulate Stats                    6 us
[2021-10-16T00:44:21.894+0400][gc,stats      ]   Make Parsable                      18 us
[2021-10-16T00:44:21.894+0400][gc,stats      ]   Update Region States              145 us
[2021-10-16T00:44:21.894+0400][gc,stats      ]   Scan Roots                       6656 us, parallelism: 21.44x
[2021-10-16T00:44:21.894+0400][gc,stats      ]     S: <total>                   142687 us
[2021-10-16T00:44:21.894+0400][gc,stats      ]     S: Thread Roots                 680 us, workers (us):   2,   3,   1,   1,   2,   2,   3,   3,   1,   3,   1,   1,   2,   2,   2,   3,   2,   3,   2,   2,   2,   2,   1,   3,   3,   3,  80,   3,  71,  71,   3,  76,  72,  72,  47,  61,  40,  17,   2,   0,   0,   0,   0,   0,   0,   0,   0,   0,   2,   2,   2,   0,   2,   0,   2,   2, 
[2021-10-16T00:44:21.894+0400][gc,stats      ]     S: Universe Roots                 4 us, workers (us):   4, ---, ---, ---, ---, ---, ---, ---, ---, ---, ---, ---, ---, ---, ---, ---, ---, ---, ---, ---, ---, ---, ---, ---, ---, ---, ---, ---, ---, ---, ---, ---, ---, ---, ---, ---, ---, ---, ---, ---, ---, ---, ---, ---, ---, ---, ---, ---, ---, ---, ---, ---, ---, ---, ---, ---, 
[2021-10-16T00:44:21.894+0400][gc,stats      ]     S: JNI Handles Roots              3 us, workers (us):   3, ---, ---, ---, ---, ---, ---, ---, ---, ---, ---, ---, ---, ---, ---, ---, ---, ---, ---, ---, ---, ---, ---, ---, ---, ---, ---, ---, ---, ---, ---, ---, ---, ---, ---, ---, ---, ---, ---, ---, ---, ---, ---, ---, ---, ---, ---, ---, ---, ---, ---, ---, ---, ---, ---, ---, 
[2021-10-16T00:44:21.894+0400][gc,stats      ]     S: Synchronizer Roots             1 us, workers (us): ---,   1, ---, ---, ---, ---, ---, ---, ---, ---, ---, ---, ---, ---, ---, ---, ---, ---, ---, ---, ---, ---, ---, ---, ---, ---, ---, ---, ---, ---, ---, ---, ---, ---, ---, ---, ---, ---, ---, ---, ---, ---, ---, ---, ---, ---, ---, ---, ---, ---, ---, ---, ---, ---, ---, ---, 
[2021-10-16T00:44:21.894+0400][gc,stats      ]     S: Management Roots               2 us, workers (us):   2, ---, ---, ---, ---, ---, ---, ---, ---, ---, ---, ---, ---, ---, ---, ---, ---, ---, ---, ---, ---, ---, ---, ---, ---, ---, ---, ---, ---, ---, ---, ---, ---, ---, ---, ---, ---, ---, ---, ---, ---, ---, ---, ---, ---, ---, ---, ---, ---, ---, ---, ---, ---, ---, ---, ---, 
[2021-10-16T00:44:21.894+0400][gc,stats      ]     S: System Dict Roots             10 us, workers (us): ---,  10, ---, ---, ---, ---, ---, ---, ---, ---, ---, ---, ---, ---, ---, ---, ---, ---, ---, ---, ---, ---, ---, ---, ---, ---, ---, ---, ---, ---, ---, ---, ---, ---, ---, ---, ---, ---, ---, ---, ---, ---, ---, ---, ---, ---, ---, ---, ---, ---, ---, ---, ---, ---, ---, ---, 
[2021-10-16T00:44:21.894+0400][gc,stats      ]     S: CLDG Roots                141987 us, workers (us): 5149, 5144, 5134, 5173, 5129, 5131, 5125, 5078, 5121, 5063, 5036, 5036, 5033, 5022, 5021, 5020, 5020, 5020, 5019, 5017, 5016, 5018, 5390, 5016, 5016, 5015, ---, 5013, ---, ---, 5013, ---, ---, ---, ---, ---, ---, ---, ---, ---, ---, ---, ---, ---, ---, ---, ---, ---, ---, ---, ---, ---, ---, ---, ---, ---, 
[2021-10-16T00:44:21.894+0400][gc,stats      ]     S: JVMTI Roots                    1 us, workers (us):   1, ---, ---, ---, ---, ---, ---, ---, ---, ---, ---, ---, ---, ---, ---, ---, ---, ---, ---, ---, ---, ---, ---, ---, ---, ---, ---, ---, ---, ---, ---, ---, ---, ---, ---, ---, ---, ---, ---, ---, ---, ---, ---, ---, ---, ---, ---, ---, ---, ---, ---, ---, ---, ---, ---, ---, 
[2021-10-16T00:44:21.894+0400][gc,stats      ]   Resize TLABs                        4 us
[2021-10-16T00:44:21.894+0400][gc,stats      ] Concurrent Marking                15322 us
[2021-10-16T00:44:21.894+0400][gc,stats      ] Pause Final Mark (G)               1290 us
[2021-10-16T00:44:21.894+0400][gc,stats      ] Pause Final Mark (N)                986 us
[2021-10-16T00:44:21.894+0400][gc,stats      ]   Finish Queues                     515 us
[2021-10-16T00:44:21.894+0400][gc,stats      ]   System Purge                      132 us
[2021-10-16T00:44:21.894+0400][gc,stats      ]     Weak Roots                      131 us
[2021-10-16T00:44:21.894+0400][gc,stats      ]   Update Region States              132 us
[2021-10-16T00:44:21.894+0400][gc,stats      ]   Retire TLABs                       19 us
[2021-10-16T00:44:21.894+0400][gc,stats      ]   Choose Collection Set             125 us
[2021-10-16T00:44:21.894+0400][gc,stats      ]   Rebuild Free Set                   44 us
[2021-10-16T00:44:21.894+0400][gc,stats      ] Concurrent Cleanup                  198 us
[2021-10-16T00:44:21.894+0400][gc,stats      ] 
[2021-10-16T00:44:21.894+0400][gc,stats      ] Allocation pacing accrued:
[2021-10-16T00:44:21.894+0400][gc,stats      ]       0 of  1628 ms (  0.0%): <total>
[2021-10-16T00:44:21.894+0400][gc,stats      ]       0 of  1628 ms (  0.0%): <average total>
[2021-10-16T00:44:21.894+0400][gc,stats      ] 
[2021-10-16T00:44:21.894+0400][gc,metaspace  ] Metaspace: 93367K->93367K(1142784K)
[2021-10-16T00:44:21.894+0400][gc,ergo       ] Pacer for Idle. Initial: 204M, Alloc Tax Rate: 1.0x
[2021-10-16T00:44:23.492+0400][gc            ] Trigger: Free (1017M) is below minimum threshold (1023M)
[2021-10-16T00:44:23.493+0400][gc,ergo       ] Free: 1017M, Max: 4096K regular, 928M humongous, Frag: 8% external, 1% internal; Reserve: 512M, Max: 4096K
[2021-10-16T00:44:23.493+0400][gc,start      ] GC(73) Concurrent reset
[2021-10-16T00:44:23.493+0400][gc,task       ] GC(73) Using 28 of 56 workers for concurrent reset
[2021-10-16T00:44:23.493+0400][gc,ergo       ] GC(73) Pacer for Reset. Non-Taxable: 10240M
[2021-10-16T00:44:23.493+0400][gc            ] GC(73) Concurrent reset 0.632ms
[2021-10-16T00:44:23.493+0400][gc,start      ] GC(73) Pause Init Mark
[2021-10-16T00:44:23.493+0400][gc,task       ] GC(73) Using 56 of 56 workers for init marking
[2021-10-16T00:44:23.510+0400][gc,ergo       ] GC(73) Pacer for Mark. Expected Live: 102M, Free: 1017M, Non-Taxable: 101M, Alloc Tax Rate: 0.1x
[2021-10-16T00:44:23.510+0400][gc            ] GC(73) Pause Init Mark 16.915ms
[2021-10-16T00:44:23.510+0400][gc,start      ] GC(73) Concurrent marking
[2021-10-16T00:44:23.510+0400][gc,task       ] GC(73) Using 28 of 56 workers for concurrent marking
[2021-10-16T00:44:23.526+0400][gc            ] GC(73) Concurrent marking 15.307ms
[2021-10-16T00:44:23.526+0400][gc,start      ] GC(73) Pause Final Mark
[2021-10-16T00:44:23.526+0400][gc,task       ] GC(73) Using 56 of 56 workers for final marking
[2021-10-16T00:44:23.527+0400][gc,ergo       ] GC(73) Collectable Garbage: 7876M (91%), Immediate: 7876M (91%), CSet: 0B (0%)
[2021-10-16T00:44:23.527+0400][gc            ] GC(73) Pause Final Mark 0.749ms
[2021-10-16T00:44:23.527+0400][gc,start      ] GC(73) Concurrent cleanup
[2021-10-16T00:44:23.527+0400][gc            ] GC(73) Concurrent cleanup 8778M->922M(10240M) 0.215ms
[2021-10-16T00:44:23.527+0400][gc,ergo       ] GC(73) Free: 8805M, Max: 4096K regular, 2712M humongous, Frag: 70% external, 0% internal; Reserve: 512M, Max: 4096K
[2021-10-16T00:44:23.527+0400][gc,ergo       ] Free: 8801M, Max: 4096K regular, 2712M humongous, Frag: 70% external, 0% internal; Reserve: 512M, Max: 4096K
[2021-10-16T00:44:23.527+0400][gc,stats      ] 
[2021-10-16T00:44:23.527+0400][gc,stats      ] All times are wall-clock times, except per-root-class counters, that are sum over
[2021-10-16T00:44:23.527+0400][gc,stats      ] all workers. Dividing the <total> over the root stage time estimates parallelism.
[2021-10-16T00:44:23.527+0400][gc,stats      ] 
[2021-10-16T00:44:23.527+0400][gc,stats      ] Concurrent Reset                    622 us
[2021-10-16T00:44:23.527+0400][gc,stats      ] Pause Init Mark (G)               17218 us
[2021-10-16T00:44:23.527+0400][gc,stats      ] Pause Init Mark (N)               16871 us
[2021-10-16T00:44:23.527+0400][gc,stats      ]   Accumulate Stats                    5 us
[2021-10-16T00:44:23.527+0400][gc,stats      ]   Make Parsable                      54 us
[2021-10-16T00:44:23.527+0400][gc,stats      ]   Update Region States              149 us
[2021-10-16T00:44:23.527+0400][gc,stats      ]   Scan Roots                      16615 us, parallelism: 9.34x
[2021-10-16T00:44:23.527+0400][gc,stats      ]     S: <total>                   155169 us
[2021-10-16T00:44:23.527+0400][gc,stats      ]     S: Thread Roots                 983 us, workers (us):   2,   7,   1,   2,   1,   1,   2,   2,   5,   2,   2,   8,   3,   2,   1,   6,  10,   2,   2,   3,   7,   2,   1,   3,   1,   1,   3,   2,  89,  62,  84,  83,  83,  51,  83,  83,  35,  58,  55,  54,  50,   4,   2,   2,  12,   2,   0,   0,   0,   0,   1,   0,   0,   0,   0,   0, 
[2021-10-16T00:44:23.527+0400][gc,stats      ]     S: Universe Roots                 6 us, workers (us):   6, ---, ---, ---, ---, ---, ---, ---, ---, ---, ---, ---, ---, ---, ---, ---, ---, ---, ---, ---, ---, ---, ---, ---, ---, ---, ---, ---, ---, ---, ---, ---, ---, ---, ---, ---, ---, ---, ---, ---, ---, ---, ---, ---, ---, ---, ---, ---, ---, ---, ---, ---, ---, ---, ---, ---, 
[2021-10-16T00:44:23.527+0400][gc,stats      ]     S: JNI Handles Roots             16 us, workers (us): ---,  16, ---, ---, ---, ---, ---, ---, ---, ---, ---, ---, ---, ---, ---, ---, ---, ---, ---, ---, ---, ---, ---, ---, ---, ---, ---, ---, ---, ---, ---, ---, ---, ---, ---, ---, ---, ---, ---, ---, ---, ---, ---, ---, ---, ---, ---, ---, ---, ---, ---, ---, ---, ---, ---, ---, 
[2021-10-16T00:44:23.527+0400][gc,stats      ]     S: Synchronizer Roots             0 us, workers (us):   0, ---, ---, ---, ---, ---, ---, ---, ---, ---, ---, ---, ---, ---, ---, ---, ---, ---, ---, ---, ---, ---, ---, ---, ---, ---, ---, ---, ---, ---, ---, ---, ---, ---, ---, ---, ---, ---, ---, ---, ---, ---, ---, ---, ---, ---, ---, ---, ---, ---, ---, ---, ---, ---, ---, ---, 
[2021-10-16T00:44:23.527+0400][gc,stats      ]     S: Management Roots               2 us, workers (us):   2, ---, ---, ---, ---, ---, ---, ---, ---, ---, ---, ---, ---, ---, ---, ---, ---, ---, ---, ---, ---, ---, ---, ---, ---, ---, ---, ---, ---, ---, ---, ---, ---, ---, ---, ---, ---, ---, ---, ---, ---, ---, ---, ---, ---, ---, ---, ---, ---, ---, ---, ---, ---, ---, ---, ---, 
[2021-10-16T00:44:23.527+0400][gc,stats      ]     S: System Dict Roots             10 us, workers (us):  10, ---, ---, ---, ---, ---, ---, ---, ---, ---, ---, ---, ---, ---, ---, ---, ---, ---, ---, ---, ---, ---, ---, ---, ---, ---, ---, ---, ---, ---, ---, ---, ---, ---, ---, ---, ---, ---, ---, ---, ---, ---, ---, ---, ---, ---, ---, ---, ---, ---, ---, ---, ---, ---, ---, ---, 
[2021-10-16T00:44:23.527+0400][gc,stats      ]     S: CLDG Roots                154150 us, workers (us): 5523, 5513, 5519, 5512, 5516, 5481, 5453, 5453, 5655, 5452, 5452, 5449, 5449, 5449, 6331, 5448, 5448, 5448, 5448, 5447, 5445, 5447, 5597, 5446, 5447, 5446, 5444, 5432, ---, ---, ---, ---, ---, ---, ---, ---, ---, ---, ---, ---, ---, ---, ---, ---, ---, ---, ---, ---, ---, ---, ---, ---, ---, ---, ---, ---, 
[2021-10-16T00:44:23.527+0400][gc,stats      ]     S: JVMTI Roots                    1 us, workers (us): ---,   1, ---, ---, ---, ---, ---, ---, ---, ---, ---, ---, ---, ---, ---, ---, ---, ---, ---, ---, ---, ---, ---, ---, ---, ---, ---, ---, ---, ---, ---, ---, ---, ---, ---, ---, ---, ---, ---, ---, ---, ---, ---, ---, ---, ---, ---, ---, ---, ---, ---, ---, ---, ---, ---, ---, 
[2021-10-16T00:44:23.527+0400][gc,stats      ]   Resize TLABs                        3 us
[2021-10-16T00:44:23.527+0400][gc,stats      ] Concurrent Marking                15282 us
[2021-10-16T00:44:23.527+0400][gc,stats      ] Pause Final Mark (G)                844 us
[2021-10-16T00:44:23.527+0400][gc,stats      ] Pause Final Mark (N)                733 us
[2021-10-16T00:44:23.527+0400][gc,stats      ]   Finish Queues                     418 us
[2021-10-16T00:44:23.527+0400][gc,stats      ]   System Purge                      141 us
[2021-10-16T00:44:23.527+0400][gc,stats      ]     Weak Roots                      140 us
[2021-10-16T00:44:23.527+0400][gc,stats      ]   Update Region States               84 us
[2021-10-16T00:44:23.527+0400][gc,stats      ]   Retire TLABs                       17 us
[2021-10-16T00:44:23.527+0400][gc,stats      ]   Choose Collection Set              53 us
[2021-10-16T00:44:23.527+0400][gc,stats      ]   Rebuild Free Set                   11 us
[2021-10-16T00:44:23.527+0400][gc,stats      ] Concurrent Cleanup                  205 us
[2021-10-16T00:44:23.527+0400][gc,stats      ] 
[2021-10-16T00:44:23.527+0400][gc,stats      ] Allocation pacing accrued:
[2021-10-16T00:44:23.527+0400][gc,stats      ]       0 of  1633 ms (  0.0%): <total>
[2021-10-16T00:44:23.527+0400][gc,stats      ]       0 of  1633 ms (  0.0%): <average total>
[2021-10-16T00:44:23.527+0400][gc,stats      ] 
[2021-10-16T00:44:23.527+0400][gc,metaspace  ] Metaspace: 93367K->93367K(1142784K)
[2021-10-16T00:44:23.527+0400][gc,ergo       ] Pacer for Idle. Initial: 204M, Alloc Tax Rate: 1.0x
[2021-10-16T00:44:25.134+0400][gc            ] Trigger: Free (1021M) is below minimum threshold (1023M)
[2021-10-16T00:44:25.135+0400][gc,ergo       ] Free: 1017M, Max: 4096K regular, 964M humongous, Frag: 5% external, 1% internal; Reserve: 512M, Max: 4096K
[2021-10-16T00:44:25.135+0400][gc,start      ] GC(74) Concurrent reset
[2021-10-16T00:44:25.135+0400][gc,task       ] GC(74) Using 28 of 56 workers for concurrent reset
[2021-10-16T00:44:25.135+0400][gc,ergo       ] GC(74) Pacer for Reset. Non-Taxable: 10240M
[2021-10-16T00:44:25.135+0400][gc            ] GC(74) Concurrent reset 0.682ms
[2021-10-16T00:44:25.136+0400][gc,start      ] GC(74) Pause Init Mark
[2021-10-16T00:44:25.136+0400][gc,task       ] GC(74) Using 56 of 56 workers for init marking
[2021-10-16T00:44:25.142+0400][gc,ergo       ] GC(74) Pacer for Mark. Expected Live: 102M, Free: 1017M, Non-Taxable: 101M, Alloc Tax Rate: 0.1x
[2021-10-16T00:44:25.142+0400][gc            ] GC(74) Pause Init Mark 6.674ms
[2021-10-16T00:44:25.142+0400][gc,start      ] GC(74) Concurrent marking
[2021-10-16T00:44:25.142+0400][gc,task       ] GC(74) Using 28 of 56 workers for concurrent marking
[2021-10-16T00:44:25.158+0400][gc            ] GC(74) Concurrent marking 15.245ms
[2021-10-16T00:44:25.158+0400][gc,start      ] GC(74) Pause Final Mark
[2021-10-16T00:44:25.158+0400][gc,task       ] GC(74) Using 56 of 56 workers for final marking
[2021-10-16T00:44:25.159+0400][gc,ergo       ] GC(74) Collectable Garbage: 7836M (91%), Immediate: 7836M (91%), CSet: 0B (0%)
[2021-10-16T00:44:25.159+0400][gc            ] GC(74) Pause Final Mark 0.790ms
[2021-10-16T00:44:25.159+0400][gc,start      ] GC(74) Concurrent cleanup
[2021-10-16T00:44:25.159+0400][gc            ] GC(74) Concurrent cleanup 8790M->994M(10240M) 0.645ms
[2021-10-16T00:44:25.159+0400][gc,ergo       ] GC(74) Free: 8733M, Max: 4096K regular, 2712M humongous, Frag: 69% external, 0% internal; Reserve: 512M, Max: 4096K
[2021-10-16T00:44:25.159+0400][gc,ergo       ] Free: 8733M, Max: 4096K regular, 2712M humongous, Frag: 69% external, 0% internal; Reserve: 512M, Max: 4096K
[2021-10-16T00:44:25.160+0400][gc,stats      ] 
[2021-10-16T00:44:25.160+0400][gc,stats      ] All times are wall-clock times, except per-root-class counters, that are sum over
[2021-10-16T00:44:25.160+0400][gc,stats      ] all workers. Dividing the <total> over the root stage time estimates parallelism.
[2021-10-16T00:44:25.160+0400][gc,stats      ] 
[2021-10-16T00:44:25.160+0400][gc,stats      ] Concurrent Reset                    661 us
[2021-10-16T00:44:25.160+0400][gc,stats      ] Pause Init Mark (G)                6988 us
[2021-10-16T00:44:25.160+0400][gc,stats      ] Pause Init Mark (N)                6616 us
[2021-10-16T00:44:25.160+0400][gc,stats      ]   Accumulate Stats                    6 us
[2021-10-16T00:44:25.160+0400][gc,stats      ]   Make Parsable                      21 us
[2021-10-16T00:44:25.160+0400][gc,stats      ]   Update Region States              185 us
[2021-10-16T00:44:25.160+0400][gc,stats      ]   Scan Roots                       6318 us, parallelism: 24.05x
[2021-10-16T00:44:25.160+0400][gc,stats      ]     S: <total>                   151955 us
[2021-10-16T00:44:25.160+0400][gc,stats      ]     S: Thread Roots               14945 us, workers (us):   2,   1,   1,   1,   1,   2,   3,   2,   2,   2,   1,   3,   3,   2,   3,   2,   3,   1,   1,   3,   1,   2,   2,   3,   3,   1,   3,   2, 1175, 1570,  41, 1011,  35, 1090,  25, 1530, 1078,  46, 1542, 980, 1578, 1593, 1593,   1,   0,   0,   0,   0,   0,   0,   0,   0,   0,   1,   0,   0, 
[2021-10-16T00:44:25.160+0400][gc,stats      ]     S: Universe Roots                 5 us, workers (us):   5, ---, ---, ---, ---, ---, ---, ---, ---, ---, ---, ---, ---, ---, ---, ---, ---, ---, ---, ---, ---, ---, ---, ---, ---, ---, ---, ---, ---, ---, ---, ---, ---, ---, ---, ---, ---, ---, ---, ---, ---, ---, ---, ---, ---, ---, ---, ---, ---, ---, ---, ---, ---, ---, ---, ---, 
[2021-10-16T00:44:25.160+0400][gc,stats      ]     S: JNI Handles Roots              2 us, workers (us): ---,   2, ---, ---, ---, ---, ---, ---, ---, ---, ---, ---, ---, ---, ---, ---, ---, ---, ---, ---, ---, ---, ---, ---, ---, ---, ---, ---, ---, ---, ---, ---, ---, ---, ---, ---, ---, ---, ---, ---, ---, ---, ---, ---, ---, ---, ---, ---, ---, ---, ---, ---, ---, ---, ---, ---, 
[2021-10-16T00:44:25.160+0400][gc,stats      ]     S: Synchronizer Roots             1 us, workers (us):   1, ---, ---, ---, ---, ---, ---, ---, ---, ---, ---, ---, ---, ---, ---, ---, ---, ---, ---, ---, ---, ---, ---, ---, ---, ---, ---, ---, ---, ---, ---, ---, ---, ---, ---, ---, ---, ---, ---, ---, ---, ---, ---, ---, ---, ---, ---, ---, ---, ---, ---, ---, ---, ---, ---, ---, 
[2021-10-16T00:44:25.160+0400][gc,stats      ]     S: Management Roots               2 us, workers (us):   2, ---, ---, ---, ---, ---, ---, ---, ---, ---, ---, ---, ---, ---, ---, ---, ---, ---, ---, ---, ---, ---, ---, ---, ---, ---, ---, ---, ---, ---, ---, ---, ---, ---, ---, ---, ---, ---, ---, ---, ---, ---, ---, ---, ---, ---, ---, ---, ---, ---, ---, ---, ---, ---, ---, ---, 
[2021-10-16T00:44:25.160+0400][gc,stats      ]     S: System Dict Roots             28 us, workers (us):  28, ---, ---, ---, ---, ---, ---, ---, ---, ---, ---, ---, ---, ---, ---, ---, ---, ---, ---, ---, ---, ---, ---, ---, ---, ---, ---, ---, ---, ---, ---, ---, ---, ---, ---, ---, ---, ---, ---, ---, ---, ---, ---, ---, ---, ---, ---, ---, ---, ---, ---, ---, ---, ---, ---, ---, 
[2021-10-16T00:44:25.160+0400][gc,stats      ]     S: CLDG Roots                136970 us, workers (us): 4938, 4936, 4919, 4977, 4919, 4913, 4905, 4904, 4903, 4903, 4906, 4902, 4902, 4902, 4902, 4901, 4901, 4858, 4928, 4850, 4844, 4833, 4835, 4833, 4832, 4961, 4832, 4832, ---, ---, ---, ---, ---, ---, ---, ---, ---, ---, ---, ---, ---, ---, ---, ---, ---, ---, ---, ---, ---, ---, ---, ---, ---, ---, ---, ---, 
[2021-10-16T00:44:25.160+0400][gc,stats      ]     S: JVMTI Roots                    1 us, workers (us):   1, ---, ---, ---, ---, ---, ---, ---, ---, ---, ---, ---, ---, ---, ---, ---, ---, ---, ---, ---, ---, ---, ---, ---, ---, ---, ---, ---, ---, ---, ---, ---, ---, ---, ---, ---, ---, ---, ---, ---, ---, ---, ---, ---, ---, ---, ---, ---, ---, ---, ---, ---, ---, ---, ---, ---, 
[2021-10-16T00:44:25.160+0400][gc,stats      ]   Resize TLABs                        5 us
[2021-10-16T00:44:25.160+0400][gc,stats      ] Concurrent Marking                15186 us
[2021-10-16T00:44:25.160+0400][gc,stats      ] Pause Final Mark (G)               1012 us
[2021-10-16T00:44:25.160+0400][gc,stats      ] Pause Final Mark (N)                756 us
[2021-10-16T00:44:25.160+0400][gc,stats      ]   Finish Queues                     472 us
[2021-10-16T00:44:25.160+0400][gc,stats      ]   System Purge                      104 us
[2021-10-16T00:44:25.160+0400][gc,stats      ]     Weak Roots                      104 us
[2021-10-16T00:44:25.160+0400][gc,stats      ]   Update Region States               85 us
[2021-10-16T00:44:25.160+0400][gc,stats      ]   Retire TLABs                       13 us
[2021-10-16T00:44:25.160+0400][gc,stats      ]   Choose Collection Set              59 us
[2021-10-16T00:44:25.160+0400][gc,stats      ]   Rebuild Free Set                   16 us
[2021-10-16T00:44:25.160+0400][gc,stats      ] Concurrent Cleanup                  617 us
[2021-10-16T00:44:25.160+0400][gc,stats      ] 
[2021-10-16T00:44:25.160+0400][gc,stats      ] Allocation pacing accrued:
[2021-10-16T00:44:25.160+0400][gc,stats      ]       0 of  1633 ms (  0.0%): <total>
[2021-10-16T00:44:25.160+0400][gc,stats      ]       0 of  1633 ms (  0.0%): <average total>
[2021-10-16T00:44:25.160+0400][gc,stats      ] 
[2021-10-16T00:44:25.160+0400][gc,metaspace  ] Metaspace: 93376K->93376K(1142784K)
[2021-10-16T00:44:25.160+0400][gc,ergo       ] Pacer for Idle. Initial: 204M, Alloc Tax Rate: 1.0x
[2021-10-16T00:44:26.752+0400][gc            ] Trigger: Free (1017M) is below minimum threshold (1023M)
[2021-10-16T00:44:26.752+0400][gc,ergo       ] Free: 1017M, Max: 4096K regular, 928M humongous, Frag: 8% external, 1% internal; Reserve: 512M, Max: 4096K
[2021-10-16T00:44:26.752+0400][gc,start      ] GC(75) Concurrent reset
[2021-10-16T00:44:26.752+0400][gc,task       ] GC(75) Using 28 of 56 workers for concurrent reset
[2021-10-16T00:44:26.752+0400][gc,ergo       ] GC(75) Pacer for Reset. Non-Taxable: 10240M
[2021-10-16T00:44:26.752+0400][gc            ] GC(75) Concurrent reset 0.671ms
[2021-10-16T00:44:26.753+0400][gc,start      ] GC(75) Pause Init Mark (process weakrefs)
[2021-10-16T00:44:26.753+0400][gc,task       ] GC(75) Using 56 of 56 workers for init marking
[2021-10-16T00:44:26.760+0400][gc,ergo       ] GC(75) Pacer for Mark. Expected Live: 102M, Free: 1017M, Non-Taxable: 101M, Alloc Tax Rate: 0.1x
[2021-10-16T00:44:26.760+0400][gc            ] GC(75) Pause Init Mark (process weakrefs) 7.377ms
[2021-10-16T00:44:26.760+0400][gc,start      ] GC(75) Concurrent marking (process weakrefs)
[2021-10-16T00:44:26.760+0400][gc,task       ] GC(75) Using 28 of 56 workers for concurrent marking
[2021-10-16T00:44:26.775+0400][gc            ] GC(75) Concurrent marking (process weakrefs) 15.213ms
[2021-10-16T00:44:26.775+0400][gc,start      ] GC(75) Concurrent precleaning
[2021-10-16T00:44:26.775+0400][gc,task       ] GC(75) Using 1 of 56 workers for concurrent preclean
[2021-10-16T00:44:26.775+0400][gc,ergo       ] GC(75) Pacer for Precleaning. Non-Taxable: 10240M
[2021-10-16T00:44:26.776+0400][gc            ] GC(75) Concurrent precleaning 1.076ms
[2021-10-16T00:44:26.777+0400][gc,start      ] GC(75) Pause Final Mark (process weakrefs)
[2021-10-16T00:44:26.777+0400][gc,task       ] GC(75) Using 56 of 56 workers for final marking
[2021-10-16T00:44:26.777+0400][gc,ergo       ] GC(75) Collectable Garbage: 7836M (91%), Immediate: 7836M (91%), CSet: 0B (0%)
[2021-10-16T00:44:26.777+0400][gc            ] GC(75) Pause Final Mark (process weakrefs) 0.854ms
[2021-10-16T00:44:26.777+0400][gc,start      ] GC(75) Concurrent cleanup
[2021-10-16T00:44:26.778+0400][gc            ] GC(75) Concurrent cleanup 8794M->998M(10240M) 0.275ms
[2021-10-16T00:44:26.778+0400][gc,ergo       ] GC(75) Free: 8729M, Max: 4096K regular, 2712M humongous, Frag: 69% external, 0% internal; Reserve: 512M, Max: 4096K
[2021-10-16T00:44:26.778+0400][gc,ergo       ] Free: 8729M, Max: 4096K regular, 2712M humongous, Frag: 69% external, 0% internal; Reserve: 512M, Max: 4096K
[2021-10-16T00:44:26.778+0400][gc,stats      ] 
[2021-10-16T00:44:26.778+0400][gc,stats      ] All times are wall-clock times, except per-root-class counters, that are sum over
[2021-10-16T00:44:26.778+0400][gc,stats      ] all workers. Dividing the <total> over the root stage time estimates parallelism.
[2021-10-16T00:44:26.778+0400][gc,stats      ] 
[2021-10-16T00:44:26.778+0400][gc,stats      ] Concurrent Reset                    651 us
[2021-10-16T00:44:26.778+0400][gc,stats      ] Pause Init Mark (G)                7733 us
[2021-10-16T00:44:26.778+0400][gc,stats      ] Pause Init Mark (N)                7330 us
[2021-10-16T00:44:26.778+0400][gc,stats      ]   Accumulate Stats                    6 us
[2021-10-16T00:44:26.778+0400][gc,stats      ]   Make Parsable                      19 us
[2021-10-16T00:44:26.778+0400][gc,stats      ]   Update Region States              179 us
[2021-10-16T00:44:26.778+0400][gc,stats      ]   Scan Roots                       7058 us, parallelism: 21.87x
[2021-10-16T00:44:26.778+0400][gc,stats      ]     S: <total>                   154342 us
[2021-10-16T00:44:26.778+0400][gc,stats      ]     S: Thread Roots                 884 us, workers (us):   2,   2,   2,   2,   2,   1,   1,   1,   1,   1,   1,   2,   2,   2,   2,   3,   3,   1,   3,   3,   2,   2,  78,   3,   2,   2,   3,  78,   2,   3,  78,  76,  74,  78,  77,  63,  64,  63,  59,  16,   2,   0,   2,   2,   3,   2,   3,   3,   2,   2,   2,   0,   0,   0,   0,   0, 
[2021-10-16T00:44:26.778+0400][gc,stats      ]     S: Universe Roots                 4 us, workers (us):   4, ---, ---, ---, ---, ---, ---, ---, ---, ---, ---, ---, ---, ---, ---, ---, ---, ---, ---, ---, ---, ---, ---, ---, ---, ---, ---, ---, ---, ---, ---, ---, ---, ---, ---, ---, ---, ---, ---, ---, ---, ---, ---, ---, ---, ---, ---, ---, ---, ---, ---, ---, ---, ---, ---, ---, 
[2021-10-16T00:44:26.778+0400][gc,stats      ]     S: JNI Handles Roots              3 us, workers (us):   3, ---, ---, ---, ---, ---, ---, ---, ---, ---, ---, ---, ---, ---, ---, ---, ---, ---, ---, ---, ---, ---, ---, ---, ---, ---, ---, ---, ---, ---, ---, ---, ---, ---, ---, ---, ---, ---, ---, ---, ---, ---, ---, ---, ---, ---, ---, ---, ---, ---, ---, ---, ---, ---, ---, ---, 
[2021-10-16T00:44:26.778+0400][gc,stats      ]     S: Synchronizer Roots             0 us, workers (us):   0, ---, ---, ---, ---, ---, ---, ---, ---, ---, ---, ---, ---, ---, ---, ---, ---, ---, ---, ---, ---, ---, ---, ---, ---, ---, ---, ---, ---, ---, ---, ---, ---, ---, ---, ---, ---, ---, ---, ---, ---, ---, ---, ---, ---, ---, ---, ---, ---, ---, ---, ---, ---, ---, ---, ---, 
[2021-10-16T00:44:26.778+0400][gc,stats      ]     S: Management Roots               2 us, workers (us):   2, ---, ---, ---, ---, ---, ---, ---, ---, ---, ---, ---, ---, ---, ---, ---, ---, ---, ---, ---, ---, ---, ---, ---, ---, ---, ---, ---, ---, ---, ---, ---, ---, ---, ---, ---, ---, ---, ---, ---, ---, ---, ---, ---, ---, ---, ---, ---, ---, ---, ---, ---, ---, ---, ---, ---, 
[2021-10-16T00:44:26.778+0400][gc,stats      ]     S: System Dict Roots              9 us, workers (us):   9, ---, ---, ---, ---, ---, ---, ---, ---, ---, ---, ---, ---, ---, ---, ---, ---, ---, ---, ---, ---, ---, ---, ---, ---, ---, ---, ---, ---, ---, ---, ---, ---, ---, ---, ---, ---, ---, ---, ---, ---, ---, ---, ---, ---, ---, ---, ---, ---, ---, ---, ---, ---, ---, ---, ---, 
[2021-10-16T00:44:26.778+0400][gc,stats      ]     S: CLDG Roots                153439 us, workers (us): 5558, 5545, 5544, 5541, 5539, 5517, 5517, 5563, 5512, 5448, 5448, 5433, 5431, 5432, 5535, 5431, 5430, 5431, 5425, 5427, 5428, 5759, ---, 5423, 5425, 5426, 5424, ---, 5424, 5423, ---, ---, ---, ---, ---, ---, ---, ---, ---, ---, ---, ---, ---, ---, ---, ---, ---, ---, ---, ---, ---, ---, ---, ---, ---, ---, 
[2021-10-16T00:44:26.778+0400][gc,stats      ]     S: JVMTI Roots                    1 us, workers (us):   1, ---, ---, ---, ---, ---, ---, ---, ---, ---, ---, ---, ---, ---, ---, ---, ---, ---, ---, ---, ---, ---, ---, ---, ---, ---, ---, ---, ---, ---, ---, ---, ---, ---, ---, ---, ---, ---, ---, ---, ---, ---, ---, ---, ---, ---, ---, ---, ---, ---, ---, ---, ---, ---, ---, ---, 
[2021-10-16T00:44:26.778+0400][gc,stats      ]   Resize TLABs                        4 us
[2021-10-16T00:44:26.778+0400][gc,stats      ] Concurrent Marking                15152 us
[2021-10-16T00:44:26.778+0400][gc,stats      ] Concurrent Precleaning             1069 us
[2021-10-16T00:44:26.778+0400][gc,stats      ] Pause Final Mark (G)                982 us
[2021-10-16T00:44:26.778+0400][gc,stats      ] Pause Final Mark (N)                834 us
[2021-10-16T00:44:26.778+0400][gc,stats      ]   Finish Queues                     547 us
[2021-10-16T00:44:26.778+0400][gc,stats      ]   Weak References                    23 us
[2021-10-16T00:44:26.778+0400][gc,stats      ]     Process                          17 us
[2021-10-16T00:44:26.778+0400][gc,stats      ]   System Purge                      108 us
[2021-10-16T00:44:26.778+0400][gc,stats      ]     Weak Roots                      108 us
[2021-10-16T00:44:26.778+0400][gc,stats      ]   Update Region States               72 us
[2021-10-16T00:44:26.778+0400][gc,stats      ]   Retire TLABs                       11 us
[2021-10-16T00:44:26.778+0400][gc,stats      ]   Choose Collection Set              55 us
[2021-10-16T00:44:26.778+0400][gc,stats      ]   Rebuild Free Set                   12 us
[2021-10-16T00:44:26.778+0400][gc,stats      ] Concurrent Cleanup                  265 us
[2021-10-16T00:44:26.778+0400][gc,stats      ] 
[2021-10-16T00:44:26.778+0400][gc,stats      ] Allocation pacing accrued:
[2021-10-16T00:44:26.778+0400][gc,stats      ]       0 of  1618 ms (  0.0%): <total>
[2021-10-16T00:44:26.778+0400][gc,stats      ]       0 of  1618 ms (  0.0%): <average total>
[2021-10-16T00:44:26.778+0400][gc,stats      ] 
[2021-10-16T00:44:26.778+0400][gc,metaspace  ] Metaspace: 93376K->93376K(1142784K)
[2021-10-16T00:44:26.778+0400][gc,ergo       ] Pacer for Idle. Initial: 204M, Alloc Tax Rate: 1.0x
[2021-10-16T00:44:28.363+0400][gc            ] Trigger: Free (1021M) is below minimum threshold (1023M)
[2021-10-16T00:44:28.363+0400][gc,ergo       ] Free: 1021M, Max: 4096K regular, 924M humongous, Frag: 9% external, 1% internal; Reserve: 512M, Max: 4096K
[2021-10-16T00:44:28.363+0400][gc,start      ] GC(76) Concurrent reset
[2021-10-16T00:44:28.363+0400][gc,task       ] GC(76) Using 28 of 56 workers for concurrent reset
[2021-10-16T00:44:28.363+0400][gc,ergo       ] GC(76) Pacer for Reset. Non-Taxable: 10240M
[2021-10-16T00:44:28.364+0400][gc            ] GC(76) Concurrent reset 0.649ms
[2021-10-16T00:44:28.364+0400][gc,start      ] GC(76) Pause Init Mark
[2021-10-16T00:44:28.364+0400][gc,task       ] GC(76) Using 56 of 56 workers for init marking
[2021-10-16T00:44:28.371+0400][gc,ergo       ] GC(76) Pacer for Mark. Expected Live: 102M, Free: 1017M, Non-Taxable: 101M, Alloc Tax Rate: 0.1x
[2021-10-16T00:44:28.371+0400][gc            ] GC(76) Pause Init Mark 6.489ms
[2021-10-16T00:44:28.371+0400][gc,start      ] GC(76) Concurrent marking
[2021-10-16T00:44:28.371+0400][gc,task       ] GC(76) Using 28 of 56 workers for concurrent marking
[2021-10-16T00:44:28.387+0400][gc            ] GC(76) Concurrent marking 16.197ms
[2021-10-16T00:44:28.387+0400][gc,start      ] GC(76) Pause Final Mark
[2021-10-16T00:44:28.387+0400][gc,task       ] GC(76) Using 56 of 56 workers for final marking
[2021-10-16T00:44:28.388+0400][gc,ergo       ] GC(76) Adaptive CSet Selection. Target Free: 1450M, Actual Free: 9264M, Max CSet: 426M, Min Garbage: 0B
[2021-10-16T00:44:28.388+0400][gc,ergo       ] GC(76) Collectable Garbage: 8595M (99%), Immediate: 7832M (90%), CSet: 763M (8%)
[2021-10-16T00:44:28.391+0400][gc,ergo       ] GC(76) Pacer for Evacuation. Used CSet: 772M, Free: 8761M, Non-Taxable: 876M, Alloc Tax Rate: 1.1x
[2021-10-16T00:44:28.391+0400][gc            ] GC(76) Pause Final Mark 4.217ms
[2021-10-16T00:44:28.391+0400][gc,start      ] GC(76) Concurrent cleanup
[2021-10-16T00:44:28.392+0400][gc            ] GC(76) Concurrent cleanup 8798M->986M(10240M) 0.237ms
[2021-10-16T00:44:28.392+0400][gc,ergo       ] GC(76) Free: 8737M, Max: 4096K regular, 2712M humongous, Frag: 69% external, 0% internal; Reserve: 511M, Max: 4096K
[2021-10-16T00:44:28.392+0400][gc,start      ] GC(76) Concurrent evacuation
[2021-10-16T00:44:28.392+0400][gc,task       ] GC(76) Using 28 of 56 workers for concurrent evacuation
[2021-10-16T00:44:28.396+0400][gc            ] GC(76) Concurrent evacuation 4.690ms
[2021-10-16T00:44:28.396+0400][gc,start      ] GC(76) Pause Init Update Refs
[2021-10-16T00:44:28.397+0400][gc,ergo       ] GC(76) Pacer for Update Refs. Used: 1019M, Free: 8721M, Non-Taxable: 872M, Alloc Tax Rate: 1.1x
[2021-10-16T00:44:28.397+0400][gc            ] GC(76) Pause Init Update Refs 0.025ms
[2021-10-16T00:44:28.397+0400][gc,start      ] GC(76) Concurrent update references
[2021-10-16T00:44:28.397+0400][gc,task       ] GC(76) Using 28 of 56 workers for concurrent reference update
[2021-10-16T00:44:28.403+0400][gc            ] GC(76) Concurrent update references 6.622ms
[2021-10-16T00:44:28.403+0400][gc,start      ] GC(76) Pause Final Update Refs
[2021-10-16T00:44:28.403+0400][gc,task       ] GC(76) Using 56 of 56 workers for final reference update
[2021-10-16T00:44:28.404+0400][gc            ] GC(76) Pause Final Update Refs 0.259ms
[2021-10-16T00:44:28.404+0400][gc,start      ] GC(76) Concurrent cleanup
[2021-10-16T00:44:28.404+0400][gc            ] GC(76) Concurrent cleanup 1059M->287M(10240M) 0.101ms
[2021-10-16T00:44:28.404+0400][gc,ergo       ] Free: 9440M, Max: 4096K regular, 8156M humongous, Frag: 14% external, 0% internal; Reserve: 512M, Max: 4096K
[2021-10-16T00:44:28.404+0400][gc,stats      ] 
[2021-10-16T00:44:28.404+0400][gc,stats      ] All times are wall-clock times, except per-root-class counters, that are sum over
[2021-10-16T00:44:28.404+0400][gc,stats      ] all workers. Dividing the <total> over the root stage time estimates parallelism.
[2021-10-16T00:44:28.404+0400][gc,stats      ] 
[2021-10-16T00:44:28.404+0400][gc,stats      ] Concurrent Reset                    629 us
[2021-10-16T00:44:28.404+0400][gc,stats      ] Pause Init Mark (G)                6785 us
[2021-10-16T00:44:28.404+0400][gc,stats      ] Pause Init Mark (N)                6442 us
[2021-10-16T00:44:28.404+0400][gc,stats      ]   Accumulate Stats                    6 us
[2021-10-16T00:44:28.404+0400][gc,stats      ]   Make Parsable                      20 us
[2021-10-16T00:44:28.404+0400][gc,stats      ]   Update Region States              158 us
[2021-10-16T00:44:28.404+0400][gc,stats      ]   Scan Roots                       6190 us, parallelism: 22.37x
[2021-10-16T00:44:28.404+0400][gc,stats      ]     S: <total>                   138485 us
[2021-10-16T00:44:28.404+0400][gc,stats      ]     S: Thread Roots                 811 us, workers (us):   1,   2,   2,   1,   3,   1,   3,   3,   3,   2,   3,   2,   2,   2,   3,   1,   1,   2,   2,   2,   2,   2,   2,   3,   2,   3,   3,   2, 114, 107,  77,  68,  55,  58,  58,  61,  61,   3,   5,  60,   5,   2,   2,   2,   2,   2,   2,   2,   2,   0,   0,   0,   0,   0,   0,   0, 
[2021-10-16T00:44:28.404+0400][gc,stats      ]     S: Universe Roots                 2 us, workers (us):   2, ---, ---, ---, ---, ---, ---, ---, ---, ---, ---, ---, ---, ---, ---, ---, ---, ---, ---, ---, ---, ---, ---, ---, ---, ---, ---, ---, ---, ---, ---, ---, ---, ---, ---, ---, ---, ---, ---, ---, ---, ---, ---, ---, ---, ---, ---, ---, ---, ---, ---, ---, ---, ---, ---, ---, 
[2021-10-16T00:44:28.404+0400][gc,stats      ]     S: JNI Handles Roots              2 us, workers (us):   2, ---, ---, ---, ---, ---, ---, ---, ---, ---, ---, ---, ---, ---, ---, ---, ---, ---, ---, ---, ---, ---, ---, ---, ---, ---, ---, ---, ---, ---, ---, ---, ---, ---, ---, ---, ---, ---, ---, ---, ---, ---, ---, ---, ---, ---, ---, ---, ---, ---, ---, ---, ---, ---, ---, ---, 
[2021-10-16T00:44:28.404+0400][gc,stats      ]     S: Synchronizer Roots             0 us, workers (us):   0, ---, ---, ---, ---, ---, ---, ---, ---, ---, ---, ---, ---, ---, ---, ---, ---, ---, ---, ---, ---, ---, ---, ---, ---, ---, ---, ---, ---, ---, ---, ---, ---, ---, ---, ---, ---, ---, ---, ---, ---, ---, ---, ---, ---, ---, ---, ---, ---, ---, ---, ---, ---, ---, ---, ---, 
[2021-10-16T00:44:28.404+0400][gc,stats      ]     S: Management Roots               1 us, workers (us):   1, ---, ---, ---, ---, ---, ---, ---, ---, ---, ---, ---, ---, ---, ---, ---, ---, ---, ---, ---, ---, ---, ---, ---, ---, ---, ---, ---, ---, ---, ---, ---, ---, ---, ---, ---, ---, ---, ---, ---, ---, ---, ---, ---, ---, ---, ---, ---, ---, ---, ---, ---, ---, ---, ---, ---, 
[2021-10-16T00:44:28.404+0400][gc,stats      ]     S: System Dict Roots              4 us, workers (us):   4, ---, ---, ---, ---, ---, ---, ---, ---, ---, ---, ---, ---, ---, ---, ---, ---, ---, ---, ---, ---, ---, ---, ---, ---, ---, ---, ---, ---, ---, ---, ---, ---, ---, ---, ---, ---, ---, ---, ---, ---, ---, ---, ---, ---, ---, ---, ---, ---, ---, ---, ---, ---, ---, ---, ---, 
[2021-10-16T00:44:28.404+0400][gc,stats      ]     S: CLDG Roots                137663 us, workers (us): 4995, 4994, 4993, 5064, 4982, 5017, 4953, 4941, 4941, 4934, 4933, 4926, 4924, 4924, 4882, 4879, 4916, 4867, 4863, 4863, 4860, 4861, 4860, 4859, 4860, 4858, 4858, 4859, ---, ---, ---, ---, ---, ---, ---, ---, ---, ---, ---, ---, ---, ---, ---, ---, ---, ---, ---, ---, ---, ---, ---, ---, ---, ---, ---, ---, 
[2021-10-16T00:44:28.404+0400][gc,stats      ]     S: JVMTI Roots                    0 us, workers (us):   0, ---, ---, ---, ---, ---, ---, ---, ---, ---, ---, ---, ---, ---, ---, ---, ---, ---, ---, ---, ---, ---, ---, ---, ---, ---, ---, ---, ---, ---, ---, ---, ---, ---, ---, ---, ---, ---, ---, ---, ---, ---, ---, ---, ---, ---, ---, ---, ---, ---, ---, ---, ---, ---, ---, ---, 
[2021-10-16T00:44:28.404+0400][gc,stats      ]   Resize TLABs                        4 us
[2021-10-16T00:44:28.404+0400][gc,stats      ] Concurrent Marking                16137 us
[2021-10-16T00:44:28.404+0400][gc,stats      ] Pause Final Mark (G)               4392 us
[2021-10-16T00:44:28.404+0400][gc,stats      ] Pause Final Mark (N)               4194 us
[2021-10-16T00:44:28.404+0400][gc,stats      ]   Finish Queues                     474 us
[2021-10-16T00:44:28.404+0400][gc,stats      ]   System Purge                      113 us
[2021-10-16T00:44:28.404+0400][gc,stats      ]     Weak Roots                      113 us
[2021-10-16T00:44:28.404+0400][gc,stats      ]   Update Region States               69 us
[2021-10-16T00:44:28.404+0400][gc,stats      ]   Retire TLABs                       13 us
[2021-10-16T00:44:28.404+0400][gc,stats      ]   Choose Collection Set              74 us
[2021-10-16T00:44:28.404+0400][gc,stats      ]   Rebuild Free Set                   12 us
[2021-10-16T00:44:28.404+0400][gc,stats      ]   Initial Evacuation               3431 us, parallelism: 23.07x
[2021-10-16T00:44:28.404+0400][gc,stats      ]     E: <total>                    79165 us
[2021-10-16T00:44:28.404+0400][gc,stats      ]     E: Thread Roots                 439 us, workers (us):   1,   1,   1,  26,   1,   1,   1,   1,   1,   1,   1,   1,   1,   1,   1,   1,   1,   1,   1,   0,   0,   1,   1,   1,   1,   1,   1,   1,   1,   1,   1,  14,   1,  10,  49,  28,  22,  43,   0,   0,   0,  25,   0,   8,  21,  25,  22,   1,   1,  43,  44,  27,   0,   0,   0,   0, 
[2021-10-16T00:44:28.404+0400][gc,stats      ]     E: Code Cache Roots            1863 us, workers (us):   0,   0,   0,  29,   0,   0,   0,   0,   0,   0,   0,   0,   0,   0,   0,   0,   0,   0,   0, 120, 128,   0,   0,   0,   0,   0,   0,   0,   0,   0,   0,  98, 106,  96,  94,  90,  82,  85,  88,  86,  83,  70, 103,  60,  63,  60,  58,  71,  73,  41,  40,  33,   0,   0,   0,   0, 
[2021-10-16T00:44:28.404+0400][gc,stats      ]     E: Universe Roots                 2 us, workers (us):   2, ---, ---, ---, ---, ---, ---, ---, ---, ---, ---, ---, ---, ---, ---, ---, ---, ---, ---, ---, ---, ---, ---, ---, ---, ---, ---, ---, ---, ---, ---, ---, ---, ---, ---, ---, ---, ---, ---, ---, ---, ---, ---, ---, ---, ---, ---, ---, ---, ---, ---, ---, ---, ---, ---, ---, 
[2021-10-16T00:44:28.404+0400][gc,stats      ]     E: JNI Handles Roots              1 us, workers (us): ---,   1, ---, ---, ---, ---, ---, ---, ---, ---, ---, ---, ---, ---, ---, ---, ---, ---, ---, ---, ---, ---, ---, ---, ---, ---, ---, ---, ---, ---, ---, ---, ---, ---, ---, ---, ---, ---, ---, ---, ---, ---, ---, ---, ---, ---, ---, ---, ---, ---, ---, ---, ---, ---, ---, ---, 
[2021-10-16T00:44:28.404+0400][gc,stats      ]     E: Synchronizer Roots             0 us, workers (us): ---,   0, ---, ---, ---, ---, ---, ---, ---, ---, ---, ---, ---, ---, ---, ---, ---, ---, ---, ---, ---, ---, ---, ---, ---, ---, ---, ---, ---, ---, ---, ---, ---, ---, ---, ---, ---, ---, ---, ---, ---, ---, ---, ---, ---, ---, ---, ---, ---, ---, ---, ---, ---, ---, ---, ---, 
[2021-10-16T00:44:28.404+0400][gc,stats      ]     E: Management Roots               1 us, workers (us): ---,   1, ---, ---, ---, ---, ---, ---, ---, ---, ---, ---, ---, ---, ---, ---, ---, ---, ---, ---, ---, ---, ---, ---, ---, ---, ---, ---, ---, ---, ---, ---, ---, ---, ---, ---, ---, ---, ---, ---, ---, ---, ---, ---, ---, ---, ---, ---, ---, ---, ---, ---, ---, ---, ---, ---, 
[2021-10-16T00:44:28.404+0400][gc,stats      ]     E: System Dict Roots              4 us, workers (us): ---, ---,   4, ---, ---, ---, ---, ---, ---, ---, ---, ---, ---, ---, ---, ---, ---, ---, ---, ---, ---, ---, ---, ---, ---, ---, ---, ---, ---, ---, ---, ---, ---, ---, ---, ---, ---, ---, ---, ---, ---, ---, ---, ---, ---, ---, ---, ---, ---, ---, ---, ---, ---, ---, ---, ---, 
[2021-10-16T00:44:28.404+0400][gc,stats      ]     E: CLDG Roots                 76854 us, workers (us): 2770, 2750, 2738, ---, 2778, 2750, 2739, 2739, 2739, 2739, 2748, 2751, 2737, 2738, 2739, 2751, 2749, 2740, 2738, ---, ---, 2738, 2737, 2738, 2741, 2738, 2738, 2770, 2749, 2737, 2736, ---, ---, ---, ---, ---, ---, ---, ---, ---, ---, ---, ---, ---, ---, ---, ---, ---, ---, ---, ---, ---, ---, ---, ---, ---, 
[2021-10-16T00:44:28.404+0400][gc,stats      ]     E: JVMTI Roots                    1 us, workers (us):   1, ---, ---, ---, ---, ---, ---, ---, ---, ---, ---, ---, ---, ---, ---, ---, ---, ---, ---, ---, ---, ---, ---, ---, ---, ---, ---, ---, ---, ---, ---, ---, ---, ---, ---, ---, ---, ---, ---, ---, ---, ---, ---, ---, ---, ---, ---, ---, ---, ---, ---, ---, ---, ---, ---, ---, 
[2021-10-16T00:44:28.404+0400][gc,stats      ] Concurrent Cleanup                  220 us
[2021-10-16T00:44:28.404+0400][gc,stats      ] Concurrent Evacuation              4682 us
[2021-10-16T00:44:28.404+0400][gc,stats      ] Pause Init  Update Refs (G)         176 us
[2021-10-16T00:44:28.404+0400][gc,stats      ] Pause Init  Update Refs (N)          14 us
[2021-10-16T00:44:28.404+0400][gc,stats      ]   Retire GCLABs                       9 us
[2021-10-16T00:44:28.404+0400][gc,stats      ] Concurrent Update Refs             6609 us
[2021-10-16T00:44:28.404+0400][gc,stats      ] Pause Final Update Refs (G)         400 us
[2021-10-16T00:44:28.404+0400][gc,stats      ] Pause Final Update Refs (N)         248 us
[2021-10-16T00:44:28.404+0400][gc,stats      ]   Update Roots                       84 us, parallelism: 1.65x
[2021-10-16T00:44:28.404+0400][gc,stats      ]     UR: <total>                     139 us
[2021-10-16T00:44:28.404+0400][gc,stats      ]     UR: Thread Roots                139 us, workers (us):  33,  27,  22,  17,  17,  13,   1,   0,   0,   0,   0,   0,   0,   1,   0,   0,   0,   0,   0,   0,   0,   0,   0,   0,   0,   0,   0,   0,   1,   0,   0,   0,   0,   0,   1,   1,   0,   0,   0,   0,   0,   0,   0,   0,   0,   0,   0,   0,   0,   0,   0,   0,   0,   0,   0,   1, 
[2021-10-16T00:44:28.404+0400][gc,stats      ]   Update Region States              129 us
[2021-10-16T00:44:28.404+0400][gc,stats      ]   Trash Collection Set                8 us
[2021-10-16T00:44:28.404+0400][gc,stats      ]   Rebuild Free Set                   21 us
[2021-10-16T00:44:28.404+0400][gc,stats      ] Concurrent Cleanup                   89 us
[2021-10-16T00:44:28.404+0400][gc,stats      ] 
[2021-10-16T00:44:28.404+0400][gc,stats      ] Allocation pacing accrued:
[2021-10-16T00:44:28.404+0400][gc,stats      ]       0 of  1626 ms (  0.0%): <total>
[2021-10-16T00:44:28.404+0400][gc,stats      ]       0 of  1626 ms (  0.0%): <average total>
[2021-10-16T00:44:28.404+0400][gc,stats      ] 
[2021-10-16T00:44:28.404+0400][gc,metaspace  ] Metaspace: 93376K->93376K(1142784K)
[2021-10-16T00:44:28.404+0400][gc,ergo       ] Pacer for Idle. Initial: 204M, Alloc Tax Rate: 1.0x
[2021-10-16T00:44:30.130+0400][gc            ] Trigger: Free (1016M) is below minimum threshold (1023M)
[2021-10-16T00:44:30.130+0400][gc,ergo       ] Free: 1016M, Max: 4096K regular, 924M humongous, Frag: 8% external, 1% internal; Reserve: 512M, Max: 4096K
[2021-10-16T00:44:30.130+0400][gc,start      ] GC(77) Concurrent reset
[2021-10-16T00:44:30.130+0400][gc,task       ] GC(77) Using 28 of 56 workers for concurrent reset
[2021-10-16T00:44:30.130+0400][gc,ergo       ] GC(77) Pacer for Reset. Non-Taxable: 10240M
[2021-10-16T00:44:30.131+0400][gc            ] GC(77) Concurrent reset 0.638ms
[2021-10-16T00:44:30.131+0400][gc,start      ] GC(77) Pause Init Mark
[2021-10-16T00:44:30.131+0400][gc,task       ] GC(77) Using 56 of 56 workers for init marking
[2021-10-16T00:44:30.137+0400][gc,ergo       ] GC(77) Pacer for Mark. Expected Live: 102M, Free: 1012M, Non-Taxable: 101M, Alloc Tax Rate: 0.1x
[2021-10-16T00:44:30.137+0400][gc            ] GC(77) Pause Init Mark 5.678ms
[2021-10-16T00:44:30.137+0400][gc,start      ] GC(77) Concurrent marking
[2021-10-16T00:44:30.137+0400][gc,task       ] GC(77) Using 28 of 56 workers for concurrent marking
[2021-10-16T00:44:30.154+0400][gc            ] GC(77) Concurrent marking 17.649ms
[2021-10-16T00:44:30.155+0400][gc,start      ] GC(77) Pause Final Mark
[2021-10-16T00:44:30.155+0400][gc,task       ] GC(77) Using 56 of 56 workers for final marking
[2021-10-16T00:44:30.155+0400][gc,ergo       ] GC(77) Collectable Garbage: 8556M (99%), Immediate: 8556M (99%), CSet: 0B (0%)
[2021-10-16T00:44:30.155+0400][gc            ] GC(77) Pause Final Mark 0.836ms
[2021-10-16T00:44:30.156+0400][gc,start      ] GC(77) Concurrent cleanup
[2021-10-16T00:44:30.156+0400][gc            ] GC(77) Concurrent cleanup 8799M->283M(10240M) 0.691ms
[2021-10-16T00:44:30.156+0400][gc,ergo       ] GC(77) Free: 9444M, Max: 4096K regular, 8124M humongous, Frag: 14% external, 0% internal; Reserve: 512M, Max: 4096K
[2021-10-16T00:44:30.156+0400][gc,ergo       ] Free: 9444M, Max: 4096K regular, 8124M humongous, Frag: 14% external, 0% internal; Reserve: 512M, Max: 4096K
[2021-10-16T00:44:30.156+0400][gc,stats      ] 
[2021-10-16T00:44:30.156+0400][gc,stats      ] All times are wall-clock times, except per-root-class counters, that are sum over
[2021-10-16T00:44:30.156+0400][gc,stats      ] all workers. Dividing the <total> over the root stage time estimates parallelism.
[2021-10-16T00:44:30.156+0400][gc,stats      ] 
[2021-10-16T00:44:30.156+0400][gc,stats      ] Concurrent Reset                    617 us
[2021-10-16T00:44:30.157+0400][gc,stats      ] Pause Init Mark (G)                5940 us
[2021-10-16T00:44:30.157+0400][gc,stats      ] Pause Init Mark (N)                5629 us
[2021-10-16T00:44:30.157+0400][gc,stats      ]   Accumulate Stats                    5 us
[2021-10-16T00:44:30.157+0400][gc,stats      ]   Make Parsable                      14 us
[2021-10-16T00:44:30.157+0400][gc,stats      ]   Update Region States              155 us
[2021-10-16T00:44:30.157+0400][gc,stats      ]   Scan Roots                       5375 us, parallelism: 21.37x
[2021-10-16T00:44:30.157+0400][gc,stats      ]     S: <total>                   114855 us
[2021-10-16T00:44:30.157+0400][gc,stats      ]     S: Thread Roots                 806 us, workers (us):   1,   2,   3,   3,   1,   3,   3,   2,   1,   3,   1,   1,   1,   2,   1,   3,   2,   2,   3,   2,   3,   2,   3,   1,   2,   1,   2,   3,  71,  69,  61,  68,  69,  69,  68,  69,  68,  68,  40,   0,   0,   0,   2,   2,   2,   2,   3,   3,   2,   2,   0,   2,   2,   2,   2,   2, 
[2021-10-16T00:44:30.157+0400][gc,stats      ]     S: Universe Roots                 2 us, workers (us):   2, ---, ---, ---, ---, ---, ---, ---, ---, ---, ---, ---, ---, ---, ---, ---, ---, ---, ---, ---, ---, ---, ---, ---, ---, ---, ---, ---, ---, ---, ---, ---, ---, ---, ---, ---, ---, ---, ---, ---, ---, ---, ---, ---, ---, ---, ---, ---, ---, ---, ---, ---, ---, ---, ---, ---, 
[2021-10-16T00:44:30.157+0400][gc,stats      ]     S: JNI Handles Roots              1 us, workers (us):   1, ---, ---, ---, ---, ---, ---, ---, ---, ---, ---, ---, ---, ---, ---, ---, ---, ---, ---, ---, ---, ---, ---, ---, ---, ---, ---, ---, ---, ---, ---, ---, ---, ---, ---, ---, ---, ---, ---, ---, ---, ---, ---, ---, ---, ---, ---, ---, ---, ---, ---, ---, ---, ---, ---, ---, 
[2021-10-16T00:44:30.157+0400][gc,stats      ]     S: Synchronizer Roots             1 us, workers (us): ---,   1, ---, ---, ---, ---, ---, ---, ---, ---, ---, ---, ---, ---, ---, ---, ---, ---, ---, ---, ---, ---, ---, ---, ---, ---, ---, ---, ---, ---, ---, ---, ---, ---, ---, ---, ---, ---, ---, ---, ---, ---, ---, ---, ---, ---, ---, ---, ---, ---, ---, ---, ---, ---, ---, ---, 
[2021-10-16T00:44:30.157+0400][gc,stats      ]     S: Management Roots               1 us, workers (us):   1, ---, ---, ---, ---, ---, ---, ---, ---, ---, ---, ---, ---, ---, ---, ---, ---, ---, ---, ---, ---, ---, ---, ---, ---, ---, ---, ---, ---, ---, ---, ---, ---, ---, ---, ---, ---, ---, ---, ---, ---, ---, ---, ---, ---, ---, ---, ---, ---, ---, ---, ---, ---, ---, ---, ---, 
[2021-10-16T00:44:30.157+0400][gc,stats      ]     S: System Dict Roots              9 us, workers (us): ---,   9, ---, ---, ---, ---, ---, ---, ---, ---, ---, ---, ---, ---, ---, ---, ---, ---, ---, ---, ---, ---, ---, ---, ---, ---, ---, ---, ---, ---, ---, ---, ---, ---, ---, ---, ---, ---, ---, ---, ---, ---, ---, ---, ---, ---, ---, ---, ---, ---, ---, ---, ---, ---, ---, ---, 
[2021-10-16T00:44:30.157+0400][gc,stats      ]     S: CLDG Roots                114035 us, workers (us): 4126, 4121, 4128, 4126, 4126, 4103, 4095, 4095, 4191, 4084, 4085, 4079, 4075, 4071, 4058, 4032, 4033, 4031, 4030, 4030, 4029, 4030, 4030, 4152, 4026, 4068, 3991, 3991, ---, ---, ---, ---, ---, ---, ---, ---, ---, ---, ---, ---, ---, ---, ---, ---, ---, ---, ---, ---, ---, ---, ---, ---, ---, ---, ---, ---, 
[2021-10-16T00:44:30.157+0400][gc,stats      ]     S: JVMTI Roots                    1 us, workers (us):   1, ---, ---, ---, ---, ---, ---, ---, ---, ---, ---, ---, ---, ---, ---, ---, ---, ---, ---, ---, ---, ---, ---, ---, ---, ---, ---, ---, ---, ---, ---, ---, ---, ---, ---, ---, ---, ---, ---, ---, ---, ---, ---, ---, ---, ---, ---, ---, ---, ---, ---, ---, ---, ---, ---, ---, 
[2021-10-16T00:44:30.157+0400][gc,stats      ]   Resize TLABs                        4 us
[2021-10-16T00:44:30.157+0400][gc,stats      ] Concurrent Marking                17605 us
[2021-10-16T00:44:30.157+0400][gc,stats      ] Pause Final Mark (G)                974 us
[2021-10-16T00:44:30.157+0400][gc,stats      ] Pause Final Mark (N)                818 us
[2021-10-16T00:44:30.157+0400][gc,stats      ]   Finish Queues                     540 us
[2021-10-16T00:44:30.157+0400][gc,stats      ]   System Purge                      108 us
[2021-10-16T00:44:30.157+0400][gc,stats      ]     Weak Roots                      107 us
[2021-10-16T00:44:30.157+0400][gc,stats      ]   Update Region States               83 us
[2021-10-16T00:44:30.157+0400][gc,stats      ]   Retire TLABs                       12 us
[2021-10-16T00:44:30.157+0400][gc,stats      ]   Choose Collection Set              58 us
[2021-10-16T00:44:30.157+0400][gc,stats      ]   Rebuild Free Set                   11 us
[2021-10-16T00:44:30.157+0400][gc,stats      ] Concurrent Cleanup                  655 us
[2021-10-16T00:44:30.157+0400][gc,stats      ] 
[2021-10-16T00:44:30.157+0400][gc,stats      ] Allocation pacing accrued:
[2021-10-16T00:44:30.157+0400][gc,stats      ]       0 of  1753 ms (  0.0%): <total>
[2021-10-16T00:44:30.157+0400][gc,stats      ]       0 of  1753 ms (  0.0%): <average total>
[2021-10-16T00:44:30.157+0400][gc,stats      ] 
[2021-10-16T00:44:30.157+0400][gc,metaspace  ] Metaspace: 93376K->93376K(1142784K)
[2021-10-16T00:44:30.157+0400][gc,ergo       ] Pacer for Idle. Initial: 204M, Alloc Tax Rate: 1.0x
[2021-10-16T00:44:31.885+0400][gc            ] Trigger: Free (1016M) is below minimum threshold (1023M)
[2021-10-16T00:44:31.885+0400][gc,ergo       ] Free: 1016M, Max: 4096K regular, 916M humongous, Frag: 9% external, 1% internal; Reserve: 512M, Max: 4096K
[2021-10-16T00:44:31.885+0400][gc,start      ] GC(78) Concurrent reset
[2021-10-16T00:44:31.885+0400][gc,task       ] GC(78) Using 28 of 56 workers for concurrent reset
[2021-10-16T00:44:31.885+0400][gc,ergo       ] GC(78) Pacer for Reset. Non-Taxable: 10240M
[2021-10-16T00:44:31.886+0400][gc            ] GC(78) Concurrent reset 0.541ms
[2021-10-16T00:44:31.886+0400][gc,start      ] GC(78) Pause Init Mark
[2021-10-16T00:44:31.886+0400][gc,task       ] GC(78) Using 56 of 56 workers for init marking
[2021-10-16T00:44:31.893+0400][gc,ergo       ] GC(78) Pacer for Mark. Expected Live: 102M, Free: 1008M, Non-Taxable: 100M, Alloc Tax Rate: 0.1x
[2021-10-16T00:44:31.893+0400][gc            ] GC(78) Pause Init Mark 7.238ms
[2021-10-16T00:44:31.893+0400][gc,start      ] GC(78) Concurrent marking
[2021-10-16T00:44:31.893+0400][gc,task       ] GC(78) Using 28 of 56 workers for concurrent marking
[2021-10-16T00:44:31.909+0400][gc            ] GC(78) Concurrent marking 15.182ms
[2021-10-16T00:44:31.909+0400][gc,start      ] GC(78) Pause Final Mark
[2021-10-16T00:44:31.909+0400][gc,task       ] GC(78) Using 56 of 56 workers for final marking
[2021-10-16T00:44:31.909+0400][gc,ergo       ] GC(78) Collectable Garbage: 8560M (99%), Immediate: 8560M (99%), CSet: 0B (0%)
[2021-10-16T00:44:31.909+0400][gc            ] GC(78) Pause Final Mark 0.681ms
[2021-10-16T00:44:31.909+0400][gc,start      ] GC(78) Concurrent cleanup
[2021-10-16T00:44:31.910+0400][gc            ] GC(78) Concurrent cleanup 8795M->279M(10240M) 0.219ms
[2021-10-16T00:44:31.910+0400][gc,ergo       ] GC(78) Free: 9448M, Max: 4096K regular, 8092M humongous, Frag: 15% external, 0% internal; Reserve: 512M, Max: 4096K
[2021-10-16T00:44:31.910+0400][gc,ergo       ] Free: 9448M, Max: 4096K regular, 8092M humongous, Frag: 15% external, 0% internal; Reserve: 512M, Max: 4096K
[2021-10-16T00:44:31.910+0400][gc,stats      ] 
[2021-10-16T00:44:31.910+0400][gc,stats      ] All times are wall-clock times, except per-root-class counters, that are sum over
[2021-10-16T00:44:31.910+0400][gc,stats      ] all workers. Dividing the <total> over the root stage time estimates parallelism.
[2021-10-16T00:44:31.910+0400][gc,stats      ] 
[2021-10-16T00:44:31.910+0400][gc,stats      ] Concurrent Reset                    521 us
[2021-10-16T00:44:31.910+0400][gc,stats      ] Pause Init Mark (G)                7540 us
[2021-10-16T00:44:31.910+0400][gc,stats      ] Pause Init Mark (N)                7190 us
[2021-10-16T00:44:31.910+0400][gc,stats      ]   Accumulate Stats                    6 us
[2021-10-16T00:44:31.910+0400][gc,stats      ]   Make Parsable                      15 us
[2021-10-16T00:44:31.910+0400][gc,stats      ]   Update Region States              182 us
[2021-10-16T00:44:31.910+0400][gc,stats      ]   Scan Roots                       6916 us, parallelism: 21.46x
[2021-10-16T00:44:31.910+0400][gc,stats      ]     S: <total>                   148428 us
[2021-10-16T00:44:31.910+0400][gc,stats      ]     S: Thread Roots                 759 us, workers (us):   1,   2,   1,   2,   2,   2,   1,   1,   1,   2,   3,   2,   1,   2,   2,   3,   2,   3,   3,   2,   2,   2,   2,   1,   1,   3,   3,   1,  68,  93,  86,  85,  53,  56,  50,  53,   3,   4,  50,  48,   2,   2,  48,   1,   2,   0,   0,   0,   0,   0,   0,   0,   0,   0,   0,   0, 
[2021-10-16T00:44:31.910+0400][gc,stats      ]     S: Universe Roots                 2 us, workers (us):   2, ---, ---, ---, ---, ---, ---, ---, ---, ---, ---, ---, ---, ---, ---, ---, ---, ---, ---, ---, ---, ---, ---, ---, ---, ---, ---, ---, ---, ---, ---, ---, ---, ---, ---, ---, ---, ---, ---, ---, ---, ---, ---, ---, ---, ---, ---, ---, ---, ---, ---, ---, ---, ---, ---, ---, 
[2021-10-16T00:44:31.910+0400][gc,stats      ]     S: JNI Handles Roots              2 us, workers (us):   2, ---, ---, ---, ---, ---, ---, ---, ---, ---, ---, ---, ---, ---, ---, ---, ---, ---, ---, ---, ---, ---, ---, ---, ---, ---, ---, ---, ---, ---, ---, ---, ---, ---, ---, ---, ---, ---, ---, ---, ---, ---, ---, ---, ---, ---, ---, ---, ---, ---, ---, ---, ---, ---, ---, ---, 
[2021-10-16T00:44:31.910+0400][gc,stats      ]     S: Synchronizer Roots             0 us, workers (us):   0, ---, ---, ---, ---, ---, ---, ---, ---, ---, ---, ---, ---, ---, ---, ---, ---, ---, ---, ---, ---, ---, ---, ---, ---, ---, ---, ---, ---, ---, ---, ---, ---, ---, ---, ---, ---, ---, ---, ---, ---, ---, ---, ---, ---, ---, ---, ---, ---, ---, ---, ---, ---, ---, ---, ---, 
[2021-10-16T00:44:31.910+0400][gc,stats      ]     S: Management Roots               1 us, workers (us):   1, ---, ---, ---, ---, ---, ---, ---, ---, ---, ---, ---, ---, ---, ---, ---, ---, ---, ---, ---, ---, ---, ---, ---, ---, ---, ---, ---, ---, ---, ---, ---, ---, ---, ---, ---, ---, ---, ---, ---, ---, ---, ---, ---, ---, ---, ---, ---, ---, ---, ---, ---, ---, ---, ---, ---, 
[2021-10-16T00:44:31.910+0400][gc,stats      ]     S: System Dict Roots              4 us, workers (us):   4, ---, ---, ---, ---, ---, ---, ---, ---, ---, ---, ---, ---, ---, ---, ---, ---, ---, ---, ---, ---, ---, ---, ---, ---, ---, ---, ---, ---, ---, ---, ---, ---, ---, ---, ---, ---, ---, ---, ---, ---, ---, ---, ---, ---, ---, ---, ---, ---, ---, ---, ---, ---, ---, ---, ---, 
[2021-10-16T00:44:31.910+0400][gc,stats      ]     S: CLDG Roots                147659 us, workers (us): 5357, 5355, 5389, 5290, 5284, 5260, 5257, 5256, 5255, 5239, 5239, 5239, 5236, 5238, 5237, 5235, 5234, 5235, 5233, 5234, 5233, 5233, 5234, 5609, 5361, 5231, 5231, 5224, ---, ---, ---, ---, ---, ---, ---, ---, ---, ---, ---, ---, ---, ---, ---, ---, ---, ---, ---, ---, ---, ---, ---, ---, ---, ---, ---, ---, 
[2021-10-16T00:44:31.910+0400][gc,stats      ]     S: JVMTI Roots                    0 us, workers (us):   0, ---, ---, ---, ---, ---, ---, ---, ---, ---, ---, ---, ---, ---, ---, ---, ---, ---, ---, ---, ---, ---, ---, ---, ---, ---, ---, ---, ---, ---, ---, ---, ---, ---, ---, ---, ---, ---, ---, ---, ---, ---, ---, ---, ---, ---, ---, ---, ---, ---, ---, ---, ---, ---, ---, ---, 
[2021-10-16T00:44:31.910+0400][gc,stats      ]   Resize TLABs                        4 us
[2021-10-16T00:44:31.910+0400][gc,stats      ] Concurrent Marking                15148 us
[2021-10-16T00:44:31.910+0400][gc,stats      ] Pause Final Mark (G)                785 us
[2021-10-16T00:44:31.910+0400][gc,stats      ] Pause Final Mark (N)                652 us
[2021-10-16T00:44:31.910+0400][gc,stats      ]   Finish Queues                     371 us
[2021-10-16T00:44:31.910+0400][gc,stats      ]   System Purge                      113 us
[2021-10-16T00:44:31.910+0400][gc,stats      ]     Weak Roots                      113 us
[2021-10-16T00:44:31.910+0400][gc,stats      ]   Update Region States               75 us
[2021-10-16T00:44:31.910+0400][gc,stats      ]   Retire TLABs                       14 us
[2021-10-16T00:44:31.910+0400][gc,stats      ]   Choose Collection Set              50 us
[2021-10-16T00:44:31.910+0400][gc,stats      ]   Rebuild Free Set                   12 us
[2021-10-16T00:44:31.910+0400][gc,stats      ] Concurrent Cleanup                  210 us
[2021-10-16T00:44:31.910+0400][gc,stats      ] 
[2021-10-16T00:44:31.910+0400][gc,stats      ] Allocation pacing accrued:
[2021-10-16T00:44:31.910+0400][gc,stats      ]       0 of  1753 ms (  0.0%): <total>
[2021-10-16T00:44:31.910+0400][gc,stats      ]       0 of  1753 ms (  0.0%): <average total>
[2021-10-16T00:44:31.910+0400][gc,stats      ] 
[2021-10-16T00:44:31.910+0400][gc,metaspace  ] Metaspace: 93376K->93376K(1142784K)
[2021-10-16T00:44:31.910+0400][gc,ergo       ] Pacer for Idle. Initial: 204M, Alloc Tax Rate: 1.0x
[2021-10-16T00:44:33.641+0400][gc            ] Trigger: Free (1020M) is below minimum threshold (1023M)
[2021-10-16T00:44:33.642+0400][gc,ergo       ] Free: 1020M, Max: 4096K regular, 924M humongous, Frag: 9% external, 1% internal; Reserve: 512M, Max: 4096K
[2021-10-16T00:44:33.642+0400][gc,start      ] GC(79) Concurrent reset
[2021-10-16T00:44:33.642+0400][gc,task       ] GC(79) Using 28 of 56 workers for concurrent reset
[2021-10-16T00:44:33.642+0400][gc,ergo       ] GC(79) Pacer for Reset. Non-Taxable: 10240M
[2021-10-16T00:44:33.642+0400][gc            ] GC(79) Concurrent reset 0.552ms
[2021-10-16T00:44:33.642+0400][gc,start      ] GC(79) Pause Init Mark
[2021-10-16T00:44:33.642+0400][gc,task       ] GC(79) Using 56 of 56 workers for init marking
[2021-10-16T00:44:33.649+0400][gc,ergo       ] GC(79) Pacer for Mark. Expected Live: 102M, Free: 1012M, Non-Taxable: 101M, Alloc Tax Rate: 0.1x
[2021-10-16T00:44:33.649+0400][gc            ] GC(79) Pause Init Mark 7.131ms
[2021-10-16T00:44:33.650+0400][gc,start      ] GC(79) Concurrent marking
[2021-10-16T00:44:33.650+0400][gc,task       ] GC(79) Using 28 of 56 workers for concurrent marking
[2021-10-16T00:44:33.668+0400][gc            ] GC(79) Concurrent marking 18.506ms
[2021-10-16T00:44:33.668+0400][gc,start      ] GC(79) Pause Final Mark
[2021-10-16T00:44:33.668+0400][gc,task       ] GC(79) Using 56 of 56 workers for final marking
[2021-10-16T00:44:33.669+0400][gc,ergo       ] GC(79) Collectable Garbage: 8556M (99%), Immediate: 8556M (99%), CSet: 0B (0%)
[2021-10-16T00:44:33.669+0400][gc            ] GC(79) Pause Final Mark 0.684ms
[2021-10-16T00:44:33.669+0400][gc,start      ] GC(79) Concurrent cleanup
[2021-10-16T00:44:33.670+0400][gc            ] GC(79) Concurrent cleanup 8815M->299M(10240M) 0.667ms
[2021-10-16T00:44:33.670+0400][gc,ergo       ] GC(79) Free: 9428M, Max: 4096K regular, 8124M humongous, Frag: 14% external, 0% internal; Reserve: 512M, Max: 4096K
[2021-10-16T00:44:33.670+0400][gc,ergo       ] Free: 9428M, Max: 4096K regular, 8124M humongous, Frag: 14% external, 0% internal; Reserve: 512M, Max: 4096K
[2021-10-16T00:44:33.670+0400][gc,stats      ] 
[2021-10-16T00:44:33.670+0400][gc,stats      ] All times are wall-clock times, except per-root-class counters, that are sum over
[2021-10-16T00:44:33.670+0400][gc,stats      ] all workers. Dividing the <total> over the root stage time estimates parallelism.
[2021-10-16T00:44:33.670+0400][gc,stats      ] 
[2021-10-16T00:44:33.670+0400][gc,stats      ] Concurrent Reset                    525 us
[2021-10-16T00:44:33.670+0400][gc,stats      ] Pause Init Mark (G)                7435 us
[2021-10-16T00:44:33.670+0400][gc,stats      ] Pause Init Mark (N)                7075 us
[2021-10-16T00:44:33.670+0400][gc,stats      ]   Accumulate Stats                    5 us
[2021-10-16T00:44:33.670+0400][gc,stats      ]   Make Parsable                      15 us
[2021-10-16T00:44:33.670+0400][gc,stats      ]   Update Region States              150 us
[2021-10-16T00:44:33.670+0400][gc,stats      ]   Scan Roots                       6823 us, parallelism: 22.41x
[2021-10-16T00:44:33.670+0400][gc,stats      ]     S: <total>                   152919 us
[2021-10-16T00:44:33.670+0400][gc,stats      ]     S: Thread Roots                 737 us, workers (us):   1,   1,   2,   1,   1,   2,   3,   1,   1,   1,   2,   2,   2,   2,   2,   2,   2,   3,   2,   2,   2,   2,   1,   2,   3,   2,   2,  92,   3,  92,  91,  78,  89,  48,  45,  44,  42,  44,   2,   4,   2,   2,   2,   2,   2,   2,   0,   0,   0,   0,   0,   0,   0,   0,   0,   0, 
[2021-10-16T00:44:33.670+0400][gc,stats      ]     S: Universe Roots                 2 us, workers (us):   2, ---, ---, ---, ---, ---, ---, ---, ---, ---, ---, ---, ---, ---, ---, ---, ---, ---, ---, ---, ---, ---, ---, ---, ---, ---, ---, ---, ---, ---, ---, ---, ---, ---, ---, ---, ---, ---, ---, ---, ---, ---, ---, ---, ---, ---, ---, ---, ---, ---, ---, ---, ---, ---, ---, ---, 
[2021-10-16T00:44:33.670+0400][gc,stats      ]     S: JNI Handles Roots              4 us, workers (us): ---,   4, ---, ---, ---, ---, ---, ---, ---, ---, ---, ---, ---, ---, ---, ---, ---, ---, ---, ---, ---, ---, ---, ---, ---, ---, ---, ---, ---, ---, ---, ---, ---, ---, ---, ---, ---, ---, ---, ---, ---, ---, ---, ---, ---, ---, ---, ---, ---, ---, ---, ---, ---, ---, ---, ---, 
[2021-10-16T00:44:33.670+0400][gc,stats      ]     S: Synchronizer Roots             0 us, workers (us):   0, ---, ---, ---, ---, ---, ---, ---, ---, ---, ---, ---, ---, ---, ---, ---, ---, ---, ---, ---, ---, ---, ---, ---, ---, ---, ---, ---, ---, ---, ---, ---, ---, ---, ---, ---, ---, ---, ---, ---, ---, ---, ---, ---, ---, ---, ---, ---, ---, ---, ---, ---, ---, ---, ---, ---, 
[2021-10-16T00:44:33.670+0400][gc,stats      ]     S: Management Roots               1 us, workers (us):   1, ---, ---, ---, ---, ---, ---, ---, ---, ---, ---, ---, ---, ---, ---, ---, ---, ---, ---, ---, ---, ---, ---, ---, ---, ---, ---, ---, ---, ---, ---, ---, ---, ---, ---, ---, ---, ---, ---, ---, ---, ---, ---, ---, ---, ---, ---, ---, ---, ---, ---, ---, ---, ---, ---, ---, 
[2021-10-16T00:44:33.670+0400][gc,stats      ]     S: System Dict Roots             20 us, workers (us):  20, ---, ---, ---, ---, ---, ---, ---, ---, ---, ---, ---, ---, ---, ---, ---, ---, ---, ---, ---, ---, ---, ---, ---, ---, ---, ---, ---, ---, ---, ---, ---, ---, ---, ---, ---, ---, ---, ---, ---, ---, ---, ---, ---, ---, ---, ---, ---, ---, ---, ---, ---, ---, ---, ---, ---, 
[2021-10-16T00:44:33.670+0400][gc,stats      ]     S: CLDG Roots                152154 us, workers (us): 5560, 5491, 5492, 5494, 5490, 5473, 5468, 5459, 5448, 5479, 5422, 5405, 5404, 5404, 5404, 5403, 5402, 5403, 5402, 5401, 5402, 5400, 5455, 5400, 5399, 5399, 5398, ---, 5398, ---, ---, ---, ---, ---, ---, ---, ---, ---, ---, ---, ---, ---, ---, ---, ---, ---, ---, ---, ---, ---, ---, ---, ---, ---, ---, ---, 
[2021-10-16T00:44:33.670+0400][gc,stats      ]     S: JVMTI Roots                    1 us, workers (us): ---,   1, ---, ---, ---, ---, ---, ---, ---, ---, ---, ---, ---, ---, ---, ---, ---, ---, ---, ---, ---, ---, ---, ---, ---, ---, ---, ---, ---, ---, ---, ---, ---, ---, ---, ---, ---, ---, ---, ---, ---, ---, ---, ---, ---, ---, ---, ---, ---, ---, ---, ---, ---, ---, ---, ---, 
[2021-10-16T00:44:33.670+0400][gc,stats      ]   Resize TLABs                        6 us
[2021-10-16T00:44:33.670+0400][gc,stats      ] Concurrent Marking                18471 us
[2021-10-16T00:44:33.670+0400][gc,stats      ] Pause Final Mark (G)                801 us
[2021-10-16T00:44:33.670+0400][gc,stats      ] Pause Final Mark (N)                661 us
[2021-10-16T00:44:33.670+0400][gc,stats      ]   Finish Queues                     369 us
[2021-10-16T00:44:33.670+0400][gc,stats      ]   System Purge                      105 us
[2021-10-16T00:44:33.670+0400][gc,stats      ]     Weak Roots                      105 us
[2021-10-16T00:44:33.670+0400][gc,stats      ]   Update Region States               87 us
[2021-10-16T00:44:33.670+0400][gc,stats      ]   Retire TLABs                       14 us
[2021-10-16T00:44:33.670+0400][gc,stats      ]   Choose Collection Set              62 us
[2021-10-16T00:44:33.670+0400][gc,stats      ]   Rebuild Free Set                   15 us
[2021-10-16T00:44:33.670+0400][gc,stats      ] Concurrent Cleanup                  625 us
[2021-10-16T00:44:33.670+0400][gc,stats      ] 
[2021-10-16T00:44:33.670+0400][gc,stats      ] Allocation pacing accrued:
[2021-10-16T00:44:33.670+0400][gc,stats      ]       0 of  1760 ms (  0.0%): <total>
[2021-10-16T00:44:33.670+0400][gc,stats      ]       0 of  1760 ms (  0.0%): <average total>
[2021-10-16T00:44:33.670+0400][gc,stats      ] 
[2021-10-16T00:44:33.670+0400][gc,metaspace  ] Metaspace: 93376K->93376K(1142784K)
[2021-10-16T00:44:33.670+0400][gc,ergo       ] Pacer for Idle. Initial: 204M, Alloc Tax Rate: 1.0x
[2021-10-16T00:44:35.402+0400][gc            ] Trigger: Free (1020M) is below minimum threshold (1023M)
[2021-10-16T00:44:35.402+0400][gc,ergo       ] Free: 1020M, Max: 4096K regular, 900M humongous, Frag: 11% external, 1% internal; Reserve: 512M, Max: 4096K
[2021-10-16T00:44:35.402+0400][gc,start      ] GC(80) Concurrent reset
[2021-10-16T00:44:35.402+0400][gc,task       ] GC(80) Using 28 of 56 workers for concurrent reset
[2021-10-16T00:44:35.402+0400][gc,ergo       ] GC(80) Pacer for Reset. Non-Taxable: 10240M
[2021-10-16T00:44:35.402+0400][gc            ] GC(80) Concurrent reset 0.558ms
[2021-10-16T00:44:35.403+0400][gc,start      ] GC(80) Pause Init Mark (process weakrefs)
[2021-10-16T00:44:35.403+0400][gc,task       ] GC(80) Using 56 of 56 workers for init marking
[2021-10-16T00:44:35.409+0400][gc,ergo       ] GC(80) Pacer for Mark. Expected Live: 102M, Free: 1016M, Non-Taxable: 101M, Alloc Tax Rate: 0.1x
[2021-10-16T00:44:35.409+0400][gc            ] GC(80) Pause Init Mark (process weakrefs) 6.496ms
[2021-10-16T00:44:35.409+0400][gc,start      ] GC(80) Concurrent marking (process weakrefs)
[2021-10-16T00:44:35.409+0400][gc,task       ] GC(80) Using 28 of 56 workers for concurrent marking
[2021-10-16T00:44:35.426+0400][gc            ] GC(80) Concurrent marking (process weakrefs) 16.338ms
[2021-10-16T00:44:35.426+0400][gc,start      ] GC(80) Concurrent precleaning
[2021-10-16T00:44:35.426+0400][gc,task       ] GC(80) Using 1 of 56 workers for concurrent preclean
[2021-10-16T00:44:35.426+0400][gc,ergo       ] GC(80) Pacer for Precleaning. Non-Taxable: 10240M
[2021-10-16T00:44:35.428+0400][gc            ] GC(80) Concurrent precleaning 1.872ms
[2021-10-16T00:44:35.428+0400][gc,start      ] GC(80) Pause Final Mark (process weakrefs)
[2021-10-16T00:44:35.428+0400][gc,task       ] GC(80) Using 56 of 56 workers for final marking
[2021-10-16T00:44:35.429+0400][gc,ergo       ] GC(80) Collectable Garbage: 8508M (98%), Immediate: 8508M (98%), CSet: 0B (0%)
[2021-10-16T00:44:35.429+0400][gc            ] GC(80) Pause Final Mark (process weakrefs) 0.944ms
[2021-10-16T00:44:35.429+0400][gc,start      ] GC(80) Concurrent cleanup
[2021-10-16T00:44:35.429+0400][gc            ] GC(80) Concurrent cleanup 8807M->327M(10240M) 0.224ms
[2021-10-16T00:44:35.429+0400][gc,ergo       ] GC(80) Free: 9400M, Max: 4096K regular, 4756M humongous, Frag: 50% external, 0% internal; Reserve: 512M, Max: 4096K
[2021-10-16T00:44:35.429+0400][gc,ergo       ] Free: 9396M, Max: 4096K regular, 4756M humongous, Frag: 50% external, 0% internal; Reserve: 512M, Max: 4096K
[2021-10-16T00:44:35.429+0400][gc,stats      ] 
[2021-10-16T00:44:35.429+0400][gc,stats      ] All times are wall-clock times, except per-root-class counters, that are sum over
[2021-10-16T00:44:35.429+0400][gc,stats      ] all workers. Dividing the <total> over the root stage time estimates parallelism.
[2021-10-16T00:44:35.429+0400][gc,stats      ] 
[2021-10-16T00:44:35.429+0400][gc,stats      ] Concurrent Reset                    530 us
[2021-10-16T00:44:35.429+0400][gc,stats      ] Pause Init Mark (G)                6826 us
[2021-10-16T00:44:35.429+0400][gc,stats      ] Pause Init Mark (N)                6424 us
[2021-10-16T00:44:35.429+0400][gc,stats      ]   Accumulate Stats                    6 us
[2021-10-16T00:44:35.429+0400][gc,stats      ]   Make Parsable                      23 us
[2021-10-16T00:44:35.429+0400][gc,stats      ]   Update Region States              151 us
[2021-10-16T00:44:35.429+0400][gc,stats      ]   Scan Roots                       6172 us, parallelism: 20.72x
[2021-10-16T00:44:35.429+0400][gc,stats      ]     S: <total>                   127888 us
[2021-10-16T00:44:35.429+0400][gc,stats      ]     S: Thread Roots                 870 us, workers (us):   2,   2,   1,   1,   2,   1,   2,   3,   3,   3,   1,   3,   2,   2,   2,   3,   1,   2,   2,   2,   2,   2,   2,   1,   2,   1,   1,   1,  61,  29,  32,  71,  71,   7,  63,  58,  58,  58,  23,  76,  76,  68,  58,   2,   0,   0,   0,   0,   0,   0,   1,   0,   0,   0,   0,   0, 
[2021-10-16T00:44:35.429+0400][gc,stats      ]     S: Universe Roots                 5 us, workers (us):   5, ---, ---, ---, ---, ---, ---, ---, ---, ---, ---, ---, ---, ---, ---, ---, ---, ---, ---, ---, ---, ---, ---, ---, ---, ---, ---, ---, ---, ---, ---, ---, ---, ---, ---, ---, ---, ---, ---, ---, ---, ---, ---, ---, ---, ---, ---, ---, ---, ---, ---, ---, ---, ---, ---, ---, 
[2021-10-16T00:44:35.429+0400][gc,stats      ]     S: JNI Handles Roots              4 us, workers (us):   4, ---, ---, ---, ---, ---, ---, ---, ---, ---, ---, ---, ---, ---, ---, ---, ---, ---, ---, ---, ---, ---, ---, ---, ---, ---, ---, ---, ---, ---, ---, ---, ---, ---, ---, ---, ---, ---, ---, ---, ---, ---, ---, ---, ---, ---, ---, ---, ---, ---, ---, ---, ---, ---, ---, ---, 
[2021-10-16T00:44:35.429+0400][gc,stats      ]     S: Synchronizer Roots             1 us, workers (us):   1, ---, ---, ---, ---, ---, ---, ---, ---, ---, ---, ---, ---, ---, ---, ---, ---, ---, ---, ---, ---, ---, ---, ---, ---, ---, ---, ---, ---, ---, ---, ---, ---, ---, ---, ---, ---, ---, ---, ---, ---, ---, ---, ---, ---, ---, ---, ---, ---, ---, ---, ---, ---, ---, ---, ---, 
[2021-10-16T00:44:35.429+0400][gc,stats      ]     S: Management Roots               2 us, workers (us):   2, ---, ---, ---, ---, ---, ---, ---, ---, ---, ---, ---, ---, ---, ---, ---, ---, ---, ---, ---, ---, ---, ---, ---, ---, ---, ---, ---, ---, ---, ---, ---, ---, ---, ---, ---, ---, ---, ---, ---, ---, ---, ---, ---, ---, ---, ---, ---, ---, ---, ---, ---, ---, ---, ---, ---, 
[2021-10-16T00:44:35.429+0400][gc,stats      ]     S: System Dict Roots              9 us, workers (us):   9, ---, ---, ---, ---, ---, ---, ---, ---, ---, ---, ---, ---, ---, ---, ---, ---, ---, ---, ---, ---, ---, ---, ---, ---, ---, ---, ---, ---, ---, ---, ---, ---, ---, ---, ---, ---, ---, ---, ---, ---, ---, ---, ---, ---, ---, ---, ---, ---, ---, ---, ---, ---, ---, ---, ---, 
[2021-10-16T00:44:35.429+0400][gc,stats      ]     S: CLDG Roots                126997 us, workers (us): 4599, 4597, 4535, 4535, 4528, 4895, 4517, 4517, 4517, 4515, 4516, 4514, 4514, 4514, 4514, 4512, 4643, 4511, 4513, 4511, 4512, 4510, 4509, 4510, 4497, 4463, 4462, 4516, ---, ---, ---, ---, ---, ---, ---, ---, ---, ---, ---, ---, ---, ---, ---, ---, ---, ---, ---, ---, ---, ---, ---, ---, ---, ---, ---, ---, 
[2021-10-16T00:44:35.429+0400][gc,stats      ]     S: JVMTI Roots                    1 us, workers (us):   1, ---, ---, ---, ---, ---, ---, ---, ---, ---, ---, ---, ---, ---, ---, ---, ---, ---, ---, ---, ---, ---, ---, ---, ---, ---, ---, ---, ---, ---, ---, ---, ---, ---, ---, ---, ---, ---, ---, ---, ---, ---, ---, ---, ---, ---, ---, ---, ---, ---, ---, ---, ---, ---, ---, ---, 
[2021-10-16T00:44:35.429+0400][gc,stats      ]   Resize TLABs                        5 us
[2021-10-16T00:44:35.429+0400][gc,stats      ] Concurrent Marking                16288 us
[2021-10-16T00:44:35.429+0400][gc,stats      ] Concurrent Precleaning             1861 us
[2021-10-16T00:44:35.429+0400][gc,stats      ] Pause Final Mark (G)               1258 us
[2021-10-16T00:44:35.429+0400][gc,stats      ] Pause Final Mark (N)                919 us
[2021-10-16T00:44:35.429+0400][gc,stats      ]   Finish Queues                     614 us
[2021-10-16T00:44:35.429+0400][gc,stats      ]   Weak References                    19 us
[2021-10-16T00:44:35.429+0400][gc,stats      ]     Process                          16 us
[2021-10-16T00:44:35.429+0400][gc,stats      ]   System Purge                      108 us
[2021-10-16T00:44:35.429+0400][gc,stats      ]     Weak Roots                      108 us
[2021-10-16T00:44:35.429+0400][gc,stats      ]   Update Region States               78 us
[2021-10-16T00:44:35.429+0400][gc,stats      ]   Retire TLABs                       13 us
[2021-10-16T00:44:35.429+0400][gc,stats      ]   Choose Collection Set              65 us
[2021-10-16T00:44:35.429+0400][gc,stats      ]   Rebuild Free Set                   15 us
[2021-10-16T00:44:35.429+0400][gc,stats      ] Concurrent Cleanup                  214 us
[2021-10-16T00:44:35.429+0400][gc,stats      ] 
[2021-10-16T00:44:35.429+0400][gc,stats      ] Allocation pacing accrued:
[2021-10-16T00:44:35.429+0400][gc,stats      ]       0 of  1759 ms (  0.0%): <total>
[2021-10-16T00:44:35.429+0400][gc,stats      ]       0 of  1759 ms (  0.0%): <average total>
[2021-10-16T00:44:35.429+0400][gc,stats      ] 
[2021-10-16T00:44:35.429+0400][gc,metaspace  ] Metaspace: 93379K->93379K(1142784K)
[2021-10-16T00:44:35.429+0400][gc,ergo       ] Pacer for Idle. Initial: 204M, Alloc Tax Rate: 1.0x
[2021-10-16T00:44:37.155+0400][gc            ] Trigger: Free (1020M) is below minimum threshold (1023M)
[2021-10-16T00:44:37.155+0400][gc,ergo       ] Free: 1020M, Max: 4096K regular, 936M humongous, Frag: 8% external, 1% internal; Reserve: 512M, Max: 4096K
[2021-10-16T00:44:37.155+0400][gc,start      ] GC(81) Concurrent reset
[2021-10-16T00:44:37.155+0400][gc,task       ] GC(81) Using 28 of 56 workers for concurrent reset
[2021-10-16T00:44:37.155+0400][gc,ergo       ] GC(81) Pacer for Reset. Non-Taxable: 10240M
[2021-10-16T00:44:37.156+0400][gc            ] GC(81) Concurrent reset 0.526ms
[2021-10-16T00:44:37.156+0400][gc,start      ] GC(81) Pause Init Mark
[2021-10-16T00:44:37.156+0400][gc,task       ] GC(81) Using 56 of 56 workers for init marking
[2021-10-16T00:44:37.163+0400][gc,ergo       ] GC(81) Pacer for Mark. Expected Live: 102M, Free: 1020M, Non-Taxable: 102M, Alloc Tax Rate: 0.1x
[2021-10-16T00:44:37.163+0400][gc            ] GC(81) Pause Init Mark 7.003ms
[2021-10-16T00:44:37.163+0400][gc,start      ] GC(81) Concurrent marking
[2021-10-16T00:44:37.163+0400][gc,task       ] GC(81) Using 28 of 56 workers for concurrent marking
[2021-10-16T00:44:37.179+0400][gc            ] GC(81) Concurrent marking 15.915ms
[2021-10-16T00:44:37.179+0400][gc,start      ] GC(81) Pause Final Mark
[2021-10-16T00:44:37.179+0400][gc,task       ] GC(81) Using 56 of 56 workers for final marking
[2021-10-16T00:44:37.180+0400][gc,ergo       ] GC(81) Collectable Garbage: 8500M (98%), Immediate: 8500M (98%), CSet: 0B (0%)
[2021-10-16T00:44:37.180+0400][gc            ] GC(81) Pause Final Mark 1.024ms
[2021-10-16T00:44:37.180+0400][gc,start      ] GC(81) Concurrent cleanup
[2021-10-16T00:44:37.181+0400][gc            ] GC(81) Concurrent cleanup 8783M->315M(10240M) 0.283ms
[2021-10-16T00:44:37.181+0400][gc,ergo       ] GC(81) Free: 9412M, Max: 4096K regular, 4812M humongous, Frag: 49% external, 0% internal; Reserve: 512M, Max: 4096K
[2021-10-16T00:44:37.181+0400][gc,ergo       ] Free: 9412M, Max: 4096K regular, 4812M humongous, Frag: 49% external, 0% internal; Reserve: 512M, Max: 4096K
[2021-10-16T00:44:37.181+0400][gc,stats      ] 
[2021-10-16T00:44:37.181+0400][gc,stats      ] All times are wall-clock times, except per-root-class counters, that are sum over
[2021-10-16T00:44:37.181+0400][gc,stats      ] all workers. Dividing the <total> over the root stage time estimates parallelism.
[2021-10-16T00:44:37.181+0400][gc,stats      ] 
[2021-10-16T00:44:37.181+0400][gc,stats      ] Concurrent Reset                    507 us
[2021-10-16T00:44:37.181+0400][gc,stats      ] Pause Init Mark (G)                7333 us
[2021-10-16T00:44:37.181+0400][gc,stats      ] Pause Init Mark (N)                6954 us
[2021-10-16T00:44:37.181+0400][gc,stats      ]   Accumulate Stats                    6 us
[2021-10-16T00:44:37.181+0400][gc,stats      ]   Make Parsable                      22 us
[2021-10-16T00:44:37.181+0400][gc,stats      ]   Update Region States              152 us
[2021-10-16T00:44:37.181+0400][gc,stats      ]   Scan Roots                       6704 us, parallelism: 22.37x
[2021-10-16T00:44:37.181+0400][gc,stats      ]     S: <total>                   149994 us
[2021-10-16T00:44:37.181+0400][gc,stats      ]     S: Thread Roots                 736 us, workers (us):   2,   1,   1,   2,   1,   3,   3,   3,   1,   2,   2,   2,   2,   2,   1,   2,   2,   3,   1,   3,   2,   3,   3,   3,   2,   3,   2,  69,   2,  87,  50,  59,  63,  50,  48,  47,   5,  48,  45,  47,  45,   4,   2,   2,   2,   2,   3,   1,   0,   0,   0,   0,   0,   0,   0,   0, 
[2021-10-16T00:44:37.181+0400][gc,stats      ]     S: Universe Roots                 5 us, workers (us):   5, ---, ---, ---, ---, ---, ---, ---, ---, ---, ---, ---, ---, ---, ---, ---, ---, ---, ---, ---, ---, ---, ---, ---, ---, ---, ---, ---, ---, ---, ---, ---, ---, ---, ---, ---, ---, ---, ---, ---, ---, ---, ---, ---, ---, ---, ---, ---, ---, ---, ---, ---, ---, ---, ---, ---, 
[2021-10-16T00:44:37.181+0400][gc,stats      ]     S: JNI Handles Roots              2 us, workers (us): ---,   2, ---, ---, ---, ---, ---, ---, ---, ---, ---, ---, ---, ---, ---, ---, ---, ---, ---, ---, ---, ---, ---, ---, ---, ---, ---, ---, ---, ---, ---, ---, ---, ---, ---, ---, ---, ---, ---, ---, ---, ---, ---, ---, ---, ---, ---, ---, ---, ---, ---, ---, ---, ---, ---, ---, 
[2021-10-16T00:44:37.181+0400][gc,stats      ]     S: Synchronizer Roots             0 us, workers (us): ---,   0, ---, ---, ---, ---, ---, ---, ---, ---, ---, ---, ---, ---, ---, ---, ---, ---, ---, ---, ---, ---, ---, ---, ---, ---, ---, ---, ---, ---, ---, ---, ---, ---, ---, ---, ---, ---, ---, ---, ---, ---, ---, ---, ---, ---, ---, ---, ---, ---, ---, ---, ---, ---, ---, ---, 
[2021-10-16T00:44:37.181+0400][gc,stats      ]     S: Management Roots               1 us, workers (us): ---,   1, ---, ---, ---, ---, ---, ---, ---, ---, ---, ---, ---, ---, ---, ---, ---, ---, ---, ---, ---, ---, ---, ---, ---, ---, ---, ---, ---, ---, ---, ---, ---, ---, ---, ---, ---, ---, ---, ---, ---, ---, ---, ---, ---, ---, ---, ---, ---, ---, ---, ---, ---, ---, ---, ---, 
[2021-10-16T00:44:37.181+0400][gc,stats      ]     S: System Dict Roots              4 us, workers (us): ---,   4, ---, ---, ---, ---, ---, ---, ---, ---, ---, ---, ---, ---, ---, ---, ---, ---, ---, ---, ---, ---, ---, ---, ---, ---, ---, ---, ---, ---, ---, ---, ---, ---, ---, ---, ---, ---, ---, ---, ---, ---, ---, ---, ---, ---, ---, ---, ---, ---, ---, ---, ---, ---, ---, ---, 
[2021-10-16T00:44:37.181+0400][gc,stats      ]     S: CLDG Roots                149245 us, workers (us): 5409, 5408, 5408, 5384, 5383, 5384, 5374, 5368, 5378, 5395, 5294, 5293, 5294, 5293, 5294, 5292, 5291, 5292, 5410, 5290, 5292, 5292, 5289, 5288, 5287, 5287, 5289, ---, 5287, ---, ---, ---, ---, ---, ---, ---, ---, ---, ---, ---, ---, ---, ---, ---, ---, ---, ---, ---, ---, ---, ---, ---, ---, ---, ---, ---, 
[2021-10-16T00:44:37.181+0400][gc,stats      ]     S: JVMTI Roots                    1 us, workers (us):   1, ---, ---, ---, ---, ---, ---, ---, ---, ---, ---, ---, ---, ---, ---, ---, ---, ---, ---, ---, ---, ---, ---, ---, ---, ---, ---, ---, ---, ---, ---, ---, ---, ---, ---, ---, ---, ---, ---, ---, ---, ---, ---, ---, ---, ---, ---, ---, ---, ---, ---, ---, ---, ---, ---, ---, 
[2021-10-16T00:44:37.181+0400][gc,stats      ]   Resize TLABs                        5 us
[2021-10-16T00:44:37.181+0400][gc,stats      ] Concurrent Marking                15866 us
[2021-10-16T00:44:37.181+0400][gc,stats      ] Pause Final Mark (G)               1201 us
[2021-10-16T00:44:37.181+0400][gc,stats      ] Pause Final Mark (N)                978 us
[2021-10-16T00:44:37.181+0400][gc,stats      ]   Finish Queues                     495 us
[2021-10-16T00:44:37.181+0400][gc,stats      ]   System Purge                      138 us
[2021-10-16T00:44:37.181+0400][gc,stats      ]     Weak Roots                      138 us
[2021-10-16T00:44:37.181+0400][gc,stats      ]   Update Region States              126 us
[2021-10-16T00:44:37.181+0400][gc,stats      ]   Retire TLABs                       19 us
[2021-10-16T00:44:37.181+0400][gc,stats      ]   Choose Collection Set             140 us
[2021-10-16T00:44:37.181+0400][gc,stats      ]   Rebuild Free Set                   39 us
[2021-10-16T00:44:37.181+0400][gc,stats      ] Concurrent Cleanup                  268 us
[2021-10-16T00:44:37.181+0400][gc,stats      ] 
[2021-10-16T00:44:37.181+0400][gc,stats      ] Allocation pacing accrued:
[2021-10-16T00:44:37.181+0400][gc,stats      ]       0 of  1752 ms (  0.0%): <total>
[2021-10-16T00:44:37.181+0400][gc,stats      ]       0 of  1752 ms (  0.0%): <average total>
[2021-10-16T00:44:37.181+0400][gc,stats      ] 
[2021-10-16T00:44:37.181+0400][gc,metaspace  ] Metaspace: 93379K->93379K(1142784K)
[2021-10-16T00:44:37.181+0400][gc,ergo       ] Pacer for Idle. Initial: 204M, Alloc Tax Rate: 1.0x
[2021-10-16T00:44:38.912+0400][gc            ] Trigger: Free (1020M) is below minimum threshold (1023M)
[2021-10-16T00:44:38.912+0400][gc,ergo       ] Free: 1020M, Max: 4096K regular, 928M humongous, Frag: 8% external, 1% internal; Reserve: 512M, Max: 4096K
[2021-10-16T00:44:38.912+0400][gc,start      ] GC(82) Concurrent reset
[2021-10-16T00:44:38.912+0400][gc,task       ] GC(82) Using 28 of 56 workers for concurrent reset
[2021-10-16T00:44:38.912+0400][gc,ergo       ] GC(82) Pacer for Reset. Non-Taxable: 10240M
[2021-10-16T00:44:38.913+0400][gc            ] GC(82) Concurrent reset 0.550ms
[2021-10-16T00:44:38.913+0400][gc,start      ] GC(82) Pause Init Mark
[2021-10-16T00:44:38.913+0400][gc,task       ] GC(82) Using 56 of 56 workers for init marking
[2021-10-16T00:44:38.920+0400][gc,ergo       ] GC(82) Pacer for Mark. Expected Live: 102M, Free: 1020M, Non-Taxable: 102M, Alloc Tax Rate: 0.1x
[2021-10-16T00:44:38.920+0400][gc            ] GC(82) Pause Init Mark 6.646ms
[2021-10-16T00:44:38.920+0400][gc,start      ] GC(82) Concurrent marking
[2021-10-16T00:44:38.920+0400][gc,task       ] GC(82) Using 28 of 56 workers for concurrent marking
[2021-10-16T00:44:38.937+0400][gc            ] GC(82) Concurrent marking 17.042ms
[2021-10-16T00:44:38.937+0400][gc,start      ] GC(82) Pause Final Mark
[2021-10-16T00:44:38.937+0400][gc,task       ] GC(82) Using 56 of 56 workers for final marking
[2021-10-16T00:44:38.938+0400][gc,ergo       ] GC(82) Collectable Garbage: 8496M (98%), Immediate: 8496M (98%), CSet: 0B (0%)
[2021-10-16T00:44:38.938+0400][gc            ] GC(82) Pause Final Mark 1.052ms
[2021-10-16T00:44:38.938+0400][gc,start      ] GC(82) Concurrent cleanup
[2021-10-16T00:44:38.938+0400][gc            ] GC(82) Concurrent cleanup 8799M->343M(10240M) 0.357ms
[2021-10-16T00:44:38.938+0400][gc,ergo       ] GC(82) Free: 9384M, Max: 4096K regular, 4772M humongous, Frag: 50% external, 0% internal; Reserve: 512M, Max: 4096K
[2021-10-16T00:44:38.939+0400][gc,ergo       ] Free: 9384M, Max: 4096K regular, 4772M humongous, Frag: 50% external, 0% internal; Reserve: 512M, Max: 4096K
[2021-10-16T00:44:38.939+0400][gc,stats      ] 
[2021-10-16T00:44:38.939+0400][gc,stats      ] All times are wall-clock times, except per-root-class counters, that are sum over
[2021-10-16T00:44:38.939+0400][gc,stats      ] all workers. Dividing the <total> over the root stage time estimates parallelism.
[2021-10-16T00:44:38.939+0400][gc,stats      ] 
[2021-10-16T00:44:38.939+0400][gc,stats      ] Concurrent Reset                    531 us
[2021-10-16T00:44:38.939+0400][gc,stats      ] Pause Init Mark (G)                7023 us
[2021-10-16T00:44:38.939+0400][gc,stats      ] Pause Init Mark (N)                6586 us
[2021-10-16T00:44:38.939+0400][gc,stats      ]   Accumulate Stats                    6 us
[2021-10-16T00:44:38.939+0400][gc,stats      ]   Make Parsable                      20 us
[2021-10-16T00:44:38.939+0400][gc,stats      ]   Update Region States              143 us
[2021-10-16T00:44:38.939+0400][gc,stats      ]   Scan Roots                       6351 us, parallelism: 20.99x
[2021-10-16T00:44:38.939+0400][gc,stats      ]     S: <total>                   133310 us
[2021-10-16T00:44:38.939+0400][gc,stats      ]     S: Thread Roots                 853 us, workers (us):   2,   3,   1,   3,   2,   3,   2,   3,   1,   1,   1,   1,   2,   1,   2,   2,   3,   2,   3,   3,   2,   3,   2,   3,   1,   1,   2,  75,  59,  27,   2,  68,  25,  46,  59,  24,  10,  74,  59,  59,  67,  65,  15,  62,   1,   1,   0,   0,   0,   0,   0,   0,   2,   0,   0,   0, 
[2021-10-16T00:44:38.939+0400][gc,stats      ]     S: Universe Roots                 4 us, workers (us):   4, ---, ---, ---, ---, ---, ---, ---, ---, ---, ---, ---, ---, ---, ---, ---, ---, ---, ---, ---, ---, ---, ---, ---, ---, ---, ---, ---, ---, ---, ---, ---, ---, ---, ---, ---, ---, ---, ---, ---, ---, ---, ---, ---, ---, ---, ---, ---, ---, ---, ---, ---, ---, ---, ---, ---, 
[2021-10-16T00:44:38.939+0400][gc,stats      ]     S: JNI Handles Roots              3 us, workers (us):   3, ---, ---, ---, ---, ---, ---, ---, ---, ---, ---, ---, ---, ---, ---, ---, ---, ---, ---, ---, ---, ---, ---, ---, ---, ---, ---, ---, ---, ---, ---, ---, ---, ---, ---, ---, ---, ---, ---, ---, ---, ---, ---, ---, ---, ---, ---, ---, ---, ---, ---, ---, ---, ---, ---, ---, 
[2021-10-16T00:44:38.939+0400][gc,stats      ]     S: Synchronizer Roots             0 us, workers (us): ---,   0, ---, ---, ---, ---, ---, ---, ---, ---, ---, ---, ---, ---, ---, ---, ---, ---, ---, ---, ---, ---, ---, ---, ---, ---, ---, ---, ---, ---, ---, ---, ---, ---, ---, ---, ---, ---, ---, ---, ---, ---, ---, ---, ---, ---, ---, ---, ---, ---, ---, ---, ---, ---, ---, ---, 
[2021-10-16T00:44:38.939+0400][gc,stats      ]     S: Management Roots               2 us, workers (us):   2, ---, ---, ---, ---, ---, ---, ---, ---, ---, ---, ---, ---, ---, ---, ---, ---, ---, ---, ---, ---, ---, ---, ---, ---, ---, ---, ---, ---, ---, ---, ---, ---, ---, ---, ---, ---, ---, ---, ---, ---, ---, ---, ---, ---, ---, ---, ---, ---, ---, ---, ---, ---, ---, ---, ---, 
[2021-10-16T00:44:38.939+0400][gc,stats      ]     S: System Dict Roots             10 us, workers (us): ---,  10, ---, ---, ---, ---, ---, ---, ---, ---, ---, ---, ---, ---, ---, ---, ---, ---, ---, ---, ---, ---, ---, ---, ---, ---, ---, ---, ---, ---, ---, ---, ---, ---, ---, ---, ---, ---, ---, ---, ---, ---, ---, ---, ---, ---, ---, ---, ---, ---, ---, ---, ---, ---, ---, ---, 
[2021-10-16T00:44:38.939+0400][gc,stats      ]     S: CLDG Roots                132438 us, workers (us): 4792, 4787, 4788, 4775, 4889, 4770, 4718, 4714, 4712, 4713, 4713, 4710, 4697, 5075, 4697, 4697, 4694, 4695, 4694, 4694, 4694, 4694, 4692, 4692, 4645, 4634, 4630, ---, ---, ---, 4731, ---, ---, ---, ---, ---, ---, ---, ---, ---, ---, ---, ---, ---, ---, ---, ---, ---, ---, ---, ---, ---, ---, ---, ---, ---, 
[2021-10-16T00:44:38.939+0400][gc,stats      ]     S: JVMTI Roots                    1 us, workers (us):   1, ---, ---, ---, ---, ---, ---, ---, ---, ---, ---, ---, ---, ---, ---, ---, ---, ---, ---, ---, ---, ---, ---, ---, ---, ---, ---, ---, ---, ---, ---, ---, ---, ---, ---, ---, ---, ---, ---, ---, ---, ---, ---, ---, ---, ---, ---, ---, ---, ---, ---, ---, ---, ---, ---, ---, 
[2021-10-16T00:44:38.939+0400][gc,stats      ]   Resize TLABs                        4 us
[2021-10-16T00:44:38.939+0400][gc,stats      ] Concurrent Marking                16984 us
[2021-10-16T00:44:38.939+0400][gc,stats      ] Pause Final Mark (G)               1245 us
[2021-10-16T00:44:38.939+0400][gc,stats      ] Pause Final Mark (N)               1008 us
[2021-10-16T00:44:38.939+0400][gc,stats      ]   Finish Queues                     515 us
[2021-10-16T00:44:38.939+0400][gc,stats      ]   System Purge                      140 us
[2021-10-16T00:44:38.939+0400][gc,stats      ]     Weak Roots                      139 us
[2021-10-16T00:44:38.939+0400][gc,stats      ]   Update Region States              137 us
[2021-10-16T00:44:38.939+0400][gc,stats      ]   Retire TLABs                       20 us
[2021-10-16T00:44:38.939+0400][gc,stats      ]   Choose Collection Set             134 us
[2021-10-16T00:44:38.939+0400][gc,stats      ]   Rebuild Free Set                   42 us
[2021-10-16T00:44:38.939+0400][gc,stats      ] Concurrent Cleanup                  344 us
[2021-10-16T00:44:38.939+0400][gc,stats      ] 
[2021-10-16T00:44:38.939+0400][gc,stats      ] Allocation pacing accrued:
[2021-10-16T00:44:38.939+0400][gc,stats      ]       0 of  1758 ms (  0.0%): <total>
[2021-10-16T00:44:38.939+0400][gc,stats      ]       0 of  1758 ms (  0.0%): <average total>
[2021-10-16T00:44:38.939+0400][gc,stats      ] 
[2021-10-16T00:44:38.939+0400][gc,metaspace  ] Metaspace: 93379K->93379K(1142784K)
[2021-10-16T00:44:38.939+0400][gc,ergo       ] Pacer for Idle. Initial: 204M, Alloc Tax Rate: 1.0x
[2021-10-16T00:44:40.674+0400][gc            ] Trigger: Free (1016M) is below minimum threshold (1023M)
[2021-10-16T00:44:40.674+0400][gc,ergo       ] Free: 1016M, Max: 4096K regular, 916M humongous, Frag: 9% external, 1% internal; Reserve: 512M, Max: 4096K
[2021-10-16T00:44:40.674+0400][gc,start      ] GC(83) Concurrent reset
[2021-10-16T00:44:40.674+0400][gc,task       ] GC(83) Using 28 of 56 workers for concurrent reset
[2021-10-16T00:44:40.674+0400][gc,ergo       ] GC(83) Pacer for Reset. Non-Taxable: 10240M
[2021-10-16T00:44:40.675+0400][gc            ] GC(83) Concurrent reset 0.499ms
[2021-10-16T00:44:40.675+0400][gc,start      ] GC(83) Pause Init Mark
[2021-10-16T00:44:40.675+0400][gc,task       ] GC(83) Using 56 of 56 workers for init marking
[2021-10-16T00:44:40.692+0400][gc,ergo       ] GC(83) Pacer for Mark. Expected Live: 102M, Free: 1016M, Non-Taxable: 101M, Alloc Tax Rate: 0.1x
[2021-10-16T00:44:40.692+0400][gc            ] GC(83) Pause Init Mark 16.337ms
[2021-10-16T00:44:40.692+0400][gc,start      ] GC(83) Concurrent marking
[2021-10-16T00:44:40.692+0400][gc,task       ] GC(83) Using 28 of 56 workers for concurrent marking
[2021-10-16T00:44:40.705+0400][gc            ] GC(83) Concurrent marking 13.198ms
[2021-10-16T00:44:40.705+0400][gc,start      ] GC(83) Pause Final Mark
[2021-10-16T00:44:40.705+0400][gc,task       ] GC(83) Using 56 of 56 workers for final marking
[2021-10-16T00:44:40.706+0400][gc,ergo       ] GC(83) Collectable Garbage: 8500M (98%), Immediate: 8500M (98%), CSet: 0B (0%)
[2021-10-16T00:44:40.706+0400][gc            ] GC(83) Pause Final Mark 0.888ms
[2021-10-16T00:44:40.706+0400][gc,start      ] GC(83) Concurrent cleanup
[2021-10-16T00:44:40.706+0400][gc            ] GC(83) Concurrent cleanup 8783M->323M(10240M) 0.242ms
[2021-10-16T00:44:40.706+0400][gc,ergo       ] GC(83) Free: 9404M, Max: 4096K regular, 4764M humongous, Frag: 50% external, 0% internal; Reserve: 512M, Max: 4096K
[2021-10-16T00:44:40.706+0400][gc,ergo       ] Free: 9404M, Max: 4096K regular, 4764M humongous, Frag: 50% external, 0% internal; Reserve: 512M, Max: 4096K
[2021-10-16T00:44:40.706+0400][gc,stats      ] 
[2021-10-16T00:44:40.706+0400][gc,stats      ] All times are wall-clock times, except per-root-class counters, that are sum over
[2021-10-16T00:44:40.706+0400][gc,stats      ] all workers. Dividing the <total> over the root stage time estimates parallelism.
[2021-10-16T00:44:40.706+0400][gc,stats      ] 
[2021-10-16T00:44:40.706+0400][gc,stats      ] Concurrent Reset                    480 us
[2021-10-16T00:44:40.706+0400][gc,stats      ] Pause Init Mark (G)               16745 us
[2021-10-16T00:44:40.706+0400][gc,stats      ] Pause Init Mark (N)               16290 us
[2021-10-16T00:44:40.706+0400][gc,stats      ]   Accumulate Stats                    6 us
[2021-10-16T00:44:40.706+0400][gc,stats      ]   Make Parsable                      34 us
[2021-10-16T00:44:40.706+0400][gc,stats      ]   Update Region States              165 us
[2021-10-16T00:44:40.706+0400][gc,stats      ]   Scan Roots                      16031 us, parallelism: 9.06x
[2021-10-16T00:44:40.706+0400][gc,stats      ]     S: <total>                   145173 us
[2021-10-16T00:44:40.706+0400][gc,stats      ]     S: Thread Roots                 976 us, workers (us):   9,   2,   2,  11,   2,   2,   2,   2,   3,   3,   3,   3,   1,   2,   1,   2,   1,   5,  11,   3,   9,   2,   7,   7,   8,   2,  78,   3,  78,  76,   1,  81,  68,  78,  73,  59,  59,   6,   6,   6,  58,  61,   4,  11,  12,  11,   6,   2,  10,  11,   9,   0,   0,   0,   0,   0, 
[2021-10-16T00:44:40.706+0400][gc,stats      ]     S: Universe Roots                 5 us, workers (us): ---,   5, ---, ---, ---, ---, ---, ---, ---, ---, ---, ---, ---, ---, ---, ---, ---, ---, ---, ---, ---, ---, ---, ---, ---, ---, ---, ---, ---, ---, ---, ---, ---, ---, ---, ---, ---, ---, ---, ---, ---, ---, ---, ---, ---, ---, ---, ---, ---, ---, ---, ---, ---, ---, ---, ---, 
[2021-10-16T00:44:40.706+0400][gc,stats      ]     S: JNI Handles Roots             14 us, workers (us): ---,  14, ---, ---, ---, ---, ---, ---, ---, ---, ---, ---, ---, ---, ---, ---, ---, ---, ---, ---, ---, ---, ---, ---, ---, ---, ---, ---, ---, ---, ---, ---, ---, ---, ---, ---, ---, ---, ---, ---, ---, ---, ---, ---, ---, ---, ---, ---, ---, ---, ---, ---, ---, ---, ---, ---, 
[2021-10-16T00:44:40.706+0400][gc,stats      ]     S: Synchronizer Roots             1 us, workers (us):   1, ---, ---, ---, ---, ---, ---, ---, ---, ---, ---, ---, ---, ---, ---, ---, ---, ---, ---, ---, ---, ---, ---, ---, ---, ---, ---, ---, ---, ---, ---, ---, ---, ---, ---, ---, ---, ---, ---, ---, ---, ---, ---, ---, ---, ---, ---, ---, ---, ---, ---, ---, ---, ---, ---, ---, 
[2021-10-16T00:44:40.706+0400][gc,stats      ]     S: Management Roots               2 us, workers (us):   2, ---, ---, ---, ---, ---, ---, ---, ---, ---, ---, ---, ---, ---, ---, ---, ---, ---, ---, ---, ---, ---, ---, ---, ---, ---, ---, ---, ---, ---, ---, ---, ---, ---, ---, ---, ---, ---, ---, ---, ---, ---, ---, ---, ---, ---, ---, ---, ---, ---, ---, ---, ---, ---, ---, ---, 
[2021-10-16T00:44:40.706+0400][gc,stats      ]     S: System Dict Roots             10 us, workers (us): ---, ---,  10, ---, ---, ---, ---, ---, ---, ---, ---, ---, ---, ---, ---, ---, ---, ---, ---, ---, ---, ---, ---, ---, ---, ---, ---, ---, ---, ---, ---, ---, ---, ---, ---, ---, ---, ---, ---, ---, ---, ---, ---, ---, ---, ---, ---, ---, ---, ---, ---, ---, ---, ---, ---, ---, 
[2021-10-16T00:44:40.706+0400][gc,stats      ]     S: CLDG Roots                144164 us, workers (us): 5165, 5151, 5156, 5154, 5154, 5137, 5136, 5115, 5107, 5107, 5208, 5107, 5107, 5106, 5106, 5183, 5101, 5091, 5091, 5089, 5089, 5088, 5087, 5087, 5088, 5085, ---, 5086, ---, ---, 5983, ---, ---, ---, ---, ---, ---, ---, ---, ---, ---, ---, ---, ---, ---, ---, ---, ---, ---, ---, ---, ---, ---, ---, ---, ---, 
[2021-10-16T00:44:40.706+0400][gc,stats      ]     S: JVMTI Roots                    1 us, workers (us):   1, ---, ---, ---, ---, ---, ---, ---, ---, ---, ---, ---, ---, ---, ---, ---, ---, ---, ---, ---, ---, ---, ---, ---, ---, ---, ---, ---, ---, ---, ---, ---, ---, ---, ---, ---, ---, ---, ---, ---, ---, ---, ---, ---, ---, ---, ---, ---, ---, ---, ---, ---, ---, ---, ---, ---, 
[2021-10-16T00:44:40.706+0400][gc,stats      ]   Resize TLABs                        3 us
[2021-10-16T00:44:40.706+0400][gc,stats      ] Concurrent Marking                13143 us
[2021-10-16T00:44:40.706+0400][gc,stats      ] Pause Final Mark (G)               1069 us
[2021-10-16T00:44:40.706+0400][gc,stats      ] Pause Final Mark (N)                866 us
[2021-10-16T00:44:40.706+0400][gc,stats      ]   Finish Queues                     565 us
[2021-10-16T00:44:40.706+0400][gc,stats      ]   System Purge                      137 us
[2021-10-16T00:44:40.706+0400][gc,stats      ]     Weak Roots                      137 us
[2021-10-16T00:44:40.706+0400][gc,stats      ]   Update Region States               75 us
[2021-10-16T00:44:40.706+0400][gc,stats      ]   Retire TLABs                       13 us
[2021-10-16T00:44:40.706+0400][gc,stats      ]   Choose Collection Set              57 us
[2021-10-16T00:44:40.707+0400][gc,stats      ]   Rebuild Free Set                   11 us
[2021-10-16T00:44:40.707+0400][gc,stats      ] Concurrent Cleanup                  230 us
[2021-10-16T00:44:40.707+0400][gc,stats      ] 
[2021-10-16T00:44:40.707+0400][gc,stats      ] Allocation pacing accrued:
[2021-10-16T00:44:40.707+0400][gc,stats      ]       0 of  1768 ms (  0.0%): <total>
[2021-10-16T00:44:40.707+0400][gc,stats      ]       0 of  1768 ms (  0.0%): <average total>
[2021-10-16T00:44:40.707+0400][gc,stats      ] 
[2021-10-16T00:44:40.707+0400][gc,metaspace  ] Metaspace: 93379K->93379K(1142784K)
[2021-10-16T00:44:40.707+0400][gc,ergo       ] Pacer for Idle. Initial: 204M, Alloc Tax Rate: 1.0x
[2021-10-16T00:44:42.454+0400][gc            ] Trigger: Free (1020M) is below minimum threshold (1023M)
[2021-10-16T00:44:42.454+0400][gc,ergo       ] Free: 1020M, Max: 4096K regular, 976M humongous, Frag: 4% external, 1% internal; Reserve: 512M, Max: 4096K
[2021-10-16T00:44:42.454+0400][gc,start      ] GC(84) Concurrent reset
[2021-10-16T00:44:42.454+0400][gc,task       ] GC(84) Using 28 of 56 workers for concurrent reset
[2021-10-16T00:44:42.454+0400][gc,ergo       ] GC(84) Pacer for Reset. Non-Taxable: 10240M
[2021-10-16T00:44:42.455+0400][gc            ] GC(84) Concurrent reset 0.513ms
[2021-10-16T00:44:42.455+0400][gc,start      ] GC(84) Pause Init Mark
[2021-10-16T00:44:42.455+0400][gc,task       ] GC(84) Using 56 of 56 workers for init marking
[2021-10-16T00:44:42.463+0400][gc,ergo       ] GC(84) Pacer for Mark. Expected Live: 102M, Free: 1020M, Non-Taxable: 102M, Alloc Tax Rate: 0.1x
[2021-10-16T00:44:42.463+0400][gc            ] GC(84) Pause Init Mark 7.861ms
[2021-10-16T00:44:42.463+0400][gc,start      ] GC(84) Concurrent marking
[2021-10-16T00:44:42.463+0400][gc,task       ] GC(84) Using 28 of 56 workers for concurrent marking
[2021-10-16T00:44:42.480+0400][gc            ] GC(84) Concurrent marking 17.119ms
[2021-10-16T00:44:42.480+0400][gc,start      ] GC(84) Pause Final Mark
[2021-10-16T00:44:42.480+0400][gc,task       ] GC(84) Using 56 of 56 workers for final marking
[2021-10-16T00:44:42.481+0400][gc,ergo       ] GC(84) Collectable Garbage: 8496M (98%), Immediate: 8496M (98%), CSet: 0B (0%)
[2021-10-16T00:44:42.481+0400][gc            ] GC(84) Pause Final Mark 0.749ms
[2021-10-16T00:44:42.481+0400][gc,start      ] GC(84) Concurrent cleanup
[2021-10-16T00:44:42.481+0400][gc            ] GC(84) Concurrent cleanup 8795M->339M(10240M) 0.249ms
[2021-10-16T00:44:42.481+0400][gc,ergo       ] GC(84) Free: 9388M, Max: 4096K regular, 4788M humongous, Frag: 49% external, 0% internal; Reserve: 512M, Max: 4096K
[2021-10-16T00:44:42.481+0400][gc,ergo       ] Free: 9388M, Max: 4096K regular, 4788M humongous, Frag: 49% external, 0% internal; Reserve: 512M, Max: 4096K
[2021-10-16T00:44:42.481+0400][gc,stats      ] 
[2021-10-16T00:44:42.481+0400][gc,stats      ] All times are wall-clock times, except per-root-class counters, that are sum over
[2021-10-16T00:44:42.481+0400][gc,stats      ] all workers. Dividing the <total> over the root stage time estimates parallelism.
[2021-10-16T00:44:42.481+0400][gc,stats      ] 
[2021-10-16T00:44:42.481+0400][gc,stats      ] Concurrent Reset                    498 us
[2021-10-16T00:44:42.481+0400][gc,stats      ] Pause Init Mark (G)                8229 us
[2021-10-16T00:44:42.481+0400][gc,stats      ] Pause Init Mark (N)                7805 us
[2021-10-16T00:44:42.481+0400][gc,stats      ]   Accumulate Stats                    5 us
[2021-10-16T00:44:42.481+0400][gc,stats      ]   Make Parsable                      40 us
[2021-10-16T00:44:42.481+0400][gc,stats      ]   Update Region States              161 us
[2021-10-16T00:44:42.481+0400][gc,stats      ]   Scan Roots                       7506 us, parallelism: 21.64x
[2021-10-16T00:44:42.481+0400][gc,stats      ]     S: <total>                   162404 us
[2021-10-16T00:44:42.481+0400][gc,stats      ]     S: Thread Roots                 836 us, workers (us):   1,   1,   1,   2,   1,   2,   1,   1,   1,   2,   2,   1,   2,   1,   2,   1,   3,   3,   2,   2,   3,   3,   2,   2,   3,  88,  84,   2,   2,   2,  80,  81,  81,  67,  66,  69,  55,  60,  28,   4,   2,   2,   2,   2,   2,   2,   2,   2,   2,   1,   0,   0,   0,   0,   0,   0, 
[2021-10-16T00:44:42.481+0400][gc,stats      ]     S: Universe Roots                 3 us, workers (us):   3, ---, ---, ---, ---, ---, ---, ---, ---, ---, ---, ---, ---, ---, ---, ---, ---, ---, ---, ---, ---, ---, ---, ---, ---, ---, ---, ---, ---, ---, ---, ---, ---, ---, ---, ---, ---, ---, ---, ---, ---, ---, ---, ---, ---, ---, ---, ---, ---, ---, ---, ---, ---, ---, ---, ---, 
[2021-10-16T00:44:42.481+0400][gc,stats      ]     S: JNI Handles Roots              3 us, workers (us):   3, ---, ---, ---, ---, ---, ---, ---, ---, ---, ---, ---, ---, ---, ---, ---, ---, ---, ---, ---, ---, ---, ---, ---, ---, ---, ---, ---, ---, ---, ---, ---, ---, ---, ---, ---, ---, ---, ---, ---, ---, ---, ---, ---, ---, ---, ---, ---, ---, ---, ---, ---, ---, ---, ---, ---, 
[2021-10-16T00:44:42.481+0400][gc,stats      ]     S: Synchronizer Roots             0 us, workers (us):   0, ---, ---, ---, ---, ---, ---, ---, ---, ---, ---, ---, ---, ---, ---, ---, ---, ---, ---, ---, ---, ---, ---, ---, ---, ---, ---, ---, ---, ---, ---, ---, ---, ---, ---, ---, ---, ---, ---, ---, ---, ---, ---, ---, ---, ---, ---, ---, ---, ---, ---, ---, ---, ---, ---, ---, 
[2021-10-16T00:44:42.481+0400][gc,stats      ]     S: Management Roots               1 us, workers (us):   1, ---, ---, ---, ---, ---, ---, ---, ---, ---, ---, ---, ---, ---, ---, ---, ---, ---, ---, ---, ---, ---, ---, ---, ---, ---, ---, ---, ---, ---, ---, ---, ---, ---, ---, ---, ---, ---, ---, ---, ---, ---, ---, ---, ---, ---, ---, ---, ---, ---, ---, ---, ---, ---, ---, ---, 
[2021-10-16T00:44:42.481+0400][gc,stats      ]     S: System Dict Roots              9 us, workers (us): ---,   9, ---, ---, ---, ---, ---, ---, ---, ---, ---, ---, ---, ---, ---, ---, ---, ---, ---, ---, ---, ---, ---, ---, ---, ---, ---, ---, ---, ---, ---, ---, ---, ---, ---, ---, ---, ---, ---, ---, ---, ---, ---, ---, ---, ---, ---, ---, ---, ---, ---, ---, ---, ---, ---, ---, 
[2021-10-16T00:44:42.481+0400][gc,stats      ]     S: CLDG Roots                161550 us, workers (us): 5825, 5822, 5828, 5811, 5790, 5784, 5789, 5781, 5769, 5720, 5720, 5719, 5719, 5966, 5863, 6076, 5716, 5716, 5716, 5716, 5714, 5715, 5714, 5712, 5714, ---, ---, 5714, 5711, 5711, ---, ---, ---, ---, ---, ---, ---, ---, ---, ---, ---, ---, ---, ---, ---, ---, ---, ---, ---, ---, ---, ---, ---, ---, ---, ---, 
[2021-10-16T00:44:42.481+0400][gc,stats      ]     S: JVMTI Roots                    1 us, workers (us):   1, ---, ---, ---, ---, ---, ---, ---, ---, ---, ---, ---, ---, ---, ---, ---, ---, ---, ---, ---, ---, ---, ---, ---, ---, ---, ---, ---, ---, ---, ---, ---, ---, ---, ---, ---, ---, ---, ---, ---, ---, ---, ---, ---, ---, ---, ---, ---, ---, ---, ---, ---, ---, ---, ---, ---, 
[2021-10-16T00:44:42.481+0400][gc,stats      ]   Resize TLABs                        5 us
[2021-10-16T00:44:42.481+0400][gc,stats      ] Concurrent Marking                17102 us
[2021-10-16T00:44:42.481+0400][gc,stats      ] Pause Final Mark (G)                864 us
[2021-10-16T00:44:42.481+0400][gc,stats      ] Pause Final Mark (N)                728 us
[2021-10-16T00:44:42.481+0400][gc,stats      ]   Finish Queues                     422 us
[2021-10-16T00:44:42.481+0400][gc,stats      ]   System Purge                      116 us
[2021-10-16T00:44:42.481+0400][gc,stats      ]     Weak Roots                      116 us
[2021-10-16T00:44:42.481+0400][gc,stats      ]   Update Region States               86 us
[2021-10-16T00:44:42.481+0400][gc,stats      ]   Retire TLABs                       18 us
[2021-10-16T00:44:42.481+0400][gc,stats      ]   Choose Collection Set              63 us
[2021-10-16T00:44:42.481+0400][gc,stats      ]   Rebuild Free Set                   15 us
[2021-10-16T00:44:42.481+0400][gc,stats      ] Concurrent Cleanup                  235 us
[2021-10-16T00:44:42.481+0400][gc,stats      ] 
[2021-10-16T00:44:42.481+0400][gc,stats      ] Allocation pacing accrued:
[2021-10-16T00:44:42.481+0400][gc,stats      ]       0 of  1775 ms (  0.0%): <total>
[2021-10-16T00:44:42.481+0400][gc,stats      ]       0 of  1775 ms (  0.0%): <average total>
[2021-10-16T00:44:42.481+0400][gc,stats      ] 
[2021-10-16T00:44:42.482+0400][gc,metaspace  ] Metaspace: 93379K->93379K(1142784K)
[2021-10-16T00:44:42.482+0400][gc,ergo       ] Pacer for Idle. Initial: 204M, Alloc Tax Rate: 1.0x
[2021-10-16T00:44:44.212+0400][gc            ] Trigger: Free (1020M) is below minimum threshold (1023M)
[2021-10-16T00:44:44.212+0400][gc,ergo       ] Free: 1020M, Max: 4096K regular, 920M humongous, Frag: 9% external, 1% internal; Reserve: 512M, Max: 4096K
[2021-10-16T00:44:44.212+0400][gc,start      ] GC(85) Concurrent reset
[2021-10-16T00:44:44.212+0400][gc,task       ] GC(85) Using 28 of 56 workers for concurrent reset
[2021-10-16T00:44:44.212+0400][gc,ergo       ] GC(85) Pacer for Reset. Non-Taxable: 10240M
[2021-10-16T00:44:44.213+0400][gc            ] GC(85) Concurrent reset 0.449ms
[2021-10-16T00:44:44.213+0400][gc,start      ] GC(85) Pause Init Mark (process weakrefs)
[2021-10-16T00:44:44.213+0400][gc,task       ] GC(85) Using 56 of 56 workers for init marking
[2021-10-16T00:44:44.220+0400][gc,ergo       ] GC(85) Pacer for Mark. Expected Live: 102M, Free: 1020M, Non-Taxable: 102M, Alloc Tax Rate: 0.1x
[2021-10-16T00:44:44.220+0400][gc            ] GC(85) Pause Init Mark (process weakrefs) 6.742ms
[2021-10-16T00:44:44.220+0400][gc,start      ] GC(85) Concurrent marking (process weakrefs)
[2021-10-16T00:44:44.220+0400][gc,task       ] GC(85) Using 28 of 56 workers for concurrent marking
[2021-10-16T00:44:44.236+0400][gc            ] GC(85) Concurrent marking (process weakrefs) 15.636ms
[2021-10-16T00:44:44.236+0400][gc,start      ] GC(85) Concurrent precleaning
[2021-10-16T00:44:44.236+0400][gc,task       ] GC(85) Using 1 of 56 workers for concurrent preclean
[2021-10-16T00:44:44.236+0400][gc,ergo       ] GC(85) Pacer for Precleaning. Non-Taxable: 10240M
[2021-10-16T00:44:44.237+0400][gc            ] GC(85) Concurrent precleaning 1.378ms
[2021-10-16T00:44:44.237+0400][gc,start      ] GC(85) Pause Final Mark (process weakrefs)
[2021-10-16T00:44:44.237+0400][gc,task       ] GC(85) Using 56 of 56 workers for final marking
[2021-10-16T00:44:44.238+0400][gc,ergo       ] GC(85) Collectable Garbage: 8496M (98%), Immediate: 8496M (98%), CSet: 0B (0%)
[2021-10-16T00:44:44.238+0400][gc            ] GC(85) Pause Final Mark (process weakrefs) 0.941ms
[2021-10-16T00:44:44.238+0400][gc,start      ] GC(85) Concurrent cleanup
[2021-10-16T00:44:44.238+0400][gc            ] GC(85) Concurrent cleanup 8787M->335M(10240M) 0.250ms
[2021-10-16T00:44:44.238+0400][gc,ergo       ] GC(85) Free: 9392M, Max: 4096K regular, 4764M humongous, Frag: 50% external, 0% internal; Reserve: 512M, Max: 4096K
[2021-10-16T00:44:44.238+0400][gc,ergo       ] Free: 9392M, Max: 4096K regular, 4764M humongous, Frag: 50% external, 0% internal; Reserve: 512M, Max: 4096K
[2021-10-16T00:44:44.239+0400][gc,stats      ] 
[2021-10-16T00:44:44.239+0400][gc,stats      ] All times are wall-clock times, except per-root-class counters, that are sum over
[2021-10-16T00:44:44.239+0400][gc,stats      ] all workers. Dividing the <total> over the root stage time estimates parallelism.
[2021-10-16T00:44:44.239+0400][gc,stats      ] 
[2021-10-16T00:44:44.239+0400][gc,stats      ] Concurrent Reset                    440 us
[2021-10-16T00:44:44.239+0400][gc,stats      ] Pause Init Mark (G)                7001 us
[2021-10-16T00:44:44.239+0400][gc,stats      ] Pause Init Mark (N)                6696 us
[2021-10-16T00:44:44.239+0400][gc,stats      ]   Accumulate Stats                    6 us
[2021-10-16T00:44:44.239+0400][gc,stats      ]   Make Parsable                      18 us
[2021-10-16T00:44:44.239+0400][gc,stats      ]   Update Region States              145 us
[2021-10-16T00:44:44.239+0400][gc,stats      ]   Scan Roots                       6457 us, parallelism: 22.04x
[2021-10-16T00:44:44.239+0400][gc,stats      ]     S: <total>                   142343 us
[2021-10-16T00:44:44.239+0400][gc,stats      ]     S: Thread Roots                1107 us, workers (us):   1,   2,   2,   1,   2,   1,   1,   2,   2,   1,   3,   2,   3,   1,   3,   1,   1,   0,   1,   2,  77,   9,  15,  76,   2,   2,   2,   6,  49,  84,  75,  70,   2,  89,   2,   2,  92,  12,  77,   2,  19,   2,  14,  77,  77,  56,   7,  78,   0,   1,   1,   0,   0,   0,   0,   0, 
[2021-10-16T00:44:44.239+0400][gc,stats      ]     S: Universe Roots                 2 us, workers (us):   2, ---, ---, ---, ---, ---, ---, ---, ---, ---, ---, ---, ---, ---, ---, ---, ---, ---, ---, ---, ---, ---, ---, ---, ---, ---, ---, ---, ---, ---, ---, ---, ---, ---, ---, ---, ---, ---, ---, ---, ---, ---, ---, ---, ---, ---, ---, ---, ---, ---, ---, ---, ---, ---, ---, ---, 
[2021-10-16T00:44:44.239+0400][gc,stats      ]     S: JNI Handles Roots              2 us, workers (us):   2, ---, ---, ---, ---, ---, ---, ---, ---, ---, ---, ---, ---, ---, ---, ---, ---, ---, ---, ---, ---, ---, ---, ---, ---, ---, ---, ---, ---, ---, ---, ---, ---, ---, ---, ---, ---, ---, ---, ---, ---, ---, ---, ---, ---, ---, ---, ---, ---, ---, ---, ---, ---, ---, ---, ---, 
[2021-10-16T00:44:44.239+0400][gc,stats      ]     S: Synchronizer Roots             0 us, workers (us):   0, ---, ---, ---, ---, ---, ---, ---, ---, ---, ---, ---, ---, ---, ---, ---, ---, ---, ---, ---, ---, ---, ---, ---, ---, ---, ---, ---, ---, ---, ---, ---, ---, ---, ---, ---, ---, ---, ---, ---, ---, ---, ---, ---, ---, ---, ---, ---, ---, ---, ---, ---, ---, ---, ---, ---, 
[2021-10-16T00:44:44.239+0400][gc,stats      ]     S: Management Roots               1 us, workers (us):   1, ---, ---, ---, ---, ---, ---, ---, ---, ---, ---, ---, ---, ---, ---, ---, ---, ---, ---, ---, ---, ---, ---, ---, ---, ---, ---, ---, ---, ---, ---, ---, ---, ---, ---, ---, ---, ---, ---, ---, ---, ---, ---, ---, ---, ---, ---, ---, ---, ---, ---, ---, ---, ---, ---, ---, 
[2021-10-16T00:44:44.239+0400][gc,stats      ]     S: System Dict Roots              4 us, workers (us):   4, ---, ---, ---, ---, ---, ---, ---, ---, ---, ---, ---, ---, ---, ---, ---, ---, ---, ---, ---, ---, ---, ---, ---, ---, ---, ---, ---, ---, ---, ---, ---, ---, ---, ---, ---, ---, ---, ---, ---, ---, ---, ---, ---, ---, ---, ---, ---, ---, ---, ---, ---, ---, ---, ---, ---, 
[2021-10-16T00:44:44.239+0400][gc,stats      ]     S: CLDG Roots                141226 us, workers (us): 5123, 5123, 5092, 5233, 5083, 5071, 5070, 5052, 5053, 5183, 5053, 5052, 5052, 5039, 5007, 5006, 5006, 5115, 5000, 4978, ---, ---, ---, ---, 4982, 4978, 4981, ---, ---, ---, ---, ---, 4982, ---, 4980, 4977, ---, ---, ---, 4979, ---, 4978, ---, ---, ---, ---, ---, ---, ---, ---, ---, ---, ---, ---, ---, ---, 
[2021-10-16T00:44:44.239+0400][gc,stats      ]     S: JVMTI Roots                    1 us, workers (us): ---,   1, ---, ---, ---, ---, ---, ---, ---, ---, ---, ---, ---, ---, ---, ---, ---, ---, ---, ---, ---, ---, ---, ---, ---, ---, ---, ---, ---, ---, ---, ---, ---, ---, ---, ---, ---, ---, ---, ---, ---, ---, ---, ---, ---, ---, ---, ---, ---, ---, ---, ---, ---, ---, ---, ---, 
[2021-10-16T00:44:44.239+0400][gc,stats      ]   Resize TLABs                        4 us
[2021-10-16T00:44:44.239+0400][gc,stats      ] Concurrent Marking                15619 us
[2021-10-16T00:44:44.239+0400][gc,stats      ] Concurrent Precleaning             1368 us
[2021-10-16T00:44:44.239+0400][gc,stats      ] Pause Final Mark (G)               1133 us
[2021-10-16T00:44:44.239+0400][gc,stats      ] Pause Final Mark (N)                918 us
[2021-10-16T00:44:44.239+0400][gc,stats      ]   Finish Queues                     612 us
[2021-10-16T00:44:44.239+0400][gc,stats      ]   Weak References                    24 us
[2021-10-16T00:44:44.239+0400][gc,stats      ]     Process                          17 us
[2021-10-16T00:44:44.239+0400][gc,stats      ]   System Purge                      114 us
[2021-10-16T00:44:44.239+0400][gc,stats      ]     Weak Roots                      114 us
[2021-10-16T00:44:44.239+0400][gc,stats      ]   Update Region States               73 us
[2021-10-16T00:44:44.239+0400][gc,stats      ]   Retire TLABs                       12 us
[2021-10-16T00:44:44.239+0400][gc,stats      ]   Choose Collection Set              58 us
[2021-10-16T00:44:44.239+0400][gc,stats      ]   Rebuild Free Set                   16 us
[2021-10-16T00:44:44.239+0400][gc,stats      ] Concurrent Cleanup                  239 us
[2021-10-16T00:44:44.239+0400][gc,stats      ] 
[2021-10-16T00:44:44.239+0400][gc,stats      ] Allocation pacing accrued:
[2021-10-16T00:44:44.239+0400][gc,stats      ]       0 of  1757 ms (  0.0%): <total>
[2021-10-16T00:44:44.239+0400][gc,stats      ]       0 of  1757 ms (  0.0%): <average total>
[2021-10-16T00:44:44.239+0400][gc,stats      ] 
[2021-10-16T00:44:44.239+0400][gc,metaspace  ] Metaspace: 93379K->93379K(1142784K)
[2021-10-16T00:44:44.239+0400][gc,ergo       ] Pacer for Idle. Initial: 204M, Alloc Tax Rate: 1.0x
[2021-10-16T00:44:45.974+0400][gc            ] Trigger: Free (1012M) is below minimum threshold (1023M)
[2021-10-16T00:44:45.974+0400][gc,ergo       ] Free: 1012M, Max: 4096K regular, 980M humongous, Frag: 2% external, 1% internal; Reserve: 512M, Max: 4096K
[2021-10-16T00:44:45.974+0400][gc,start      ] GC(86) Concurrent reset
[2021-10-16T00:44:45.974+0400][gc,task       ] GC(86) Using 28 of 56 workers for concurrent reset
[2021-10-16T00:44:45.974+0400][gc,ergo       ] GC(86) Pacer for Reset. Non-Taxable: 10240M
[2021-10-16T00:44:45.975+0400][gc            ] GC(86) Concurrent reset 0.459ms
[2021-10-16T00:44:45.975+0400][gc,start      ] GC(86) Pause Init Mark
[2021-10-16T00:44:45.975+0400][gc,task       ] GC(86) Using 56 of 56 workers for init marking
[2021-10-16T00:44:45.982+0400][gc,ergo       ] GC(86) Pacer for Mark. Expected Live: 102M, Free: 1012M, Non-Taxable: 101M, Alloc Tax Rate: 0.1x
[2021-10-16T00:44:45.982+0400][gc            ] GC(86) Pause Init Mark 7.032ms
[2021-10-16T00:44:45.982+0400][gc,start      ] GC(86) Concurrent marking
[2021-10-16T00:44:45.982+0400][gc,task       ] GC(86) Using 28 of 56 workers for concurrent marking
[2021-10-16T00:44:45.997+0400][gc            ] GC(86) Concurrent marking 15.493ms
[2021-10-16T00:44:45.998+0400][gc,start      ] GC(86) Pause Final Mark
[2021-10-16T00:44:45.998+0400][gc,task       ] GC(86) Using 56 of 56 workers for final marking
[2021-10-16T00:44:45.998+0400][gc,ergo       ] GC(86) Collectable Garbage: 8468M (98%), Immediate: 8468M (98%), CSet: 0B (0%)
[2021-10-16T00:44:45.998+0400][gc            ] GC(86) Pause Final Mark 0.799ms
[2021-10-16T00:44:45.998+0400][gc,start      ] GC(86) Concurrent cleanup
[2021-10-16T00:44:45.999+0400][gc            ] GC(86) Concurrent cleanup 8799M->371M(10240M) 0.245ms
[2021-10-16T00:44:45.999+0400][gc,ergo       ] GC(86) Free: 9356M, Max: 4096K regular, 4800M humongous, Frag: 49% external, 0% internal; Reserve: 512M, Max: 4096K
[2021-10-16T00:44:45.999+0400][gc,ergo       ] Free: 9356M, Max: 4096K regular, 4800M humongous, Frag: 49% external, 0% internal; Reserve: 512M, Max: 4096K
[2021-10-16T00:44:45.999+0400][gc,stats      ] 
[2021-10-16T00:44:45.999+0400][gc,stats      ] All times are wall-clock times, except per-root-class counters, that are sum over
[2021-10-16T00:44:45.999+0400][gc,stats      ] all workers. Dividing the <total> over the root stage time estimates parallelism.
[2021-10-16T00:44:45.999+0400][gc,stats      ] 
[2021-10-16T00:44:45.999+0400][gc,stats      ] Concurrent Reset                    451 us
[2021-10-16T00:44:45.999+0400][gc,stats      ] Pause Init Mark (G)                7342 us
[2021-10-16T00:44:45.999+0400][gc,stats      ] Pause Init Mark (N)                6978 us
[2021-10-16T00:44:45.999+0400][gc,stats      ]   Accumulate Stats                    6 us
[2021-10-16T00:44:45.999+0400][gc,stats      ]   Make Parsable                      20 us
[2021-10-16T00:44:45.999+0400][gc,stats      ]   Update Region States              163 us
[2021-10-16T00:44:45.999+0400][gc,stats      ]   Scan Roots                       6720 us, parallelism: 22.24x
[2021-10-16T00:44:45.999+0400][gc,stats      ]     S: <total>                   149411 us
[2021-10-16T00:44:45.999+0400][gc,stats      ]     S: Thread Roots                 859 us, workers (us):   1,   2,   3,   3,   1,   1,   1,   3,   2,   3,   1,   1,   1,   2,   1,   3,   3,   2,   3,   3,   2,   2,   1,   2,   3,   2,  75,   3,   3,  60,  77,  74,  78,  72,  77,  72,  64,  74,  58,   2,   3,   2,   2,   3,   3,   3,   2,   0,   1,   2,   1,   0,   0,   0,   0,   0, 
[2021-10-16T00:44:45.999+0400][gc,stats      ]     S: Universe Roots                 4 us, workers (us):   4, ---, ---, ---, ---, ---, ---, ---, ---, ---, ---, ---, ---, ---, ---, ---, ---, ---, ---, ---, ---, ---, ---, ---, ---, ---, ---, ---, ---, ---, ---, ---, ---, ---, ---, ---, ---, ---, ---, ---, ---, ---, ---, ---, ---, ---, ---, ---, ---, ---, ---, ---, ---, ---, ---, ---, 
[2021-10-16T00:44:45.999+0400][gc,stats      ]     S: JNI Handles Roots              4 us, workers (us): ---, ---,   4, ---, ---, ---, ---, ---, ---, ---, ---, ---, ---, ---, ---, ---, ---, ---, ---, ---, ---, ---, ---, ---, ---, ---, ---, ---, ---, ---, ---, ---, ---, ---, ---, ---, ---, ---, ---, ---, ---, ---, ---, ---, ---, ---, ---, ---, ---, ---, ---, ---, ---, ---, ---, ---, 
[2021-10-16T00:44:45.999+0400][gc,stats      ]     S: Synchronizer Roots             0 us, workers (us): ---,   0, ---, ---, ---, ---, ---, ---, ---, ---, ---, ---, ---, ---, ---, ---, ---, ---, ---, ---, ---, ---, ---, ---, ---, ---, ---, ---, ---, ---, ---, ---, ---, ---, ---, ---, ---, ---, ---, ---, ---, ---, ---, ---, ---, ---, ---, ---, ---, ---, ---, ---, ---, ---, ---, ---, 
[2021-10-16T00:44:45.999+0400][gc,stats      ]     S: Management Roots               2 us, workers (us): ---,   2, ---, ---, ---, ---, ---, ---, ---, ---, ---, ---, ---, ---, ---, ---, ---, ---, ---, ---, ---, ---, ---, ---, ---, ---, ---, ---, ---, ---, ---, ---, ---, ---, ---, ---, ---, ---, ---, ---, ---, ---, ---, ---, ---, ---, ---, ---, ---, ---, ---, ---, ---, ---, ---, ---, 
[2021-10-16T00:44:45.999+0400][gc,stats      ]     S: System Dict Roots              9 us, workers (us):   9, ---, ---, ---, ---, ---, ---, ---, ---, ---, ---, ---, ---, ---, ---, ---, ---, ---, ---, ---, ---, ---, ---, ---, ---, ---, ---, ---, ---, ---, ---, ---, ---, ---, ---, ---, ---, ---, ---, ---, ---, ---, ---, ---, ---, ---, ---, ---, ---, ---, ---, ---, ---, ---, ---, ---, 
[2021-10-16T00:44:45.999+0400][gc,stats      ]     S: CLDG Roots                148531 us, workers (us): 5465, 5371, 5368, 5366, 5344, 5421, 5329, 5327, 5327, 5327, 5281, 5280, 5276, 5265, 5265, 5264, 5264, 5262, 5256, 5262, 5262, 5257, 5405, 5258, 5258, 5257, ---, 5257, 5257, ---, ---, ---, ---, ---, ---, ---, ---, ---, ---, ---, ---, ---, ---, ---, ---, ---, ---, ---, ---, ---, ---, ---, ---, ---, ---, ---, 
[2021-10-16T00:44:45.999+0400][gc,stats      ]     S: JVMTI Roots                    1 us, workers (us): ---,   1, ---, ---, ---, ---, ---, ---, ---, ---, ---, ---, ---, ---, ---, ---, ---, ---, ---, ---, ---, ---, ---, ---, ---, ---, ---, ---, ---, ---, ---, ---, ---, ---, ---, ---, ---, ---, ---, ---, ---, ---, ---, ---, ---, ---, ---, ---, ---, ---, ---, ---, ---, ---, ---, ---, 
[2021-10-16T00:44:45.999+0400][gc,stats      ]   Resize TLABs                        4 us
[2021-10-16T00:44:45.999+0400][gc,stats      ] Concurrent Marking                15459 us
[2021-10-16T00:44:45.999+0400][gc,stats      ] Pause Final Mark (G)                903 us
[2021-10-16T00:44:45.999+0400][gc,stats      ] Pause Final Mark (N)                778 us
[2021-10-16T00:44:45.999+0400][gc,stats      ]   Finish Queues                     472 us
[2021-10-16T00:44:45.999+0400][gc,stats      ]   System Purge                      124 us
[2021-10-16T00:44:45.999+0400][gc,stats      ]     Weak Roots                      124 us
[2021-10-16T00:44:45.999+0400][gc,stats      ]   Update Region States               80 us
[2021-10-16T00:44:45.999+0400][gc,stats      ]   Retire TLABs                       13 us
[2021-10-16T00:44:45.999+0400][gc,stats      ]   Choose Collection Set              65 us
[2021-10-16T00:44:45.999+0400][gc,stats      ]   Rebuild Free Set                   15 us
[2021-10-16T00:44:45.999+0400][gc,stats      ] Concurrent Cleanup                  236 us
[2021-10-16T00:44:45.999+0400][gc,stats      ] 
[2021-10-16T00:44:45.999+0400][gc,stats      ] Allocation pacing accrued:
[2021-10-16T00:44:45.999+0400][gc,stats      ]       0 of  1760 ms (  0.0%): <total>
[2021-10-16T00:44:45.999+0400][gc,stats      ]       0 of  1760 ms (  0.0%): <average total>
[2021-10-16T00:44:45.999+0400][gc,stats      ] 
[2021-10-16T00:44:45.999+0400][gc,metaspace  ] Metaspace: 93382K->93382K(1142784K)
[2021-10-16T00:44:45.999+0400][gc,ergo       ] Pacer for Idle. Initial: 204M, Alloc Tax Rate: 1.0x
[2021-10-16T00:44:47.725+0400][gc            ] Trigger: Free (1020M) is below minimum threshold (1023M)
[2021-10-16T00:44:47.725+0400][gc,ergo       ] Free: 1020M, Max: 4096K regular, 916M humongous, Frag: 10% external, 1% internal; Reserve: 512M, Max: 4096K
[2021-10-16T00:44:47.725+0400][gc,start      ] GC(87) Concurrent reset
[2021-10-16T00:44:47.725+0400][gc,task       ] GC(87) Using 28 of 56 workers for concurrent reset
[2021-10-16T00:44:47.725+0400][gc,ergo       ] GC(87) Pacer for Reset. Non-Taxable: 10240M
[2021-10-16T00:44:47.726+0400][gc            ] GC(87) Concurrent reset 0.497ms
[2021-10-16T00:44:47.726+0400][gc,start      ] GC(87) Pause Init Mark
[2021-10-16T00:44:47.726+0400][gc,task       ] GC(87) Using 56 of 56 workers for init marking
[2021-10-16T00:44:47.733+0400][gc,ergo       ] GC(87) Pacer for Mark. Expected Live: 102M, Free: 1020M, Non-Taxable: 102M, Alloc Tax Rate: 0.1x
[2021-10-16T00:44:47.733+0400][gc            ] GC(87) Pause Init Mark 6.474ms
[2021-10-16T00:44:47.733+0400][gc,start      ] GC(87) Concurrent marking
[2021-10-16T00:44:47.733+0400][gc,task       ] GC(87) Using 28 of 56 workers for concurrent marking
[2021-10-16T00:44:47.749+0400][gc            ] GC(87) Concurrent marking 16.505ms
[2021-10-16T00:44:47.749+0400][gc,start      ] GC(87) Pause Final Mark
[2021-10-16T00:44:47.749+0400][gc,task       ] GC(87) Using 56 of 56 workers for final marking
[2021-10-16T00:44:47.750+0400][gc,ergo       ] GC(87) Collectable Garbage: 8460M (98%), Immediate: 8460M (98%), CSet: 0B (0%)
[2021-10-16T00:44:47.750+0400][gc            ] GC(87) Pause Final Mark 0.726ms
[2021-10-16T00:44:47.750+0400][gc,start      ] GC(87) Concurrent cleanup
[2021-10-16T00:44:47.750+0400][gc            ] GC(87) Concurrent cleanup 8795M->375M(10240M) 0.249ms
[2021-10-16T00:44:47.750+0400][gc,ergo       ] GC(87) Free: 9352M, Max: 4096K regular, 4768M humongous, Frag: 49% external, 0% internal; Reserve: 512M, Max: 4096K
[2021-10-16T00:44:47.750+0400][gc,ergo       ] Free: 9352M, Max: 4096K regular, 4768M humongous, Frag: 49% external, 0% internal; Reserve: 512M, Max: 4096K
[2021-10-16T00:44:47.750+0400][gc,stats      ] 
[2021-10-16T00:44:47.750+0400][gc,stats      ] All times are wall-clock times, except per-root-class counters, that are sum over
[2021-10-16T00:44:47.750+0400][gc,stats      ] all workers. Dividing the <total> over the root stage time estimates parallelism.
[2021-10-16T00:44:47.750+0400][gc,stats      ] 
[2021-10-16T00:44:47.750+0400][gc,stats      ] Concurrent Reset                    489 us
[2021-10-16T00:44:47.750+0400][gc,stats      ] Pause Init Mark (G)                6774 us
[2021-10-16T00:44:47.750+0400][gc,stats      ] Pause Init Mark (N)                6424 us
[2021-10-16T00:44:47.750+0400][gc,stats      ]   Accumulate Stats                    6 us
[2021-10-16T00:44:47.750+0400][gc,stats      ]   Make Parsable                      22 us
[2021-10-16T00:44:47.750+0400][gc,stats      ]   Update Region States              148 us
[2021-10-16T00:44:47.750+0400][gc,stats      ]   Scan Roots                       6181 us, parallelism: 22.01x
[2021-10-16T00:44:47.750+0400][gc,stats      ]     S: <total>                   136032 us
[2021-10-16T00:44:47.750+0400][gc,stats      ]     S: Thread Roots                 921 us, workers (us):   2,   2,   2,   2,   2,   2,   2,   2,   1,   0,   0,   2,   1,   1,   1,   1,   2,   2,   2,   2,   3,   2,   3,  97,   2,   3,   2,   3,  70,   2,  54,  71,  70,  76,  70,  69,  70,  70,  69,  70,   2,   0,   0,   0,   0,   0,   1,   1,   0,   0,   0,   0,   2,   0,   2,   2, 
[2021-10-16T00:44:47.750+0400][gc,stats      ]     S: Universe Roots                 4 us, workers (us):   4, ---, ---, ---, ---, ---, ---, ---, ---, ---, ---, ---, ---, ---, ---, ---, ---, ---, ---, ---, ---, ---, ---, ---, ---, ---, ---, ---, ---, ---, ---, ---, ---, ---, ---, ---, ---, ---, ---, ---, ---, ---, ---, ---, ---, ---, ---, ---, ---, ---, ---, ---, ---, ---, ---, ---, 
[2021-10-16T00:44:47.751+0400][gc,stats      ]     S: JNI Handles Roots              4 us, workers (us): ---, ---,   4, ---, ---, ---, ---, ---, ---, ---, ---, ---, ---, ---, ---, ---, ---, ---, ---, ---, ---, ---, ---, ---, ---, ---, ---, ---, ---, ---, ---, ---, ---, ---, ---, ---, ---, ---, ---, ---, ---, ---, ---, ---, ---, ---, ---, ---, ---, ---, ---, ---, ---, ---, ---, ---, 
[2021-10-16T00:44:47.751+0400][gc,stats      ]     S: Synchronizer Roots             1 us, workers (us): ---,   1, ---, ---, ---, ---, ---, ---, ---, ---, ---, ---, ---, ---, ---, ---, ---, ---, ---, ---, ---, ---, ---, ---, ---, ---, ---, ---, ---, ---, ---, ---, ---, ---, ---, ---, ---, ---, ---, ---, ---, ---, ---, ---, ---, ---, ---, ---, ---, ---, ---, ---, ---, ---, ---, ---, 
[2021-10-16T00:44:47.751+0400][gc,stats      ]     S: Management Roots               2 us, workers (us):   2, ---, ---, ---, ---, ---, ---, ---, ---, ---, ---, ---, ---, ---, ---, ---, ---, ---, ---, ---, ---, ---, ---, ---, ---, ---, ---, ---, ---, ---, ---, ---, ---, ---, ---, ---, ---, ---, ---, ---, ---, ---, ---, ---, ---, ---, ---, ---, ---, ---, ---, ---, ---, ---, ---, ---, 
[2021-10-16T00:44:47.751+0400][gc,stats      ]     S: System Dict Roots             15 us, workers (us): ---,  15, ---, ---, ---, ---, ---, ---, ---, ---, ---, ---, ---, ---, ---, ---, ---, ---, ---, ---, ---, ---, ---, ---, ---, ---, ---, ---, ---, ---, ---, ---, ---, ---, ---, ---, ---, ---, ---, ---, ---, ---, ---, ---, ---, ---, ---, ---, ---, ---, ---, ---, ---, ---, ---, ---, 
[2021-10-16T00:44:47.751+0400][gc,stats      ]     S: CLDG Roots                135084 us, workers (us): 4890, 4880, 4886, 4884, 4866, 4864, 4851, 4850, 4871, 4944, 4875, 4811, 4807, 4805, 4803, 4803, 4793, 4791, 4789, 4789, 4788, 4775, 4788, ---, 4777, 4776, 4778, 4775, ---, 4776, ---, ---, ---, ---, ---, ---, ---, ---, ---, ---, ---, ---, ---, ---, ---, ---, ---, ---, ---, ---, ---, ---, ---, ---, ---, ---, 
[2021-10-16T00:44:47.751+0400][gc,stats      ]     S: JVMTI Roots                    1 us, workers (us):   1, ---, ---, ---, ---, ---, ---, ---, ---, ---, ---, ---, ---, ---, ---, ---, ---, ---, ---, ---, ---, ---, ---, ---, ---, ---, ---, ---, ---, ---, ---, ---, ---, ---, ---, ---, ---, ---, ---, ---, ---, ---, ---, ---, ---, ---, ---, ---, ---, ---, ---, ---, ---, ---, ---, ---, 
[2021-10-16T00:44:47.751+0400][gc,stats      ]   Resize TLABs                        4 us
[2021-10-16T00:44:47.751+0400][gc,stats      ] Concurrent Marking                16469 us
[2021-10-16T00:44:47.751+0400][gc,stats      ] Pause Final Mark (G)                808 us
[2021-10-16T00:44:47.751+0400][gc,stats      ] Pause Final Mark (N)                707 us
[2021-10-16T00:44:47.751+0400][gc,stats      ]   Finish Queues                     428 us
[2021-10-16T00:44:47.751+0400][gc,stats      ]   System Purge                      118 us
[2021-10-16T00:44:47.751+0400][gc,stats      ]     Weak Roots                      118 us
[2021-10-16T00:44:47.751+0400][gc,stats      ]   Update Region States               75 us
[2021-10-16T00:44:47.751+0400][gc,stats      ]   Retire TLABs                       13 us
[2021-10-16T00:44:47.751+0400][gc,stats      ]   Choose Collection Set              55 us
[2021-10-16T00:44:47.751+0400][gc,stats      ]   Rebuild Free Set                   12 us
[2021-10-16T00:44:47.751+0400][gc,stats      ] Concurrent Cleanup                  240 us
[2021-10-16T00:44:47.751+0400][gc,stats      ] 
[2021-10-16T00:44:47.751+0400][gc,stats      ] Allocation pacing accrued:
[2021-10-16T00:44:47.751+0400][gc,stats      ]       0 of  1752 ms (  0.0%): <total>
[2021-10-16T00:44:47.751+0400][gc,stats      ]       0 of  1752 ms (  0.0%): <average total>
[2021-10-16T00:44:47.751+0400][gc,stats      ] 
[2021-10-16T00:44:47.751+0400][gc,metaspace  ] Metaspace: 93382K->93382K(1142784K)
[2021-10-16T00:44:47.751+0400][gc,ergo       ] Pacer for Idle. Initial: 204M, Alloc Tax Rate: 1.0x
[2021-10-16T00:44:49.486+0400][gc            ] Trigger: Free (1012M) is below minimum threshold (1023M)
[2021-10-16T00:44:49.486+0400][gc,ergo       ] Free: 1012M, Max: 4096K regular, 984M humongous, Frag: 2% external, 1% internal; Reserve: 512M, Max: 4096K
[2021-10-16T00:44:49.486+0400][gc,start      ] GC(88) Concurrent reset
[2021-10-16T00:44:49.486+0400][gc,task       ] GC(88) Using 28 of 56 workers for concurrent reset
[2021-10-16T00:44:49.486+0400][gc,ergo       ] GC(88) Pacer for Reset. Non-Taxable: 10240M
[2021-10-16T00:44:49.487+0400][gc            ] GC(88) Concurrent reset 0.557ms
[2021-10-16T00:44:49.487+0400][gc,start      ] GC(88) Pause Init Mark
[2021-10-16T00:44:49.487+0400][gc,task       ] GC(88) Using 56 of 56 workers for init marking
[2021-10-16T00:44:49.494+0400][gc,ergo       ] GC(88) Pacer for Mark. Expected Live: 102M, Free: 1008M, Non-Taxable: 100M, Alloc Tax Rate: 0.1x
[2021-10-16T00:44:49.494+0400][gc            ] GC(88) Pause Init Mark 6.759ms
[2021-10-16T00:44:49.494+0400][gc,start      ] GC(88) Concurrent marking
[2021-10-16T00:44:49.494+0400][gc,task       ] GC(88) Using 28 of 56 workers for concurrent marking
[2021-10-16T00:44:49.509+0400][gc            ] GC(88) Concurrent marking 15.761ms
[2021-10-16T00:44:49.510+0400][gc,start      ] GC(88) Pause Final Mark
[2021-10-16T00:44:49.510+0400][gc,task       ] GC(88) Using 56 of 56 workers for final marking
[2021-10-16T00:44:49.510+0400][gc,ergo       ] GC(88) Collectable Garbage: 8472M (98%), Immediate: 8472M (98%), CSet: 0B (0%)
[2021-10-16T00:44:49.510+0400][gc            ] GC(88) Pause Final Mark 0.839ms
[2021-10-16T00:44:49.510+0400][gc,start      ] GC(88) Concurrent cleanup
[2021-10-16T00:44:49.511+0400][gc            ] GC(88) Concurrent cleanup 8799M->367M(10240M) 0.679ms
[2021-10-16T00:44:49.511+0400][gc,ergo       ] GC(88) Free: 9360M, Max: 4096K regular, 4808M humongous, Frag: 49% external, 0% internal; Reserve: 512M, Max: 4096K
[2021-10-16T00:44:49.511+0400][gc,ergo       ] Free: 9360M, Max: 4096K regular, 4808M humongous, Frag: 49% external, 0% internal; Reserve: 512M, Max: 4096K
[2021-10-16T00:44:49.511+0400][gc,stats      ] 
[2021-10-16T00:44:49.511+0400][gc,stats      ] All times are wall-clock times, except per-root-class counters, that are sum over
[2021-10-16T00:44:49.511+0400][gc,stats      ] all workers. Dividing the <total> over the root stage time estimates parallelism.
[2021-10-16T00:44:49.511+0400][gc,stats      ] 
[2021-10-16T00:44:49.511+0400][gc,stats      ] Concurrent Reset                    538 us
[2021-10-16T00:44:49.511+0400][gc,stats      ] Pause Init Mark (G)                7120 us
[2021-10-16T00:44:49.511+0400][gc,stats      ] Pause Init Mark (N)                6698 us
[2021-10-16T00:44:49.511+0400][gc,stats      ]   Accumulate Stats                    6 us
[2021-10-16T00:44:49.511+0400][gc,stats      ]   Make Parsable                      20 us
[2021-10-16T00:44:49.512+0400][gc,stats      ]   Update Region States              154 us
[2021-10-16T00:44:49.512+0400][gc,stats      ]   Scan Roots                       6444 us, parallelism: 21.98x
[2021-10-16T00:44:49.512+0400][gc,stats      ]     S: <total>                   141628 us
[2021-10-16T00:44:49.512+0400][gc,stats      ]     S: Thread Roots                 922 us, workers (us):   2,   2,   8,   2,   1,   1,   2,   1,   1,   9,  10,  11,  10,   2,   1,   1,   1,   5,   8,   3,   2,   2,   3,   3,   2,  75,   3,  81,   2,  10,  71,  74,  75,  82,  82,  61,  50,  34,  13,  48,  10,  10,  10,   2,  11,  11,  10,   2,   0,   0,   0,   0,   0,   0,   0,   0, 
[2021-10-16T00:44:49.512+0400][gc,stats      ]     S: Universe Roots                 4 us, workers (us):   4, ---, ---, ---, ---, ---, ---, ---, ---, ---, ---, ---, ---, ---, ---, ---, ---, ---, ---, ---, ---, ---, ---, ---, ---, ---, ---, ---, ---, ---, ---, ---, ---, ---, ---, ---, ---, ---, ---, ---, ---, ---, ---, ---, ---, ---, ---, ---, ---, ---, ---, ---, ---, ---, ---, ---, 
[2021-10-16T00:44:49.512+0400][gc,stats      ]     S: JNI Handles Roots              4 us, workers (us): ---, ---,   4, ---, ---, ---, ---, ---, ---, ---, ---, ---, ---, ---, ---, ---, ---, ---, ---, ---, ---, ---, ---, ---, ---, ---, ---, ---, ---, ---, ---, ---, ---, ---, ---, ---, ---, ---, ---, ---, ---, ---, ---, ---, ---, ---, ---, ---, ---, ---, ---, ---, ---, ---, ---, ---, 
[2021-10-16T00:44:49.512+0400][gc,stats      ]     S: Synchronizer Roots             0 us, workers (us):   0, ---, ---, ---, ---, ---, ---, ---, ---, ---, ---, ---, ---, ---, ---, ---, ---, ---, ---, ---, ---, ---, ---, ---, ---, ---, ---, ---, ---, ---, ---, ---, ---, ---, ---, ---, ---, ---, ---, ---, ---, ---, ---, ---, ---, ---, ---, ---, ---, ---, ---, ---, ---, ---, ---, ---, 
[2021-10-16T00:44:49.512+0400][gc,stats      ]     S: Management Roots               2 us, workers (us):   2, ---, ---, ---, ---, ---, ---, ---, ---, ---, ---, ---, ---, ---, ---, ---, ---, ---, ---, ---, ---, ---, ---, ---, ---, ---, ---, ---, ---, ---, ---, ---, ---, ---, ---, ---, ---, ---, ---, ---, ---, ---, ---, ---, ---, ---, ---, ---, ---, ---, ---, ---, ---, ---, ---, ---, 
[2021-10-16T00:44:49.512+0400][gc,stats      ]     S: System Dict Roots              9 us, workers (us):   9, ---, ---, ---, ---, ---, ---, ---, ---, ---, ---, ---, ---, ---, ---, ---, ---, ---, ---, ---, ---, ---, ---, ---, ---, ---, ---, ---, ---, ---, ---, ---, ---, ---, ---, ---, ---, ---, ---, ---, ---, ---, ---, ---, ---, ---, ---, ---, ---, ---, ---, ---, ---, ---, ---, ---, 
[2021-10-16T00:44:49.512+0400][gc,stats      ]     S: CLDG Roots                140686 us, workers (us): 5099, 5104, 5102, 5061, 5056, 5056, 5042, 5041, 5174, 5039, 5040, 5038, 5031, 5015, 4984, 5063, 4991, 5091, 4970, 4968, 4967, 4968, 4964, 4966, 4964, ---, 4964, ---, 4964, 4965, ---, ---, ---, ---, ---, ---, ---, ---, ---, ---, ---, ---, ---, ---, ---, ---, ---, ---, ---, ---, ---, ---, ---, ---, ---, ---, 
[2021-10-16T00:44:49.512+0400][gc,stats      ]     S: JVMTI Roots                    1 us, workers (us): ---,   1, ---, ---, ---, ---, ---, ---, ---, ---, ---, ---, ---, ---, ---, ---, ---, ---, ---, ---, ---, ---, ---, ---, ---, ---, ---, ---, ---, ---, ---, ---, ---, ---, ---, ---, ---, ---, ---, ---, ---, ---, ---, ---, ---, ---, ---, ---, ---, ---, ---, ---, ---, ---, ---, ---, 
[2021-10-16T00:44:49.512+0400][gc,stats      ]   Resize TLABs                        5 us
[2021-10-16T00:44:49.512+0400][gc,stats      ] Concurrent Marking                15707 us
[2021-10-16T00:44:49.512+0400][gc,stats      ] Pause Final Mark (G)                987 us
[2021-10-16T00:44:49.512+0400][gc,stats      ] Pause Final Mark (N)                811 us
[2021-10-16T00:44:49.512+0400][gc,stats      ]   Finish Queues                     509 us
[2021-10-16T00:44:49.512+0400][gc,stats      ]   System Purge                      121 us
[2021-10-16T00:44:49.512+0400][gc,stats      ]     Weak Roots                      121 us
[2021-10-16T00:44:49.512+0400][gc,stats      ]   Update Region States               86 us
[2021-10-16T00:44:49.512+0400][gc,stats      ]   Retire TLABs                       13 us
[2021-10-16T00:44:49.512+0400][gc,stats      ]   Choose Collection Set              61 us
[2021-10-16T00:44:49.512+0400][gc,stats      ]   Rebuild Free Set                   14 us
[2021-10-16T00:44:49.512+0400][gc,stats      ] Concurrent Cleanup                  648 us
[2021-10-16T00:44:49.512+0400][gc,stats      ] 
[2021-10-16T00:44:49.512+0400][gc,stats      ] Allocation pacing accrued:
[2021-10-16T00:44:49.512+0400][gc,stats      ]       0 of  1761 ms (  0.0%): <total>
[2021-10-16T00:44:49.512+0400][gc,stats      ]       0 of  1761 ms (  0.0%): <average total>
[2021-10-16T00:44:49.512+0400][gc,stats      ] 
[2021-10-16T00:44:49.512+0400][gc,metaspace  ] Metaspace: 93382K->93382K(1142784K)
[2021-10-16T00:44:49.512+0400][gc,ergo       ] Pacer for Idle. Initial: 204M, Alloc Tax Rate: 1.0x
[2021-10-16T00:44:51.244+0400][gc            ] Trigger: Free (1020M) is below minimum threshold (1023M)
[2021-10-16T00:44:51.244+0400][gc,ergo       ] Free: 1020M, Max: 4096K regular, 916M humongous, Frag: 10% external, 1% internal; Reserve: 512M, Max: 4096K
[2021-10-16T00:44:51.244+0400][gc,start      ] GC(89) Concurrent reset
[2021-10-16T00:44:51.244+0400][gc,task       ] GC(89) Using 28 of 56 workers for concurrent reset
[2021-10-16T00:44:51.244+0400][gc,ergo       ] GC(89) Pacer for Reset. Non-Taxable: 10240M
[2021-10-16T00:44:51.245+0400][gc            ] GC(89) Concurrent reset 0.550ms
[2021-10-16T00:44:51.245+0400][gc,start      ] GC(89) Pause Init Mark
[2021-10-16T00:44:51.245+0400][gc,task       ] GC(89) Using 56 of 56 workers for init marking
[2021-10-16T00:44:51.261+0400][gc,ergo       ] GC(89) Pacer for Mark. Expected Live: 102M, Free: 1020M, Non-Taxable: 102M, Alloc Tax Rate: 0.1x
[2021-10-16T00:44:51.261+0400][gc            ] GC(89) Pause Init Mark 16.110ms
[2021-10-16T00:44:51.262+0400][gc,start      ] GC(89) Concurrent marking
[2021-10-16T00:44:51.262+0400][gc,task       ] GC(89) Using 28 of 56 workers for concurrent marking
[2021-10-16T00:44:51.276+0400][gc            ] GC(89) Concurrent marking 14.988ms
[2021-10-16T00:44:51.277+0400][gc,start      ] GC(89) Pause Final Mark
[2021-10-16T00:44:51.277+0400][gc,task       ] GC(89) Using 56 of 56 workers for final marking
[2021-10-16T00:44:51.278+0400][gc,ergo       ] GC(89) Collectable Garbage: 8460M (98%), Immediate: 8460M (98%), CSet: 0B (0%)
[2021-10-16T00:44:51.278+0400][gc            ] GC(89) Pause Final Mark 0.831ms
[2021-10-16T00:44:51.278+0400][gc,start      ] GC(89) Concurrent cleanup
[2021-10-16T00:44:51.278+0400][gc            ] GC(89) Concurrent cleanup 8783M->363M(10240M) 0.668ms
[2021-10-16T00:44:51.278+0400][gc,ergo       ] GC(89) Free: 9364M, Max: 4096K regular, 4772M humongous, Frag: 49% external, 0% internal; Reserve: 512M, Max: 4096K
[2021-10-16T00:44:51.278+0400][gc,ergo       ] Free: 9364M, Max: 4096K regular, 4772M humongous, Frag: 49% external, 0% internal; Reserve: 512M, Max: 4096K
[2021-10-16T00:44:51.278+0400][gc,stats      ] 
[2021-10-16T00:44:51.278+0400][gc,stats      ] All times are wall-clock times, except per-root-class counters, that are sum over
[2021-10-16T00:44:51.278+0400][gc,stats      ] all workers. Dividing the <total> over the root stage time estimates parallelism.
[2021-10-16T00:44:51.279+0400][gc,stats      ] 
[2021-10-16T00:44:51.279+0400][gc,stats      ] Concurrent Reset                    527 us
[2021-10-16T00:44:51.279+0400][gc,stats      ] Pause Init Mark (G)               16471 us
[2021-10-16T00:44:51.279+0400][gc,stats      ] Pause Init Mark (N)               16057 us
[2021-10-16T00:44:51.279+0400][gc,stats      ]   Accumulate Stats                    5 us
[2021-10-16T00:44:51.279+0400][gc,stats      ]   Make Parsable                      43 us
[2021-10-16T00:44:51.279+0400][gc,stats      ]   Update Region States              166 us
[2021-10-16T00:44:51.279+0400][gc,stats      ]   Scan Roots                      15773 us, parallelism: 9.86x
[2021-10-16T00:44:51.279+0400][gc,stats      ]     S: <total>                   155594 us
[2021-10-16T00:44:51.279+0400][gc,stats      ]     S: Thread Roots                1024 us, workers (us):   2,   2,   1,   1,   1,   1,   3,   2,   2,   2,   2,   7,   1,   2,   7,   3,   9,   2,   3,   2,  59,   7,   3,   3,   2,   3,   3,   3,   3,  91,  98,  90,  96,  91,  90,  84,  58,  95,  38,  37,   0,   0,   0,   0,   0,   0,   0,   0,   0,   2,   2,   3,   3,   3,   2,   2, 
[2021-10-16T00:44:51.279+0400][gc,stats      ]     S: Universe Roots                 5 us, workers (us):   5, ---, ---, ---, ---, ---, ---, ---, ---, ---, ---, ---, ---, ---, ---, ---, ---, ---, ---, ---, ---, ---, ---, ---, ---, ---, ---, ---, ---, ---, ---, ---, ---, ---, ---, ---, ---, ---, ---, ---, ---, ---, ---, ---, ---, ---, ---, ---, ---, ---, ---, ---, ---, ---, ---, ---, 
[2021-10-16T00:44:51.279+0400][gc,stats      ]     S: JNI Handles Roots             12 us, workers (us):  12, ---, ---, ---, ---, ---, ---, ---, ---, ---, ---, ---, ---, ---, ---, ---, ---, ---, ---, ---, ---, ---, ---, ---, ---, ---, ---, ---, ---, ---, ---, ---, ---, ---, ---, ---, ---, ---, ---, ---, ---, ---, ---, ---, ---, ---, ---, ---, ---, ---, ---, ---, ---, ---, ---, ---, 
[2021-10-16T00:44:51.279+0400][gc,stats      ]     S: Synchronizer Roots             0 us, workers (us):   0, ---, ---, ---, ---, ---, ---, ---, ---, ---, ---, ---, ---, ---, ---, ---, ---, ---, ---, ---, ---, ---, ---, ---, ---, ---, ---, ---, ---, ---, ---, ---, ---, ---, ---, ---, ---, ---, ---, ---, ---, ---, ---, ---, ---, ---, ---, ---, ---, ---, ---, ---, ---, ---, ---, ---, 
[2021-10-16T00:44:51.279+0400][gc,stats      ]     S: Management Roots               2 us, workers (us):   2, ---, ---, ---, ---, ---, ---, ---, ---, ---, ---, ---, ---, ---, ---, ---, ---, ---, ---, ---, ---, ---, ---, ---, ---, ---, ---, ---, ---, ---, ---, ---, ---, ---, ---, ---, ---, ---, ---, ---, ---, ---, ---, ---, ---, ---, ---, ---, ---, ---, ---, ---, ---, ---, ---, ---, 
[2021-10-16T00:44:51.279+0400][gc,stats      ]     S: System Dict Roots              8 us, workers (us):   8, ---, ---, ---, ---, ---, ---, ---, ---, ---, ---, ---, ---, ---, ---, ---, ---, ---, ---, ---, ---, ---, ---, ---, ---, ---, ---, ---, ---, ---, ---, ---, ---, ---, ---, ---, ---, ---, ---, ---, ---, ---, ---, ---, ---, ---, ---, ---, ---, ---, ---, ---, ---, ---, ---, ---, 
[2021-10-16T00:44:51.279+0400][gc,stats      ]     S: CLDG Roots                154541 us, workers (us): 5554, 5546, 5498, 5577, 5498, 5555, 5482, 5481, 5481, 5481, 5479, 5471, 6354, 5477, 5477, 5476, 5474, 5471, 5471, 5473, ---, 5473, 5470, 5472, 5471, 5470, 5470, 5469, 5468, ---, ---, ---, ---, ---, ---, ---, ---, ---, ---, ---, ---, ---, ---, ---, ---, ---, ---, ---, ---, ---, ---, ---, ---, ---, ---, ---, 
[2021-10-16T00:44:51.279+0400][gc,stats      ]     S: JVMTI Roots                    1 us, workers (us):   1, ---, ---, ---, ---, ---, ---, ---, ---, ---, ---, ---, ---, ---, ---, ---, ---, ---, ---, ---, ---, ---, ---, ---, ---, ---, ---, ---, ---, ---, ---, ---, ---, ---, ---, ---, ---, ---, ---, ---, ---, ---, ---, ---, ---, ---, ---, ---, ---, ---, ---, ---, ---, ---, ---, ---, 
[2021-10-16T00:44:51.279+0400][gc,stats      ]   Resize TLABs                        5 us
[2021-10-16T00:44:51.279+0400][gc,stats      ] Concurrent Marking                14936 us
[2021-10-16T00:44:51.279+0400][gc,stats      ] Pause Final Mark (G)               1011 us
[2021-10-16T00:44:51.279+0400][gc,stats      ] Pause Final Mark (N)                800 us
[2021-10-16T00:44:51.279+0400][gc,stats      ]   Finish Queues                     476 us
[2021-10-16T00:44:51.279+0400][gc,stats      ]   System Purge                      159 us
[2021-10-16T00:44:51.279+0400][gc,stats      ]     Weak Roots                      159 us
[2021-10-16T00:44:51.279+0400][gc,stats      ]   Update Region States               83 us
[2021-10-16T00:44:51.279+0400][gc,stats      ]   Retire TLABs                       12 us
[2021-10-16T00:44:51.279+0400][gc,stats      ]   Choose Collection Set              52 us
[2021-10-16T00:44:51.279+0400][gc,stats      ]   Rebuild Free Set                   11 us
[2021-10-16T00:44:51.279+0400][gc,stats      ] Concurrent Cleanup                  636 us
[2021-10-16T00:44:51.279+0400][gc,stats      ] 
[2021-10-16T00:44:51.279+0400][gc,stats      ] Allocation pacing accrued:
[2021-10-16T00:44:51.279+0400][gc,stats      ]       0 of  1767 ms (  0.0%): <total>
[2021-10-16T00:44:51.279+0400][gc,stats      ]       0 of  1767 ms (  0.0%): <average total>
[2021-10-16T00:44:51.279+0400][gc,stats      ] 
[2021-10-16T00:44:51.279+0400][gc,metaspace  ] Metaspace: 93382K->93382K(1142784K)
[2021-10-16T00:44:51.279+0400][gc,ergo       ] Pacer for Idle. Initial: 204M, Alloc Tax Rate: 1.0x
[2021-10-16T00:44:53.021+0400][gc            ] Trigger: Free (1020M) is below minimum threshold (1023M)
[2021-10-16T00:44:53.021+0400][gc,ergo       ] Free: 1020M, Max: 4096K regular, 1000M humongous, Frag: 1% external, 1% internal; Reserve: 512M, Max: 4096K
[2021-10-16T00:44:53.021+0400][gc,start      ] GC(90) Concurrent reset
[2021-10-16T00:44:53.021+0400][gc,task       ] GC(90) Using 28 of 56 workers for concurrent reset
[2021-10-16T00:44:53.021+0400][gc,ergo       ] GC(90) Pacer for Reset. Non-Taxable: 10240M
[2021-10-16T00:44:53.022+0400][gc            ] GC(90) Concurrent reset 0.562ms
[2021-10-16T00:44:53.022+0400][gc,start      ] GC(90) Pause Init Mark (process weakrefs)
[2021-10-16T00:44:53.022+0400][gc,task       ] GC(90) Using 56 of 56 workers for init marking
[2021-10-16T00:44:53.029+0400][gc,ergo       ] GC(90) Pacer for Mark. Expected Live: 102M, Free: 1016M, Non-Taxable: 101M, Alloc Tax Rate: 0.1x
[2021-10-16T00:44:53.029+0400][gc            ] GC(90) Pause Init Mark (process weakrefs) 6.699ms
[2021-10-16T00:44:53.029+0400][gc,start      ] GC(90) Concurrent marking (process weakrefs)
[2021-10-16T00:44:53.029+0400][gc,task       ] GC(90) Using 28 of 56 workers for concurrent marking
[2021-10-16T00:44:53.046+0400][gc            ] GC(90) Concurrent marking (process weakrefs) 16.656ms
[2021-10-16T00:44:53.046+0400][gc,start      ] GC(90) Concurrent precleaning
[2021-10-16T00:44:53.046+0400][gc,task       ] GC(90) Using 1 of 56 workers for concurrent preclean
[2021-10-16T00:44:53.046+0400][gc,ergo       ] GC(90) Pacer for Precleaning. Non-Taxable: 10240M
[2021-10-16T00:44:53.047+0400][gc            ] GC(90) Concurrent precleaning 1.561ms
[2021-10-16T00:44:53.047+0400][gc,start      ] GC(90) Pause Final Mark (process weakrefs)
[2021-10-16T00:44:53.047+0400][gc,task       ] GC(90) Using 56 of 56 workers for final marking
[2021-10-16T00:44:53.049+0400][gc,ergo       ] GC(90) Collectable Garbage: 8456M (98%), Immediate: 8456M (98%), CSet: 0B (0%)
[2021-10-16T00:44:53.049+0400][gc            ] GC(90) Pause Final Mark (process weakrefs) 1.233ms
[2021-10-16T00:44:53.049+0400][gc,start      ] GC(90) Concurrent cleanup
[2021-10-16T00:44:53.049+0400][gc            ] GC(90) Concurrent cleanup 8823M->407M(10240M) 0.532ms
[2021-10-16T00:44:53.049+0400][gc,ergo       ] GC(90) Free: 9320M, Max: 4096K regular, 2952M humongous, Frag: 69% external, 0% internal; Reserve: 512M, Max: 4096K
[2021-10-16T00:44:53.049+0400][gc,ergo       ] Free: 9320M, Max: 4096K regular, 2952M humongous, Frag: 69% external, 0% internal; Reserve: 512M, Max: 4096K
[2021-10-16T00:44:53.050+0400][gc,stats      ] 
[2021-10-16T00:44:53.050+0400][gc,stats      ] All times are wall-clock times, except per-root-class counters, that are sum over
[2021-10-16T00:44:53.050+0400][gc,stats      ] all workers. Dividing the <total> over the root stage time estimates parallelism.
[2021-10-16T00:44:53.050+0400][gc,stats      ] 
[2021-10-16T00:44:53.050+0400][gc,stats      ] Concurrent Reset                    531 us
[2021-10-16T00:44:53.050+0400][gc,stats      ] Pause Init Mark (G)                7152 us
[2021-10-16T00:44:53.050+0400][gc,stats      ] Pause Init Mark (N)                6649 us
[2021-10-16T00:44:53.050+0400][gc,stats      ]   Accumulate Stats                    6 us
[2021-10-16T00:44:53.050+0400][gc,stats      ]   Make Parsable                      33 us
[2021-10-16T00:44:53.050+0400][gc,stats      ]   Update Region States              145 us
[2021-10-16T00:44:53.050+0400][gc,stats      ]   Scan Roots                       6384 us, parallelism: 21.16x
[2021-10-16T00:44:53.050+0400][gc,stats      ]     S: <total>                   135071 us
[2021-10-16T00:44:53.050+0400][gc,stats      ]     S: Thread Roots                 897 us, workers (us):   1,   2,   1,   2,   1,   2,   2,   2,   2,   1,   2,   2,   2,   2,   2,   3,   2,   2,   2,   3,  96,   1,   2,   1,   2,   1,   3,  86,   2,  88,  88,  87,  87,   2,  85,  55,  52,  52,  44,   5,   2,   2,   2,   2,   3,   2,   2,   2,   0,   0,   0,   0,   0,   1,   0,   0, 
[2021-10-16T00:44:53.050+0400][gc,stats      ]     S: Universe Roots                 3 us, workers (us):   3, ---, ---, ---, ---, ---, ---, ---, ---, ---, ---, ---, ---, ---, ---, ---, ---, ---, ---, ---, ---, ---, ---, ---, ---, ---, ---, ---, ---, ---, ---, ---, ---, ---, ---, ---, ---, ---, ---, ---, ---, ---, ---, ---, ---, ---, ---, ---, ---, ---, ---, ---, ---, ---, ---, ---, 
[2021-10-16T00:44:53.050+0400][gc,stats      ]     S: JNI Handles Roots              6 us, workers (us): ---, ---,   6, ---, ---, ---, ---, ---, ---, ---, ---, ---, ---, ---, ---, ---, ---, ---, ---, ---, ---, ---, ---, ---, ---, ---, ---, ---, ---, ---, ---, ---, ---, ---, ---, ---, ---, ---, ---, ---, ---, ---, ---, ---, ---, ---, ---, ---, ---, ---, ---, ---, ---, ---, ---, ---, 
[2021-10-16T00:44:53.050+0400][gc,stats      ]     S: Synchronizer Roots             0 us, workers (us): ---,   0, ---, ---, ---, ---, ---, ---, ---, ---, ---, ---, ---, ---, ---, ---, ---, ---, ---, ---, ---, ---, ---, ---, ---, ---, ---, ---, ---, ---, ---, ---, ---, ---, ---, ---, ---, ---, ---, ---, ---, ---, ---, ---, ---, ---, ---, ---, ---, ---, ---, ---, ---, ---, ---, ---, 
[2021-10-16T00:44:53.050+0400][gc,stats      ]     S: Management Roots               1 us, workers (us):   1, ---, ---, ---, ---, ---, ---, ---, ---, ---, ---, ---, ---, ---, ---, ---, ---, ---, ---, ---, ---, ---, ---, ---, ---, ---, ---, ---, ---, ---, ---, ---, ---, ---, ---, ---, ---, ---, ---, ---, ---, ---, ---, ---, ---, ---, ---, ---, ---, ---, ---, ---, ---, ---, ---, ---, 
[2021-10-16T00:44:53.050+0400][gc,stats      ]     S: System Dict Roots              7 us, workers (us):   7, ---, ---, ---, ---, ---, ---, ---, ---, ---, ---, ---, ---, ---, ---, ---, ---, ---, ---, ---, ---, ---, ---, ---, ---, ---, ---, ---, ---, ---, ---, ---, ---, ---, ---, ---, ---, ---, ---, ---, ---, ---, ---, ---, ---, ---, ---, ---, ---, ---, ---, ---, ---, ---, ---, ---, 
[2021-10-16T00:44:53.050+0400][gc,stats      ]     S: CLDG Roots                134156 us, workers (us): 4867, 4873, 4948, 4858, 4825, 4819, 4808, 4805, 4803, 4845, 4794, 4762, 4760, 4760, 4760, 4741, 4759, 4739, 4739, 4740, ---, 4745, 4742, 4959, 4740, 4738, 4737, ---, 4737, ---, ---, ---, ---, 4751, ---, ---, ---, ---, ---, ---, ---, ---, ---, ---, ---, ---, ---, ---, ---, ---, ---, ---, ---, ---, ---, ---, 
[2021-10-16T00:44:53.050+0400][gc,stats      ]     S: JVMTI Roots                    1 us, workers (us): ---,   1, ---, ---, ---, ---, ---, ---, ---, ---, ---, ---, ---, ---, ---, ---, ---, ---, ---, ---, ---, ---, ---, ---, ---, ---, ---, ---, ---, ---, ---, ---, ---, ---, ---, ---, ---, ---, ---, ---, ---, ---, ---, ---, ---, ---, ---, ---, ---, ---, ---, ---, ---, ---, ---, ---, 
[2021-10-16T00:44:53.050+0400][gc,stats      ]   Resize TLABs                       15 us
[2021-10-16T00:44:53.050+0400][gc,stats      ] Concurrent Marking                16606 us
[2021-10-16T00:44:53.050+0400][gc,stats      ] Concurrent Precleaning             1548 us
[2021-10-16T00:44:53.050+0400][gc,stats      ] Pause Final Mark (G)               1538 us
[2021-10-16T00:44:53.050+0400][gc,stats      ] Pause Final Mark (N)               1187 us
[2021-10-16T00:44:53.050+0400][gc,stats      ]   Finish Queues                     636 us
[2021-10-16T00:44:53.050+0400][gc,stats      ]   Weak References                    71 us
[2021-10-16T00:44:53.050+0400][gc,stats      ]     Process                          55 us
[2021-10-16T00:44:53.050+0400][gc,stats      ]   System Purge                      153 us
[2021-10-16T00:44:53.050+0400][gc,stats      ]     Weak Roots                      152 us
[2021-10-16T00:44:53.050+0400][gc,stats      ]   Update Region States              122 us
[2021-10-16T00:44:53.050+0400][gc,stats      ]   Retire TLABs                       19 us
[2021-10-16T00:44:53.050+0400][gc,stats      ]   Choose Collection Set             126 us
[2021-10-16T00:44:53.050+0400][gc,stats      ]   Rebuild Free Set                   41 us
[2021-10-16T00:44:53.050+0400][gc,stats      ] Concurrent Cleanup                  502 us
[2021-10-16T00:44:53.050+0400][gc,stats      ] 
[2021-10-16T00:44:53.050+0400][gc,stats      ] Allocation pacing accrued:
[2021-10-16T00:44:53.050+0400][gc,stats      ]       0 of  1771 ms (  0.0%): <total>
[2021-10-16T00:44:53.050+0400][gc,stats      ]       0 of  1771 ms (  0.0%): <average total>
[2021-10-16T00:44:53.050+0400][gc,stats      ] 
[2021-10-16T00:44:53.050+0400][gc,metaspace  ] Metaspace: 93382K->93382K(1142784K)
[2021-10-16T00:44:53.050+0400][gc,ergo       ] Pacer for Idle. Initial: 204M, Alloc Tax Rate: 1.0x
[2021-10-16T00:44:55.454+0400][gc            ] Cancelling GC: Stopping VM
[2021-10-16T00:44:55.454+0400][gc,heap,exit  ] Heap
[2021-10-16T00:44:55.454+0400][gc,heap,exit  ] Shenandoah Heap
[2021-10-16T00:44:55.454+0400][gc,heap,exit  ]  10240M max, 10240M soft max, 10240M committed, 6955M used
[2021-10-16T00:44:55.454+0400][gc,heap,exit  ]  2560 x 4096K regions
[2021-10-16T00:44:55.454+0400][gc,heap,exit  ] Status: cancelled
[2021-10-16T00:44:55.454+0400][gc,heap,exit  ] Reserved region:
[2021-10-16T00:44:55.454+0400][gc,heap,exit  ]  - [0x0000000580000000, 0x0000000800000000) 
[2021-10-16T00:44:55.454+0400][gc,heap,exit  ] Collection set:
[2021-10-16T00:44:55.454+0400][gc,heap,exit  ]  - map (vanilla): 0x0000000000011600
[2021-10-16T00:44:55.454+0400][gc,heap,exit  ]  - map (biased):  0x0000000000010000
[2021-10-16T00:44:55.454+0400][gc,heap,exit  ] 
[2021-10-16T00:44:55.454+0400][gc,heap,exit  ]  Metaspace       used 93545K, capacity 111546K, committed 111764K, reserved 1142784K
[2021-10-16T00:44:55.454+0400][gc,heap,exit  ]   class space    used 15146K, capacity 19010K, committed 19092K, reserved 1048576K
[2021-10-16T00:44:55.454+0400][gc,stats      ] 
[2021-10-16T00:44:55.454+0400][gc,stats      ] GC STATISTICS:
[2021-10-16T00:44:55.454+0400][gc,stats      ]   "(G)" (gross) pauses include VM time: time to notify and block threads, do the pre-
[2021-10-16T00:44:55.454+0400][gc,stats      ]         and post-safepoint housekeeping. Use -XX:+PrintSafepointStatistics to dissect.
[2021-10-16T00:44:55.454+0400][gc,stats      ]   "(N)" (net) pauses are the times spent in the actual GC code.
[2021-10-16T00:44:55.454+0400][gc,stats      ]   "a" is average time for each phase, look at levels to see if average makes sense.
[2021-10-16T00:44:55.454+0400][gc,stats      ]   "lvls" are quantiles: 0% (minimum), 25%, 50% (median), 75%, 100% (maximum).
[2021-10-16T00:44:55.454+0400][gc,stats      ] 
[2021-10-16T00:44:55.454+0400][gc,stats      ]   All times are wall-clock times, except per-root-class counters, that are sum over
[2021-10-16T00:44:55.454+0400][gc,stats      ]   all workers. Dividing the <total> over the root stage time estimates parallelism.
[2021-10-16T00:44:55.454+0400][gc,stats      ] 
[2021-10-16T00:44:55.454+0400][gc,stats      ]   Pacing delays are measured from entering the pacing code till exiting it. Therefore,
[2021-10-16T00:44:55.454+0400][gc,stats      ]   observed pacing delays may be higher than the threshold when paced thread spent more
[2021-10-16T00:44:55.454+0400][gc,stats      ]   time in the pacing code. It usually happens when thread is de-scheduled while paced,
[2021-10-16T00:44:55.454+0400][gc,stats      ]   OS takes longer to unblock the thread, or JVM experiences an STW pause.
[2021-10-16T00:44:55.454+0400][gc,stats      ] 
[2021-10-16T00:44:55.454+0400][gc,stats      ]   Higher delay would prevent application outpacing the GC, but it will hide the GC latencies
[2021-10-16T00:44:55.454+0400][gc,stats      ]   from the STW pause times. Pacing affects the individual threads, and so it would also be
[2021-10-16T00:44:55.454+0400][gc,stats      ]   invisible to the usual profiling tools, but would add up to end-to-end application latency.
[2021-10-16T00:44:55.454+0400][gc,stats      ]   Raise max pacing delay with care.
[2021-10-16T00:44:55.454+0400][gc,stats      ] 
[2021-10-16T00:44:55.455+0400][gc,stats      ] Concurrent Reset               =    0.062 s (a =      678 us) (n =    91) (lvls, us =      439,      598,      625,      656,     5504)
[2021-10-16T00:44:55.455+0400][gc,stats      ] Pause Init Mark (G)            =    0.765 s (a =     8409 us) (n =    91) (lvls, us =     2598,     6777,     7344,     8047,    23519)
[2021-10-16T00:44:55.455+0400][gc,stats      ] Pause Init Mark (N)            =    0.730 s (a =     8017 us) (n =    91) (lvls, us =     2246,     6406,     6973,     7676,    23165)
[2021-10-16T00:44:55.455+0400][gc,stats      ]   Accumulate Stats             =    0.001 s (a =        6 us) (n =    91) (lvls, us =        3,        6,        6,        6,        8)
[2021-10-16T00:44:55.455+0400][gc,stats      ]   Make Parsable                =    0.002 s (a =       24 us) (n =    91) (lvls, us =       13,       20,       21,       22,       59)
[2021-10-16T00:44:55.455+0400][gc,stats      ]   Update Region States         =    0.014 s (a =      154 us) (n =    91) (lvls, us =       93,      145,      150,      162,      237)
[2021-10-16T00:44:55.455+0400][gc,stats      ]   Scan Roots                   =    0.702 s (a =     7713 us) (n =    91) (lvls, us =     1973,     6152,     6719,     7344,    22928)
[2021-10-16T00:44:55.455+0400][gc,stats      ]     S: <total>                 =   12.912 s (a =   141894 us) (n =    91) (lvls, us =    11133,   130859,   142578,   154297,   206590)
[2021-10-16T00:44:55.455+0400][gc,stats      ]     S: Thread Roots            =    0.267 s (a =     2935 us) (n =    91) (lvls, us =      531,      732,      809,      984,    64005)
[2021-10-16T00:44:55.455+0400][gc,stats      ]     S: Universe Roots          =    0.003 s (a =       38 us) (n =    91) (lvls, us =        2,        2,        4,        5,     1632)
[2021-10-16T00:44:55.455+0400][gc,stats      ]     S: JNI Handles Roots       =    0.005 s (a =       57 us) (n =    91) (lvls, us =        1,        2,        3,        4,     2394)
[2021-10-16T00:44:55.455+0400][gc,stats      ]     S: Synchronizer Roots      =    0.000 s (a =        0 us) (n =    91) (lvls, us =        0,        0,        0,        0,        1)
[2021-10-16T00:44:55.455+0400][gc,stats      ]     S: Management Roots        =    0.000 s (a =        2 us) (n =    91) (lvls, us =        1,        1,        1,        2,       12)
[2021-10-16T00:44:55.455+0400][gc,stats      ]     S: System Dict Roots       =    0.004 s (a =       44 us) (n =    91) (lvls, us =        3,        4,        8,       10,     1692)
[2021-10-16T00:44:55.455+0400][gc,stats      ]     S: CLDG Roots              =   12.632 s (a =   138817 us) (n =    91) (lvls, us =     1973,   128906,   140625,   152344,   205918)
[2021-10-16T00:44:55.455+0400][gc,stats      ]     S: JVMTI Roots             =    0.000 s (a =        1 us) (n =    91) (lvls, us =        0,        1,        1,        1,        1)
[2021-10-16T00:44:55.455+0400][gc,stats      ]   Resize TLABs                 =    0.000 s (a =        5 us) (n =    91) (lvls, us =        2,        4,        4,        5,       16)
[2021-10-16T00:44:55.455+0400][gc,stats      ] Concurrent Marking             =    1.413 s (a =    15530 us) (n =    91) (lvls, us =     8613,    14453,    15430,    16406,    20442)
[2021-10-16T00:44:55.455+0400][gc,stats      ] Concurrent Precleaning         =    0.025 s (a =     1332 us) (n =    19) (lvls, us =      967,     1016,     1367,     1387,     1861)
[2021-10-16T00:44:55.455+0400][gc,stats      ] Pause Final Mark (G)           =    0.161 s (a =     1773 us) (n =    91) (lvls, us =      738,      820,      996,     1191,    28419)
[2021-10-16T00:44:55.455+0400][gc,stats      ] Pause Final Mark (N)           =    0.140 s (a =     1539 us) (n =    91) (lvls, us =      607,      688,      820,      967,    28143)
[2021-10-16T00:44:55.455+0400][gc,stats      ]   Finish Queues                =    0.045 s (a =      492 us) (n =    91) (lvls, us =      330,      408,      475,      553,      970)
[2021-10-16T00:44:55.455+0400][gc,stats      ]   Weak References              =    0.002 s (a =      103 us) (n =    19) (lvls, us =       18,       23,       26,       50,      590)
[2021-10-16T00:44:55.455+0400][gc,stats      ]     Process                    =    0.002 s (a =       96 us) (n =    19) (lvls, us =       15,       16,       18,       42,      578)
[2021-10-16T00:44:55.455+0400][gc,stats      ]   System Purge                 =    0.012 s (a =      131 us) (n =    91) (lvls, us =      102,      107,      117,      135,      632)
[2021-10-16T00:44:55.455+0400][gc,stats      ]     Unload Classes             =    0.009 s (a =     2223 us) (n =     4) (lvls, us =       46,       46,      170,      240,     8432)
[2021-10-16T00:44:55.455+0400][gc,stats      ]     Cleanup                    =    0.034 s (a =     8474 us) (n =     4) (lvls, us =     2617,     2617,     6465,    10352,    14402)
[2021-10-16T00:44:55.455+0400][gc,stats      ]       CU: <total>              =    1.838 s (a =   459543 us) (n =     4) (lvls, us =   136719,   136719,   343750,   570312,   784107)
[2021-10-16T00:44:55.455+0400][gc,stats      ]       CU: Code Cache Roots     =    0.141 s (a =    35338 us) (n =     4) (lvls, us =    26758,    26758,    35938,    38672,    39506)
[2021-10-16T00:44:55.455+0400][gc,stats      ]       CU: Code Cache Cleaning  =    0.427 s (a =   106658 us) (n =     4) (lvls, us =    32422,    32422,    74414,    79883,   239648)
[2021-10-16T00:44:55.455+0400][gc,stats      ]       CU: String Table Roots   =    0.035 s (a =     8807 us) (n =     4) (lvls, us =     6699,     6699,     8105,     8867,    11532)
[2021-10-16T00:44:55.455+0400][gc,stats      ]       CU: Resolved Table Roots =    0.000 s (a =       25 us) (n =     4) (lvls, us =       19,       19,       26,       26,       27)
[2021-10-16T00:44:55.455+0400][gc,stats      ]       CU: CLDG Roots           =    1.235 s (a =   308715 us) (n =     4) (lvls, us =    71875,    71875,   218750,   445312,   496714)
[2021-10-16T00:44:55.455+0400][gc,stats      ]     Weak Roots                 =    0.012 s (a =      130 us) (n =    91) (lvls, us =      102,      105,      117,      135,      631)
[2021-10-16T00:44:55.455+0400][gc,stats      ]     CLDG                       =    0.000 s (a =        6 us) (n =     4) (lvls, us =        0,        0,        0,        1,       25)
[2021-10-16T00:44:55.455+0400][gc,stats      ]   Update Region States         =    0.008 s (a =       89 us) (n =    91) (lvls, us =       63,       75,       83,       94,      137)
[2021-10-16T00:44:55.455+0400][gc,stats      ]   Retire TLABs                 =    0.001 s (a =       14 us) (n =    91) (lvls, us =       11,       12,       13,       15,       20)
[2021-10-16T00:44:55.455+0400][gc,stats      ]   Choose Collection Set        =    0.006 s (a =       69 us) (n =    91) (lvls, us =       39,       52,       58,       68,      140)
[2021-10-16T00:44:55.455+0400][gc,stats      ]   Rebuild Free Set             =    0.002 s (a =       19 us) (n =    91) (lvls, us =       11,       12,       14,       19,       49)
[2021-10-16T00:44:55.455+0400][gc,stats      ]   Initial Evacuation           =    0.020 s (a =     3387 us) (n =     6) (lvls, us =     2480,     2480,     2656,     3418,     4840)
[2021-10-16T00:44:55.455+0400][gc,stats      ]     E: <total>                 =    0.345 s (a =    57506 us) (n =     6) (lvls, us =     6523,     6523,    51367,    79102,   105741)
[2021-10-16T00:44:55.456+0400][gc,stats      ]     E: Thread Roots            =    0.003 s (a =      468 us) (n =     6) (lvls, us =      381,      381,      438,      482,      568)
[2021-10-16T00:44:55.456+0400][gc,stats      ]     E: Code Cache Roots        =    0.026 s (a =     4299 us) (n =     6) (lvls, us =     1855,     1855,     2637,     4453,     8402)
[2021-10-16T00:44:55.456+0400][gc,stats      ]     E: Universe Roots          =    0.002 s (a =      262 us) (n =     6) (lvls, us =        1,        1,        2,        8,     1547)
[2021-10-16T00:44:55.456+0400][gc,stats      ]     E: JNI Handles Roots       =    0.003 s (a =      423 us) (n =     6) (lvls, us =        1,        1,        8,        9,     1415)
[2021-10-16T00:44:55.456+0400][gc,stats      ]     E: Synchronizer Roots      =    0.000 s (a =        0 us) (n =     6) (lvls, us =        0,        0,        0,        0,        0)
[2021-10-16T00:44:55.456+0400][gc,stats      ]     E: Management Roots        =    0.000 s (a =        1 us) (n =     6) (lvls, us =        1,        1,        1,        1,        2)
[2021-10-16T00:44:55.456+0400][gc,stats      ]     E: System Dict Roots       =    0.001 s (a =      162 us) (n =     6) (lvls, us =        4,        4,        6,        8,      938)
[2021-10-16T00:44:55.456+0400][gc,stats      ]     E: CLDG Roots              =    0.311 s (a =    51891 us) (n =     6) (lvls, us =     1875,     1875,    49219,    76758,    98648)
[2021-10-16T00:44:55.456+0400][gc,stats      ]     E: JVMTI Roots             =    0.000 s (a =        1 us) (n =     6) (lvls, us =        1,        1,        1,        1,        1)
[2021-10-16T00:44:55.456+0400][gc,stats      ] Concurrent Cleanup             =    0.035 s (a =      385 us) (n =    91) (lvls, us =       95,      234,      307,      615,      655)
[2021-10-16T00:44:55.456+0400][gc,stats      ] Concurrent Evacuation          =    0.047 s (a =     7910 us) (n =     6) (lvls, us =     3223,     3223,     4961,     8438,    13125)
[2021-10-16T00:44:55.456+0400][gc,stats      ] Pause Init  Update Refs (G)    =    0.002 s (a =      325 us) (n =     6) (lvls, us =      174,      174,      311,      332,      490)
[2021-10-16T00:44:55.456+0400][gc,stats      ] Pause Init  Update Refs (N)    =    0.000 s (a =       20 us) (n =     6) (lvls, us =       14,       14,       20,       22,       24)
[2021-10-16T00:44:55.456+0400][gc,stats      ]   Retire GCLABs                =    0.000 s (a =       14 us) (n =     6) (lvls, us =        9,        9,       14,       15,       17)
[2021-10-16T00:44:55.456+0400][gc,stats      ] Concurrent Update Refs         =    0.054 s (a =     9053 us) (n =     6) (lvls, us =     5781,     5781,     6797,     9062,    14787)
[2021-10-16T00:44:55.456+0400][gc,stats      ] Pause Final Update Refs (G)    =    0.003 s (a =      570 us) (n =     6) (lvls, us =      398,      398,      551,      559,      814)
[2021-10-16T00:44:55.456+0400][gc,stats      ] Pause Final Update Refs (N)    =    0.002 s (a =      296 us) (n =     6) (lvls, us =      238,      238,      250,      316,      381)
[2021-10-16T00:44:55.456+0400][gc,stats      ]   Update Roots                 =    0.001 s (a =      149 us) (n =     6) (lvls, us =       84,       84,      102,      143,      257)
[2021-10-16T00:44:55.456+0400][gc,stats      ]     UR: <total>                =    0.002 s (a =      304 us) (n =     6) (lvls, us =      137,      137,      285,      332,      459)
[2021-10-16T00:44:55.456+0400][gc,stats      ]     UR: Thread Roots           =    0.002 s (a =      304 us) (n =     6) (lvls, us =      137,      137,      285,      332,      459)
[2021-10-16T00:44:55.456+0400][gc,stats      ]   Update Region States         =    0.001 s (a =      110 us) (n =     6) (lvls, us =       83,       83,      105,      113,      136)
[2021-10-16T00:44:55.456+0400][gc,stats      ]   Trash Collection Set         =    0.000 s (a =        7 us) (n =     6) (lvls, us =        4,        4,        6,        6,       13)
[2021-10-16T00:44:55.456+0400][gc,stats      ]   Rebuild Free Set             =    0.000 s (a =       23 us) (n =     6) (lvls, us =       21,       21,       21,       23,       27)
[2021-10-16T00:44:55.456+0400][gc,stats      ] Concurrent Cleanup             =    0.000 s (a =       82 us) (n =     6) (lvls, us =       63,       63,       83,       87,      104)
[2021-10-16T00:44:55.456+0400][gc,stats      ] 
[2021-10-16T00:44:55.456+0400][gc,stats      ] 
[2021-10-16T00:44:55.456+0400][gc,stats      ] Under allocation pressure, concurrent cycles may cancel, and either continue cycle
[2021-10-16T00:44:55.456+0400][gc,stats      ] under stop-the-world pause or result in stop-the-world Full GC. Increase heap size,
[2021-10-16T00:44:55.456+0400][gc,stats      ] tune GC heuristics, set more aggressive pacing delay, or lower allocation rate
[2021-10-16T00:44:55.456+0400][gc,stats      ] to avoid Degenerated and Full GC cycles.
[2021-10-16T00:44:55.456+0400][gc,stats      ] 
[2021-10-16T00:44:55.456+0400][gc,stats      ]    91 successful concurrent GCs
[2021-10-16T00:44:55.456+0400][gc,stats      ]       0 invoked explicitly
[2021-10-16T00:44:55.456+0400][gc,stats      ]       0 invoked implicitly
[2021-10-16T00:44:55.456+0400][gc,stats      ] 
[2021-10-16T00:44:55.456+0400][gc,stats      ]     0 Degenerated GCs
[2021-10-16T00:44:55.456+0400][gc,stats      ]       0 caused by allocation failure
[2021-10-16T00:44:55.456+0400][gc,stats      ]       0 upgraded to Full GC
[2021-10-16T00:44:55.456+0400][gc,stats      ] 
[2021-10-16T00:44:55.456+0400][gc,stats      ]     0 Full GCs
[2021-10-16T00:44:55.456+0400][gc,stats      ]       0 invoked explicitly
[2021-10-16T00:44:55.456+0400][gc,stats      ]       0 invoked implicitly
[2021-10-16T00:44:55.456+0400][gc,stats      ]       0 caused by allocation failure
[2021-10-16T00:44:55.456+0400][gc,stats      ]       0 upgraded from Degenerated GC
[2021-10-16T00:44:55.456+0400][gc,stats      ] 
[2021-10-16T00:44:55.456+0400][gc,stats      ] 
